Archive member included because of file (symbol)

build/sky/contiki-ng-sky.a(cc2420.o)
                              udp-client.o (cc2420_driver)
build/sky/contiki-ng-sky.a(cc2420-arch.o)
                              build/sky/contiki-ng-sky.a(cc2420.o) (cc2420_arch_init)
build/sky/contiki-ng-sky.a(uart1-putchar.o)
                              udp-client.o (putchar)
build/sky/contiki-ng-sky.a(platform.o)
                              build/sky/obj/contiki-main.o (platform_init_stage_one)
build/sky/contiki-ng-sky.a(msp430.o)
                              build/sky/contiki-ng-sky.a(platform.o) (msp430_dco_required)
build/sky/contiki-ng-sky.a(clock.o)
                              build/sky/obj/contiki-main.o (clock_init)
build/sky/contiki-ng-sky.a(leds.o)
                              build/sky/contiki-ng-sky.a(platform.o) (leds_init)
build/sky/contiki-ng-sky.a(leds-arch.o)
                              build/sky/contiki-ng-sky.a(leds.o) (leds_arch_init)
build/sky/contiki-ng-sky.a(watchdog.o)
                              build/sky/obj/contiki-main.o (watchdog_start)
build/sky/contiki-ng-sky.a(rtimer-arch.o)
                              build/sky/obj/energest.o (rtimer_arch_now)
build/sky/contiki-ng-sky.a(autostart.o)
                              build/sky/obj/contiki-main.o (autostart_start)
build/sky/contiki-ng-sky.a(ctimer.o)
                              build/sky/obj/contiki-main.o (ctimer_init)
build/sky/contiki-ng-sky.a(etimer.o)
                              build/sky/contiki-ng-sky.a(clock.o) (etimer_request_poll)
build/sky/contiki-ng-sky.a(log.o)
                              udp-client.o (log_6addr)
build/sky/contiki-ng-sky.a(node-id.o)
                              build/sky/obj/contiki-main.o (node_id_init)
build/sky/contiki-ng-sky.a(process.o)
                              build/sky/contiki-ng-sky.a(ctimer.o) (process_current)
build/sky/contiki-ng-sky.a(rtimer.o)
                              build/sky/obj/contiki-main.o (rtimer_init)
build/sky/contiki-ng-sky.a(stack-check.o)
                              build/sky/obj/contiki-main.o (stack_check_init)
build/sky/contiki-ng-sky.a(timer.o)
                              build/sky/contiki-ng-sky.a(platform.o) (timer_set)
build/sky/contiki-ng-sky.a(list.o)
                              build/sky/contiki-ng-sky.a(ctimer.o) (list_init)
build/sky/contiki-ng-sky.a(random.o)
                              build/sky/contiki-ng-sky.a(platform.o) (random_init)
build/sky/contiki-ng-sky.a(linkaddr.o)
                              build/sky/contiki-ng-sky.a(platform.o) (linkaddr_copy)
build/sky/contiki-ng-sky.a(netstack.o)
                              build/sky/obj/contiki-main.o (netstack_init)
build/sky/contiki-ng-sky.a(packetbuf.o)
                              build/sky/contiki-ng-sky.a(cc2420.o) (packetbuf_set_datalen)
build/sky/contiki-ng-sky.a(queuebuf.o)
                              build/sky/obj/contiki-main.o (queuebuf_init)
build/sky/contiki-ng-sky.a(csma.o)
                              build/sky/obj/contiki-main.o (csma_driver)
build/sky/contiki-ng-sky.a(sicslowpan.o)
                              build/sky/obj/contiki-main.o (sicslowpan_driver)
build/sky/contiki-ng-sky.a(simple-udp.o)
                              udp-client.o (simple_udp_sendto)
build/sky/contiki-ng-sky.a(tcpip.o)
                              build/sky/contiki-ng-sky.a(simple-udp.o) (udp_new)
build/sky/contiki-ng-sky.a(uip-ds6-nbr.o)
                              build/sky/contiki-ng-sky.a(tcpip.o) (uip_ds6_nbr_add)
build/sky/contiki-ng-sky.a(uip-ds6-route.o)
                              build/sky/contiki-ng-sky.a(tcpip.o) (uip_ds6_route_nexthop)
build/sky/contiki-ng-sky.a(uip-ds6.o)
                              build/sky/contiki-ng-sky.a(tcpip.o) (uip_ds6_is_addr_onlink)
build/sky/contiki-ng-sky.a(uip-udp-packet.)
                              build/sky/contiki-ng-sky.a(simple-udp.o) (uip_udp_packet_sendto)
build/sky/contiki-ng-sky.a(uip6.o)
                              build/sky/contiki-ng-sky.a(sicslowpan.o) (uip_aligned_buf)
build/sky/contiki-ng-sky.a(uipbuf.o)
                              build/sky/contiki-ng-sky.a(uip6.o) (uipbuf_add_ext_hdr)
build/sky/contiki-ng-sky.a(uiplib.o)
                              build/sky/contiki-ng-sky.a(log.o) (uiplib_ipaddr_snprint)
build/sky/contiki-ng-sky.a(rpl.o)
                              udp-client.o (rpl_lite_driver)
build/sky/contiki-ng-sky.a(contiki-sky-pla)
                              build/sky/contiki-ng-sky.a(platform.o) (init_platform)
build/sky/contiki-ng-sky.a(button-sensor.o)
                              build/sky/contiki-ng-sky.a(contiki-sky-pla) (button_sensor)
build/sky/contiki-ng-sky.a(spi-legacy.o)
                              build/sky/contiki-ng-sky.a(cc2420-arch.o) (spi_init)
build/sky/contiki-ng-sky.a(ds2411.o)
                              build/sky/contiki-ng-sky.a(platform.o) (ds2411_init)
build/sky/contiki-ng-sky.a(xmem.o)
[...]
Memory Configuration

Name             Origin             Length             Attributes
sfr              0x0000000000000000 0x0000000000000010
peripheral_8bit  0x0000000000000010 0x00000000000000f0
peripheral_16bit 0x0000000000000100 0x0000000000000100
ram_mirror       0x0000000000000200 0x0000000000000800 xw
infomem          0x0000000000001000 0x0000000000000100
infob            0x0000000000001000 0x0000000000000080
infoa            0x0000000000001080 0x0000000000000080
ram              0x0000000000001100 0x0000000000002800 xw
rom              0x0000000000004000 0x000000000000bfe0 xr
vectors          0x000000000000ffe0 0x0000000000000020
bsl              0x0000000000000000 0x0000000000000000
infoc            0x0000000000000000 0x0000000000000000
infod            0x0000000000000000 0x0000000000000000
ram2             0x0000000000000000 0x0000000000000000 xw
signature        0x0000000000000000 0x0000000000000000
usbram           0x0000000000000000 0x0000000000000000 xw
far_rom          0x0000000000000000 0x0000000000000000
*default*        0x0000000000000000 0xffffffffffffffff

Linker script and memory map

LOAD /usr/local/Cellar/gcc-msp430/4.7.0-20120911_2/lib/gcc/msp430/4.7.0/mmpy-16/crt0ivtbl16.o
                0x0000000000002e70                _stack = _end
LOAD udp-client.o
LOAD build/sky/obj/energest.o
LOAD build/sky/obj/miti.o
LOAD build/sky/obj/contiki-main.o
LOAD build/sky/contiki-ng-sky.a
LOAD /usr/local/Cellar/gcc-msp430/4.7.0-20120911_2/lib/gcc/msp430/4.7.0/mmpy-16/libgcc.a
LOAD /usr/local/Cellar/gcc-msp430/4.7.0-20120911_2/lib/gcc/msp430/4.7.0/../../../../msp430/lib/mmpy-16/libc.a
LOAD /usr/local/Cellar/gcc-msp430/4.7.0-20120911_2/lib/gcc/msp430/4.7.0/mmpy-16/libgcc.a
LOAD /usr/local/Cellar/gcc-msp430/4.7.0-20120911_2/lib/gcc/msp430/4.7.0/mmpy-16/libcrt0.a
                0x0000000000000080                PROVIDE (__info_segment_size, 0x80)
                0x0000000000001000                PROVIDE (__infob, 0x1000)
                0x0000000000001080                PROVIDE (__infoa, 0x1080)
                0x0000000000000000                __IE1 = 0x0
                0x0000000000000002                __IFG1 = 0x2
                0x0000000000000004                __ME1 = 0x4
                0x0000000000000001                __IE2 = 0x1
                0x0000000000000003                __IFG2 = 0x3
                0x0000000000000005                __ME2 = 0x5
                0x0000000000000120                __WDTCTL = 0x120
                0x0000000000000130                __MPY = 0x130
                0x0000000000000132                __MPYS = 0x132
                0x0000000000000134                __MAC = 0x134
                0x0000000000000136                __MACS = 0x136
                0x0000000000000138                __OP2 = 0x138
                0x000000000000013a                __RESLO = 0x13a
                0x000000000000013c                __RESHI = 0x13c
                0x000000000000013e                __SUMEXT = 0x13e
                0x0000000000000020                __P1IN = 0x20
                0x0000000000000021                __P1OUT = 0x21
                0x0000000000000022                __P1DIR = 0x22
                0x0000000000000023                __P1IFG = 0x23
                0x0000000000000024                __P1IES = 0x24
                0x0000000000000025                __P1IE = 0x25
                0x0000000000000026                __P1SEL = 0x26
                0x0000000000000028                __P2IN = 0x28
                0x0000000000000029                __P2OUT = 0x29
                0x000000000000002a                __P2DIR = 0x2a
                0x000000000000002b                __P2IFG = 0x2b
                0x000000000000002c                __P2IES = 0x2c
                0x000000000000002d                __P2IE = 0x2d
                0x000000000000002e                __P2SEL = 0x2e
                0x0000000000000018                __P3IN = 0x18
                0x0000000000000019                __P3OUT = 0x19
                0x000000000000001a                __P3DIR = 0x1a
                0x000000000000001b                __P3SEL = 0x1b
                0x000000000000001c                __P4IN = 0x1c
                0x000000000000001d                __P4OUT = 0x1d
                0x000000000000001e                __P4DIR = 0x1e
                0x000000000000001f                __P4SEL = 0x1f
                0x0000000000000030                __P5IN = 0x30
                0x0000000000000031                __P5OUT = 0x31
                0x0000000000000032                __P5DIR = 0x32
                0x0000000000000033                __P5SEL = 0x33
                0x0000000000000034                __P6IN = 0x34
                0x0000000000000035                __P6OUT = 0x35
                0x0000000000000036                __P6DIR = 0x36
                0x0000000000000037                __P6SEL = 0x37
                0x0000000000000070                __U0CTL = 0x70
                0x0000000000000071                __U0TCTL = 0x71
                0x0000000000000072                __U0RCTL = 0x72
                0x0000000000000073                __U0MCTL = 0x73
                0x0000000000000074                __U0BR0 = 0x74
                0x0000000000000075                __U0BR1 = 0x75
                0x0000000000000076                __U0RXBUF = 0x76
                0x0000000000000077                __U0TXBUF = 0x77
                0x0000000000000078                __U1CTL = 0x78
                0x0000000000000079                __U1TCTL = 0x79
                0x000000000000007a                __U1RCTL = 0x7a
                0x000000000000007b                __U1MCTL = 0x7b
                0x000000000000007c                __U1BR0 = 0x7c
                0x000000000000007d                __U1BR1 = 0x7d
                0x000000000000007e                __U1RXBUF = 0x7e
                0x000000000000007f                __U1TXBUF = 0x7f
                0x0000000000000050                __I2CIE = 0x50
                0x0000000000000051                __I2CIFG = 0x51
                0x0000000000000052                __I2CNDAT = 0x52
                0x0000000000000071                __I2CTCTL = 0x71
                0x0000000000000072                __I2CDCTL = 0x72
                0x0000000000000073                __I2CPSC = 0x73
                0x0000000000000074                __I2CSCLH = 0x74
                0x0000000000000075                __I2CSCLL = 0x75
                0x0000000000000076                __I2CDRB = 0x76
                0x0000000000000076                __I2CDRW = 0x76
                0x0000000000000118                __I2COA = 0x118
                0x000000000000011a                __I2CSA = 0x11a
                0x000000000000011c                __I2CIV = 0x11c
                0x000000000000012e                __TAIV = 0x12e
                0x0000000000000160                __TACTL = 0x160
                0x0000000000000162                __TACCTL0 = 0x162
                0x0000000000000164                __TACCTL1 = 0x164
                0x0000000000000166                __TACCTL2 = 0x166
                0x0000000000000170                __TAR = 0x170
                0x0000000000000172                __TACCR0 = 0x172
                0x0000000000000174                __TACCR1 = 0x174
                0x0000000000000176                __TACCR2 = 0x176
                0x000000000000011e                __TBIV = 0x11e
                0x0000000000000180                __TBCTL = 0x180
                0x0000000000000182                __TBCCTL0 = 0x182
                0x0000000000000184                __TBCCTL1 = 0x184
                0x0000000000000186                __TBCCTL2 = 0x186
                0x0000000000000188                __TBCCTL3 = 0x188
                0x000000000000018a                __TBCCTL4 = 0x18a
                0x000000000000018c                __TBCCTL5 = 0x18c
                0x000000000000018e                __TBCCTL6 = 0x18e
                0x0000000000000190                __TBR = 0x190
                0x0000000000000192                __TBCCR0 = 0x192
                0x0000000000000194                __TBCCR1 = 0x194
                0x0000000000000196                __TBCCR2 = 0x196
                0x0000000000000198                __TBCCR3 = 0x198
                0x000000000000019a                __TBCCR4 = 0x19a
                0x000000000000019c                __TBCCR5 = 0x19c
                0x000000000000019e                __TBCCR6 = 0x19e
                0x0000000000000056                __DCOCTL = 0x56
                0x0000000000000057                __BCSCTL1 = 0x57
                0x0000000000000058                __BCSCTL2 = 0x58
                0x0000000000000055                __SVSCTL = 0x55
                0x0000000000000128                __FCTL1 = 0x128
                0x000000000000012a                __FCTL2 = 0x12a
                0x000000000000012c                __FCTL3 = 0x12c
                0x0000000000000059                __CACTL1 = 0x59
                0x000000000000005a                __CACTL2 = 0x5a
                0x000000000000005b                __CAPD = 0x5b
                0x00000000000001a0                __ADC12CTL0 = 0x1a0
                0x00000000000001a2                __ADC12CTL1 = 0x1a2
                0x00000000000001a4                __ADC12IFG = 0x1a4
                0x00000000000001a6                __ADC12IE = 0x1a6
                0x00000000000001a8                __ADC12IV = 0x1a8
                0x0000000000000140                __ADC12MEM0 = 0x140
                0x0000000000000142                __ADC12MEM1 = 0x142
                0x0000000000000144                __ADC12MEM2 = 0x144
                0x0000000000000146                __ADC12MEM3 = 0x146
                0x0000000000000148                __ADC12MEM4 = 0x148
                0x000000000000014a                __ADC12MEM5 = 0x14a
                0x000000000000014c                __ADC12MEM6 = 0x14c
                0x000000000000014e                __ADC12MEM7 = 0x14e
                0x0000000000000150                __ADC12MEM8 = 0x150
                0x0000000000000152                __ADC12MEM9 = 0x152
                0x0000000000000154                __ADC12MEM10 = 0x154
                0x0000000000000156                __ADC12MEM11 = 0x156
                0x0000000000000158                __ADC12MEM12 = 0x158
                0x000000000000015a                __ADC12MEM13 = 0x15a
                0x000000000000015c                __ADC12MEM14 = 0x15c
                0x000000000000015e                __ADC12MEM15 = 0x15e
                0x0000000000000080                __ADC12MCTL0 = 0x80
                0x0000000000000081                __ADC12MCTL1 = 0x81
                0x0000000000000082                __ADC12MCTL2 = 0x82
                0x0000000000000083                __ADC12MCTL3 = 0x83
                0x0000000000000084                __ADC12MCTL4 = 0x84
                0x0000000000000085                __ADC12MCTL5 = 0x85
                0x0000000000000086                __ADC12MCTL6 = 0x86
                0x0000000000000087                __ADC12MCTL7 = 0x87
                0x0000000000000088                __ADC12MCTL8 = 0x88
                0x0000000000000089                __ADC12MCTL9 = 0x89
                0x000000000000008a                __ADC12MCTL10 = 0x8a
                0x000000000000008b                __ADC12MCTL11 = 0x8b
                0x000000000000008c                __ADC12MCTL12 = 0x8c
                0x000000000000008d                __ADC12MCTL13 = 0x8d
                0x000000000000008e                __ADC12MCTL14 = 0x8e
                0x000000000000008f                __ADC12MCTL15 = 0x8f
                0x00000000000001c0                __DAC12_0CTL = 0x1c0
                0x00000000000001c2                __DAC12_1CTL = 0x1c2
                0x00000000000001c8                __DAC12_0DAT = 0x1c8
                0x00000000000001ca                __DAC12_1DAT = 0x1ca
                0x0000000000000122                __DMACTL0 = 0x122
                0x0000000000000124                __DMACTL1 = 0x124
                0x00000000000001e0                __DMA0CTL = 0x1e0
                0x00000000000001e8                __DMA1CTL = 0x1e8
                0x00000000000001f0                __DMA2CTL = 0x1f0
                0x00000000000001e2                __DMA0SA = 0x1e2
                0x00000000000001e4                __DMA0DA = 0x1e4
                0x00000000000001e6                __DMA0SZ = 0x1e6
                0x00000000000001ea                __DMA1SA = 0x1ea
                0x00000000000001ec                __DMA1DA = 0x1ec
                0x00000000000001ee                __DMA1SZ = 0x1ee
                0x00000000000001f2                __DMA2SA = 0x1f2
                0x00000000000001f4                __DMA2DA = 0x1f4
                0x00000000000001f6                __DMA2SZ = 0x1f6

.hash
 *(.hash)

.dynsym
 *(.dynsym)

.dynstr
 *(.dynstr)

.gnu.version
 *(.gnu.version)

.gnu.version_d
 *(.gnu.version_d)

.gnu.version_r
 *(.gnu.version_r)

.rel.init
 *(.rel.init)

.rela.init
 *(.rela.init)

.rel.fini
 *(.rel.fini)

.rela.fini
 *(.rela.fini)

.rel.text
 *(.rel.text .rel.text.* .rel.gnu.linkonce.t.*)

.rela.text
 *(.rela.text .rela.text.* .rela.gnu.linkonce.t.*)

.rel.rodata
 *(.rel.rodata .rel.rodata.* .rel.gnu.linkonce.r.*)

.rela.rodata
 *(.rela.rodata .rela.rodata.* .rela.gnu.linkonce.r.*)

.rel.data
 *(.rel.data .rel.data.* .rel.gnu.linkonce.d.*)

.rela.data
 *(.rela.data .rela.data.* .rela.gnu.linkonce.d.*)

.rel.bss
 *(.rel.bss .rel.bss.* .rel.gnu.linkonce.b.*)

.rela.bss
 *(.rela.bss .rela.bss.* .rela.gnu.linkonce.b.*)

.rel.ctors
 *(.rel.ctors)

.rela.ctors
 *(.rela.ctors)

.rel.dtors
 *(.rel.dtors)

.rela.dtors
 *(.rela.dtors)

.rel.got
 *(.rel.got)

.rela.got
 *(.rela.got)

.rel.plt
 *(.rel.plt)

.rela.plt
 *(.rela.plt)

.text           0x0000000000004000     0xabd2
                0x0000000000004000                . = ALIGN (0x2)
 *(.init .init.*)
 *(.init0)
 .init0         0x0000000000004000        0x0 /usr/local/Cellar/gcc-msp430/4.7.0-20120911_2/lib/gcc/msp430/4.7.0/mmpy-16/libcrt0.a(_reset_vector__.o)
                0x0000000000004000                _reset_vector__
 *(.init1)
 .init1         0x0000000000004000        0xc /usr/local/Cellar/gcc-msp430/4.7.0-20120911_2/lib/gcc/msp430/4.7.0/mmpy-16/libcrt0.a(__watchdog_support.o)
                0x0000000000004000                __watchdog_support
 *(.init2)
 .init2         0x000000000000400c        0x4 /usr/local/Cellar/gcc-msp430/4.7.0-20120911_2/lib/gcc/msp430/4.7.0/mmpy-16/libcrt0.a(__init_stack.o)
                0x000000000000400c                __init_stack
 *(.init3)
 .init3         0x0000000000004010        0x0 /usr/local/Cellar/gcc-msp430/4.7.0-20120911_2/lib/gcc/msp430/4.7.0/mmpy-16/libcrt0.a(__low_level_init.o)
                0x0000000000004010                __low_level_init
 *(.init4)
 .init4         0x0000000000004010       0x18 /usr/local/Cellar/gcc-msp430/4.7.0-20120911_2/lib/gcc/msp430/4.7.0/mmpy-16/libcrt0.a(_copy_data.o)
                0x0000000000004010                __do_copy_data
 .init4         0x0000000000004028       0x16 /usr/local/Cellar/gcc-msp430/4.7.0-20120911_2/lib/gcc/msp430/4.7.0/mmpy-16/libcrt0.a(_clear_bss.o)
                0x0000000000004028                __do_clear_bss
 *(.init5)
 *(.init6)
 *(.init7)
 *(.init8)
 *(.init9)
 .init9         0x000000000000403e      0x232 build/sky/obj/contiki-main.o
                0x000000000000403e                main
 *(.fini9)
 .fini9         0x0000000000004270        0x0 /usr/local/Cellar/gcc-msp430/4.7.0-20120911_2/lib/gcc/msp430/4.7.0/mmpy-16/libcrt0.a(__stop_progExec__.o)
                0x0000000000004270                __stop_progExec__
 *(.fini8)
 *(.fini7)
 *(.fini6)
 *(.fini5)
 *(.fini4)
 *(.fini3)
 *(.fini2)
 *(.fini1)
 *(.fini0)
 .fini0         0x0000000000004270        0x6 /usr/local/Cellar/gcc-msp430/4.7.0-20120911_2/lib/gcc/msp430/4.7.0/mmpy-16/libcrt0.a(_endless_loop__.o)
                0x0000000000004270                _endless_loop__
 *(.fini .fini.*)
                0x0000000000004276                . = ALIGN (0x2)
                0x0000000000004276                __ctors_start = .
 *(.ctors)
                0x0000000000004276                __ctors_end = .
                0x0000000000004276                __dtors_start = .
 *(.dtors)
                0x0000000000004276                __dtors_end = .
                0x0000000000004276                . = ALIGN (0x2)
 *(.text .text.* .gnu.linkonce.t.*)
 .text          0x0000000000004276        0x4 /usr/local/Cellar/gcc-msp430/4.7.0-20120911_2/lib/gcc/msp430/4.7.0/mmpy-16/crt0ivtbl16.o
                0x0000000000004276                __isr_9
                0x0000000000004276                __isr_11
                0x0000000000004276                __isr_2
                0x0000000000004276                __isr_7
                0x0000000000004276                __isr_0
                0x0000000000004276                __isr_8
                0x0000000000004276                __isr_3
                0x0000000000004276                __isr_12
                0x0000000000004276                __isr_13
                0x0000000000004276                __isr_14
 .text.process_thread_attack_detection_process
                0x000000000000427a       0x34 udp-client.o
 .text.udp_rx_callback
                0x00000000000042ae       0x3e udp-client.o
 .text.update_energy
                0x00000000000042ec      0x1e6 udp-client.o
                0x00000000000042ec                update_energy
 .text.process_thread_attack_mitigation_process
                0x00000000000044d2      0x140 udp-client.o
 .text.process_thread_udp_client_process
                0x0000000000004612      0x1ac udp-client.o
 .text.energest_init
                0x00000000000047be       0x40 build/sky/obj/energest.o
                0x00000000000047be                energest_init
 .text.energest_flush
                0x00000000000047fe       0x5c build/sky/obj/energest.o
                0x00000000000047fe                energest_flush
 .text.energest_get_total_time
                0x000000000000485a       0x38 build/sky/obj/energest.o
                0x000000000000485a                energest_get_total_time
 .text.get_object
                0x0000000000004892        0x4 build/sky/contiki-ng-sky.a(cc2420.o)
 .text.set_object
                0x0000000000004896        0x4 build/sky/contiki-ng-sky.a(cc2420.o)
 .text.strobe   0x000000000000489a       0x1c build/sky/contiki-ng-sky.a(cc2420.o)
 .text.getreg   0x00000000000048b6       0x4c build/sky/contiki-ng-sky.a(cc2420.o)
 .text.setreg   0x0000000000004902       0x4c build/sky/contiki-ng-sky.a(cc2420.o)
 .text.write_ram
                0x000000000000494e       0x7c build/sky/contiki-ng-sky.a(cc2420.o)
 .text.write_fifo_buf
                0x00000000000049ca       0x3c build/sky/contiki-ng-sky.a(cc2420.o)
 .text.get_status
                0x0000000000004a06       0x20 build/sky/contiki-ng-sky.a(cc2420.o)
 .text.cc2420_receiving_packet
                0x0000000000004a26        0xc build/sky/contiki-ng-sky.a(cc2420.o)
 .text.pending_packet
                0x0000000000004a32        0x8 build/sky/contiki-ng-sky.a(cc2420.o)
 .text.wait_for_transmission
                0x0000000000004a3a       0x22 build/sky/contiki-ng-sky.a(cc2420.o)
 .text.wait_for_status
                0x0000000000004a5c       0x28 build/sky/contiki-ng-sky.a(cc2420.o)
 .text.getrxdata
                0x0000000000004a84       0x50 build/sky/contiki-ng-sky.a(cc2420.o)
 .text.flushrx  0x0000000000004ad4       0x1a build/sky/contiki-ng-sky.a(cc2420.o)
 .text.energest_on
                0x0000000000004aee       0x28 build/sky/contiki-ng-sky.a(cc2420.o)
 .text.on       0x0000000000004b16       0x20 build/sky/contiki-ng-sky.a(cc2420.o)
 .text.energest_off
                0x0000000000004b36       0x9c build/sky/contiki-ng-sky.a(cc2420.o)
 .text.off      0x0000000000004bd2       0x2e build/sky/contiki-ng-sky.a(cc2420.o)
 .text.RELEASE_LOCK
                0x0000000000004c00       0x28 build/sky/contiki-ng-sky.a(cc2420.o)
 .text.set_key  0x0000000000004c28       0x18 build/sky/contiki-ng-sky.a(cc2420.o)
 .text.set_frame_filtering
                0x0000000000004c40       0x30 build/sky/contiki-ng-sky.a(cc2420.o)
 .text.set_auto_ack
                0x0000000000004c70       0x30 build/sky/contiki-ng-sky.a(cc2420.o)
 .text.set_poll_mode
                0x0000000000004ca0       0x2c build/sky/contiki-ng-sky.a(cc2420.o)
 .text.cc2420_prepare
                0x0000000000004ccc       0x46 build/sky/contiki-ng-sky.a(cc2420.o)
 .text.cc2420_on
                0x0000000000004d12       0x22 build/sky/contiki-ng-sky.a(cc2420.o)
                0x0000000000004d12                cc2420_on
 .text.cc2420_transmit
                0x0000000000004d34       0x8a build/sky/contiki-ng-sky.a(cc2420.o)
 .text.cc2420_send
                0x0000000000004dbe       0x12 build/sky/contiki-ng-sky.a(cc2420.o)
 .text.cc2420_off
                0x0000000000004dd0       0x30 build/sky/contiki-ng-sky.a(cc2420.o)
                0x0000000000004dd0                cc2420_off
 .text.cc2420_cca
                0x0000000000004e00       0x68 build/sky/contiki-ng-sky.a(cc2420.o)
 .text.cc2420_read
                0x0000000000004e68       0xbe build/sky/contiki-ng-sky.a(cc2420.o)
 .text.process_thread_cc2420_process
                0x0000000000004f26       0x62 build/sky/contiki-ng-sky.a(cc2420.o)
 .text.encrypt  0x0000000000004f88       0x88 build/sky/contiki-ng-sky.a(cc2420.o)
 .text.cc2420_set_channel
                0x0000000000005010       0x3c build/sky/contiki-ng-sky.a(cc2420.o)
                0x0000000000005010                cc2420_set_channel
 .text.cc2420_set_pan_addr
                0x000000000000504c       0x4c build/sky/contiki-ng-sky.a(cc2420.o)
                0x000000000000504c                cc2420_set_pan_addr
 .text.cc2420_interrupt
                0x0000000000005098       0x16 build/sky/contiki-ng-sky.a(cc2420.o)
                0x0000000000005098                cc2420_interrupt
 .text.cc2420_set_txpower
                0x00000000000050ae       0x2c build/sky/contiki-ng-sky.a(cc2420.o)
                0x00000000000050ae                cc2420_set_txpower
 .text.cc2420_get_txpower
                0x00000000000050da       0x1e build/sky/contiki-ng-sky.a(cc2420.o)
                0x00000000000050da                cc2420_get_txpower
 .text.cc2420_rssi
                0x00000000000050f8       0x4c build/sky/contiki-ng-sky.a(cc2420.o)
                0x00000000000050f8                cc2420_rssi
 .text.get_value
                0x0000000000005144      0x11e build/sky/contiki-ng-sky.a(cc2420.o)
 .text.cc2420_set_cca_threshold
                0x0000000000005262       0x16 build/sky/contiki-ng-sky.a(cc2420.o)
                0x0000000000005262                cc2420_set_cca_threshold
 .text.set_value
                0x0000000000005278      0x150 build/sky/contiki-ng-sky.a(cc2420.o)
 .text.cc2420_init
                0x00000000000053c8       0xea build/sky/contiki-ng-sky.a(cc2420.o)
                0x00000000000053c8                cc2420_init
 .text.cc2420_port1_interrupt
                0x00000000000054b2       0x20 build/sky/contiki-ng-sky.a(cc2420-arch.o)
                0x00000000000054b2                __isr_4
                0x00000000000054b2                cc2420_port1_interrupt
 .text.cc2420_arch_init
                0x00000000000054d2       0x1a build/sky/contiki-ng-sky.a(cc2420-arch.o)
                0x00000000000054d2                cc2420_arch_init
 .text.putchar  0x00000000000054ec       0x10 build/sky/contiki-ng-sky.a(uart1-putchar.o)
                0x00000000000054ec                putchar
 .text.energest_switch
                0x00000000000054fc       0x6e build/sky/contiki-ng-sky.a(platform.o)
 .text.platform_init_stage_one
                0x000000000000556a       0x12 build/sky/contiki-ng-sky.a(platform.o)
                0x000000000000556a                platform_init_stage_one
 .text.platform_init_stage_two
                0x000000000000557c       0x64 build/sky/contiki-ng-sky.a(platform.o)
                0x000000000000557c                platform_init_stage_two
 .text.platform_init_stage_three
                0x00000000000055e0       0x7a build/sky/contiki-ng-sky.a(platform.o)
                0x00000000000055e0                platform_init_stage_three
 .text.platform_idle
                0x000000000000565a       0x64 build/sky/contiki-ng-sky.a(platform.o)
                0x000000000000565a                platform_idle
 .text.msp430_init_dco
                0x00000000000056be       0x82 build/sky/contiki-ng-sky.a(msp430.o)
                0x00000000000056be                msp430_init_dco
 .text.msp430_add_lpm_req
                0x0000000000005740        0xc build/sky/contiki-ng-sky.a(msp430.o)
                0x0000000000005740                msp430_add_lpm_req
 .text.msp430_cpu_init
                0x000000000000574c       0x2a build/sky/contiki-ng-sky.a(msp430.o)
                0x000000000000574c                msp430_cpu_init
 .text.splhigh_
                0x0000000000005776        0x8 build/sky/contiki-ng-sky.a(msp430.o)
                0x0000000000005776                splhigh_
 .text.msp430_sync_dco
                0x000000000000577e       0x6c build/sky/contiki-ng-sky.a(msp430.o)
                0x000000000000577e                msp430_sync_dco
 .text.timera1  0x00000000000057ea       0xdc build/sky/contiki-ng-sky.a(clock.o)
                0x00000000000057ea                __isr_5
                0x00000000000057ea                timera1
 .text.clock_time
                0x00000000000058c6       0x1a build/sky/contiki-ng-sky.a(clock.o)
                0x00000000000058c6                clock_time
 .text.clock_init
                0x00000000000058e0       0x28 build/sky/contiki-ng-sky.a(clock.o)
                0x00000000000058e0                clock_init
 .text.clock_delay
                0x0000000000005908        0xc build/sky/contiki-ng-sky.a(clock.o)
                0x0000000000005908                clock_delay
 .text.clock_seconds
                0x0000000000005914       0x1a build/sky/contiki-ng-sky.a(clock.o)
                0x0000000000005914                clock_seconds
 .text.leds_init
                0x000000000000592e        0x6 build/sky/contiki-ng-sky.a(leds.o)
                0x000000000000592e                leds_init
 .text.leds_on  0x0000000000005934       0x12 build/sky/contiki-ng-sky.a(leds.o)
                0x0000000000005934                leds_on
 .text.leds_off
                0x0000000000005946       0x12 build/sky/contiki-ng-sky.a(leds.o)
                0x0000000000005946                leds_off
 .text.leds_arch_init
                0x0000000000005958        0xe build/sky/contiki-ng-sky.a(leds-arch.o)
                0x0000000000005958                leds_arch_init
 .text.leds_arch_get
                0x0000000000005966       0x34 build/sky/contiki-ng-sky.a(leds-arch.o)
                0x0000000000005966                leds_arch_get
 .text.leds_arch_set
                0x000000000000599a       0x3e build/sky/contiki-ng-sky.a(leds-arch.o)
                0x000000000000599a                leds_arch_set
 .text.watchdog_interrupt
                0x00000000000059d8        0x6 build/sky/contiki-ng-sky.a(watchdog.o)
                0x00000000000059d8                __isr_10
                0x00000000000059d8                watchdog_interrupt
 .text.watchdog_start
                0x00000000000059de       0x14 build/sky/contiki-ng-sky.a(watchdog.o)
                0x00000000000059de                watchdog_start
 .text.watchdog_periodic
                0x00000000000059f2       0x12 build/sky/contiki-ng-sky.a(watchdog.o)
                0x00000000000059f2                watchdog_periodic
 .text.watchdog_stop
                0x0000000000005a04       0x16 build/sky/contiki-ng-sky.a(watchdog.o)
                0x0000000000005a04                watchdog_stop
 .text.watchdog_init
                0x0000000000005a1a       0x12 build/sky/contiki-ng-sky.a(watchdog.o)
                0x0000000000005a1a                watchdog_init
 .text.timera0  0x0000000000005a2c       0x2e build/sky/contiki-ng-sky.a(rtimer-arch.o)
                0x0000000000005a2c                __isr_6
                0x0000000000005a2c                timera0
 .text.rtimer_arch_init
                0x0000000000005a5a        0xe build/sky/contiki-ng-sky.a(rtimer-arch.o)
                0x0000000000005a5a                rtimer_arch_init
 .text.rtimer_arch_now
                0x0000000000005a68        0xe build/sky/contiki-ng-sky.a(rtimer-arch.o)
                0x0000000000005a68                rtimer_arch_now
 .text.rtimer_arch_schedule
                0x0000000000005a76        0x6 build/sky/contiki-ng-sky.a(rtimer-arch.o)
                0x0000000000005a76                rtimer_arch_schedule
 .text.autostart_start
                0x0000000000005a7c       0x16 build/sky/contiki-ng-sky.a(autostart.o)
                0x0000000000005a7c                autostart_start
 .text.process_thread_ctimer_process
                0x0000000000005a92       0xa8 build/sky/contiki-ng-sky.a(ctimer.o)
 .text.ctimer_init
                0x0000000000005b3a       0x18 build/sky/contiki-ng-sky.a(ctimer.o)
                0x0000000000005b3a                ctimer_init
 .text.ctimer_set_with_process
                0x0000000000005b52       0x4e build/sky/contiki-ng-sky.a(ctimer.o)
                0x0000000000005b52                ctimer_set_with_process
 .text.ctimer_set
                0x0000000000005ba0       0x10 build/sky/contiki-ng-sky.a(ctimer.o)
                0x0000000000005ba0                ctimer_set
 .text.ctimer_reset
                0x0000000000005bb0       0x30 build/sky/contiki-ng-sky.a(ctimer.o)
                0x0000000000005bb0                ctimer_reset
 .text.ctimer_stop
                0x0000000000005be0       0x28 build/sky/contiki-ng-sky.a(ctimer.o)
                0x0000000000005be0                ctimer_stop
 .text.ctimer_expired
                0x0000000000005c08       0x30 build/sky/contiki-ng-sky.a(ctimer.o)
                0x0000000000005c08                ctimer_expired
 .text.update_time
                0x0000000000005c38       0x78 build/sky/contiki-ng-sky.a(etimer.o)
 .text.etimer_request_poll
                0x0000000000005cb0        0xa build/sky/contiki-ng-sky.a(etimer.o)
                0x0000000000005cb0                etimer_request_poll
 .text.process_thread_etimer_process
                0x0000000000005cba       0xcc build/sky/contiki-ng-sky.a(etimer.o)
 .text.add_timer
                0x0000000000005d86       0x40 build/sky/contiki-ng-sky.a(etimer.o)
 .text.etimer_set
                0x0000000000005dc6       0x12 build/sky/contiki-ng-sky.a(etimer.o)
                0x0000000000005dc6                etimer_set
 .text.etimer_reset
                0x0000000000005dd8       0x12 build/sky/contiki-ng-sky.a(etimer.o)
                0x0000000000005dd8                etimer_reset
 .text.etimer_expired
                0x0000000000005dea        0xe build/sky/contiki-ng-sky.a(etimer.o)
                0x0000000000005dea                etimer_expired
 .text.etimer_pending
                0x0000000000005df8        0xc build/sky/contiki-ng-sky.a(etimer.o)
                0x0000000000005df8                etimer_pending
 .text.etimer_next_expiration_time
                0x0000000000005e04       0x16 build/sky/contiki-ng-sky.a(etimer.o)
                0x0000000000005e04                etimer_next_expiration_time
 .text.etimer_stop
                0x0000000000005e1a       0x3e build/sky/contiki-ng-sky.a(etimer.o)
                0x0000000000005e1a                etimer_stop
 .text.log_6addr
                0x0000000000005e58       0x32 build/sky/contiki-ng-sky.a(log.o)
                0x0000000000005e58                log_6addr
 .text.log_lladdr
                0x0000000000005e8a       0x44 build/sky/contiki-ng-sky.a(log.o)
                0x0000000000005e8a                log_lladdr
 .text.node_id_init
                0x0000000000005ece       0x14 build/sky/contiki-ng-sky.a(node-id.o)
                0x0000000000005ece                node_id_init
 .text.call_process
                0x0000000000005ee2       0x46 build/sky/contiki-ng-sky.a(process.o)
 .text.exit_process
                0x0000000000005f28       0x96 build/sky/contiki-ng-sky.a(process.o)
 .text.do_poll  0x0000000000005fbe       0x30 build/sky/contiki-ng-sky.a(process.o)
 .text.process_alloc_event
                0x0000000000005fee        0xe build/sky/contiki-ng-sky.a(process.o)
                0x0000000000005fee                process_alloc_event
 .text.process_init
                0x0000000000005ffc       0x18 build/sky/contiki-ng-sky.a(process.o)
                0x0000000000005ffc                process_init
 .text.process_run
                0x0000000000006014       0x92 build/sky/contiki-ng-sky.a(process.o)
                0x0000000000006014                process_run
 .text.process_nevents
                0x00000000000060a6        0xe build/sky/contiki-ng-sky.a(process.o)
                0x00000000000060a6                process_nevents
 .text.process_post
                0x00000000000060b4       0x42 build/sky/contiki-ng-sky.a(process.o)
                0x00000000000060b4                process_post
 .text.process_post_synch
                0x00000000000060f6       0x12 build/sky/contiki-ng-sky.a(process.o)
                0x00000000000060f6                process_post_synch
 .text.process_start
                0x0000000000006108       0x36 build/sky/contiki-ng-sky.a(process.o)
                0x0000000000006108                process_start
 .text.process_poll
                0x000000000000613e       0x18 build/sky/contiki-ng-sky.a(process.o)
                0x000000000000613e                process_poll
 .text.rtimer_init
                0x0000000000006156        0x6 build/sky/contiki-ng-sky.a(rtimer.o)
                0x0000000000006156                rtimer_init
 .text.rtimer_run_next
                0x000000000000615c       0x26 build/sky/contiki-ng-sky.a(rtimer.o)
                0x000000000000615c                rtimer_run_next
 .text.stack_check_init
                0x0000000000006182       0x2e build/sky/contiki-ng-sky.a(stack-check.o)
                0x0000000000006182                stack_check_init
 .text.stack_check_get_usage
                0x00000000000061b0       0x54 build/sky/contiki-ng-sky.a(stack-check.o)
                0x00000000000061b0                stack_check_get_usage
 .text.process_thread_stack_check_process
                0x0000000000006204       0xea build/sky/contiki-ng-sky.a(stack-check.o)
 .text.timer_set
                0x00000000000062ee       0x1c build/sky/contiki-ng-sky.a(timer.o)
                0x00000000000062ee                timer_set
 .text.timer_expired
                0x000000000000630a       0x2a build/sky/contiki-ng-sky.a(timer.o)
                0x000000000000630a                timer_expired
 .text.timer_reset
                0x0000000000006334       0x1c build/sky/contiki-ng-sky.a(timer.o)
                0x0000000000006334                timer_reset
 .text.list_init
                0x0000000000006350        0x6 build/sky/contiki-ng-sky.a(list.o)
                0x0000000000006350                list_init
 .text.list_head
                0x0000000000006356        0x4 build/sky/contiki-ng-sky.a(list.o)
                0x0000000000006356                list_head
 .text.list_tail
                0x000000000000635a       0x12 build/sky/contiki-ng-sky.a(list.o)
                0x000000000000635a                list_tail
 .text.list_remove
                0x000000000000636c       0x34 build/sky/contiki-ng-sky.a(list.o)
                0x000000000000636c                list_remove
 .text.list_push
                0x00000000000063a0       0x1a build/sky/contiki-ng-sky.a(list.o)
                0x00000000000063a0                list_push
 .text.list_add
                0x00000000000063ba       0x2a build/sky/contiki-ng-sky.a(list.o)
                0x00000000000063ba                list_add
 .text.list_length
                0x00000000000063e4       0x10 build/sky/contiki-ng-sky.a(list.o)
                0x00000000000063e4                list_length
 .text.list_item_next
                0x00000000000063f4        0xc build/sky/contiki-ng-sky.a(list.o)
                0x00000000000063f4                list_item_next
 .text.random_init
                0x0000000000006400        0x6 build/sky/contiki-ng-sky.a(random.o)
                0x0000000000006400                random_init
 .text.random_rand
                0x0000000000006406        0x6 build/sky/contiki-ng-sky.a(random.o)
                0x0000000000006406                random_rand
 .text.linkaddr_copy
                0x000000000000640c        0x8 build/sky/contiki-ng-sky.a(linkaddr.o)
                0x000000000000640c                linkaddr_copy
 .text.linkaddr_cmp
                0x0000000000006414       0x12 build/sky/contiki-ng-sky.a(linkaddr.o)
                0x0000000000006414                linkaddr_cmp
 .text.linkaddr_set_node_addr
                0x0000000000006426        0xc build/sky/contiki-ng-sky.a(linkaddr.o)
                0x0000000000006426                linkaddr_set_node_addr
 .text.netstack_process_ip_callback
                0x0000000000006432       0x4e build/sky/contiki-ng-sky.a(netstack.o)
                0x0000000000006432                netstack_process_ip_callback
 .text.netstack_init
                0x0000000000006480        0xe build/sky/contiki-ng-sky.a(netstack.o)
                0x0000000000006480                netstack_init
 .text.packetbuf_hdrreduce
                0x000000000000648e       0x1a build/sky/contiki-ng-sky.a(packetbuf.o)
                0x000000000000648e                packetbuf_hdrreduce
 .text.packetbuf_set_datalen
                0x00000000000064a8        0x6 build/sky/contiki-ng-sky.a(packetbuf.o)
                0x00000000000064a8                packetbuf_set_datalen
 .text.packetbuf_hdrptr
                0x00000000000064ae        0x6 build/sky/contiki-ng-sky.a(packetbuf.o)
                0x00000000000064ae                packetbuf_hdrptr
 .text.packetbuf_datalen
                0x00000000000064b4        0x6 build/sky/contiki-ng-sky.a(packetbuf.o)
                0x00000000000064b4                packetbuf_datalen
 .text.packetbuf_hdrlen
                0x00000000000064ba        0xa build/sky/contiki-ng-sky.a(packetbuf.o)
                0x00000000000064ba                packetbuf_hdrlen
 .text.packetbuf_dataptr
                0x00000000000064c4        0xc build/sky/contiki-ng-sky.a(packetbuf.o)
                0x00000000000064c4                packetbuf_dataptr
 .text.packetbuf_copyto
                0x00000000000064d0       0x46 build/sky/contiki-ng-sky.a(packetbuf.o)
                0x00000000000064d0                packetbuf_copyto
 .text.packetbuf_totlen
                0x0000000000006516        0xc build/sky/contiki-ng-sky.a(packetbuf.o)
                0x0000000000006516                packetbuf_totlen
 .text.packetbuf_hdralloc
                0x0000000000006522       0x3c build/sky/contiki-ng-sky.a(packetbuf.o)
                0x0000000000006522                packetbuf_hdralloc
 .text.packetbuf_attr_clear
                0x000000000000655e       0x28 build/sky/contiki-ng-sky.a(packetbuf.o)
                0x000000000000655e                packetbuf_attr_clear
 .text.packetbuf_clear
                0x0000000000006586       0x12 build/sky/contiki-ng-sky.a(packetbuf.o)
                0x0000000000006586                packetbuf_clear
 .text.packetbuf_copyfrom
                0x0000000000006598       0x2e build/sky/contiki-ng-sky.a(packetbuf.o)
                0x0000000000006598                packetbuf_copyfrom
 .text.packetbuf_attr_copyto
                0x00000000000065c6       0x22 build/sky/contiki-ng-sky.a(packetbuf.o)
                0x00000000000065c6                packetbuf_attr_copyto
 .text.packetbuf_attr_copyfrom
                0x00000000000065e8       0x24 build/sky/contiki-ng-sky.a(packetbuf.o)
                0x00000000000065e8                packetbuf_attr_copyfrom
 .text.packetbuf_set_attr
                0x000000000000660c        0xc build/sky/contiki-ng-sky.a(packetbuf.o)
                0x000000000000660c                packetbuf_set_attr
 .text.packetbuf_attr
                0x0000000000006618        0xa build/sky/contiki-ng-sky.a(packetbuf.o)
                0x0000000000006618                packetbuf_attr
 .text.packetbuf_set_addr
                0x0000000000006622       0x18 build/sky/contiki-ng-sky.a(packetbuf.o)
                0x0000000000006622                packetbuf_set_addr
 .text.packetbuf_addr
                0x000000000000663a       0x12 build/sky/contiki-ng-sky.a(packetbuf.o)
                0x000000000000663a                packetbuf_addr
 .text.packetbuf_holds_broadcast
                0x000000000000664c        0xe build/sky/contiki-ng-sky.a(packetbuf.o)
                0x000000000000664c                packetbuf_holds_broadcast
 .text.queuebuf_init
                0x000000000000665a       0x12 build/sky/contiki-ng-sky.a(queuebuf.o)
                0x000000000000665a                queuebuf_init
 .text.queuebuf_numfree
                0x000000000000666c        0xa build/sky/contiki-ng-sky.a(queuebuf.o)
                0x000000000000666c                queuebuf_numfree
 .text.queuebuf_new_from_packetbuf
                0x0000000000006676       0x52 build/sky/contiki-ng-sky.a(queuebuf.o)
                0x0000000000006676                queuebuf_new_from_packetbuf
 .text.queuebuf_update_attr_from_packetbuf
                0x00000000000066c8       0x12 build/sky/contiki-ng-sky.a(queuebuf.o)
                0x00000000000066c8                queuebuf_update_attr_from_packetbuf
 .text.queuebuf_free
                0x00000000000066da       0x2a build/sky/contiki-ng-sky.a(queuebuf.o)
                0x00000000000066da                queuebuf_free
 .text.queuebuf_to_packetbuf
                0x0000000000006704       0x32 build/sky/contiki-ng-sky.a(queuebuf.o)
                0x0000000000006704                queuebuf_to_packetbuf
 .text.on       0x0000000000006736        0x6 build/sky/contiki-ng-sky.a(csma.o)
 .text.off      0x000000000000673c        0x6 build/sky/contiki-ng-sky.a(csma.o)
 .text.max_payload
                0x0000000000006742       0x38 build/sky/contiki-ng-sky.a(csma.o)
 .text.send_packet
                0x000000000000677a        0x6 build/sky/contiki-ng-sky.a(csma.o)
 .text.init     0x0000000000006780       0x1c build/sky/contiki-ng-sky.a(csma.o)
 .text.input_packet
                0x000000000000679c       0x58 build/sky/contiki-ng-sky.a(csma.o)
 .text.clear_fragments
                0x00000000000067f4       0x40 build/sky/contiki-ng-sky.a(sicslowpan.o)
 .text.addr_context_lookup_by_number
                0x0000000000006834       0x16 build/sky/contiki-ng-sky.a(sicslowpan.o)
 .text.sicslowpan_init
                0x000000000000684a       0x18 build/sky/contiki-ng-sky.a(sicslowpan.o)
                0x000000000000684a                sicslowpan_init
 .text.set_packet_attrs
                0x0000000000006862       0x66 build/sky/contiki-ng-sky.a(sicslowpan.o)
 .text.compress_addr_64
                0x00000000000068c8       0xae build/sky/contiki-ng-sky.a(sicslowpan.o)
 .text.addr_context_lookup_by_prefix
                0x0000000000006976       0x20 build/sky/contiki-ng-sky.a(sicslowpan.o)
 .text.send_packet
                0x0000000000006996       0x1a build/sky/contiki-ng-sky.a(sicslowpan.o)
 .text.fragment_copy_payload_and_send
                0x00000000000069b0       0x60 build/sky/contiki-ng-sky.a(sicslowpan.o)
 .text.output   0x0000000000006a10      0x7c6 build/sky/contiki-ng-sky.a(sicslowpan.o)
 .text.packet_sent
                0x00000000000071d6       0x56 build/sky/contiki-ng-sky.a(sicslowpan.o)
 .text.store_fragment
                0x000000000000722c       0xb8 build/sky/contiki-ng-sky.a(sicslowpan.o)
 .text.add_fragment
                0x00000000000072e4      0x1fc build/sky/contiki-ng-sky.a(sicslowpan.o)
 .text.uncompress_addr
                0x00000000000074e0       0xb4 build/sky/contiki-ng-sky.a(sicslowpan.o)
 .text.input    0x0000000000007594      0xa00 build/sky/contiki-ng-sky.a(sicslowpan.o)
 .text.process_thread_simple_udp_process
                0x0000000000007f94       0xb8 build/sky/contiki-ng-sky.a(simple-udp.o)
 .text.simple_udp_sendto
                0x000000000000804c       0x2c build/sky/contiki-ng-sky.a(simple-udp.o)
                0x000000000000804c                simple_udp_sendto
 .text.simple_udp_register
                0x0000000000008078       0x96 build/sky/contiki-ng-sky.a(simple-udp.o)
                0x0000000000008078                simple_udp_register
 .text.tcpip_output
                0x000000000000810e       0x22 build/sky/contiki-ng-sky.a(tcpip.o)
                0x000000000000810e                tcpip_output
 .text.udp_new  0x0000000000008130       0x1a build/sky/contiki-ng-sky.a(tcpip.o)
                0x0000000000008130                udp_new
 .text.tcpip_input
                0x000000000000814a       0x1e build/sky/contiki-ng-sky.a(tcpip.o)
                0x000000000000814a                tcpip_input
 .text.tcpip_ipv6_output
                0x0000000000008168      0x114 build/sky/contiki-ng-sky.a(tcpip.o)
                0x0000000000008168                tcpip_ipv6_output
 .text.packet_input.part.3
                0x000000000000827c       0x12 build/sky/contiki-ng-sky.a(tcpip.o)
 .text.process_thread_tcpip_process
                0x000000000000828e       0xcc build/sky/contiki-ng-sky.a(tcpip.o)
 .text.tcpip_uipcall
                0x000000000000835a       0x2a build/sky/contiki-ng-sky.a(tcpip.o)
                0x000000000000835a                tcpip_uipcall
 .text.uip_ds6_nbr_rm
                0x0000000000008384       0x1e build/sky/contiki-ng-sky.a(uip-ds6-nbr.o)
                0x0000000000008384                uip_ds6_nbr_rm
 .text.uip_ds6_neighbors_init
                0x00000000000083a2       0x12 build/sky/contiki-ng-sky.a(uip-ds6-nbr.o)
                0x00000000000083a2                uip_ds6_neighbors_init
 .text.uip_ds6_nbr_add
                0x00000000000083b4       0x3e build/sky/contiki-ng-sky.a(uip-ds6-nbr.o)
                0x00000000000083b4                uip_ds6_nbr_add
 .text.uip_ds6_nbr_get_ll
                0x00000000000083f2        0xc build/sky/contiki-ng-sky.a(uip-ds6-nbr.o)
                0x00000000000083f2                uip_ds6_nbr_get_ll
 .text.uip_ds6_nbr_head
                0x00000000000083fe        0xa build/sky/contiki-ng-sky.a(uip-ds6-nbr.o)
                0x00000000000083fe                uip_ds6_nbr_head
 .text.uip_ds6_nbr_next
                0x0000000000008408        0xc build/sky/contiki-ng-sky.a(uip-ds6-nbr.o)
                0x0000000000008408                uip_ds6_nbr_next
 .text.uip_ds6_nbr_lookup
                0x0000000000008414       0x3a build/sky/contiki-ng-sky.a(uip-ds6-nbr.o)
                0x0000000000008414                uip_ds6_nbr_lookup
 .text.uip_ds6_nbr_ll_lookup
                0x000000000000844e        0xc build/sky/contiki-ng-sky.a(uip-ds6-nbr.o)
                0x000000000000844e                uip_ds6_nbr_ll_lookup
 .text.uip_ds6_nbr_update_ll
                0x000000000000845a       0x76 build/sky/contiki-ng-sky.a(uip-ds6-nbr.o)
                0x000000000000845a                uip_ds6_nbr_update_ll
 .text.uip_ds6_nbr_ipaddr_from_lladdr
                0x00000000000084d0        0x6 build/sky/contiki-ng-sky.a(uip-ds6-nbr.o)
                0x00000000000084d0                uip_ds6_nbr_ipaddr_from_lladdr
 .text.uip_ds6_nbr_lladdr_from_ipaddr
                0x00000000000084d6       0x12 build/sky/contiki-ng-sky.a(uip-ds6-nbr.o)
                0x00000000000084d6                uip_ds6_nbr_lladdr_from_ipaddr
 .text.uip_ds6_link_callback
                0x00000000000084e8        0x2 build/sky/contiki-ng-sky.a(uip-ds6-nbr.o)
                0x00000000000084e8                uip_ds6_link_callback
 .text.uip_ds6_route_init
                0x00000000000084ea       0x12 build/sky/contiki-ng-sky.a(uip-ds6-route.o)
                0x00000000000084ea                uip_ds6_route_init
 .text.uip_ds6_route_nexthop
                0x00000000000084fc        0x4 build/sky/contiki-ng-sky.a(uip-ds6-route.o)
                0x00000000000084fc                uip_ds6_route_nexthop
 .text.uip_ds6_route_lookup
                0x0000000000008500        0x4 build/sky/contiki-ng-sky.a(uip-ds6-route.o)
                0x0000000000008500                uip_ds6_route_lookup
 .text.uip_ds6_route_rm
                0x0000000000008504        0x2 build/sky/contiki-ng-sky.a(uip-ds6-route.o)
                0x0000000000008504                uip_ds6_route_rm
 .text.uip_ds6_defrt_rm
                0x0000000000008506       0x3c build/sky/contiki-ng-sky.a(uip-ds6-route.o)
                0x0000000000008506                uip_ds6_defrt_rm
 .text.uip_ds6_defrt_lookup
                0x0000000000008542       0x40 build/sky/contiki-ng-sky.a(uip-ds6-route.o)
                0x0000000000008542                uip_ds6_defrt_lookup
 .text.uip_ds6_defrt_add
                0x0000000000008582       0x72 build/sky/contiki-ng-sky.a(uip-ds6-route.o)
                0x0000000000008582                uip_ds6_defrt_add
 .text.uip_ds6_defrt_choose
                0x00000000000085f4       0x3a build/sky/contiki-ng-sky.a(uip-ds6-route.o)
                0x00000000000085f4                uip_ds6_defrt_choose
 .text.uip_ds6_defrt_periodic
                0x000000000000862e       0x38 build/sky/contiki-ng-sky.a(uip-ds6-route.o)
                0x000000000000862e                uip_ds6_defrt_periodic
 .text.uip_ds6_default_prefix
                0x0000000000008666        0x6 build/sky/contiki-ng-sky.a(uip-ds6.o)
                0x0000000000008666                uip_ds6_default_prefix
 .text.uip_ds6_list_loop
                0x000000000000866c       0x92 build/sky/contiki-ng-sky.a(uip-ds6.o)
                0x000000000000866c                uip_ds6_list_loop
 .text.uip_ds6_prefix_add
                0x00000000000086fe       0x80 build/sky/contiki-ng-sky.a(uip-ds6.o)
                0x00000000000086fe                uip_ds6_prefix_add
 .text.uip_ds6_is_addr_onlink
                0x000000000000877e       0x54 build/sky/contiki-ng-sky.a(uip-ds6.o)
                0x000000000000877e                uip_ds6_is_addr_onlink
 .text.uip_ds6_addr_lookup
                0x00000000000087d2       0x2a build/sky/contiki-ng-sky.a(uip-ds6.o)
                0x00000000000087d2                uip_ds6_addr_lookup
 .text.uip_ds6_get_link_local
                0x00000000000087fc       0x3e build/sky/contiki-ng-sky.a(uip-ds6.o)
                0x00000000000087fc                uip_ds6_get_link_local
 .text.uip_ds6_maddr_add
                0x000000000000883a       0x4c build/sky/contiki-ng-sky.a(uip-ds6.o)
                0x000000000000883a                uip_ds6_maddr_add
 .text.uip_ds6_addr_add
                0x0000000000008886       0xc4 build/sky/contiki-ng-sky.a(uip-ds6.o)
                0x0000000000008886                uip_ds6_addr_add
 .text.uip_ds6_maddr_rm
                0x000000000000894a        0xa build/sky/contiki-ng-sky.a(uip-ds6.o)
                0x000000000000894a                uip_ds6_maddr_rm
 .text.uip_ds6_maddr_lookup
                0x0000000000008954       0x2a build/sky/contiki-ng-sky.a(uip-ds6.o)
                0x0000000000008954                uip_ds6_maddr_lookup
 .text.uip_ds6_addr_rm
                0x000000000000897e       0x54 build/sky/contiki-ng-sky.a(uip-ds6.o)
                0x000000000000897e                uip_ds6_addr_rm
 .text.uip_ds6_periodic
                0x00000000000089d2       0x46 build/sky/contiki-ng-sky.a(uip-ds6.o)
                0x00000000000089d2                uip_ds6_periodic
 .text.uip_ds6_set_addr_iid
                0x0000000000008a18       0x14 build/sky/contiki-ng-sky.a(uip-ds6.o)
                0x0000000000008a18                uip_ds6_set_addr_iid
 .text.uip_ds6_set_lladdr_from_iid
                0x0000000000008a2c       0x14 build/sky/contiki-ng-sky.a(uip-ds6.o)
                0x0000000000008a2c                uip_ds6_set_lladdr_from_iid
 .text.get_match_length
                0x0000000000008a40       0x44 build/sky/contiki-ng-sky.a(uip-ds6.o)
                0x0000000000008a40                get_match_length
 .text.uip_ds6_select_src
                0x0000000000008a84       0xaa build/sky/contiki-ng-sky.a(uip-ds6.o)
                0x0000000000008a84                uip_ds6_select_src
 .text.uip_ds6_compute_reachable_time
                0x0000000000008b2e       0x3e build/sky/contiki-ng-sky.a(uip-ds6.o)
                0x0000000000008b2e                uip_ds6_compute_reachable_time
 .text.uip_ds6_init
                0x0000000000008b6c      0x164 build/sky/contiki-ng-sky.a(uip-ds6.o)
                0x0000000000008b6c                uip_ds6_init
 .text.uip_udp_packet_send
                0x0000000000008cd0       0x2a build/sky/contiki-ng-sky.a(uip-udp-packet.)
                0x0000000000008cd0                uip_udp_packet_send
 .text.uip_udp_packet_sendto
                0x0000000000008cfa       0x66 build/sky/contiki-ng-sky.a(uip-udp-packet.)
                0x0000000000008cfa                uip_udp_packet_sendto
 .text.chksum   0x0000000000008d60       0x32 build/sky/contiki-ng-sky.a(uip6.o)
 .text.upper_layer_chksum
                0x0000000000008d92       0x58 build/sky/contiki-ng-sky.a(uip6.o)
 .text.ext_hdr_options_process
                0x0000000000008dea       0xa4 build/sky/contiki-ng-sky.a(uip6.o)
 .text.uip_check_mtu
                0x0000000000008e8e       0x1e build/sky/contiki-ng-sky.a(uip6.o)
 .text.uip_update_ttl
                0x0000000000008eac       0x24 build/sky/contiki-ng-sky.a(uip6.o)
 .text.uip_icmp6chksum
                0x0000000000008ed0        0xa build/sky/contiki-ng-sky.a(uip6.o)
                0x0000000000008ed0                uip_icmp6chksum
 .text.uip_udpchksum
                0x0000000000008eda        0xa build/sky/contiki-ng-sky.a(uip6.o)
                0x0000000000008eda                uip_udpchksum
 .text.uip_init
                0x0000000000008ee4       0x3c build/sky/contiki-ng-sky.a(uip6.o)
                0x0000000000008ee4                uip_init
 .text.uip_remove_ext_hdr
                0x0000000000008f20       0x5e build/sky/contiki-ng-sky.a(uip6.o)
                0x0000000000008f20                uip_remove_ext_hdr
 .text.uip_udp_new
                0x0000000000008f7e       0xac build/sky/contiki-ng-sky.a(uip6.o)
                0x0000000000008f7e                uip_udp_new
 .text.uip_process
                0x000000000000902a      0x4be build/sky/contiki-ng-sky.a(uip6.o)
                0x000000000000902a                uip_process
 .text.uip_htonl
                0x00000000000094e8       0x2e build/sky/contiki-ng-sky.a(uip6.o)
                0x00000000000094e8                uip_htonl
 .text.uipbuf_add_ext_hdr
                0x0000000000009516       0x1c build/sky/contiki-ng-sky.a(uipbuf.o)
                0x0000000000009516                uipbuf_add_ext_hdr
 .text.uipbuf_set_len
                0x0000000000009532       0x12 build/sky/contiki-ng-sky.a(uipbuf.o)
                0x0000000000009532                uipbuf_set_len
 .text.uipbuf_set_len_field
                0x0000000000009544        0xe build/sky/contiki-ng-sky.a(uipbuf.o)
                0x0000000000009544                uipbuf_set_len_field
 .text.uipbuf_get_len_field
                0x0000000000009552        0xe build/sky/contiki-ng-sky.a(uipbuf.o)
                0x0000000000009552                uipbuf_get_len_field
 .text.uipbuf_get_next_header
                0x0000000000009560       0x62 build/sky/contiki-ng-sky.a(uipbuf.o)
                0x0000000000009560                uipbuf_get_next_header
 .text.uipbuf_get_last_header
                0x00000000000095c2       0x3e build/sky/contiki-ng-sky.a(uipbuf.o)
                0x00000000000095c2                uipbuf_get_last_header
 .text.uipbuf_search_header
                0x0000000000009600       0x4e build/sky/contiki-ng-sky.a(uipbuf.o)
                0x0000000000009600                uipbuf_search_header
 .text.uipbuf_get_attr
                0x000000000000964e       0x12 build/sky/contiki-ng-sky.a(uipbuf.o)
                0x000000000000964e                uipbuf_get_attr
 .text.uipbuf_set_attr
                0x0000000000009660       0x14 build/sky/contiki-ng-sky.a(uipbuf.o)
                0x0000000000009660                uipbuf_set_attr
 .text.uipbuf_clear_attr
                0x0000000000009674       0x12 build/sky/contiki-ng-sky.a(uipbuf.o)
                0x0000000000009674                uipbuf_clear_attr
 .text.uipbuf_clear
                0x0000000000009686       0x12 build/sky/contiki-ng-sky.a(uipbuf.o)
                0x0000000000009686                uipbuf_clear
 .text.uipbuf_init
                0x0000000000009698       0x1a build/sky/contiki-ng-sky.a(uipbuf.o)
                0x0000000000009698                uipbuf_init
 .text.uiplib_ipaddr_snprint
                0x00000000000096b2      0x12c build/sky/contiki-ng-sky.a(uiplib.o)
                0x00000000000096b2                uiplib_ipaddr_snprint
 .text.rpl_has_joined
                0x00000000000097de       0x12 build/sky/contiki-ng-sky.a(rpl.o)
                0x00000000000097de                rpl_has_joined
 .text.rpl_is_reachable
                0x00000000000097f0       0x12 build/sky/contiki-ng-sky.a(rpl.o)
                0x00000000000097f0                rpl_is_reachable
 .text.neighbor_state_changed
                0x0000000000009802        0x2 build/sky/contiki-ng-sky.a(rpl.o)
 .text.drop_route
                0x0000000000009804        0x2 build/sky/contiki-ng-sky.a(rpl.o)
 .text.rpl_get_leaf_only
                0x0000000000009806        0x6 build/sky/contiki-ng-sky.a(rpl.o)
                0x0000000000009806                rpl_get_leaf_only
 .text.get_sr_node_ipaddr
                0x000000000000980c       0x34 build/sky/contiki-ng-sky.a(rpl.o)
 .text.init     0x0000000000009840       0x42 build/sky/contiki-ng-sky.a(rpl.o)
 .text.set_ip_from_prefix
                0x0000000000009882       0x38 build/sky/contiki-ng-sky.a(rpl.o)
 .text.rpl_link_callback
                0x00000000000098ba       0x1e build/sky/contiki-ng-sky.a(rpl.o)
                0x00000000000098ba                rpl_link_callback
 .text.rpl_lollipop_greater_than
                0x00000000000098d8       0x3c build/sky/contiki-ng-sky.a(rpl.o)
                0x00000000000098d8                rpl_lollipop_greater_than
 .text.rpl_get_global_address
                0x0000000000009914       0xbe build/sky/contiki-ng-sky.a(rpl.o)
                0x0000000000009914                rpl_get_global_address
 .text.rpl_reset_prefix
                0x00000000000099d2       0x24 build/sky/contiki-ng-sky.a(rpl.o)
                0x00000000000099d2                rpl_reset_prefix
 .text.rpl_set_prefix_from_addr
                0x00000000000099f6       0x92 build/sky/contiki-ng-sky.a(rpl.o)
                0x00000000000099f6                rpl_set_prefix_from_addr
 .text.init_platform
                0x0000000000009a88        0xc build/sky/contiki-ng-sky.a(contiki-sky-pla)
                0x0000000000009a88                init_platform
 .text.status   0x0000000000009a94       0x18 build/sky/contiki-ng-sky.a(button-sensor.o)
 .text.value    0x0000000000009aac       0x20 build/sky/contiki-ng-sky.a(button-sensor.o)
 .text.configure
                0x0000000000009acc       0x4c build/sky/contiki-ng-sky.a(button-sensor.o)
 .text.irq_p2   0x0000000000009b18       0x46 build/sky/contiki-ng-sky.a(button-sensor.o)
                0x0000000000009b18                irq_p2
                0x0000000000009b18                __isr_1
 .text.spi_init
                0x0000000000009b5e       0x30 build/sky/contiki-ng-sky.a(spi-legacy.o)
                0x0000000000009b5e                spi_init
 .text.owreadb  0x0000000000009b8e       0x50 build/sky/contiki-ng-sky.a(ds2411.o)
 .text.ds2411_init
                0x0000000000009bde      0x120 build/sky/contiki-ng-sky.a(ds2411.o)
                0x0000000000009bde                ds2411_init
 .text.xmem_init
                0x0000000000009cfe       0x3c build/sky/contiki-ng-sky.a(xmem.o)
                0x0000000000009cfe                xmem_init
 .text.process_thread_sensors_process
                0x0000000000009d3a       0xc2 build/sky/contiki-ng-sky.a(sensors.o)
 .text.sensors_changed
                0x0000000000009dfc       0x2a build/sky/contiki-ng-sky.a(sensors.o)
                0x0000000000009dfc                sensors_changed
 .text.uart1_active
                0x0000000000009e26       0x18 build/sky/contiki-ng-sky.a(uart1.o)
                0x0000000000009e26                uart1_active
 .text.uart1_writeb
                0x0000000000009e3e       0x18 build/sky/contiki-ng-sky.a(uart1.o)
                0x0000000000009e3e                uart1_writeb
 .text.uart1_init
                0x0000000000009e56       0xf4 build/sky/contiki-ng-sky.a(uart1.o)
                0x0000000000009e56                uart1_init
 .text.stimer_set
                0x0000000000009f4a       0x1c build/sky/contiki-ng-sky.a(stimer.o)
                0x0000000000009f4a                stimer_set
 .text.stimer_expired
                0x0000000000009f66       0x30 build/sky/contiki-ng-sky.a(stimer.o)
                0x0000000000009f66                stimer_expired
 .text.memb_init
                0x0000000000009f96       0x36 build/sky/contiki-ng-sky.a(memb.o)
                0x0000000000009f96                memb_init
 .text.memb_alloc
                0x0000000000009fcc       0x3e build/sky/contiki-ng-sky.a(memb.o)
                0x0000000000009fcc                memb_alloc
 .text.memb_free
                0x000000000000a00a       0x32 build/sky/contiki-ng-sky.a(memb.o)
                0x000000000000a00a                memb_free
 .text.memb_inmemb
                0x000000000000a03c       0x2a build/sky/contiki-ng-sky.a(memb.o)
                0x000000000000a03c                memb_inmemb
 .text.memb_numfree
                0x000000000000a066       0x26 build/sky/contiki-ng-sky.a(memb.o)
                0x000000000000a066                memb_numfree
 .text.periodic
                0x000000000000a08c       0x28 build/sky/contiki-ng-sky.a(link-stats.o)
 .text.link_stats_from_lladdr
                0x000000000000a0b4        0xc build/sky/contiki-ng-sky.a(link-stats.o)
                0x000000000000a0b4                link_stats_from_lladdr
 .text.link_stats_is_fresh
                0x000000000000a0c0       0x30 build/sky/contiki-ng-sky.a(link-stats.o)
                0x000000000000a0c0                link_stats_is_fresh
 .text.guess_etx_from_rssi
                0x000000000000a0f0       0x42 build/sky/contiki-ng-sky.a(link-stats.o)
                0x000000000000a0f0                guess_etx_from_rssi
 .text.link_stats_packet_sent
                0x000000000000a132       0xea build/sky/contiki-ng-sky.a(link-stats.o)
                0x000000000000a132                link_stats_packet_sent
 .text.link_stats_input_callback
                0x000000000000a21c       0xb2 build/sky/contiki-ng-sky.a(link-stats.o)
                0x000000000000a21c                link_stats_input_callback
 .text.link_stats_reset
                0x000000000000a2ce       0x2a build/sky/contiki-ng-sky.a(link-stats.o)
                0x000000000000a2ce                link_stats_reset
 .text.link_stats_init
                0x000000000000a2f8       0x22 build/sky/contiki-ng-sky.a(link-stats.o)
                0x000000000000a2f8                link_stats_init
 .text.item_from_index
                0x000000000000a31a       0x2a build/sky/contiki-ng-sky.a(nbr-table.o)
 .text.index_from_key
                0x000000000000a344       0x26 build/sky/contiki-ng-sky.a(nbr-table.o)
 .text.index_from_item
                0x000000000000a36a       0x1e build/sky/contiki-ng-sky.a(nbr-table.o)
 .text.nbr_set_bit
                0x000000000000a388       0x58 build/sky/contiki-ng-sky.a(nbr-table.o)
 .text.index_from_lladdr
                0x000000000000a3e0       0x42 build/sky/contiki-ng-sky.a(nbr-table.o)
 .text.nbr_get_bit.constprop.3
                0x000000000000a422       0x2e build/sky/contiki-ng-sky.a(nbr-table.o)
 .text.remove_key
                0x000000000000a450       0x84 build/sky/contiki-ng-sky.a(nbr-table.o)
 .text.nbr_table_is_registered
                0x000000000000a4d4       0x22 build/sky/contiki-ng-sky.a(nbr-table.o)
                0x000000000000a4d4                nbr_table_is_registered
 .text.nbr_table_register
                0x000000000000a4f6       0x40 build/sky/contiki-ng-sky.a(nbr-table.o)
                0x000000000000a4f6                nbr_table_register
 .text.nbr_table_next
                0x000000000000a536       0x54 build/sky/contiki-ng-sky.a(nbr-table.o)
                0x000000000000a536                nbr_table_next
 .text.nbr_table_head
                0x000000000000a58a       0x3a build/sky/contiki-ng-sky.a(nbr-table.o)
                0x000000000000a58a                nbr_table_head
 .text.nbr_table_get_from_lladdr
                0x000000000000a5c4       0x2c build/sky/contiki-ng-sky.a(nbr-table.o)
                0x000000000000a5c4                nbr_table_get_from_lladdr
 .text.entry_is_allowed.isra.2
                0x000000000000a5f0       0x82 build/sky/contiki-ng-sky.a(nbr-table.o)
 .text.nbr_table_add_lladdr
                0x000000000000a672       0xbe build/sky/contiki-ng-sky.a(nbr-table.o)
                0x000000000000a672                nbr_table_add_lladdr
 .text.nbr_table_remove
                0x000000000000a730       0x32 build/sky/contiki-ng-sky.a(nbr-table.o)
                0x000000000000a730                nbr_table_remove
 .text.nbr_table_lock
                0x000000000000a762       0x10 build/sky/contiki-ng-sky.a(nbr-table.o)
                0x000000000000a762                nbr_table_lock
 .text.nbr_table_unlock
                0x000000000000a772       0x10 build/sky/contiki-ng-sky.a(nbr-table.o)
                0x000000000000a772                nbr_table_unlock
 .text.nbr_table_get_lladdr
                0x000000000000a782       0x22 build/sky/contiki-ng-sky.a(nbr-table.o)
                0x000000000000a782                nbr_table_get_lladdr
 .text.mac_sequence_is_duplicate
                0x000000000000a7a4       0x84 build/sky/contiki-ng-sky.a(mac-sequence.o)
                0x000000000000a7a4                mac_sequence_is_duplicate
 .text.mac_sequence_register_seqno
                0x000000000000a828       0x90 build/sky/contiki-ng-sky.a(mac-sequence.o)
                0x000000000000a828                mac_sequence_register_seqno
 .text.parse    0x000000000000a8b8       0xa0 build/sky/contiki-ng-sky.a(framer-802154.o)
 .text.framer_802154_setup_params
                0x000000000000a958       0xb8 build/sky/contiki-ng-sky.a(framer-802154.o)
                0x000000000000a958                framer_802154_setup_params
 .text.create_frame
                0x000000000000aa10       0xde build/sky/contiki-ng-sky.a(framer-802154.o)
 .text.create   0x000000000000aaee        0x8 build/sky/contiki-ng-sky.a(framer-802154.o)
 .text.hdr_length
                0x000000000000aaf6        0x8 build/sky/contiki-ng-sky.a(framer-802154.o)
 .text.schedule_transmission
                0x000000000000aafe       0x70 build/sky/contiki-ng-sky.a(csma-output.o)
 .text.tx_done  0x000000000000ab6e       0x9a build/sky/contiki-ng-sky.a(csma-output.o)
 .text.transmit_from_queue
                0x000000000000ac08      0x1bc build/sky/contiki-ng-sky.a(csma-output.o)
 .text.csma_output_packet
                0x000000000000adc4      0x186 build/sky/contiki-ng-sky.a(csma-output.o)
                0x000000000000adc4                csma_output_packet
 .text.csma_output_init
                0x000000000000af4a       0x1a build/sky/contiki-ng-sky.a(csma-output.o)
                0x000000000000af4a                csma_output_init
 .text.csma_security_create_frame
                0x000000000000af64       0x10 build/sky/contiki-ng-sky.a(csma-security.o)
                0x000000000000af64                csma_security_create_frame
 .text.csma_security_parse_frame
                0x000000000000af74        0x6 build/sky/contiki-ng-sky.a(csma-security.o)
                0x000000000000af74                csma_security_parse_frame
 .text.echo_reply_input
                0x000000000000af7a       0x68 build/sky/contiki-ng-sky.a(uip-icmp6.o)
 .text.echo_request_input
                0x000000000000afe2       0x86 build/sky/contiki-ng-sky.a(uip-icmp6.o)
 .text.uip_icmp6_input
                0x000000000000b068       0x48 build/sky/contiki-ng-sky.a(uip-icmp6.o)
                0x000000000000b068                uip_icmp6_input
 .text.uip_icmp6_register_input_handler
                0x000000000000b0b0        0xc build/sky/contiki-ng-sky.a(uip-icmp6.o)
                0x000000000000b0b0                uip_icmp6_register_input_handler
 .text.uip_icmp6_error_output
                0x000000000000b0bc      0x146 build/sky/contiki-ng-sky.a(uip-icmp6.o)
                0x000000000000b0bc                uip_icmp6_error_output
 .text.uip_icmp6_send
                0x000000000000b202       0x8e build/sky/contiki-ng-sky.a(uip-icmp6.o)
                0x000000000000b202                uip_icmp6_send
 .text.uip_icmp6_init
                0x000000000000b290       0x12 build/sky/contiki-ng-sky.a(uip-icmp6.o)
                0x000000000000b290                uip_icmp6_init
 .text.ns_input
                0x000000000000b2a2      0x286 build/sky/contiki-ng-sky.a(uip-nd6.o)
 .text.uip_nd6_init
                0x000000000000b528        0xa build/sky/contiki-ng-sky.a(uip-nd6.o)
                0x000000000000b528                uip_nd6_init
 .text.node_matches_address.part.0
                0x000000000000b532       0x2e build/sky/contiki-ng-sky.a(uip-sr.o)
 .text.uip_sr_get_node
                0x000000000000b560       0x44 build/sky/contiki-ng-sky.a(uip-sr.o)
                0x000000000000b560                uip_sr_get_node
 .text.uip_sr_is_addr_reachable
                0x000000000000b5a4       0x4e build/sky/contiki-ng-sky.a(uip-sr.o)
                0x000000000000b5a4                uip_sr_is_addr_reachable
 .text.uip_sr_expire_parent
                0x000000000000b5f2       0x42 build/sky/contiki-ng-sky.a(uip-sr.o)
                0x000000000000b5f2                uip_sr_expire_parent
 .text.uip_sr_update_node
                0x000000000000b634       0xbc build/sky/contiki-ng-sky.a(uip-sr.o)
                0x000000000000b634                uip_sr_update_node
 .text.uip_sr_init
                0x000000000000b6f0       0x16 build/sky/contiki-ng-sky.a(uip-sr.o)
                0x000000000000b6f0                uip_sr_init
 .text.uip_sr_periodic
                0x000000000000b706       0x9a build/sky/contiki-ng-sky.a(uip-sr.o)
                0x000000000000b706                uip_sr_periodic
 .text.uip_sr_free_all
                0x000000000000b7a0       0x3c build/sky/contiki-ng-sky.a(uip-sr.o)
                0x000000000000b7a0                uip_sr_free_all
 .text.rpl_dag_root_set_prefix
                0x000000000000b7dc       0x62 build/sky/contiki-ng-sky.a(rpl-dag-root.o)
                0x000000000000b7dc                rpl_dag_root_set_prefix
 .text.rpl_dag_root_start
                0x000000000000b83e       0x8e build/sky/contiki-ng-sky.a(rpl-dag-root.o)
                0x000000000000b83e                rpl_dag_root_start
 .text.rpl_dag_root_is_root
                0x000000000000b8cc       0x14 build/sky/contiki-ng-sky.a(rpl-dag-root.o)
                0x000000000000b8cc                rpl_dag_root_is_root
 .text.init_dag
                0x000000000000b8e0       0x84 build/sky/contiki-ng-sky.a(rpl-dag.o)
 .text.process_dio_init_dag
                0x000000000000b964       0xb0 build/sky/contiki-ng-sky.a(rpl-dag.o)
 .text.rpl_dag_get_root_ipaddr
                0x000000000000ba14       0x1e build/sky/contiki-ng-sky.a(rpl-dag.o)
                0x000000000000ba14                rpl_dag_get_root_ipaddr
 .text.rpl_dag_leave
                0x000000000000ba32       0x4a build/sky/contiki-ng-sky.a(rpl-dag.o)
                0x000000000000ba32                rpl_dag_leave
 .text.rpl_dag_poison_and_leave
                0x000000000000ba7c        0xc build/sky/contiki-ng-sky.a(rpl-dag.o)
                0x000000000000ba7c                rpl_dag_poison_and_leave
 .text.rpl_dag_periodic
                0x000000000000ba88       0x6a build/sky/contiki-ng-sky.a(rpl-dag.o)
                0x000000000000ba88                rpl_dag_periodic
 .text.rpl_is_addr_in_our_dag
                0x000000000000baf2       0x34 build/sky/contiki-ng-sky.a(rpl-dag.o)
                0x000000000000baf2                rpl_is_addr_in_our_dag
 .text.rpl_local_repair
                0x000000000000bb26       0x2a build/sky/contiki-ng-sky.a(rpl-dag.o)
                0x000000000000bb26                rpl_local_repair
 .text.rpl_global_repair
                0x000000000000bb50       0x2e build/sky/contiki-ng-sky.a(rpl-dag.o)
                0x000000000000bb50                rpl_global_repair
 .text.rpl_dag_ready_to_advertise
                0x000000000000bb7e       0x22 build/sky/contiki-ng-sky.a(rpl-dag.o)
                0x000000000000bb7e                rpl_dag_ready_to_advertise
 .text.rpl_dag_update_state
                0x000000000000bba0      0x140 build/sky/contiki-ng-sky.a(rpl-dag.o)
                0x000000000000bba0                rpl_dag_update_state
 .text.rpl_process_dio
                0x000000000000bce0      0x1b6 build/sky/contiki-ng-sky.a(rpl-dag.o)
                0x000000000000bce0                rpl_process_dio
 .text.rpl_process_dis
                0x000000000000be96       0x2a build/sky/contiki-ng-sky.a(rpl-dag.o)
                0x000000000000be96                rpl_process_dis
 .text.rpl_process_dao
                0x000000000000bec0       0x6c build/sky/contiki-ng-sky.a(rpl-dag.o)
                0x000000000000bec0                rpl_process_dao
 .text.rpl_process_dao_ack
                0x000000000000bf2c       0x54 build/sky/contiki-ng-sky.a(rpl-dag.o)
                0x000000000000bf2c                rpl_process_dao_ack
 .text.rpl_process_hbh
                0x000000000000bf80       0x2e build/sky/contiki-ng-sky.a(rpl-dag.o)
                0x000000000000bf80                rpl_process_hbh
 .text.rpl_dag_init_root
                0x000000000000bfae       0xbc build/sky/contiki-ng-sky.a(rpl-dag.o)
                0x000000000000bfae                rpl_dag_init_root
 .text.rpl_dag_init
                0x000000000000c06a       0x10 build/sky/contiki-ng-sky.a(rpl-dag.o)
                0x000000000000c06a                rpl_dag_init
 .text.update_hbh_header
                0x000000000000c07a       0x4a build/sky/contiki-ng-sky.a(rpl-ext-header.)
 .text.rpl_ext_header_srh_get_next_hop
                0x000000000000c0c4       0x84 build/sky/contiki-ng-sky.a(rpl-ext-header.)
                0x000000000000c0c4                rpl_ext_header_srh_get_next_hop
 .text.rpl_ext_header_srh_update
                0x000000000000c148      0x118 build/sky/contiki-ng-sky.a(rpl-ext-header.)
                0x000000000000c148                rpl_ext_header_srh_update
 .text.rpl_ext_header_hbh_update
                0x000000000000c260       0x9e build/sky/contiki-ng-sky.a(rpl-ext-header.)
                0x000000000000c260                rpl_ext_header_hbh_update
 .text.rpl_ext_header_remove
                0x000000000000c2fe       0xcc build/sky/contiki-ng-sky.a(rpl-ext-header.)
                0x000000000000c2fe                rpl_ext_header_remove
 .text.rpl_ext_header_update
                0x000000000000c3ca      0x2aa build/sky/contiki-ng-sky.a(rpl-ext-header.)
                0x000000000000c3ca                rpl_ext_header_update
 .text.get32    0x000000000000c674       0x46 build/sky/contiki-ng-sky.a(rpl-icmp6.o)
 .text.set32    0x000000000000c6ba       0x2a build/sky/contiki-ng-sky.a(rpl-icmp6.o)
 .text.get16    0x000000000000c6e4        0xe build/sky/contiki-ng-sky.a(rpl-icmp6.o)
 .text.set16    0x000000000000c6f2       0x10 build/sky/contiki-ng-sky.a(rpl-icmp6.o)
 .text.dao_ack_input
                0x000000000000c702       0x2a build/sky/contiki-ng-sky.a(rpl-icmp6.o)
 .text.dao_input
                0x000000000000c72c      0x13e build/sky/contiki-ng-sky.a(rpl-icmp6.o)
 .text.dio_input
                0x000000000000c86a      0x29c build/sky/contiki-ng-sky.a(rpl-icmp6.o)
 .text.dis_input
                0x000000000000cb06       0x1e build/sky/contiki-ng-sky.a(rpl-icmp6.o)
 .text.rpl_icmp6_update_nbr_table
                0x000000000000cb24       0x36 build/sky/contiki-ng-sky.a(rpl-icmp6.o)
                0x000000000000cb24                rpl_icmp6_update_nbr_table
 .text.rpl_icmp6_dis_output
                0x000000000000cb5a       0x34 build/sky/contiki-ng-sky.a(rpl-icmp6.o)
                0x000000000000cb5a                rpl_icmp6_dis_output
 .text.rpl_icmp6_dio_output
                0x000000000000cb8e      0x23a build/sky/contiki-ng-sky.a(rpl-icmp6.o)
                0x000000000000cb8e                rpl_icmp6_dio_output
 .text.rpl_icmp6_dao_output
                0x000000000000cdc8       0xe6 build/sky/contiki-ng-sky.a(rpl-icmp6.o)
                0x000000000000cdc8                rpl_icmp6_dao_output
 .text.rpl_icmp6_dao_ack_output
                0x000000000000ceae       0x44 build/sky/contiki-ng-sky.a(rpl-icmp6.o)
                0x000000000000ceae                rpl_icmp6_dao_ack_output
 .text.rpl_icmp6_init
                0x000000000000cef2       0x22 build/sky/contiki-ng-sky.a(rpl-icmp6.o)
                0x000000000000cef2                rpl_icmp6_init
 .text.reset    0x000000000000cf14        0x2 build/sky/contiki-ng-sky.a(rpl-mrhof.o)
 .text.update_metric_container
                0x000000000000cf16        0x6 build/sky/contiki-ng-sky.a(rpl-mrhof.o)
 .text.nbr_link_metric
                0x000000000000cf1c       0x12 build/sky/contiki-ng-sky.a(rpl-mrhof.o)
 .text.nbr_has_usable_link
                0x000000000000cf2e       0x14 build/sky/contiki-ng-sky.a(rpl-mrhof.o)
 .text.nbr_path_cost
                0x000000000000cf42       0x38 build/sky/contiki-ng-sky.a(rpl-mrhof.o)
 .text.within_hysteresis
                0x000000000000cf7a       0x54 build/sky/contiki-ng-sky.a(rpl-mrhof.o)
 .text.nbr_is_acceptable_parent
                0x000000000000cfce       0x2c build/sky/contiki-ng-sky.a(rpl-mrhof.o)
 .text.rank_via_nbr
                0x000000000000cffa       0x48 build/sky/contiki-ng-sky.a(rpl-mrhof.o)
 .text.best_parent
                0x000000000000d042       0x7c build/sky/contiki-ng-sky.a(rpl-mrhof.o)
 .text.get_rank
                0x000000000000d0be       0x16 build/sky/contiki-ng-sky.a(rpl-nbr-policy.)
 .text.rpl_nbr_gc_get_worst
                0x000000000000d0d4       0x28 build/sky/contiki-ng-sky.a(rpl-nbr-policy.)
                0x000000000000d0d4                rpl_nbr_gc_get_worst
 .text.remove_neighbor
                0x000000000000d0fc       0x24 build/sky/contiki-ng-sky.a(rpl-neighbor.o)
 .text.rpl_neighbor_get_from_lladdr
                0x000000000000d120        0xc build/sky/contiki-ng-sky.a(rpl-neighbor.o)
                0x000000000000d120                rpl_neighbor_get_from_lladdr
 .text.rpl_neighbor_rank_via_nbr
                0x000000000000d12c       0x18 build/sky/contiki-ng-sky.a(rpl-neighbor.o)
                0x000000000000d12c                rpl_neighbor_rank_via_nbr
 .text.rpl_neighbor_get_lladdr
                0x000000000000d144        0xc build/sky/contiki-ng-sky.a(rpl-neighbor.o)
                0x000000000000d144                rpl_neighbor_get_lladdr
 .text.rpl_neighbor_get_ipaddr
                0x000000000000d150        0xa build/sky/contiki-ng-sky.a(rpl-neighbor.o)
                0x000000000000d150                rpl_neighbor_get_ipaddr
 .text.rpl_neighbor_get_link_stats
                0x000000000000d15a        0xa build/sky/contiki-ng-sky.a(rpl-neighbor.o)
                0x000000000000d15a                rpl_neighbor_get_link_stats
 .text.rpl_neighbor_is_fresh
                0x000000000000d164        0xa build/sky/contiki-ng-sky.a(rpl-neighbor.o)
                0x000000000000d164                rpl_neighbor_is_fresh
 .text.best_parent
                0x000000000000d16e       0xb2 build/sky/contiki-ng-sky.a(rpl-neighbor.o)
 .text.rpl_neighbor_set_preferred_parent
                0x000000000000d220       0x48 build/sky/contiki-ng-sky.a(rpl-neighbor.o)
                0x000000000000d220                rpl_neighbor_set_preferred_parent
 .text.rpl_neighbor_remove_all
                0x000000000000d268       0x30 build/sky/contiki-ng-sky.a(rpl-neighbor.o)
                0x000000000000d268                rpl_neighbor_remove_all
 .text.rpl_neighbor_get_from_ipaddr
                0x000000000000d298       0x14 build/sky/contiki-ng-sky.a(rpl-neighbor.o)
                0x000000000000d298                rpl_neighbor_get_from_ipaddr
 .text.rpl_neighbor_select_best
                0x000000000000d2ac       0x54 build/sky/contiki-ng-sky.a(rpl-neighbor.o)
                0x000000000000d2ac                rpl_neighbor_select_best
 .text.rpl_neighbor_init
                0x000000000000d300        0xe build/sky/contiki-ng-sky.a(rpl-neighbor.o)
                0x000000000000d300                rpl_neighbor_init
 .text.handle_state_update
                0x000000000000d30e        0x6 build/sky/contiki-ng-sky.a(rpl-timers.o)
 .text.handle_leaving_timer
                0x000000000000d314        0xc build/sky/contiki-ng-sky.a(rpl-timers.o)
 .text.schedule_dao_retransmission
                0x000000000000d320       0x34 build/sky/contiki-ng-sky.a(rpl-timers.o)
 .text.new_dio_interval
                0x000000000000d354       0x8a build/sky/contiki-ng-sky.a(rpl-timers.o)
 .text.handle_unicast_dio_timer
                0x000000000000d3de       0x12 build/sky/contiki-ng-sky.a(rpl-timers.o)
 .text.send_new_dao
                0x000000000000d3f0       0x28 build/sky/contiki-ng-sky.a(rpl-timers.o)
 .text.resend_dao
                0x000000000000d418       0x24 build/sky/contiki-ng-sky.a(rpl-timers.o)
 .text.handle_dao_ack_timer
                0x000000000000d43c       0x12 build/sky/contiki-ng-sky.a(rpl-timers.o)
 .text.handle_dio_timer
                0x000000000000d44e       0x6e build/sky/contiki-ng-sky.a(rpl-timers.o)
 .text.rpl_timers_schedule_periodic_dis
                0x000000000000d4bc       0x40 build/sky/contiki-ng-sky.a(rpl-timers.o)
                0x000000000000d4bc                rpl_timers_schedule_periodic_dis
 .text.handle_periodic_timer
                0x000000000000d4fc       0x3a build/sky/contiki-ng-sky.a(rpl-timers.o)
 .text.handle_dis_timer
                0x000000000000d536       0x26 build/sky/contiki-ng-sky.a(rpl-timers.o)
 .text.rpl_timers_dio_reset
                0x000000000000d55c       0x2e build/sky/contiki-ng-sky.a(rpl-timers.o)
                0x000000000000d55c                rpl_timers_dio_reset
 .text.rpl_timers_schedule_unicast_dio
                0x000000000000d58a       0x20 build/sky/contiki-ng-sky.a(rpl-timers.o)
                0x000000000000d58a                rpl_timers_schedule_unicast_dio
 .text.rpl_timers_schedule_dao
                0x000000000000d5aa       0x3c build/sky/contiki-ng-sky.a(rpl-timers.o)
                0x000000000000d5aa                rpl_timers_schedule_dao
 .text.rpl_timers_schedule_dao_ack
                0x000000000000d5e6       0x34 build/sky/contiki-ng-sky.a(rpl-timers.o)
                0x000000000000d5e6                rpl_timers_schedule_dao_ack
 .text.rpl_timers_notify_dao_ack
                0x000000000000d61a       0x82 build/sky/contiki-ng-sky.a(rpl-timers.o)
                0x000000000000d61a                rpl_timers_notify_dao_ack
 .text.get_probing_delay
                0x000000000000d69c       0x1c build/sky/contiki-ng-sky.a(rpl-timers.o)
                0x000000000000d69c                get_probing_delay
 .text.get_probing_target
                0x000000000000d6b8       0xee build/sky/contiki-ng-sky.a(rpl-timers.o)
                0x000000000000d6b8                get_probing_target
 .text.rpl_schedule_probing
                0x000000000000d7a6       0x20 build/sky/contiki-ng-sky.a(rpl-timers.o)
                0x000000000000d7a6                rpl_schedule_probing
 .text.handle_probing_timer
                0x000000000000d7c6       0x2a build/sky/contiki-ng-sky.a(rpl-timers.o)
 .text.rpl_schedule_probing_now
                0x000000000000d7f0       0x24 build/sky/contiki-ng-sky.a(rpl-timers.o)
                0x000000000000d7f0                rpl_schedule_probing_now
 .text.rpl_timers_unschedule_leaving
                0x000000000000d814       0x1c build/sky/contiki-ng-sky.a(rpl-timers.o)
                0x000000000000d814                rpl_timers_unschedule_leaving
 .text.rpl_timers_schedule_leaving
                0x000000000000d830       0x2a build/sky/contiki-ng-sky.a(rpl-timers.o)
                0x000000000000d830                rpl_timers_schedule_leaving
 .text.rpl_timers_init
                0x000000000000d85a       0x1c build/sky/contiki-ng-sky.a(rpl-timers.o)
                0x000000000000d85a                rpl_timers_init
 .text.rpl_timers_stop_dag_timers
                0x000000000000d876       0x4c build/sky/contiki-ng-sky.a(rpl-timers.o)
                0x000000000000d876                rpl_timers_stop_dag_timers
 .text.rpl_timers_unschedule_state_update
                0x000000000000d8c2       0x10 build/sky/contiki-ng-sky.a(rpl-timers.o)
                0x000000000000d8c2                rpl_timers_unschedule_state_update
 .text.rpl_timers_schedule_state_update
                0x000000000000d8d2       0x1c build/sky/contiki-ng-sky.a(rpl-timers.o)
                0x000000000000d8d2                rpl_timers_schedule_state_update
 .text.mac_call_sent_callback
                0x000000000000d8ee       0x14 build/sky/contiki-ng-sky.a(mac.o)
                0x000000000000d8ee                mac_call_sent_callback
 .text.frame802154_get_pan_id
                0x000000000000d902        0x6 build/sky/contiki-ng-sky.a(frame802154.o)
                0x000000000000d902                frame802154_get_pan_id
 .text.frame802154_has_panid
                0x000000000000d908       0xe0 build/sky/contiki-ng-sky.a(frame802154.o)
                0x000000000000d908                frame802154_has_panid
 .text.field_len
                0x000000000000d9e8       0xac build/sky/contiki-ng-sky.a(frame802154.o)
 .text.frame802154_is_broadcast_addr
                0x000000000000da94       0x28 build/sky/contiki-ng-sky.a(frame802154.o)
                0x000000000000da94                frame802154_is_broadcast_addr
 .text.frame802154_hdrlen
                0x000000000000dabc       0x32 build/sky/contiki-ng-sky.a(frame802154.o)
                0x000000000000dabc                frame802154_hdrlen
 .text.frame802154_create_fcf
                0x000000000000daee       0x96 build/sky/contiki-ng-sky.a(frame802154.o)
                0x000000000000daee                frame802154_create_fcf
 .text.frame802154_create
                0x000000000000db84       0xe4 build/sky/contiki-ng-sky.a(frame802154.o)
                0x000000000000db84                frame802154_create
 .text.frame802154_parse_fcf
                0x000000000000dc68       0xbc build/sky/contiki-ng-sky.a(frame802154.o)
                0x000000000000dc68                frame802154_parse_fcf
 .text.frame802154_parse
                0x000000000000dd24      0x168 build/sky/contiki-ng-sky.a(frame802154.o)
                0x000000000000dd24                frame802154_parse
 .text.libgcc   0x000000000000de8c       0x2c /usr/local/Cellar/gcc-msp430/4.7.0-20120911_2/lib/gcc/msp430/4.7.0/mmpy-16/libgcc.a(_mulsi3.o)
                0x000000000000de8c                __mulsi3
 .text.libgcc   0x000000000000deb8       0x22 /usr/local/Cellar/gcc-msp430/4.7.0-20120911_2/lib/gcc/msp430/4.7.0/mmpy-16/libgcc.a(_udivmod16.o)
                0x000000000000deb8                __udivhi3
                0x000000000000deb8                __ext_udivmod16
                0x000000000000ded2                __umodhi3
 .text.libgcc   0x000000000000deda       0x3a /usr/local/Cellar/gcc-msp430/4.7.0-20120911_2/lib/gcc/msp430/4.7.0/mmpy-16/libgcc.a(_divmod16.o)
                0x000000000000deda                __ext_divmod16
                0x000000000000deda                __divhi3
                0x000000000000df0c                __modhi3
 .text.libgcc   0x000000000000df14       0x40 /usr/local/Cellar/gcc-msp430/4.7.0-20120911_2/lib/gcc/msp430/4.7.0/mmpy-16/libgcc.a(_udivmod32.o)
                0x000000000000df14                __udivsi3
                0x000000000000df14                __ext_udivmod32
                0x000000000000df4a                __umodsi3
 .text.libgcc   0x000000000000df54       0x4c /usr/local/Cellar/gcc-msp430/4.7.0-20120911_2/lib/gcc/msp430/4.7.0/mmpy-16/libgcc.a(_divmod32.o)
                0x000000000000df54                __ext_divmod32
                0x000000000000df54                __divsi3
                0x000000000000df96                __modsi3
 .text.printf   0x000000000000dfa0       0x10 /usr/local/Cellar/gcc-msp430/4.7.0-20120911_2/lib/gcc/msp430/4.7.0/../../../../msp430/lib/mmpy-16/libc.a(printf.o)
                0x000000000000dfa0                printf
 .text.append   0x000000000000dfb0       0x22 /usr/local/Cellar/gcc-msp430/4.7.0-20120911_2/lib/gcc/msp430/4.7.0/../../../../msp430/lib/mmpy-16/libc.a(sprintf.o)
 .text.call_vuprintf
                0x000000000000dfd2       0x3a /usr/local/Cellar/gcc-msp430/4.7.0-20120911_2/lib/gcc/msp430/4.7.0/../../../../msp430/lib/mmpy-16/libc.a(sprintf.o)
 .text.snprintf
                0x000000000000e00c       0x1a /usr/local/Cellar/gcc-msp430/4.7.0-20120911_2/lib/gcc/msp430/4.7.0/../../../../msp430/lib/mmpy-16/libc.a(sprintf.o)
                0x000000000000e00c                snprintf
 .text.print_field
                0x000000000000e026      0x194 /usr/local/Cellar/gcc-msp430/4.7.0-20120911_2/lib/gcc/msp430/4.7.0/../../../../msp430/lib/mmpy-16/libc.a(vuprintf.o)
 .text.vuprintf
                0x000000000000e1ba      0x63c /usr/local/Cellar/gcc-msp430/4.7.0-20120911_2/lib/gcc/msp430/4.7.0/../../../../msp430/lib/mmpy-16/libc.a(vuprintf.o)
                0x000000000000e1ba                vuprintf
 .text.puts     0x000000000000e7f6       0x2c /usr/local/Cellar/gcc-msp430/4.7.0-20120911_2/lib/gcc/msp430/4.7.0/../../../../msp430/lib/mmpy-16/libc.a(puts.o)
                0x000000000000e7f6                puts
 .text.rand     0x000000000000e822       0x26 /usr/local/Cellar/gcc-msp430/4.7.0-20120911_2/lib/gcc/msp430/4.7.0/../../../../msp430/lib/mmpy-16/libc.a(rand.o)
                0x000000000000e822                rand
 .text.srand    0x000000000000e848        0xa /usr/local/Cellar/gcc-msp430/4.7.0-20120911_2/lib/gcc/msp430/4.7.0/../../../../msp430/lib/mmpy-16/libc.a(rand.o)
                0x000000000000e848                srand
 .text.memcmp   0x000000000000e852       0x30 /usr/local/Cellar/gcc-msp430/4.7.0-20120911_2/lib/gcc/msp430/4.7.0/../../../../msp430/lib/mmpy-16/libc.a(memcmp.o)
                0x000000000000e852                memcmp
 .text.memcpy   0x000000000000e882       0xfa /usr/local/Cellar/gcc-msp430/4.7.0-20120911_2/lib/gcc/msp430/4.7.0/../../../../msp430/lib/mmpy-16/libc.a(memcpy.o)
                0x000000000000e882                memcpy
 .text.memmove  0x000000000000e97c       0xfa /usr/local/Cellar/gcc-msp430/4.7.0-20120911_2/lib/gcc/msp430/4.7.0/../../../../msp430/lib/mmpy-16/libc.a(memmove.o)
                0x000000000000e97c                memmove
 .text.memset   0x000000000000ea76       0x6a /usr/local/Cellar/gcc-msp430/4.7.0-20120911_2/lib/gcc/msp430/4.7.0/../../../../msp430/lib/mmpy-16/libc.a(memset.o)
                0x000000000000ea76                memset
 .text.libgcc   0x000000000000eae0       0xf0 /usr/local/Cellar/gcc-msp430/4.7.0-20120911_2/lib/gcc/msp430/4.7.0/mmpy-16/libgcc.a(_udivmod64.o)
                0x000000000000eae0                __xabi_udivmod64
                0x000000000000eb3e                __udivdi3
                0x000000000000eb64                __umoddi3
                0x000000000000eb92                __udivmoddi4
 .text.crt0     0x000000000000ebd0        0x2 /usr/local/Cellar/gcc-msp430/4.7.0-20120911_2/lib/gcc/msp430/4.7.0/mmpy-16/libcrt0.a(_unexpected_.o)
                0x000000000000ebd0                _unexpected_
 *(.near.text .near.text.*)

.rodata         0x000000000000ebd4      0x671
                0x000000000000ebd4                . = ALIGN (0x2)
 *(.rodata .rodata.* .gnu.linkonce.r.*)
 .rodata        0x000000000000ebd4      0x1b6 udp-client.o
                0x000000000000ed26                autostart_processes
 .rodata        0x000000000000ed8a       0xf4 build/sky/obj/contiki-main.o
 *fill*         0x000000000000ee7e        0x2 00
 .rodata.get_value
                0x000000000000ee80       0x34 build/sky/contiki-ng-sky.a(cc2420.o)
 .rodata.set_value
                0x000000000000eeb4       0x10 build/sky/contiki-ng-sky.a(cc2420.o)
 .rodata        0x000000000000eec4       0x3e build/sky/contiki-ng-sky.a(cc2420.o)
                0x000000000000eec4                cc2420_aes_128_driver
                0x000000000000eec8                cc2420_driver
 .rodata        0x000000000000ef02       0x31 build/sky/contiki-ng-sky.a(platform.o)
 .rodata        0x000000000000ef33        0xf build/sky/contiki-ng-sky.a(ctimer.o)
 .rodata        0x000000000000ef42        0xc build/sky/contiki-ng-sky.a(etimer.o)
 .rodata        0x000000000000ef4e       0xb6 build/sky/contiki-ng-sky.a(log.o)
 .rodata        0x000000000000f004       0x6a build/sky/contiki-ng-sky.a(stack-check.o)
 .rodata        0x000000000000f06e        0x8 build/sky/contiki-ng-sky.a(linkaddr.o)
                0x000000000000f06e                linkaddr_null
 .rodata        0x000000000000f076       0x14 build/sky/contiki-ng-sky.a(csma.o)
                0x000000000000f07c                csma_driver
 .rodata        0x000000000000f08a       0x26 build/sky/contiki-ng-sky.a(sicslowpan.o)
                0x000000000000f096                sicslowpan_driver
                0x000000000000f09e                llprefix
                0x000000000000f0a0                unc_mxconf