Archive member included because of file (symbol)

build/sky/contiki-ng-sky.a(uart1-putchar.o)
                              udp-client.o (putchar)
build/sky/contiki-ng-sky.a(platform.o)
                              build/sky/obj/contiki-main.o (platform_init_stage_one)
build/sky/contiki-ng-sky.a(msp430.o)
                              build/sky/contiki-ng-sky.a(platform.o) (msp430_dco_required)
build/sky/contiki-ng-sky.a(clock.o)
                              build/sky/obj/contiki-main.o (clock_init)
build/sky/contiki-ng-sky.a(leds.o)
                              build/sky/contiki-ng-sky.a(platform.o) (leds_init)
build/sky/contiki-ng-sky.a(leds-arch.o)
                              build/sky/contiki-ng-sky.a(leds.o) (leds_arch_init)
build/sky/contiki-ng-sky.a(watchdog.o)
                              build/sky/obj/contiki-main.o (watchdog_start)
build/sky/contiki-ng-sky.a(autostart.o)
                              build/sky/obj/contiki-main.o (autostart_start)
build/sky/contiki-ng-sky.a(ctimer.o)
                              build/sky/obj/contiki-main.o (ctimer_init)
build/sky/contiki-ng-sky.a(energest.o)
                              build/sky/obj/contiki-main.o (energest_init)
build/sky/contiki-ng-sky.a(etimer.o)
                              build/sky/contiki-ng-sky.a(clock.o) (etimer_request_poll)
build/sky/contiki-ng-sky.a(log.o)
                              udp-client.o (log_6addr)
build/sky/contiki-ng-sky.a(node-id.o)
                              build/sky/obj/contiki-main.o (node_id_init)
build/sky/contiki-ng-sky.a(process.o)
                              build/sky/contiki-ng-sky.a(ctimer.o) (process_current)
build/sky/contiki-ng-sky.a(rtimer.o)
                              build/sky/obj/contiki-main.o (rtimer_init)
build/sky/contiki-ng-sky.a(stack-check.o)
                              build/sky/obj/contiki-main.o (stack_check_init)
build/sky/contiki-ng-sky.a(timer.o)
                              build/sky/contiki-ng-sky.a(platform.o) (timer_set)
build/sky/contiki-ng-sky.a(list.o)
                              build/sky/contiki-ng-sky.a(ctimer.o) (list_init)
build/sky/contiki-ng-sky.a(random.o)
                              build/sky/contiki-ng-sky.a(platform.o) (random_init)
build/sky/contiki-ng-sky.a(linkaddr.o)
                              build/sky/contiki-ng-sky.a(platform.o) (linkaddr_copy)
build/sky/contiki-ng-sky.a(netstack.o)
                              build/sky/obj/contiki-main.o (netstack_init)
build/sky/contiki-ng-sky.a(queuebuf.o)
                              build/sky/obj/contiki-main.o (queuebuf_init)
build/sky/contiki-ng-sky.a(csma.o)
                              build/sky/obj/contiki-main.o (csma_driver)
build/sky/contiki-ng-sky.a(sicslowpan.o)
                              build/sky/obj/contiki-main.o (sicslowpan_driver)
build/sky/contiki-ng-sky.a(simple-udp.o)
                              udp-client.o (simple_udp_sendto)
build/sky/contiki-ng-sky.a(tcpip.o)
                              build/sky/contiki-ng-sky.a(simple-udp.o) (udp_new)
build/sky/contiki-ng-sky.a(uip-ds6-nbr.o)
                              build/sky/contiki-ng-sky.a(tcpip.o) (uip_ds6_nbr_add)
build/sky/contiki-ng-sky.a(uip-ds6-route.o)
                              build/sky/contiki-ng-sky.a(tcpip.o) (uip_ds6_route_nexthop)
build/sky/contiki-ng-sky.a(uip-ds6.o)
                              build/sky/contiki-ng-sky.a(tcpip.o) (uip_ds6_is_addr_onlink)
build/sky/contiki-ng-sky.a(uip-udp-packet.)
                              build/sky/contiki-ng-sky.a(simple-udp.o) (uip_udp_packet_sendto)
build/sky/contiki-ng-sky.a(uip6.o)
                              build/sky/contiki-ng-sky.a(sicslowpan.o) (uip_aligned_buf)
build/sky/contiki-ng-sky.a(uipbuf.o)
                              build/sky/contiki-ng-sky.a(uip6.o) (uipbuf_add_ext_hdr)
build/sky/contiki-ng-sky.a(uiplib.o)
                              build/sky/contiki-ng-sky.a(log.o) (uiplib_ipaddr_snprint)
build/sky/contiki-ng-sky.a(rpl.o)
                              build/sky/obj/contiki-main.o (rpl_lite_driver)
build/sky/contiki-ng-sky.a(contiki-sky-pla)
                              build/sky/contiki-ng-sky.a(platform.o) (init_platform)
build/sky/contiki-ng-sky.a(button-sensor.o)
                              build/sky/contiki-ng-sky.a(contiki-sky-pla) (button_sensor)
build/sky/contiki-ng-sky.a(ds2411.o)
                              build/sky/contiki-ng-sky.a(platform.o) (ds2411_init)
build/sky/contiki-ng-sky.a(xmem.o)
                              build/sky/contiki-ng-sky.a(platform.o) (xmem_init)
build/sky/contiki-ng-sky.a(sensors.o)
                              build/sky/contiki-ng-sky.a(button-sensor.o) (sensors_changed)
build/sky/contiki-ng-sky.a(cc2420.o)
                              build/sky/contiki-ng-sky.a(platform.o) (cc2420_set_pan_addr)
build/sky/contiki-ng-sky.a(cc2420-arch.o)
                              build/sky/contiki-ng-sky.a(cc2420.o) (cc2420_arch_init)
build/sky/contiki-ng-sky.a(uart1.o)
[...]
Memory Configuration

Name             Origin             Length             Attributes
sfr              0x0000000000000000 0x0000000000000010
peripheral_8bit  0x0000000000000010 0x00000000000000f0
peripheral_16bit 0x0000000000000100 0x0000000000000100
ram_mirror       0x0000000000000200 0x0000000000000800 xw
infomem          0x0000000000001000 0x0000000000000100
infob            0x0000000000001000 0x0000000000000080
infoa            0x0000000000001080 0x0000000000000080
ram              0x0000000000001100 0x0000000000002800 xw
rom              0x0000000000004000 0x000000000000bfe0 xr
vectors          0x000000000000ffe0 0x0000000000000020
bsl              0x0000000000000000 0x0000000000000000
infoc            0x0000000000000000 0x0000000000000000
infod            0x0000000000000000 0x0000000000000000
ram2             0x0000000000000000 0x0000000000000000 xw
signature        0x0000000000000000 0x0000000000000000
usbram           0x0000000000000000 0x0000000000000000 xw
far_rom          0x0000000000000000 0x0000000000000000
*default*        0x0000000000000000 0xffffffffffffffff

Linker script and memory map

LOAD /usr/local/Cellar/gcc-msp430/4.7.0-20120911_2/lib/gcc/msp430/4.7.0/mmpy-16/crt0ivtbl16.o
                0x0000000000002df0                _stack = _end
LOAD udp-client.o
LOAD build/sky/obj/miti.o
LOAD build/sky/obj/contiki-main.o
LOAD build/sky/contiki-ng-sky.a
LOAD /usr/local/Cellar/gcc-msp430/4.7.0-20120911_2/lib/gcc/msp430/4.7.0/mmpy-16/libgcc.a
LOAD /usr/local/Cellar/gcc-msp430/4.7.0-20120911_2/lib/gcc/msp430/4.7.0/../../../../msp430/lib/mmpy-16/libc.a
LOAD /usr/local/Cellar/gcc-msp430/4.7.0-20120911_2/lib/gcc/msp430/4.7.0/mmpy-16/libgcc.a
LOAD /usr/local/Cellar/gcc-msp430/4.7.0-20120911_2/lib/gcc/msp430/4.7.0/mmpy-16/libcrt0.a
                0x0000000000000080                PROVIDE (__info_segment_size, 0x80)
                0x0000000000001000                PROVIDE (__infob, 0x1000)
                0x0000000000001080                PROVIDE (__infoa, 0x1080)
                0x0000000000000000                __IE1 = 0x0
                0x0000000000000002                __IFG1 = 0x2
                0x0000000000000004                __ME1 = 0x4
                0x0000000000000001                __IE2 = 0x1
                0x0000000000000003                __IFG2 = 0x3
                0x0000000000000005                __ME2 = 0x5
                0x0000000000000120                __WDTCTL = 0x120
                0x0000000000000130                __MPY = 0x130
                0x0000000000000132                __MPYS = 0x132
                0x0000000000000134                __MAC = 0x134
                0x0000000000000136                __MACS = 0x136
                0x0000000000000138                __OP2 = 0x138
                0x000000000000013a                __RESLO = 0x13a
                0x000000000000013c                __RESHI = 0x13c
                0x000000000000013e                __SUMEXT = 0x13e
                0x0000000000000020                __P1IN = 0x20
                0x0000000000000021                __P1OUT = 0x21
                0x0000000000000022                __P1DIR = 0x22
                0x0000000000000023                __P1IFG = 0x23
                0x0000000000000024                __P1IES = 0x24
                0x0000000000000025                __P1IE = 0x25
                0x0000000000000026                __P1SEL = 0x26
                0x0000000000000028                __P2IN = 0x28
                0x0000000000000029                __P2OUT = 0x29
                0x000000000000002a                __P2DIR = 0x2a
                0x000000000000002b                __P2IFG = 0x2b
                0x000000000000002c                __P2IES = 0x2c
                0x000000000000002d                __P2IE = 0x2d
                0x000000000000002e                __P2SEL = 0x2e
                0x0000000000000018                __P3IN = 0x18
                0x0000000000000019                __P3OUT = 0x19
                0x000000000000001a                __P3DIR = 0x1a
                0x000000000000001b                __P3SEL = 0x1b
                0x000000000000001c                __P4IN = 0x1c
                0x000000000000001d                __P4OUT = 0x1d
                0x000000000000001e                __P4DIR = 0x1e
                0x000000000000001f                __P4SEL = 0x1f
                0x0000000000000030                __P5IN = 0x30
                0x0000000000000031                __P5OUT = 0x31
                0x0000000000000032                __P5DIR = 0x32
                0x0000000000000033                __P5SEL = 0x33
                0x0000000000000034                __P6IN = 0x34
                0x0000000000000035                __P6OUT = 0x35
                0x0000000000000036                __P6DIR = 0x36
                0x0000000000000037                __P6SEL = 0x37
                0x0000000000000070                __U0CTL = 0x70
                0x0000000000000071                __U0TCTL = 0x71
                0x0000000000000072                __U0RCTL = 0x72
                0x0000000000000073                __U0MCTL = 0x73
                0x0000000000000074                __U0BR0 = 0x74
                0x0000000000000075                __U0BR1 = 0x75
                0x0000000000000076                __U0RXBUF = 0x76
                0x0000000000000077                __U0TXBUF = 0x77
                0x0000000000000078                __U1CTL = 0x78
                0x0000000000000079                __U1TCTL = 0x79
                0x000000000000007a                __U1RCTL = 0x7a
                0x000000000000007b                __U1MCTL = 0x7b
                0x000000000000007c                __U1BR0 = 0x7c
                0x000000000000007d                __U1BR1 = 0x7d
                0x000000000000007e                __U1RXBUF = 0x7e
                0x000000000000007f                __U1TXBUF = 0x7f
                0x0000000000000050                __I2CIE = 0x50
                0x0000000000000051                __I2CIFG = 0x51
                0x0000000000000052                __I2CNDAT = 0x52
                0x0000000000000071                __I2CTCTL = 0x71
                0x0000000000000072                __I2CDCTL = 0x72
                0x0000000000000073                __I2CPSC = 0x73
                0x0000000000000074                __I2CSCLH = 0x74
                0x0000000000000075                __I2CSCLL = 0x75
                0x0000000000000076                __I2CDRB = 0x76
                0x0000000000000076                __I2CDRW = 0x76
                0x0000000000000118                __I2COA = 0x118
                0x000000000000011a                __I2CSA = 0x11a
                0x000000000000011c                __I2CIV = 0x11c
                0x000000000000012e                __TAIV = 0x12e
                0x0000000000000160                __TACTL = 0x160
                0x0000000000000162                __TACCTL0 = 0x162
                0x0000000000000164                __TACCTL1 = 0x164
                0x0000000000000166                __TACCTL2 = 0x166
                0x0000000000000170                __TAR = 0x170
                0x0000000000000172                __TACCR0 = 0x172
                0x0000000000000174                __TACCR1 = 0x174
                0x0000000000000176                __TACCR2 = 0x176
                0x000000000000011e                __TBIV = 0x11e
                0x0000000000000180                __TBCTL = 0x180
                0x0000000000000182                __TBCCTL0 = 0x182
                0x0000000000000184                __TBCCTL1 = 0x184
                0x0000000000000186                __TBCCTL2 = 0x186
                0x0000000000000188                __TBCCTL3 = 0x188
                0x000000000000018a                __TBCCTL4 = 0x18a
                0x000000000000018c                __TBCCTL5 = 0x18c
                0x000000000000018e                __TBCCTL6 = 0x18e
                0x0000000000000190                __TBR = 0x190
                0x0000000000000192                __TBCCR0 = 0x192
                0x0000000000000194                __TBCCR1 = 0x194
                0x0000000000000196                __TBCCR2 = 0x196
                0x0000000000000198                __TBCCR3 = 0x198
                0x000000000000019a                __TBCCR4 = 0x19a
                0x000000000000019c                __TBCCR5 = 0x19c
                0x000000000000019e                __TBCCR6 = 0x19e
                0x0000000000000056                __DCOCTL = 0x56
                0x0000000000000057                __BCSCTL1 = 0x57
                0x0000000000000058                __BCSCTL2 = 0x58
                0x0000000000000055                __SVSCTL = 0x55
                0x0000000000000128                __FCTL1 = 0x128
                0x000000000000012a                __FCTL2 = 0x12a
                0x000000000000012c                __FCTL3 = 0x12c
                0x0000000000000059                __CACTL1 = 0x59
                0x000000000000005a                __CACTL2 = 0x5a
                0x000000000000005b                __CAPD = 0x5b
                0x00000000000001a0                __ADC12CTL0 = 0x1a0
                0x00000000000001a2                __ADC12CTL1 = 0x1a2
                0x00000000000001a4                __ADC12IFG = 0x1a4
                0x00000000000001a6                __ADC12IE = 0x1a6
                0x00000000000001a8                __ADC12IV = 0x1a8
                0x0000000000000140                __ADC12MEM0 = 0x140
                0x0000000000000142                __ADC12MEM1 = 0x142
                0x0000000000000144                __ADC12MEM2 = 0x144
                0x0000000000000146                __ADC12MEM3 = 0x146
                0x0000000000000148                __ADC12MEM4 = 0x148
                0x000000000000014a                __ADC12MEM5 = 0x14a
                0x000000000000014c                __ADC12MEM6 = 0x14c
                0x000000000000014e                __ADC12MEM7 = 0x14e
                0x0000000000000150                __ADC12MEM8 = 0x150
                0x0000000000000152                __ADC12MEM9 = 0x152
                0x0000000000000154                __ADC12MEM10 = 0x154
                0x0000000000000156                __ADC12MEM11 = 0x156
                0x0000000000000158                __ADC12MEM12 = 0x158
                0x000000000000015a                __ADC12MEM13 = 0x15a
                0x000000000000015c                __ADC12MEM14 = 0x15c
                0x000000000000015e                __ADC12MEM15 = 0x15e
                0x0000000000000080                __ADC12MCTL0 = 0x80
                0x0000000000000081                __ADC12MCTL1 = 0x81
                0x0000000000000082                __ADC12MCTL2 = 0x82
                0x0000000000000083                __ADC12MCTL3 = 0x83
                0x0000000000000084                __ADC12MCTL4 = 0x84
                0x0000000000000085                __ADC12MCTL5 = 0x85
                0x0000000000000086                __ADC12MCTL6 = 0x86
                0x0000000000000087                __ADC12MCTL7 = 0x87
                0x0000000000000088                __ADC12MCTL8 = 0x88
                0x0000000000000089                __ADC12MCTL9 = 0x89
                0x000000000000008a                __ADC12MCTL10 = 0x8a
                0x000000000000008b                __ADC12MCTL11 = 0x8b
                0x000000000000008c                __ADC12MCTL12 = 0x8c
                0x000000000000008d                __ADC12MCTL13 = 0x8d
                0x000000000000008e                __ADC12MCTL14 = 0x8e
                0x000000000000008f                __ADC12MCTL15 = 0x8f
                0x00000000000001c0                __DAC12_0CTL = 0x1c0
                0x00000000000001c2                __DAC12_1CTL = 0x1c2
                0x00000000000001c8                __DAC12_0DAT = 0x1c8
                0x00000000000001ca                __DAC12_1DAT = 0x1ca
                0x0000000000000122                __DMACTL0 = 0x122
                0x0000000000000124                __DMACTL1 = 0x124
                0x00000000000001e0                __DMA0CTL = 0x1e0
                0x00000000000001e8                __DMA1CTL = 0x1e8
                0x00000000000001f0                __DMA2CTL = 0x1f0
                0x00000000000001e2                __DMA0SA = 0x1e2
                0x00000000000001e4                __DMA0DA = 0x1e4
                0x00000000000001e6                __DMA0SZ = 0x1e6
                0x00000000000001ea                __DMA1SA = 0x1ea
                0x00000000000001ec                __DMA1DA = 0x1ec
                0x00000000000001ee                __DMA1SZ = 0x1ee
                0x00000000000001f2                __DMA2SA = 0x1f2
                0x00000000000001f4                __DMA2DA = 0x1f4
                0x00000000000001f6                __DMA2SZ = 0x1f6

.hash
 *(.hash)

.dynsym
 *(.dynsym)

.dynstr
 *(.dynstr)

.gnu.version
 *(.gnu.version)

.gnu.version_d
 *(.gnu.version_d)

.gnu.version_r
 *(.gnu.version_r)

.rel.init
 *(.rel.init)

.rela.init
 *(.rela.init)

.rel.fini
 *(.rel.fini)

.rela.fini
 *(.rela.fini)

.rel.text
 *(.rel.text .rel.text.* .rel.gnu.linkonce.t.*)

.rela.text
 *(.rela.text .rela.text.* .rela.gnu.linkonce.t.*)

.rel.rodata
 *(.rel.rodata .rel.rodata.* .rel.gnu.linkonce.r.*)

.rela.rodata
 *(.rela.rodata .rela.rodata.* .rela.gnu.linkonce.r.*)

.rel.data
 *(.rel.data .rel.data.* .rel.gnu.linkonce.d.*)

.rela.data
 *(.rela.data .rela.data.* .rela.gnu.linkonce.d.*)

.rel.bss
 *(.rel.bss .rel.bss.* .rel.gnu.linkonce.b.*)

.rela.bss
 *(.rela.bss .rela.bss.* .rela.gnu.linkonce.b.*)

.rel.ctors
 *(.rel.ctors)

.rela.ctors
 *(.rela.ctors)

.rel.dtors
 *(.rel.dtors)

.rela.dtors
 *(.rela.dtors)

.rel.got
 *(.rel.got)

.rela.got
 *(.rela.got)

.rel.plt
 *(.rel.plt)

.rela.plt
 *(.rela.plt)

.text           0x0000000000004000     0xae3e
                0x0000000000004000                . = ALIGN (0x2)
 *(.init .init.*)
 *(.init0)
 .init0         0x0000000000004000        0x0 /usr/local/Cellar/gcc-msp430/4.7.0-20120911_2/lib/gcc/msp430/4.7.0/mmpy-16/libcrt0.a(_reset_vector__.o)
                0x0000000000004000                _reset_vector__
 *(.init1)
 .init1         0x0000000000004000        0xc /usr/local/Cellar/gcc-msp430/4.7.0-20120911_2/lib/gcc/msp430/4.7.0/mmpy-16/libcrt0.a(__watchdog_support.o)
                0x0000000000004000                __watchdog_support
 *(.init2)
 .init2         0x000000000000400c        0x4 /usr/local/Cellar/gcc-msp430/4.7.0-20120911_2/lib/gcc/msp430/4.7.0/mmpy-16/libcrt0.a(__init_stack.o)
                0x000000000000400c                __init_stack
 *(.init3)
 .init3         0x0000000000004010        0x0 /usr/local/Cellar/gcc-msp430/4.7.0-20120911_2/lib/gcc/msp430/4.7.0/mmpy-16/libcrt0.a(__low_level_init.o)
                0x0000000000004010                __low_level_init
 *(.init4)
 .init4         0x0000000000004010       0x18 /usr/local/Cellar/gcc-msp430/4.7.0-20120911_2/lib/gcc/msp430/4.7.0/mmpy-16/libcrt0.a(_copy_data.o)
                0x0000000000004010                __do_copy_data
 .init4         0x0000000000004028       0x16 /usr/local/Cellar/gcc-msp430/4.7.0-20120911_2/lib/gcc/msp430/4.7.0/mmpy-16/libcrt0.a(_clear_bss.o)
                0x0000000000004028                __do_clear_bss
 *(.init5)
 *(.init6)
 *(.init7)
 *(.init8)
 *(.init9)
 .init9         0x000000000000403e      0x232 build/sky/obj/contiki-main.o
                0x000000000000403e                main
 *(.fini9)
 .fini9         0x0000000000004270        0x0 /usr/local/Cellar/gcc-msp430/4.7.0-20120911_2/lib/gcc/msp430/4.7.0/mmpy-16/libcrt0.a(__stop_progExec__.o)
                0x0000000000004270                __stop_progExec__
 *(.fini8)
 *(.fini7)
 *(.fini6)
 *(.fini5)
 *(.fini4)
 *(.fini3)
 *(.fini2)
 *(.fini1)
 *(.fini0)
 .fini0         0x0000000000004270        0x6 /usr/local/Cellar/gcc-msp430/4.7.0-20120911_2/lib/gcc/msp430/4.7.0/mmpy-16/libcrt0.a(_endless_loop__.o)
                0x0000000000004270                _endless_loop__
 *(.fini .fini.*)
                0x0000000000004276                . = ALIGN (0x2)
                0x0000000000004276                __ctors_start = .
 *(.ctors)
                0x0000000000004276                __ctors_end = .
                0x0000000000004276                __dtors_start = .
 *(.dtors)
                0x0000000000004276                __dtors_end = .
                0x0000000000004276                . = ALIGN (0x2)
 *(.text .text.* .gnu.linkonce.t.*)
 .text          0x0000000000004276        0x4 /usr/local/Cellar/gcc-msp430/4.7.0-20120911_2/lib/gcc/msp430/4.7.0/mmpy-16/crt0ivtbl16.o
                0x0000000000004276                __isr_9
                0x0000000000004276                __isr_11
                0x0000000000004276                __isr_2
                0x0000000000004276                __isr_7
                0x0000000000004276                __isr_0
                0x0000000000004276                __isr_8
                0x0000000000004276                __isr_3
                0x0000000000004276                __isr_12
                0x0000000000004276                __isr_13
                0x0000000000004276                __isr_14
 .text.udp_rx_callback
                0x000000000000427a       0x3e udp-client.o
 .text.process_thread_udp_client_process
                0x00000000000042b8       0xf2 udp-client.o
 .text.should_be_awake.isra.0
                0x00000000000043aa       0x8e build/sky/obj/miti.o
 .text.send_wrapper
                0x0000000000004438      0x10e build/sky/obj/miti.o
                0x0000000000004438                send_wrapper
 .text.putchar  0x0000000000004546       0x10 build/sky/contiki-ng-sky.a(uart1-putchar.o)
                0x0000000000004546                putchar
 .text.platform_init_stage_one
                0x0000000000004556       0x12 build/sky/contiki-ng-sky.a(platform.o)
                0x0000000000004556                platform_init_stage_one
 .text.platform_init_stage_two
                0x0000000000004568       0x64 build/sky/contiki-ng-sky.a(platform.o)
                0x0000000000004568                platform_init_stage_two
 .text.platform_init_stage_three
                0x00000000000045cc       0x7a build/sky/contiki-ng-sky.a(platform.o)
                0x00000000000045cc                platform_init_stage_three
 .text.platform_idle
                0x0000000000004646       0x54 build/sky/contiki-ng-sky.a(platform.o)
                0x0000000000004646                platform_idle
 .text.msp430_init_dco
                0x000000000000469a       0x82 build/sky/contiki-ng-sky.a(msp430.o)
                0x000000000000469a                msp430_init_dco
 .text.msp430_add_lpm_req
                0x000000000000471c        0xc build/sky/contiki-ng-sky.a(msp430.o)
                0x000000000000471c                msp430_add_lpm_req
 .text.msp430_cpu_init
                0x0000000000004728       0x2a build/sky/contiki-ng-sky.a(msp430.o)
                0x0000000000004728                msp430_cpu_init
 .text.splhigh_
                0x0000000000004752        0x8 build/sky/contiki-ng-sky.a(msp430.o)
                0x0000000000004752                splhigh_
 .text.msp430_sync_dco
                0x000000000000475a       0x6c build/sky/contiki-ng-sky.a(msp430.o)
                0x000000000000475a                msp430_sync_dco
 .text.timera1  0x00000000000047c6       0xdc build/sky/contiki-ng-sky.a(clock.o)
                0x00000000000047c6                __isr_5
                0x00000000000047c6                timera1
 .text.clock_time
                0x00000000000048a2       0x1a build/sky/contiki-ng-sky.a(clock.o)
                0x00000000000048a2                clock_time
 .text.clock_init
                0x00000000000048bc       0x28 build/sky/contiki-ng-sky.a(clock.o)
                0x00000000000048bc                clock_init
 .text.clock_delay
                0x00000000000048e4        0xc build/sky/contiki-ng-sky.a(clock.o)
                0x00000000000048e4                clock_delay
 .text.clock_seconds
                0x00000000000048f0       0x1a build/sky/contiki-ng-sky.a(clock.o)
                0x00000000000048f0                clock_seconds
 .text.leds_init
                0x000000000000490a        0x6 build/sky/contiki-ng-sky.a(leds.o)
                0x000000000000490a                leds_init
 .text.leds_on  0x0000000000004910       0x12 build/sky/contiki-ng-sky.a(leds.o)
                0x0000000000004910                leds_on
 .text.leds_off
                0x0000000000004922       0x12 build/sky/contiki-ng-sky.a(leds.o)
                0x0000000000004922                leds_off
 .text.leds_arch_init
                0x0000000000004934        0xe build/sky/contiki-ng-sky.a(leds-arch.o)
                0x0000000000004934                leds_arch_init
 .text.leds_arch_get
                0x0000000000004942       0x34 build/sky/contiki-ng-sky.a(leds-arch.o)
                0x0000000000004942                leds_arch_get
 .text.leds_arch_set
                0x0000000000004976       0x3e build/sky/contiki-ng-sky.a(leds-arch.o)
                0x0000000000004976                leds_arch_set
 .text.watchdog_interrupt
                0x00000000000049b4        0x6 build/sky/contiki-ng-sky.a(watchdog.o)
                0x00000000000049b4                __isr_10
                0x00000000000049b4                watchdog_interrupt
 .text.watchdog_start
                0x00000000000049ba       0x14 build/sky/contiki-ng-sky.a(watchdog.o)
                0x00000000000049ba                watchdog_start
 .text.watchdog_periodic
                0x00000000000049ce       0x12 build/sky/contiki-ng-sky.a(watchdog.o)
                0x00000000000049ce                watchdog_periodic
 .text.watchdog_stop
                0x00000000000049e0       0x16 build/sky/contiki-ng-sky.a(watchdog.o)
                0x00000000000049e0                watchdog_stop
 .text.watchdog_init
                0x00000000000049f6       0x12 build/sky/contiki-ng-sky.a(watchdog.o)
                0x00000000000049f6                watchdog_init
 .text.autostart_start
                0x0000000000004a08       0x16 build/sky/contiki-ng-sky.a(autostart.o)
                0x0000000000004a08                autostart_start
 .text.process_thread_ctimer_process
                0x0000000000004a1e       0xa8 build/sky/contiki-ng-sky.a(ctimer.o)
 .text.ctimer_init
                0x0000000000004ac6       0x18 build/sky/contiki-ng-sky.a(ctimer.o)
                0x0000000000004ac6                ctimer_init
 .text.ctimer_set_with_process
                0x0000000000004ade       0x4e build/sky/contiki-ng-sky.a(ctimer.o)
                0x0000000000004ade                ctimer_set_with_process
 .text.ctimer_set
                0x0000000000004b2c       0x10 build/sky/contiki-ng-sky.a(ctimer.o)
                0x0000000000004b2c                ctimer_set
 .text.ctimer_reset
                0x0000000000004b3c       0x30 build/sky/contiki-ng-sky.a(ctimer.o)
                0x0000000000004b3c                ctimer_reset
 .text.ctimer_stop
                0x0000000000004b6c       0x28 build/sky/contiki-ng-sky.a(ctimer.o)
                0x0000000000004b6c                ctimer_stop
 .text.ctimer_expired
                0x0000000000004b94       0x30 build/sky/contiki-ng-sky.a(ctimer.o)
                0x0000000000004b94                ctimer_expired
 .text.energest_init
                0x0000000000004bc4        0x2 build/sky/contiki-ng-sky.a(energest.o)
                0x0000000000004bc4                energest_init
 .text.energest_flush
                0x0000000000004bc6        0x2 build/sky/contiki-ng-sky.a(energest.o)
                0x0000000000004bc6                energest_flush
 .text.update_time
                0x0000000000004bc8       0x78 build/sky/contiki-ng-sky.a(etimer.o)
 .text.etimer_request_poll
                0x0000000000004c40        0xa build/sky/contiki-ng-sky.a(etimer.o)
                0x0000000000004c40                etimer_request_poll
 .text.process_thread_etimer_process
                0x0000000000004c4a       0xcc build/sky/contiki-ng-sky.a(etimer.o)
 .text.add_timer
                0x0000000000004d16       0x40 build/sky/contiki-ng-sky.a(etimer.o)
 .text.etimer_set
                0x0000000000004d56       0x12 build/sky/contiki-ng-sky.a(etimer.o)
                0x0000000000004d56                etimer_set
 .text.etimer_reset
                0x0000000000004d68       0x12 build/sky/contiki-ng-sky.a(etimer.o)
                0x0000000000004d68                etimer_reset
 .text.etimer_expired
                0x0000000000004d7a        0xe build/sky/contiki-ng-sky.a(etimer.o)
                0x0000000000004d7a                etimer_expired
 .text.etimer_pending
                0x0000000000004d88        0xc build/sky/contiki-ng-sky.a(etimer.o)
                0x0000000000004d88                etimer_pending
 .text.etimer_next_expiration_time
                0x0000000000004d94       0x16 build/sky/contiki-ng-sky.a(etimer.o)
                0x0000000000004d94                etimer_next_expiration_time
 .text.etimer_stop
                0x0000000000004daa       0x3e build/sky/contiki-ng-sky.a(etimer.o)
                0x0000000000004daa                etimer_stop
 .text.log_6addr
                0x0000000000004de8       0x32 build/sky/contiki-ng-sky.a(log.o)
                0x0000000000004de8                log_6addr
 .text.log_lladdr
                0x0000000000004e1a       0x44 build/sky/contiki-ng-sky.a(log.o)
                0x0000000000004e1a                log_lladdr
 .text.node_id_init
                0x0000000000004e5e       0x14 build/sky/contiki-ng-sky.a(node-id.o)
                0x0000000000004e5e                node_id_init
 .text.call_process
                0x0000000000004e72       0x46 build/sky/contiki-ng-sky.a(process.o)
 .text.exit_process
                0x0000000000004eb8       0x96 build/sky/contiki-ng-sky.a(process.o)
 .text.do_poll  0x0000000000004f4e       0x30 build/sky/contiki-ng-sky.a(process.o)
 .text.process_alloc_event
                0x0000000000004f7e        0xe build/sky/contiki-ng-sky.a(process.o)
                0x0000000000004f7e                process_alloc_event
 .text.process_init
                0x0000000000004f8c       0x18 build/sky/contiki-ng-sky.a(process.o)
                0x0000000000004f8c                process_init
 .text.process_run
                0x0000000000004fa4       0x92 build/sky/contiki-ng-sky.a(process.o)
                0x0000000000004fa4                process_run
 .text.process_nevents
                0x0000000000005036        0xe build/sky/contiki-ng-sky.a(process.o)
                0x0000000000005036                process_nevents
 .text.process_post
                0x0000000000005044       0x42 build/sky/contiki-ng-sky.a(process.o)
                0x0000000000005044                process_post
 .text.process_post_synch
                0x0000000000005086       0x12 build/sky/contiki-ng-sky.a(process.o)
                0x0000000000005086                process_post_synch
 .text.process_start
                0x0000000000005098       0x36 build/sky/contiki-ng-sky.a(process.o)
                0x0000000000005098                process_start
 .text.process_poll
                0x00000000000050ce       0x18 build/sky/contiki-ng-sky.a(process.o)
                0x00000000000050ce                process_poll
 .text.rtimer_init
                0x00000000000050e6        0x6 build/sky/contiki-ng-sky.a(rtimer.o)
                0x00000000000050e6                rtimer_init
 .text.rtimer_run_next
                0x00000000000050ec       0x26 build/sky/contiki-ng-sky.a(rtimer.o)
                0x00000000000050ec                rtimer_run_next
 .text.stack_check_init
                0x0000000000005112       0x2e build/sky/contiki-ng-sky.a(stack-check.o)
                0x0000000000005112                stack_check_init
 .text.stack_check_get_usage
                0x0000000000005140       0x54 build/sky/contiki-ng-sky.a(stack-check.o)
                0x0000000000005140                stack_check_get_usage
 .text.process_thread_stack_check_process
                0x0000000000005194       0xea build/sky/contiki-ng-sky.a(stack-check.o)
 .text.timer_set
                0x000000000000527e       0x1c build/sky/contiki-ng-sky.a(timer.o)
                0x000000000000527e                timer_set
 .text.timer_expired
                0x000000000000529a       0x2a build/sky/contiki-ng-sky.a(timer.o)
                0x000000000000529a                timer_expired
 .text.timer_reset
                0x00000000000052c4       0x1c build/sky/contiki-ng-sky.a(timer.o)
                0x00000000000052c4                timer_reset
 .text.list_init
                0x00000000000052e0        0x6 build/sky/contiki-ng-sky.a(list.o)
                0x00000000000052e0                list_init
 .text.list_head
                0x00000000000052e6        0x4 build/sky/contiki-ng-sky.a(list.o)
                0x00000000000052e6                list_head
 .text.list_tail
                0x00000000000052ea       0x12 build/sky/contiki-ng-sky.a(list.o)
                0x00000000000052ea                list_tail
 .text.list_remove
                0x00000000000052fc       0x34 build/sky/contiki-ng-sky.a(list.o)
                0x00000000000052fc                list_remove
 .text.list_push
                0x0000000000005330       0x1a build/sky/contiki-ng-sky.a(list.o)
                0x0000000000005330                list_push
 .text.list_add
                0x000000000000534a       0x2a build/sky/contiki-ng-sky.a(list.o)
                0x000000000000534a                list_add
 .text.list_length
                0x0000000000005374       0x10 build/sky/contiki-ng-sky.a(list.o)
                0x0000000000005374                list_length
 .text.list_item_next
                0x0000000000005384        0xc build/sky/contiki-ng-sky.a(list.o)
                0x0000000000005384                list_item_next
 .text.random_init
                0x0000000000005390        0x6 build/sky/contiki-ng-sky.a(random.o)
                0x0000000000005390                random_init
 .text.random_rand
                0x0000000000005396        0x6 build/sky/contiki-ng-sky.a(random.o)
                0x0000000000005396                random_rand
 .text.linkaddr_copy
                0x000000000000539c        0x8 build/sky/contiki-ng-sky.a(linkaddr.o)
                0x000000000000539c                linkaddr_copy
 .text.linkaddr_cmp
                0x00000000000053a4       0x12 build/sky/contiki-ng-sky.a(linkaddr.o)
                0x00000000000053a4                linkaddr_cmp
 .text.linkaddr_set_node_addr
                0x00000000000053b6        0xc build/sky/contiki-ng-sky.a(linkaddr.o)
                0x00000000000053b6                linkaddr_set_node_addr
 .text.netstack_process_ip_callback
                0x00000000000053c2       0x4e build/sky/contiki-ng-sky.a(netstack.o)
                0x00000000000053c2                netstack_process_ip_callback
 .text.netstack_init
                0x0000000000005410        0xe build/sky/contiki-ng-sky.a(netstack.o)
                0x0000000000005410                netstack_init
 .text.queuebuf_init
                0x000000000000541e       0x12 build/sky/contiki-ng-sky.a(queuebuf.o)
                0x000000000000541e                queuebuf_init
 .text.queuebuf_numfree
                0x0000000000005430        0xa build/sky/contiki-ng-sky.a(queuebuf.o)
                0x0000000000005430                queuebuf_numfree
 .text.queuebuf_new_from_packetbuf
                0x000000000000543a       0x52 build/sky/contiki-ng-sky.a(queuebuf.o)
                0x000000000000543a                queuebuf_new_from_packetbuf
 .text.queuebuf_update_attr_from_packetbuf
                0x000000000000548c       0x12 build/sky/contiki-ng-sky.a(queuebuf.o)
                0x000000000000548c                queuebuf_update_attr_from_packetbuf
 .text.queuebuf_free
                0x000000000000549e       0x2a build/sky/contiki-ng-sky.a(queuebuf.o)
                0x000000000000549e                queuebuf_free
 .text.queuebuf_to_packetbuf
                0x00000000000054c8       0x32 build/sky/contiki-ng-sky.a(queuebuf.o)
                0x00000000000054c8                queuebuf_to_packetbuf
 .text.on       0x00000000000054fa        0x6 build/sky/contiki-ng-sky.a(csma.o)
 .text.off      0x0000000000005500        0x6 build/sky/contiki-ng-sky.a(csma.o)
 .text.max_payload
                0x0000000000005506       0x38 build/sky/contiki-ng-sky.a(csma.o)
 .text.send_packet
                0x000000000000553e        0x6 build/sky/contiki-ng-sky.a(csma.o)
 .text.init     0x0000000000005544       0x1c build/sky/contiki-ng-sky.a(csma.o)
 .text.input_packet
                0x0000000000005560       0x58 build/sky/contiki-ng-sky.a(csma.o)
 .text.clear_fragments
                0x00000000000055b8       0x40 build/sky/contiki-ng-sky.a(sicslowpan.o)
 .text.addr_context_lookup_by_number
                0x00000000000055f8       0x16 build/sky/contiki-ng-sky.a(sicslowpan.o)
 .text.sicslowpan_init
                0x000000000000560e       0x18 build/sky/contiki-ng-sky.a(sicslowpan.o)
                0x000000000000560e                sicslowpan_init
 .text.set_packet_attrs
                0x0000000000005626       0x66 build/sky/contiki-ng-sky.a(sicslowpan.o)
 .text.compress_addr_64
                0x000000000000568c       0xae build/sky/contiki-ng-sky.a(sicslowpan.o)
 .text.addr_context_lookup_by_prefix
                0x000000000000573a       0x20 build/sky/contiki-ng-sky.a(sicslowpan.o)
 .text.send_packet
                0x000000000000575a       0x1a build/sky/contiki-ng-sky.a(sicslowpan.o)
 .text.fragment_copy_payload_and_send
                0x0000000000005774       0x60 build/sky/contiki-ng-sky.a(sicslowpan.o)
 .text.output   0x00000000000057d4      0x7c6 build/sky/contiki-ng-sky.a(sicslowpan.o)
 .text.packet_sent
                0x0000000000005f9a       0x56 build/sky/contiki-ng-sky.a(sicslowpan.o)
 .text.store_fragment
                0x0000000000005ff0       0xb8 build/sky/contiki-ng-sky.a(sicslowpan.o)
 .text.add_fragment
                0x00000000000060a8      0x1fc build/sky/contiki-ng-sky.a(sicslowpan.o)
 .text.uncompress_addr
                0x00000000000062a4       0xb4 build/sky/contiki-ng-sky.a(sicslowpan.o)
 .text.input    0x0000000000006358      0xa00 build/sky/contiki-ng-sky.a(sicslowpan.o)
 .text.process_thread_simple_udp_process
                0x0000000000006d58       0xb8 build/sky/contiki-ng-sky.a(simple-udp.o)
 .text.simple_udp_sendto
                0x0000000000006e10       0x2c build/sky/contiki-ng-sky.a(simple-udp.o)
                0x0000000000006e10                simple_udp_sendto
 .text.simple_udp_register
                0x0000000000006e3c       0x96 build/sky/contiki-ng-sky.a(simple-udp.o)
                0x0000000000006e3c                simple_udp_register
 .text.tcpip_output
                0x0000000000006ed2       0x22 build/sky/contiki-ng-sky.a(tcpip.o)
                0x0000000000006ed2                tcpip_output
 .text.udp_new  0x0000000000006ef4       0x1a build/sky/contiki-ng-sky.a(tcpip.o)
                0x0000000000006ef4                udp_new
 .text.tcpip_input
                0x0000000000006f0e       0x1e build/sky/contiki-ng-sky.a(tcpip.o)
                0x0000000000006f0e                tcpip_input
 .text.tcpip_ipv6_output
                0x0000000000006f2c      0x114 build/sky/contiki-ng-sky.a(tcpip.o)
                0x0000000000006f2c                tcpip_ipv6_output
 .text.packet_input.part.3
                0x0000000000007040       0x12 build/sky/contiki-ng-sky.a(tcpip.o)
 .text.process_thread_tcpip_process
                0x0000000000007052       0xcc build/sky/contiki-ng-sky.a(tcpip.o)
 .text.tcpip_uipcall
                0x000000000000711e       0x2a build/sky/contiki-ng-sky.a(tcpip.o)
                0x000000000000711e                tcpip_uipcall
 .text.uip_ds6_nbr_rm
                0x0000000000007148       0x1e build/sky/contiki-ng-sky.a(uip-ds6-nbr.o)
                0x0000000000007148                uip_ds6_nbr_rm
 .text.uip_ds6_neighbors_init
                0x0000000000007166       0x12 build/sky/contiki-ng-sky.a(uip-ds6-nbr.o)
                0x0000000000007166                uip_ds6_neighbors_init
 .text.uip_ds6_nbr_add
                0x0000000000007178       0x3e build/sky/contiki-ng-sky.a(uip-ds6-nbr.o)
                0x0000000000007178                uip_ds6_nbr_add
 .text.uip_ds6_nbr_get_ll
                0x00000000000071b6        0xc build/sky/contiki-ng-sky.a(uip-ds6-nbr.o)
                0x00000000000071b6                uip_ds6_nbr_get_ll
 .text.uip_ds6_nbr_head
                0x00000000000071c2        0xa build/sky/contiki-ng-sky.a(uip-ds6-nbr.o)
                0x00000000000071c2                uip_ds6_nbr_head
 .text.uip_ds6_nbr_next
                0x00000000000071cc        0xc build/sky/contiki-ng-sky.a(uip-ds6-nbr.o)
                0x00000000000071cc                uip_ds6_nbr_next
 .text.uip_ds6_nbr_lookup
                0x00000000000071d8       0x3a build/sky/contiki-ng-sky.a(uip-ds6-nbr.o)
                0x00000000000071d8                uip_ds6_nbr_lookup
 .text.uip_ds6_nbr_ll_lookup
                0x0000000000007212        0xc build/sky/contiki-ng-sky.a(uip-ds6-nbr.o)
                0x0000000000007212                uip_ds6_nbr_ll_lookup
 .text.uip_ds6_nbr_update_ll
                0x000000000000721e       0x76 build/sky/contiki-ng-sky.a(uip-ds6-nbr.o)
                0x000000000000721e                uip_ds6_nbr_update_ll
 .text.uip_ds6_nbr_ipaddr_from_lladdr
                0x0000000000007294        0x6 build/sky/contiki-ng-sky.a(uip-ds6-nbr.o)
                0x0000000000007294                uip_ds6_nbr_ipaddr_from_lladdr
 .text.uip_ds6_nbr_lladdr_from_ipaddr
                0x000000000000729a       0x12 build/sky/contiki-ng-sky.a(uip-ds6-nbr.o)
                0x000000000000729a                uip_ds6_nbr_lladdr_from_ipaddr
 .text.uip_ds6_link_callback
                0x00000000000072ac        0x2 build/sky/contiki-ng-sky.a(uip-ds6-nbr.o)
                0x00000000000072ac                uip_ds6_link_callback
 .text.uip_ds6_route_init
                0x00000000000072ae       0x12 build/sky/contiki-ng-sky.a(uip-ds6-route.o)
                0x00000000000072ae                uip_ds6_route_init
 .text.uip_ds6_route_nexthop
                0x00000000000072c0        0x4 build/sky/contiki-ng-sky.a(uip-ds6-route.o)
                0x00000000000072c0                uip_ds6_route_nexthop
 .text.uip_ds6_route_lookup
                0x00000000000072c4        0x4 build/sky/contiki-ng-sky.a(uip-ds6-route.o)
                0x00000000000072c4                uip_ds6_route_lookup
 .text.uip_ds6_route_rm
                0x00000000000072c8        0x2 build/sky/contiki-ng-sky.a(uip-ds6-route.o)
                0x00000000000072c8                uip_ds6_route_rm
 .text.uip_ds6_defrt_rm
                0x00000000000072ca       0x3c build/sky/contiki-ng-sky.a(uip-ds6-route.o)
                0x00000000000072ca                uip_ds6_defrt_rm
 .text.uip_ds6_defrt_lookup
                0x0000000000007306       0x40 build/sky/contiki-ng-sky.a(uip-ds6-route.o)
                0x0000000000007306                uip_ds6_defrt_lookup
 .text.uip_ds6_defrt_add
                0x0000000000007346       0x72 build/sky/contiki-ng-sky.a(uip-ds6-route.o)
                0x0000000000007346                uip_ds6_defrt_add
 .text.uip_ds6_defrt_choose
                0x00000000000073b8       0x3a build/sky/contiki-ng-sky.a(uip-ds6-route.o)
                0x00000000000073b8                uip_ds6_defrt_choose
 .text.uip_ds6_defrt_periodic
                0x00000000000073f2       0x38 build/sky/contiki-ng-sky.a(uip-ds6-route.o)
                0x00000000000073f2                uip_ds6_defrt_periodic
 .text.uip_ds6_default_prefix
                0x000000000000742a        0x6 build/sky/contiki-ng-sky.a(uip-ds6.o)
                0x000000000000742a                uip_ds6_default_prefix
 .text.uip_ds6_list_loop
                0x0000000000007430       0x92 build/sky/contiki-ng-sky.a(uip-ds6.o)
                0x0000000000007430                uip_ds6_list_loop
 .text.uip_ds6_prefix_add
                0x00000000000074c2       0x80 build/sky/contiki-ng-sky.a(uip-ds6.o)
                0x00000000000074c2                uip_ds6_prefix_add
 .text.uip_ds6_is_addr_onlink
                0x0000000000007542       0x54 build/sky/contiki-ng-sky.a(uip-ds6.o)
                0x0000000000007542                uip_ds6_is_addr_onlink
 .text.uip_ds6_addr_lookup
                0x0000000000007596       0x2a build/sky/contiki-ng-sky.a(uip-ds6.o)
                0x0000000000007596                uip_ds6_addr_lookup
 .text.uip_ds6_get_link_local
                0x00000000000075c0       0x3e build/sky/contiki-ng-sky.a(uip-ds6.o)
                0x00000000000075c0                uip_ds6_get_link_local
 .text.uip_ds6_maddr_add
                0x00000000000075fe       0x4c build/sky/contiki-ng-sky.a(uip-ds6.o)
                0x00000000000075fe                uip_ds6_maddr_add
 .text.uip_ds6_addr_add
                0x000000000000764a       0xc4 build/sky/contiki-ng-sky.a(uip-ds6.o)
                0x000000000000764a                uip_ds6_addr_add
 .text.uip_ds6_maddr_rm
                0x000000000000770e        0xa build/sky/contiki-ng-sky.a(uip-ds6.o)
                0x000000000000770e                uip_ds6_maddr_rm
 .text.uip_ds6_maddr_lookup
                0x0000000000007718       0x2a build/sky/contiki-ng-sky.a(uip-ds6.o)
                0x0000000000007718                uip_ds6_maddr_lookup
 .text.uip_ds6_addr_rm
                0x0000000000007742       0x54 build/sky/contiki-ng-sky.a(uip-ds6.o)
                0x0000000000007742                uip_ds6_addr_rm
 .text.uip_ds6_periodic
                0x0000000000007796       0x46 build/sky/contiki-ng-sky.a(uip-ds6.o)
                0x0000000000007796                uip_ds6_periodic
 .text.uip_ds6_set_addr_iid
                0x00000000000077dc       0x14 build/sky/contiki-ng-sky.a(uip-ds6.o)
                0x00000000000077dc                uip_ds6_set_addr_iid
 .text.uip_ds6_set_lladdr_from_iid
                0x00000000000077f0       0x14 build/sky/contiki-ng-sky.a(uip-ds6.o)
                0x00000000000077f0                uip_ds6_set_lladdr_from_iid
 .text.get_match_length
                0x0000000000007804       0x44 build/sky/contiki-ng-sky.a(uip-ds6.o)
                0x0000000000007804                get_match_length
 .text.uip_ds6_select_src
                0x0000000000007848       0xaa build/sky/contiki-ng-sky.a(uip-ds6.o)
                0x0000000000007848                uip_ds6_select_src
 .text.uip_ds6_compute_reachable_time
                0x00000000000078f2       0x3e build/sky/contiki-ng-sky.a(uip-ds6.o)
                0x00000000000078f2                uip_ds6_compute_reachable_time
 .text.uip_ds6_init
                0x0000000000007930      0x164 build/sky/contiki-ng-sky.a(uip-ds6.o)
                0x0000000000007930                uip_ds6_init
 .text.uip_udp_packet_send
                0x0000000000007a94       0x2a build/sky/contiki-ng-sky.a(uip-udp-packet.)
                0x0000000000007a94                uip_udp_packet_send
 .text.uip_udp_packet_sendto
                0x0000000000007abe       0x66 build/sky/contiki-ng-sky.a(uip-udp-packet.)
                0x0000000000007abe                uip_udp_packet_sendto
 .text.chksum   0x0000000000007b24       0x32 build/sky/contiki-ng-sky.a(uip6.o)
 .text.upper_layer_chksum
                0x0000000000007b56       0x58 build/sky/contiki-ng-sky.a(uip6.o)
 .text.ext_hdr_options_process
                0x0000000000007bae       0xa4 build/sky/contiki-ng-sky.a(uip6.o)
 .text.uip_check_mtu
                0x0000000000007c52       0x1e build/sky/contiki-ng-sky.a(uip6.o)
 .text.uip_update_ttl
                0x0000000000007c70       0x24 build/sky/contiki-ng-sky.a(uip6.o)
 .text.uip_icmp6chksum
                0x0000000000007c94        0xa build/sky/contiki-ng-sky.a(uip6.o)
                0x0000000000007c94                uip_icmp6chksum
 .text.uip_udpchksum
                0x0000000000007c9e        0xa build/sky/contiki-ng-sky.a(uip6.o)
                0x0000000000007c9e                uip_udpchksum
 .text.uip_init
                0x0000000000007ca8       0x3c build/sky/contiki-ng-sky.a(uip6.o)
                0x0000000000007ca8                uip_init
 .text.uip_remove_ext_hdr
                0x0000000000007ce4       0x5e build/sky/contiki-ng-sky.a(uip6.o)
                0x0000000000007ce4                uip_remove_ext_hdr
 .text.uip_udp_new
                0x0000000000007d42       0xac build/sky/contiki-ng-sky.a(uip6.o)
                0x0000000000007d42                uip_udp_new
 .text.uip_process
                0x0000000000007dee      0x4be build/sky/contiki-ng-sky.a(uip6.o)
                0x0000000000007dee                uip_process
 .text.uip_htonl
                0x00000000000082ac       0x2e build/sky/contiki-ng-sky.a(uip6.o)
                0x00000000000082ac                uip_htonl
 .text.uipbuf_add_ext_hdr
                0x00000000000082da       0x1c build/sky/contiki-ng-sky.a(uipbuf.o)
                0x00000000000082da                uipbuf_add_ext_hdr
 .text.uipbuf_set_len
                0x00000000000082f6       0x12 build/sky/contiki-ng-sky.a(uipbuf.o)
                0x00000000000082f6                uipbuf_set_len
 .text.uipbuf_set_len_field
                0x0000000000008308        0xe build/sky/contiki-ng-sky.a(uipbuf.o)
                0x0000000000008308                uipbuf_set_len_field
 .text.uipbuf_get_len_field
                0x0000000000008316        0xe build/sky/contiki-ng-sky.a(uipbuf.o)
                0x0000000000008316                uipbuf_get_len_field
 .text.uipbuf_get_next_header
                0x0000000000008324       0x62 build/sky/contiki-ng-sky.a(uipbuf.o)
                0x0000000000008324                uipbuf_get_next_header
 .text.uipbuf_get_last_header
                0x0000000000008386       0x3e build/sky/contiki-ng-sky.a(uipbuf.o)
                0x0000000000008386                uipbuf_get_last_header
 .text.uipbuf_search_header
                0x00000000000083c4       0x4e build/sky/contiki-ng-sky.a(uipbuf.o)
                0x00000000000083c4                uipbuf_search_header
 .text.uipbuf_get_attr
                0x0000000000008412       0x12 build/sky/contiki-ng-sky.a(uipbuf.o)
                0x0000000000008412                uipbuf_get_attr
 .text.uipbuf_set_attr
                0x0000000000008424       0x14 build/sky/contiki-ng-sky.a(uipbuf.o)
                0x0000000000008424                uipbuf_set_attr
 .text.uipbuf_clear_attr
                0x0000000000008438       0x12 build/sky/contiki-ng-sky.a(uipbuf.o)
                0x0000000000008438                uipbuf_clear_attr
 .text.uipbuf_clear
                0x000000000000844a       0x12 build/sky/contiki-ng-sky.a(uipbuf.o)
                0x000000000000844a                uipbuf_clear
 .text.uipbuf_init
                0x000000000000845c       0x1a build/sky/contiki-ng-sky.a(uipbuf.o)
                0x000000000000845c                uipbuf_init
 .text.uiplib_ipaddr_snprint
                0x0000000000008476      0x12c build/sky/contiki-ng-sky.a(uiplib.o)
                0x0000000000008476                uiplib_ipaddr_snprint
 .text.rpl_has_joined
                0x00000000000085a2       0x12 build/sky/contiki-ng-sky.a(rpl.o)
                0x00000000000085a2                rpl_has_joined
 .text.rpl_is_reachable
                0x00000000000085b4       0x12 build/sky/contiki-ng-sky.a(rpl.o)
                0x00000000000085b4                rpl_is_reachable
 .text.neighbor_state_changed
                0x00000000000085c6        0x2 build/sky/contiki-ng-sky.a(rpl.o)
 .text.drop_route
                0x00000000000085c8        0x2 build/sky/contiki-ng-sky.a(rpl.o)
 .text.rpl_get_leaf_only
                0x00000000000085ca        0x6 build/sky/contiki-ng-sky.a(rpl.o)
                0x00000000000085ca                rpl_get_leaf_only
 .text.get_sr_node_ipaddr
                0x00000000000085d0       0x34 build/sky/contiki-ng-sky.a(rpl.o)
 .text.init     0x0000000000008604       0x42 build/sky/contiki-ng-sky.a(rpl.o)
 .text.set_ip_from_prefix
                0x0000000000008646       0x38 build/sky/contiki-ng-sky.a(rpl.o)
 .text.rpl_link_callback
                0x000000000000867e       0x1e build/sky/contiki-ng-sky.a(rpl.o)
                0x000000000000867e                rpl_link_callback
 .text.rpl_lollipop_greater_than
                0x000000000000869c       0x3c build/sky/contiki-ng-sky.a(rpl.o)
                0x000000000000869c                rpl_lollipop_greater_than
 .text.rpl_get_global_address
                0x00000000000086d8       0xbe build/sky/contiki-ng-sky.a(rpl.o)
                0x00000000000086d8                rpl_get_global_address
 .text.rpl_reset_prefix
                0x0000000000008796       0x24 build/sky/contiki-ng-sky.a(rpl.o)
                0x0000000000008796                rpl_reset_prefix
 .text.rpl_set_prefix_from_addr
                0x00000000000087ba       0x92 build/sky/contiki-ng-sky.a(rpl.o)
                0x00000000000087ba                rpl_set_prefix_from_addr
 .text.init_platform
                0x000000000000884c        0xc build/sky/contiki-ng-sky.a(contiki-sky-pla)
                0x000000000000884c                init_platform
 .text.status   0x0000000000008858       0x18 build/sky/contiki-ng-sky.a(button-sensor.o)
 .text.value    0x0000000000008870       0x20 build/sky/contiki-ng-sky.a(button-sensor.o)
 .text.configure
                0x0000000000008890       0x4c build/sky/contiki-ng-sky.a(button-sensor.o)
 .text.irq_p2   0x00000000000088dc       0x46 build/sky/contiki-ng-sky.a(button-sensor.o)
                0x00000000000088dc                irq_p2
                0x00000000000088dc                __isr_1
 .text.owreadb  0x0000000000008922       0x50 build/sky/contiki-ng-sky.a(ds2411.o)
 .text.ds2411_init
                0x0000000000008972      0x120 build/sky/contiki-ng-sky.a(ds2411.o)
                0x0000000000008972                ds2411_init
 .text.xmem_init
                0x0000000000008a92       0x3c build/sky/contiki-ng-sky.a(xmem.o)
                0x0000000000008a92                xmem_init
 .text.process_thread_sensors_process
                0x0000000000008ace       0xc2 build/sky/contiki-ng-sky.a(sensors.o)
 .text.sensors_changed
                0x0000000000008b90       0x2a build/sky/contiki-ng-sky.a(sensors.o)
                0x0000000000008b90                sensors_changed
 .text.get_object
                0x0000000000008bba        0x4 build/sky/contiki-ng-sky.a(cc2420.o)
 .text.set_object
                0x0000000000008bbe        0x4 build/sky/contiki-ng-sky.a(cc2420.o)
 .text.strobe   0x0000000000008bc2       0x1c build/sky/contiki-ng-sky.a(cc2420.o)
 .text.getreg   0x0000000000008bde       0x4c build/sky/contiki-ng-sky.a(cc2420.o)
 .text.setreg   0x0000000000008c2a       0x4c build/sky/contiki-ng-sky.a(cc2420.o)
 .text.write_ram
                0x0000000000008c76       0x7c build/sky/contiki-ng-sky.a(cc2420.o)
 .text.write_fifo_buf
                0x0000000000008cf2       0x3c build/sky/contiki-ng-sky.a(cc2420.o)
 .text.get_status
                0x0000000000008d2e       0x20 build/sky/contiki-ng-sky.a(cc2420.o)
 .text.on       0x0000000000008d4e       0x1a build/sky/contiki-ng-sky.a(cc2420.o)
 .text.cc2420_receiving_packet
                0x0000000000008d68        0xc build/sky/contiki-ng-sky.a(cc2420.o)
 .text.pending_packet
                0x0000000000008d74        0x8 build/sky/contiki-ng-sky.a(cc2420.o)
 .text.wait_for_transmission
                0x0000000000008d7c       0x22 build/sky/contiki-ng-sky.a(cc2420.o)
 .text.wait_for_status
                0x0000000000008d9e       0x28 build/sky/contiki-ng-sky.a(cc2420.o)
 .text.getrxdata
                0x0000000000008dc6       0x50 build/sky/contiki-ng-sky.a(cc2420.o)
 .text.flushrx  0x0000000000008e16       0x1a build/sky/contiki-ng-sky.a(cc2420.o)
 .text.off      0x0000000000008e30       0x28 build/sky/contiki-ng-sky.a(cc2420.o)
 .text.RELEASE_LOCK
                0x0000000000008e58       0x28 build/sky/contiki-ng-sky.a(cc2420.o)
 .text.set_key  0x0000000000008e80       0x18 build/sky/contiki-ng-sky.a(cc2420.o)
 .text.set_frame_filtering
                0x0000000000008e98       0x30 build/sky/contiki-ng-sky.a(cc2420.o)
 .text.set_auto_ack
                0x0000000000008ec8       0x30 build/sky/contiki-ng-sky.a(cc2420.o)
 .text.set_poll_mode
                0x0000000000008ef8       0x2c build/sky/contiki-ng-sky.a(cc2420.o)
 .text.cc2420_prepare
                0x0000000000008f24       0x46 build/sky/contiki-ng-sky.a(cc2420.o)
 .text.cc2420_on
                0x0000000000008f6a       0x22 build/sky/contiki-ng-sky.a(cc2420.o)
                0x0000000000008f6a                cc2420_on
 .text.cc2420_transmit
                0x0000000000008f8c       0x66 build/sky/contiki-ng-sky.a(cc2420.o)
 .text.cc2420_send
                0x0000000000008ff2       0x12 build/sky/contiki-ng-sky.a(cc2420.o)
 .text.cc2420_off
                0x0000000000009004       0x30 build/sky/contiki-ng-sky.a(cc2420.o)
                0x0000000000009004                cc2420_off
 .text.cc2420_cca
                0x0000000000009034       0x68 build/sky/contiki-ng-sky.a(cc2420.o)
 .text.cc2420_read
                0x000000000000909c       0xbe build/sky/contiki-ng-sky.a(cc2420.o)
 .text.process_thread_cc2420_process
                0x000000000000915a       0x62 build/sky/contiki-ng-sky.a(cc2420.o)
 .text.encrypt  0x00000000000091bc       0x88 build/sky/contiki-ng-sky.a(cc2420.o)
 .text.cc2420_set_channel
                0x0000000000009244       0x3c build/sky/contiki-ng-sky.a(cc2420.o)
                0x0000000000009244                cc2420_set_channel
 .text.cc2420_set_pan_addr
                0x0000000000009280       0x4c build/sky/contiki-ng-sky.a(cc2420.o)
                0x0000000000009280                cc2420_set_pan_addr
 .text.cc2420_interrupt
                0x00000000000092cc       0x16 build/sky/contiki-ng-sky.a(cc2420.o)
                0x00000000000092cc                cc2420_interrupt
 .text.cc2420_set_txpower
                0x00000000000092e2       0x2c build/sky/contiki-ng-sky.a(cc2420.o)
                0x00000000000092e2                cc2420_set_txpower
 .text.cc2420_get_txpower
                0x000000000000930e       0x1e build/sky/contiki-ng-sky.a(cc2420.o)
                0x000000000000930e                cc2420_get_txpower
 .text.cc2420_rssi
                0x000000000000932c       0x4c build/sky/contiki-ng-sky.a(cc2420.o)
                0x000000000000932c                cc2420_rssi
 .text.get_value
                0x0000000000009378      0x11e build/sky/contiki-ng-sky.a(cc2420.o)
 .text.cc2420_set_cca_threshold
                0x0000000000009496       0x16 build/sky/contiki-ng-sky.a(cc2420.o)
                0x0000000000009496                cc2420_set_cca_threshold
 .text.set_value
                0x00000000000094ac      0x150 build/sky/contiki-ng-sky.a(cc2420.o)
 .text.cc2420_init
                0x00000000000095fc       0xea build/sky/contiki-ng-sky.a(cc2420.o)
                0x00000000000095fc                cc2420_init
 .text.cc2420_port1_interrupt
                0x00000000000096e6       0x20 build/sky/contiki-ng-sky.a(cc2420-arch.o)
                0x00000000000096e6                __isr_4
                0x00000000000096e6                cc2420_port1_interrupt
 .text.cc2420_arch_init
                0x0000000000009706       0x1a build/sky/contiki-ng-sky.a(cc2420-arch.o)
                0x0000000000009706                cc2420_arch_init
 .text.uart1_active
                0x0000000000009720       0x18 build/sky/contiki-ng-sky.a(uart1.o)
                0x0000000000009720                uart1_active
 .text.uart1_writeb
                0x0000000000009738       0x18 build/sky/contiki-ng-sky.a(uart1.o)
                0x0000000000009738                uart1_writeb
 .text.uart1_init
                0x0000000000009750       0xf4 build/sky/contiki-ng-sky.a(uart1.o)
                0x0000000000009750                uart1_init
 .text.timera0  0x0000000000009844       0x2e build/sky/contiki-ng-sky.a(rtimer-arch.o)
                0x0000000000009844                __isr_6
                0x0000000000009844                timera0
 .text.rtimer_arch_init
                0x0000000000009872        0xe build/sky/contiki-ng-sky.a(rtimer-arch.o)
                0x0000000000009872                rtimer_arch_init
 .text.rtimer_arch_now
                0x0000000000009880        0xe build/sky/contiki-ng-sky.a(rtimer-arch.o)
                0x0000000000009880                rtimer_arch_now
 .text.rtimer_arch_schedule
                0x000000000000988e        0x6 build/sky/contiki-ng-sky.a(rtimer-arch.o)
                0x000000000000988e                rtimer_arch_schedule
 .text.stimer_set
                0x0000000000009894       0x1c build/sky/contiki-ng-sky.a(stimer.o)
                0x0000000000009894                stimer_set
 .text.stimer_expired
                0x00000000000098b0       0x30 build/sky/contiki-ng-sky.a(stimer.o)
                0x00000000000098b0                stimer_expired
 .text.memb_init
                0x00000000000098e0       0x36 build/sky/contiki-ng-sky.a(memb.o)
                0x00000000000098e0                memb_init
 .text.memb_alloc
                0x0000000000009916       0x3e build/sky/contiki-ng-sky.a(memb.o)
                0x0000000000009916                memb_alloc
 .text.memb_free
                0x0000000000009954       0x32 build/sky/contiki-ng-sky.a(memb.o)
                0x0000000000009954                memb_free
 .text.memb_inmemb
                0x0000000000009986       0x2a build/sky/contiki-ng-sky.a(memb.o)
                0x0000000000009986                memb_inmemb
 .text.memb_numfree
                0x00000000000099b0       0x26 build/sky/contiki-ng-sky.a(memb.o)
                0x00000000000099b0                memb_numfree
 .text.periodic
                0x00000000000099d6       0x28 build/sky/contiki-ng-sky.a(link-stats.o)
 .text.link_stats_from_lladdr
                0x00000000000099fe        0xc build/sky/contiki-ng-sky.a(link-stats.o)
                0x00000000000099fe                link_stats_from_lladdr
 .text.link_stats_is_fresh
                0x0000000000009a0a       0x30 build/sky/contiki-ng-sky.a(link-stats.o)
                0x0000000000009a0a                link_stats_is_fresh
 .text.guess_etx_from_rssi
                0x0000000000009a3a       0x42 build/sky/contiki-ng-sky.a(link-stats.o)
                0x0000000000009a3a                guess_etx_from_rssi
 .text.link_stats_packet_sent
                0x0000000000009a7c       0xea build/sky/contiki-ng-sky.a(link-stats.o)
                0x0000000000009a7c                link_stats_packet_sent
 .text.link_stats_input_callback
                0x0000000000009b66       0xb2 build/sky/contiki-ng-sky.a(link-stats.o)
                0x0000000000009b66                link_stats_input_callback
 .text.link_stats_reset
                0x0000000000009c18       0x2a build/sky/contiki-ng-sky.a(link-stats.o)
                0x0000000000009c18                link_stats_reset
 .text.link_stats_init
                0x0000000000009c42       0x22 build/sky/contiki-ng-sky.a(link-stats.o)
                0x0000000000009c42                link_stats_init
 .text.item_from_index
                0x0000000000009c64       0x2a build/sky/contiki-ng-sky.a(nbr-table.o)
 .text.index_from_key
                0x0000000000009c8e       0x26 build/sky/contiki-ng-sky.a(nbr-table.o)
 .text.index_from_item
                0x0000000000009cb4       0x1e build/sky/contiki-ng-sky.a(nbr-table.o)
 .text.nbr_set_bit
                0x0000000000009cd2       0x58 build/sky/contiki-ng-sky.a(nbr-table.o)
 .text.index_from_lladdr
                0x0000000000009d2a       0x42 build/sky/contiki-ng-sky.a(nbr-table.o)
 .text.nbr_get_bit.constprop.3
                0x0000000000009d6c       0x2e build/sky/contiki-ng-sky.a(nbr-table.o)
 .text.remove_key
                0x0000000000009d9a       0x84 build/sky/contiki-ng-sky.a(nbr-table.o)
 .text.nbr_table_is_registered
                0x0000000000009e1e       0x22 build/sky/contiki-ng-sky.a(nbr-table.o)
                0x0000000000009e1e                nbr_table_is_registered
 .text.nbr_table_register
                0x0000000000009e40       0x40 build/sky/contiki-ng-sky.a(nbr-table.o)
                0x0000000000009e40                nbr_table_register
 .text.nbr_table_next
                0x0000000000009e80       0x54 build/sky/contiki-ng-sky.a(nbr-table.o)
                0x0000000000009e80                nbr_table_next
 .text.nbr_table_head
                0x0000000000009ed4       0x3a build/sky/contiki-ng-sky.a(nbr-table.o)
                0x0000000000009ed4                nbr_table_head
 .text.nbr_table_get_from_lladdr
                0x0000000000009f0e       0x2c build/sky/contiki-ng-sky.a(nbr-table.o)
                0x0000000000009f0e                nbr_table_get_from_lladdr
 .text.entry_is_allowed.isra.2
                0x0000000000009f3a       0x82 build/sky/contiki-ng-sky.a(nbr-table.o)
 .text.nbr_table_add_lladdr
                0x0000000000009fbc       0xbe build/sky/contiki-ng-sky.a(nbr-table.o)
                0x0000000000009fbc                nbr_table_add_lladdr
 .text.nbr_table_remove
                0x000000000000a07a       0x32 build/sky/contiki-ng-sky.a(nbr-table.o)
                0x000000000000a07a                nbr_table_remove
 .text.nbr_table_lock
                0x000000000000a0ac       0x10 build/sky/contiki-ng-sky.a(nbr-table.o)
                0x000000000000a0ac                nbr_table_lock
 .text.nbr_table_unlock
                0x000000000000a0bc       0x10 build/sky/contiki-ng-sky.a(nbr-table.o)
                0x000000000000a0bc                nbr_table_unlock
 .text.nbr_table_get_lladdr
                0x000000000000a0cc       0x22 build/sky/contiki-ng-sky.a(nbr-table.o)
                0x000000000000a0cc                nbr_table_get_lladdr
 .text.packetbuf_hdrreduce
                0x000000000000a0ee       0x1a build/sky/contiki-ng-sky.a(packetbuf.o)
                0x000000000000a0ee                packetbuf_hdrreduce
 .text.packetbuf_set_datalen
                0x000000000000a108        0x6 build/sky/contiki-ng-sky.a(packetbuf.o)
                0x000000000000a108                packetbuf_set_datalen
 .text.packetbuf_hdrptr
                0x000000000000a10e        0x6 build/sky/contiki-ng-sky.a(packetbuf.o)
                0x000000000000a10e                packetbuf_hdrptr
 .text.packetbuf_datalen
                0x000000000000a114        0x6 build/sky/contiki-ng-sky.a(packetbuf.o)
                0x000000000000a114                packetbuf_datalen
 .text.packetbuf_hdrlen
                0x000000000000a11a        0xa build/sky/contiki-ng-sky.a(packetbuf.o)
                0x000000000000a11a                packetbuf_hdrlen
 .text.packetbuf_dataptr
                0x000000000000a124        0xc build/sky/contiki-ng-sky.a(packetbuf.o)
                0x000000000000a124                packetbuf_dataptr
 .text.packetbuf_copyto
                0x000000000000a130       0x46 build/sky/contiki-ng-sky.a(packetbuf.o)
                0x000000000000a130                packetbuf_copyto
 .text.packetbuf_totlen
                0x000000000000a176        0xc build/sky/contiki-ng-sky.a(packetbuf.o)
                0x000000000000a176                packetbuf_totlen
 .text.packetbuf_hdralloc
                0x000000000000a182       0x3c build/sky/contiki-ng-sky.a(packetbuf.o)
                0x000000000000a182                packetbuf_hdralloc
 .text.packetbuf_attr_clear
                0x000000000000a1be       0x28 build/sky/contiki-ng-sky.a(packetbuf.o)
                0x000000000000a1be                packetbuf_attr_clear
 .text.packetbuf_clear
                0x000000000000a1e6       0x12 build/sky/contiki-ng-sky.a(packetbuf.o)
                0x000000000000a1e6                packetbuf_clear
 .text.packetbuf_copyfrom
                0x000000000000a1f8       0x2e build/sky/contiki-ng-sky.a(packetbuf.o)
                0x000000000000a1f8                packetbuf_copyfrom
 .text.packetbuf_attr_copyto
                0x000000000000a226       0x22 build/sky/contiki-ng-sky.a(packetbuf.o)
                0x000000000000a226                packetbuf_attr_copyto
 .text.packetbuf_attr_copyfrom
                0x000000000000a248       0x24 build/sky/contiki-ng-sky.a(packetbuf.o)
                0x000000000000a248                packetbuf_attr_copyfrom
 .text.packetbuf_set_attr
                0x000000000000a26c        0xc build/sky/contiki-ng-sky.a(packetbuf.o)
                0x000000000000a26c                packetbuf_set_attr
 .text.packetbuf_attr
                0x000000000000a278        0xa build/sky/contiki-ng-sky.a(packetbuf.o)
                0x000000000000a278                packetbuf_attr
 .text.packetbuf_set_addr
                0x000000000000a282       0x18 build/sky/contiki-ng-sky.a(packetbuf.o)
                0x000000000000a282                packetbuf_set_addr
 .text.packetbuf_addr
                0x000000000000a29a       0x12 build/sky/contiki-ng-sky.a(packetbuf.o)
                0x000000000000a29a                packetbuf_addr
 .text.packetbuf_holds_broadcast
                0x000000000000a2ac        0xe build/sky/contiki-ng-sky.a(packetbuf.o)
                0x000000000000a2ac                packetbuf_holds_broadcast
 .text.mac_sequence_is_duplicate
                0x000000000000a2ba       0x84 build/sky/contiki-ng-sky.a(mac-sequence.o)
                0x000000000000a2ba                mac_sequence_is_duplicate
 .text.mac_sequence_register_seqno
                0x000000000000a33e       0x90 build/sky/contiki-ng-sky.a(mac-sequence.o)
                0x000000000000a33e                mac_sequence_register_seqno
 .text.parse    0x000000000000a3ce       0xa0 build/sky/contiki-ng-sky.a(framer-802154.o)
 .text.framer_802154_setup_params
                0x000000000000a46e       0xb8 build/sky/contiki-ng-sky.a(framer-802154.o)
                0x000000000000a46e                framer_802154_setup_params
 .text.create_frame
                0x000000000000a526       0xde build/sky/contiki-ng-sky.a(framer-802154.o)
 .text.create   0x000000000000a604        0x8 build/sky/contiki-ng-sky.a(framer-802154.o)
 .text.hdr_length
                0x000000000000a60c        0x8 build/sky/contiki-ng-sky.a(framer-802154.o)
 .text.schedule_transmission
                0x000000000000a614       0x70 build/sky/contiki-ng-sky.a(csma-output.o)
 .text.tx_done  0x000000000000a684       0x9a build/sky/contiki-ng-sky.a(csma-output.o)
 .text.transmit_from_queue
                0x000000000000a71e      0x1bc build/sky/contiki-ng-sky.a(csma-output.o)
 .text.csma_output_packet
                0x000000000000a8da      0x186 build/sky/contiki-ng-sky.a(csma-output.o)
                0x000000000000a8da                csma_output_packet
 .text.csma_output_init
                0x000000000000aa60       0x1a build/sky/contiki-ng-sky.a(csma-output.o)
                0x000000000000aa60                csma_output_init
 .text.csma_security_create_frame
                0x000000000000aa7a       0x10 build/sky/contiki-ng-sky.a(csma-security.o)
                0x000000000000aa7a                csma_security_create_frame
 .text.csma_security_parse_frame
                0x000000000000aa8a        0x6 build/sky/contiki-ng-sky.a(csma-security.o)
                0x000000000000aa8a                csma_security_parse_frame
 .text.echo_reply_input
                0x000000000000aa90       0x68 build/sky/contiki-ng-sky.a(uip-icmp6.o)
 .text.echo_request_input
                0x000000000000aaf8       0x86 build/sky/contiki-ng-sky.a(uip-icmp6.o)
 .text.uip_icmp6_input
                0x000000000000ab7e       0x48 build/sky/contiki-ng-sky.a(uip-icmp6.o)
                0x000000000000ab7e                uip_icmp6_input
 .text.uip_icmp6_register_input_handler
                0x000000000000abc6        0xc build/sky/contiki-ng-sky.a(uip-icmp6.o)
                0x000000000000abc6                uip_icmp6_register_input_handler
 .text.uip_icmp6_error_output
                0x000000000000abd2      0x146 build/sky/contiki-ng-sky.a(uip-icmp6.o)
                0x000000000000abd2                uip_icmp6_error_output
 .text.uip_icmp6_send
                0x000000000000ad18       0x8e build/sky/contiki-ng-sky.a(uip-icmp6.o)
                0x000000000000ad18                uip_icmp6_send
 .text.uip_icmp6_init
                0x000000000000ada6       0x12 build/sky/contiki-ng-sky.a(uip-icmp6.o)
                0x000000000000ada6                uip_icmp6_init
 .text.ns_input
                0x000000000000adb8      0x286 build/sky/contiki-ng-sky.a(uip-nd6.o)
 .text.uip_nd6_init
                0x000000000000b03e        0xa build/sky/contiki-ng-sky.a(uip-nd6.o)
                0x000000000000b03e                uip_nd6_init
 .text.node_matches_address.part.0
                0x000000000000b048       0x2e build/sky/contiki-ng-sky.a(uip-sr.o)
 .text.uip_sr_get_node
                0x000000000000b076       0x44 build/sky/contiki-ng-sky.a(uip-sr.o)
                0x000000000000b076                uip_sr_get_node
 .text.uip_sr_is_addr_reachable
                0x000000000000b0ba       0x4e build/sky/contiki-ng-sky.a(uip-sr.o)
                0x000000000000b0ba                uip_sr_is_addr_reachable
 .text.uip_sr_expire_parent
                0x000000000000b108       0x42 build/sky/contiki-ng-sky.a(uip-sr.o)
                0x000000000000b108                uip_sr_expire_parent
 .text.uip_sr_update_node
                0x000000000000b14a       0xbc build/sky/contiki-ng-sky.a(uip-sr.o)
                0x000000000000b14a                uip_sr_update_node
 .text.uip_sr_init
                0x000000000000b206       0x16 build/sky/contiki-ng-sky.a(uip-sr.o)
                0x000000000000b206                uip_sr_init
 .text.uip_sr_periodic
                0x000000000000b21c       0x9a build/sky/contiki-ng-sky.a(uip-sr.o)
                0x000000000000b21c                uip_sr_periodic
 .text.uip_sr_free_all
                0x000000000000b2b6       0x3c build/sky/contiki-ng-sky.a(uip-sr.o)
                0x000000000000b2b6                uip_sr_free_all
 .text.rpl_dag_root_set_prefix
                0x000000000000b2f2       0x62 build/sky/contiki-ng-sky.a(rpl-dag-root.o)
                0x000000000000b2f2                rpl_dag_root_set_prefix
 .text.rpl_dag_root_start
                0x000000000000b354       0x8e build/sky/contiki-ng-sky.a(rpl-dag-root.o)
                0x000000000000b354                rpl_dag_root_start
 .text.rpl_dag_root_is_root
                0x000000000000b3e2       0x14 build/sky/contiki-ng-sky.a(rpl-dag-root.o)
                0x000000000000b3e2                rpl_dag_root_is_root
 .text.init_dag
                0x000000000000b3f6       0x84 build/sky/contiki-ng-sky.a(rpl-dag.o)
 .text.process_dio_init_dag
                0x000000000000b47a       0xb0 build/sky/contiki-ng-sky.a(rpl-dag.o)
 .text.rpl_dag_get_root_ipaddr
                0x000000000000b52a       0x1e build/sky/contiki-ng-sky.a(rpl-dag.o)
                0x000000000000b52a                rpl_dag_get_root_ipaddr
 .text.rpl_dag_leave
                0x000000000000b548       0x4a build/sky/contiki-ng-sky.a(rpl-dag.o)
                0x000000000000b548                rpl_dag_leave
 .text.rpl_dag_poison_and_leave
                0x000000000000b592        0xc build/sky/contiki-ng-sky.a(rpl-dag.o)
                0x000000000000b592                rpl_dag_poison_and_leave
 .text.rpl_dag_periodic
                0x000000000000b59e       0x6a build/sky/contiki-ng-sky.a(rpl-dag.o)
                0x000000000000b59e                rpl_dag_periodic
 .text.rpl_is_addr_in_our_dag
                0x000000000000b608       0x34 build/sky/contiki-ng-sky.a(rpl-dag.o)
                0x000000000000b608                rpl_is_addr_in_our_dag
 .text.rpl_local_repair
                0x000000000000b63c       0x2a build/sky/contiki-ng-sky.a(rpl-dag.o)
                0x000000000000b63c                rpl_local_repair
 .text.rpl_global_repair
                0x000000000000b666       0x2e build/sky/contiki-ng-sky.a(rpl-dag.o)
                0x000000000000b666                rpl_global_repair
 .text.rpl_dag_ready_to_advertise
                0x000000000000b694       0x22 build/sky/contiki-ng-sky.a(rpl-dag.o)
                0x000000000000b694                rpl_dag_ready_to_advertise
 .text.rpl_dag_update_state
                0x000000000000b6b6      0x140 build/sky/contiki-ng-sky.a(rpl-dag.o)
                0x000000000000b6b6                rpl_dag_update_state
 .text.rpl_process_dio
                0x000000000000b7f6      0x1b6 build/sky/contiki-ng-sky.a(rpl-dag.o)
                0x000000000000b7f6                rpl_process_dio
 .text.rpl_process_dis
                0x000000000000b9ac       0x2a build/sky/contiki-ng-sky.a(rpl-dag.o)
                0x000000000000b9ac                rpl_process_dis
 .text.rpl_process_dao
                0x000000000000b9d6       0x6c build/sky/contiki-ng-sky.a(rpl-dag.o)
                0x000000000000b9d6                rpl_process_dao
 .text.rpl_process_dao_ack
                0x000000000000ba42       0x54 build/sky/contiki-ng-sky.a(rpl-dag.o)
                0x000000000000ba42                rpl_process_dao_ack
 .text.rpl_process_hbh
                0x000000000000ba96       0x2e build/sky/contiki-ng-sky.a(rpl-dag.o)
                0x000000000000ba96                rpl_process_hbh
 .text.rpl_dag_init_root
                0x000000000000bac4       0xbc build/sky/contiki-ng-sky.a(rpl-dag.o)
                0x000000000000bac4                rpl_dag_init_root
 .text.rpl_dag_init
                0x000000000000bb80       0x10 build/sky/contiki-ng-sky.a(rpl-dag.o)
                0x000000000000bb80                rpl_dag_init
 .text.update_hbh_header
                0x000000000000bb90       0x4a build/sky/contiki-ng-sky.a(rpl-ext-header.)
 .text.rpl_ext_header_srh_get_next_hop
                0x000000000000bbda       0x84 build/sky/contiki-ng-sky.a(rpl-ext-header.)
                0x000000000000bbda                rpl_ext_header_srh_get_next_hop
 .text.rpl_ext_header_srh_update
                0x000000000000bc5e      0x118 build/sky/contiki-ng-sky.a(rpl-ext-header.)
                0x000000000000bc5e                rpl_ext_header_srh_update
 .text.rpl_ext_header_hbh_update
                0x000000000000bd76       0x9e build/sky/contiki-ng-sky.a(rpl-ext-header.)
                0x000000000000bd76                rpl_ext_header_hbh_update
 .text.rpl_ext_header_remove
                0x000000000000be14       0xcc build/sky/contiki-ng-sky.a(rpl-ext-header.)
                0x000000000000be14                rpl_ext_header_remove
 .text.rpl_ext_header_update
                0x000000000000bee0      0x2aa build/sky/contiki-ng-sky.a(rpl-ext-header.)
                0x000000000000bee0                rpl_ext_header_update
 .text.get32    0x000000000000c18a       0x46 build/sky/contiki-ng-sky.a(rpl-icmp6.o)
 .text.set32    0x000000000000c1d0       0x2a build/sky/contiki-ng-sky.a(rpl-icmp6.o)
 .text.get16    0x000000000000c1fa        0xe build/sky/contiki-ng-sky.a(rpl-icmp6.o)
 .text.set16    0x000000000000c208       0x10 build/sky/contiki-ng-sky.a(rpl-icmp6.o)
 .text.dao_ack_input
                0x000000000000c218       0x2a build/sky/contiki-ng-sky.a(rpl-icmp6.o)
 .text.dao_input
                0x000000000000c242      0x13e build/sky/contiki-ng-sky.a(rpl-icmp6.o)
 .text.dio_input
                0x000000000000c380      0x29c build/sky/contiki-ng-sky.a(rpl-icmp6.o)
 .text.dis_input
                0x000000000000c61c       0x1e build/sky/contiki-ng-sky.a(rpl-icmp6.o)
 .text.rpl_icmp6_update_nbr_table
                0x000000000000c63a       0x36 build/sky/contiki-ng-sky.a(rpl-icmp6.o)
                0x000000000000c63a                rpl_icmp6_update_nbr_table
 .text.rpl_icmp6_dis_output
                0x000000000000c670       0x34 build/sky/contiki-ng-sky.a(rpl-icmp6.o)
                0x000000000000c670                rpl_icmp6_dis_output
 .text.rpl_icmp6_dio_output
                0x000000000000c6a4      0x23a build/sky/contiki-ng-sky.a(rpl-icmp6.o)
                0x000000000000c6a4                rpl_icmp6_dio_output
 .text.rpl_icmp6_dao_output
                0x000000000000c8de       0xe6 build/sky/contiki-ng-sky.a(rpl-icmp6.o)
                0x000000000000c8de                rpl_icmp6_dao_output
 .text.rpl_icmp6_dao_ack_output
                0x000000000000c9c4       0x44 build/sky/contiki-ng-sky.a(rpl-icmp6.o)
                0x000000000000c9c4                rpl_icmp6_dao_ack_output
 .text.rpl_icmp6_init
                0x000000000000ca08       0x22 build/sky/contiki-ng-sky.a(rpl-icmp6.o)
                0x000000000000ca08                rpl_icmp6_init
 .text.reset    0x000000000000ca2a        0x2 build/sky/contiki-ng-sky.a(rpl-mrhof.o)
 .text.update_metric_container
                0x000000000000ca2c        0x6 build/sky/contiki-ng-sky.a(rpl-mrhof.o)
 .text.nbr_link_metric
                0x000000000000ca32       0x12 build/sky/contiki-ng-sky.a(rpl-mrhof.o)
 .text.nbr_has_usable_link
                0x000000000000ca44       0x14 build/sky/contiki-ng-sky.a(rpl-mrhof.o)
 .text.nbr_path_cost
                0x000000000000ca58       0x38 build/sky/contiki-ng-sky.a(rpl-mrhof.o)
 .text.within_hysteresis
                0x000000000000ca90       0x54 build/sky/contiki-ng-sky.a(rpl-mrhof.o)
 .text.nbr_is_acceptable_parent
                0x000000000000cae4       0x2c build/sky/contiki-ng-sky.a(rpl-mrhof.o)
 .text.rank_via_nbr
                0x000000000000cb10       0x48 build/sky/contiki-ng-sky.a(rpl-mrhof.o)
 .text.best_parent
                0x000000000000cb58       0x7c build/sky/contiki-ng-sky.a(rpl-mrhof.o)
 .text.get_rank
                0x000000000000cbd4       0x16 build/sky/contiki-ng-sky.a(rpl-nbr-policy.)
 .text.rpl_nbr_gc_get_worst
                0x000000000000cbea       0x28 build/sky/contiki-ng-sky.a(rpl-nbr-policy.)
                0x000000000000cbea                rpl_nbr_gc_get_worst
 .text.remove_neighbor
                0x000000000000cc12       0x24 build/sky/contiki-ng-sky.a(rpl-neighbor.o)
 .text.rpl_neighbor_get_from_lladdr
                0x000000000000cc36        0xc build/sky/contiki-ng-sky.a(rpl-neighbor.o)
                0x000000000000cc36                rpl_neighbor_get_from_lladdr
 .text.rpl_neighbor_rank_via_nbr
                0x000000000000cc42       0x18 build/sky/contiki-ng-sky.a(rpl-neighbor.o)
                0x000000000000cc42                rpl_neighbor_rank_via_nbr
 .text.rpl_neighbor_get_lladdr
                0x000000000000cc5a        0xc build/sky/contiki-ng-sky.a(rpl-neighbor.o)
                0x000000000000cc5a                rpl_neighbor_get_lladdr
 .text.rpl_neighbor_get_ipaddr
                0x000000000000cc66        0xa build/sky/contiki-ng-sky.a(rpl-neighbor.o)
                0x000000000000cc66                rpl_neighbor_get_ipaddr
 .text.rpl_neighbor_get_link_stats
                0x000000000000cc70        0xa build/sky/contiki-ng-sky.a(rpl-neighbor.o)
                0x000000000000cc70                rpl_neighbor_get_link_stats
 .text.rpl_neighbor_is_fresh
                0x000000000000cc7a        0xa build/sky/contiki-ng-sky.a(rpl-neighbor.o)
                0x000000000000cc7a                rpl_neighbor_is_fresh
 .text.best_parent
                0x000000000000cc84       0xb2 build/sky/contiki-ng-sky.a(rpl-neighbor.o)
 .text.rpl_neighbor_set_preferred_parent
                0x000000000000cd36       0x48 build/sky/contiki-ng-sky.a(rpl-neighbor.o)
                0x000000000000cd36                rpl_neighbor_set_preferred_parent
 .text.rpl_neighbor_remove_all
                0x000000000000cd7e       0x30 build/sky/contiki-ng-sky.a(rpl-neighbor.o)
                0x000000000000cd7e                rpl_neighbor_remove_all
 .text.rpl_neighbor_get_from_ipaddr
                0x000000000000cdae       0x14 build/sky/contiki-ng-sky.a(rpl-neighbor.o)
                0x000000000000cdae                rpl_neighbor_get_from_ipaddr
 .text.rpl_neighbor_select_best
                0x000000000000cdc2       0x54 build/sky/contiki-ng-sky.a(rpl-neighbor.o)
                0x000000000000cdc2                rpl_neighbor_select_best
 .text.rpl_neighbor_init
                0x000000000000ce16        0xe build/sky/contiki-ng-sky.a(rpl-neighbor.o)
                0x000000000000ce16                rpl_neighbor_init
 .text.handle_state_update
                0x000000000000ce24        0x6 build/sky/contiki-ng-sky.a(rpl-timers.o)
 .text.handle_leaving_timer
                0x000000000000ce2a        0xc build/sky/contiki-ng-sky.a(rpl-timers.o)
 .text.schedule_dao_retransmission
                0x000000000000ce36       0x34 build/sky/contiki-ng-sky.a(rpl-timers.o)
 .text.new_dio_interval
                0x000000000000ce6a       0x8a build/sky/contiki-ng-sky.a(rpl-timers.o)
 .text.handle_unicast_dio_timer
                0x000000000000cef4       0x12 build/sky/contiki-ng-sky.a(rpl-timers.o)
 .text.send_new_dao
                0x000000000000cf06       0x28 build/sky/contiki-ng-sky.a(rpl-timers.o)
 .text.resend_dao
                0x000000000000cf2e       0x24 build/sky/contiki-ng-sky.a(rpl-timers.o)
 .text.handle_dao_ack_timer
                0x000000000000cf52       0x12 build/sky/contiki-ng-sky.a(rpl-timers.o)
 .text.handle_dio_timer
                0x000000000000cf64       0x6e build/sky/contiki-ng-sky.a(rpl-timers.o)
 .text.rpl_timers_schedule_periodic_dis
                0x000000000000cfd2       0x40 build/sky/contiki-ng-sky.a(rpl-timers.o)
                0x000000000000cfd2                rpl_timers_schedule_periodic_dis
 .text.handle_periodic_timer
                0x000000000000d012       0x3a build/sky/contiki-ng-sky.a(rpl-timers.o)
 .text.handle_dis_timer
                0x000000000000d04c       0x26 build/sky/contiki-ng-sky.a(rpl-timers.o)
 .text.rpl_timers_dio_reset
                0x000000000000d072       0x2e build/sky/contiki-ng-sky.a(rpl-timers.o)
                0x000000000000d072                rpl_timers_dio_reset
 .text.rpl_timers_schedule_unicast_dio
                0x000000000000d0a0       0x20 build/sky/contiki-ng-sky.a(rpl-timers.o)
                0x000000000000d0a0                rpl_timers_schedule_unicast_dio
 .text.rpl_timers_schedule_dao
                0x000000000000d0c0       0x3c build/sky/contiki-ng-sky.a(rpl-timers.o)
                0x000000000000d0c0                rpl_timers_schedule_dao
 .text.rpl_timers_schedule_dao_ack
                0x000000000000d0fc       0x34 build/sky/contiki-ng-sky.a(rpl-timers.o)
                0x000000000000d0fc                rpl_timers_schedule_dao_ack
 .text.rpl_timers_notify_dao_ack
                0x000000000000d130       0x82 build/sky/contiki-ng-sky.a(rpl-timers.o)
                0x000000000000d130                rpl_timers_notify_dao_ack
 .text.get_probing_delay
                0x000000000000d1b2       0x1c build/sky/contiki-ng-sky.a(rpl-timers.o)
                0x000000000000d1b2                get_probing_delay
 .text.get_probing_target
                0x000000000000d1ce       0xee build/sky/contiki-ng-sky.a(rpl-timers.o)
                0x000000000000d1ce                get_probing_target
 .text.rpl_schedule_probing
                0x000000000000d2bc       0x20 build/sky/contiki-ng-sky.a(rpl-timers.o)
                0x000000000000d2bc                rpl_schedule_probing
 .text.handle_probing_timer
                0x000000000000d2dc       0x2a build/sky/contiki-ng-sky.a(rpl-timers.o)
 .text.rpl_schedule_probing_now
                0x000000000000d306       0x24 build/sky/contiki-ng-sky.a(rpl-timers.o)
                0x000000000000d306                rpl_schedule_probing_now
 .text.rpl_timers_unschedule_leaving
                0x000000000000d32a       0x1c build/sky/contiki-ng-sky.a(rpl-timers.o)
                0x000000000000d32a                rpl_timers_unschedule_leaving
 .text.rpl_timers_schedule_leaving
                0x000000000000d346       0x2a build/sky/contiki-ng-sky.a(rpl-timers.o)
                0x000000000000d346                rpl_timers_schedule_leaving
 .text.rpl_timers_init
                0x000000000000d370       0x1c build/sky/contiki-ng-sky.a(rpl-timers.o)
                0x000000000000d370                rpl_timers_init
 .text.rpl_timers_stop_dag_timers
                0x000000000000d38c       0x4c build/sky/contiki-ng-sky.a(rpl-timers.o)
                0x000000000000d38c                rpl_timers_stop_dag_timers
 .text.rpl_timers_unschedule_state_update
                0x000000000000d3d8       0x10 build/sky/contiki-ng-sky.a(rpl-timers.o)
                0x000000000000d3d8                rpl_timers_unschedule_state_update
 .text.rpl_timers_schedule_state_update
                0x000000000000d3e8       0x1c build/sky/contiki-ng-sky.a(rpl-timers.o)
                0x000000000000d3e8                rpl_timers_schedule_state_update
 .text.spi_init
                0x000000000000d404       0x30 build/sky/contiki-ng-sky.a(spi-legacy.o)
                0x000000000000d404                spi_init
 .text.mac_call_sent_callback
                0x000000000000d434       0x14 build/sky/contiki-ng-sky.a(mac.o)
                0x000000000000d434                mac_call_sent_callback
 .text.frame802154_get_pan_id
                0x000000000000d448        0x6 build/sky/contiki-ng-sky.a(frame802154.o)
                0x000000000000d448                frame802154_get_pan_id
 .text.frame802154_has_panid
                0x000000000000d44e       0xe0 build/sky/contiki-ng-sky.a(frame802154.o)
                0x000000000000d44e                frame802154_has_panid
 .text.field_len
                0x000000000000d52e       0xac build/sky/contiki-ng-sky.a(frame802154.o)
 .text.frame802154_is_broadcast_addr
                0x000000000000d5da       0x28 build/sky/contiki-ng-sky.a(frame802154.o)
                0x000000000000d5da                frame802154_is_broadcast_addr
 .text.frame802154_hdrlen
                0x000000000000d602       0x32 build/sky/contiki-ng-sky.a(frame802154.o)
                0x000000000000d602                frame802154_hdrlen
 .text.frame802154_create_fcf
                0x000000000000d634       0x96 build/sky/contiki-ng-sky.a(frame802154.o)
                0x000000000000d634                frame802154_create_fcf
 .text.frame802154_create
                0x000000000000d6ca       0xe4 build/sky/contiki-ng-sky.a(frame802154.o)
                0x000000000000d6ca                frame802154_create
 .text.frame802154_parse_fcf
                0x000000000000d7ae       0xbc build/sky/contiki-ng-sky.a(frame802154.o)
                0x000000000000d7ae                frame802154_parse_fcf
 .text.frame802154_parse
                0x000000000000d86a      0x168 build/sky/contiki-ng-sky.a(frame802154.o)
                0x000000000000d86a                frame802154_parse
 .text.libgcc   0x000000000000d9d2       0x2c /usr/local/Cellar/gcc-msp430/4.7.0-20120911_2/lib/gcc/msp430/4.7.0/mmpy-16/libgcc.a(_mulsi3.o)
                0x000000000000d9d2                __mulsi3
 .text.libgcc   0x000000000000d9fe       0x22 /usr/local/Cellar/gcc-msp430/4.7.0-20120911_2/lib/gcc/msp430/4.7.0/mmpy-16/libgcc.a(_udivmod16.o)
                0x000000000000d9fe                __udivhi3
                0x000000000000d9fe                __ext_udivmod16
                0x000000000000da18                __umodhi3
 .text.libgcc   0x000000000000da20       0x3a /usr/local/Cellar/gcc-msp430/4.7.0-20120911_2/lib/gcc/msp430/4.7.0/mmpy-16/libgcc.a(_divmod16.o)
                0x000000000000da20                __ext_divmod16
                0x000000000000da20                __divhi3
                0x000000000000da52                __modhi3
 .text.libgcc   0x000000000000da5a       0x40 /usr/local/Cellar/gcc-msp430/4.7.0-20120911_2/lib/gcc/msp430/4.7.0/mmpy-16/libgcc.a(_udivmod32.o)
                0x000000000000da5a                __udivsi3
                0x000000000000da5a                __ext_udivmod32
                0x000000000000da90                __umodsi3
 .text.libgcc   0x000000000000da9a       0x4c /usr/local/Cellar/gcc-msp430/4.7.0-20120911_2/lib/gcc/msp430/4.7.0/mmpy-16/libgcc.a(_divmod32.o)
                0x000000000000da9a                __ext_divmod32
                0x000000000000da9a                __divsi3
                0x000000000000dadc                __modsi3
 .text          0x000000000000dae6      0x204 /usr/local/Cellar/gcc-msp430/4.7.0-20120911_2/lib/gcc/msp430/4.7.0/mmpy-16/libgcc.a(_mul_sf.o)
                0x000000000000dae6                __mulsf3
 .text          0x000000000000dcea       0x4e /usr/local/Cellar/gcc-msp430/4.7.0-20120911_2/lib/gcc/msp430/4.7.0/mmpy-16/libgcc.a(_lt_sf.o)
                0x000000000000dcea                __ltsf2
 .text          0x000000000000dd38       0xa8 /usr/local/Cellar/gcc-msp430/4.7.0-20120911_2/lib/gcc/msp430/4.7.0/mmpy-16/libgcc.a(_si_to_sf.o)
                0x000000000000dd38                __floatsisf
 .text          0x000000000000dde0       0x72 /usr/local/Cellar/gcc-msp430/4.7.0-20120911_2/lib/gcc/msp430/4.7.0/mmpy-16/libgcc.a(_clzsi2.o)
                0x000000000000dde0                __clzsi2
 .text          0x000000000000de52      0x1da /usr/local/Cellar/gcc-msp430/4.7.0-20120911_2/lib/gcc/msp430/4.7.0/mmpy-16/libgcc.a(_pack_sf.o)
                0x000000000000de52                __pack_f
 .text          0x000000000000e02c      0x13c /usr/local/Cellar/gcc-msp430/4.7.0-20120911_2/lib/gcc/msp430/4.7.0/mmpy-16/libgcc.a(_unpack_sf.o)
                0x000000000000e02c                __unpack_f
 .text          0x000000000000e168       0xa4 /usr/local/Cellar/gcc-msp430/4.7.0-20120911_2/lib/gcc/msp430/4.7.0/mmpy-16/libgcc.a(_fpcmp_parts_sf.o)
                0x000000000000e168                __fpcmp_parts_f
 .text.printf   0x000000000000e20c       0x10 /usr/local/Cellar/gcc-msp430/4.7.0-20120911_2/lib/gcc/msp430/4.7.0/../../../../msp430/lib/mmpy-16/libc.a(printf.o)
                0x000000000000e20c                printf
 .text.append   0x000000000000e21c       0x22 /usr/local/Cellar/gcc-msp430/4.7.0-20120911_2/lib/gcc/msp430/4.7.0/../../../../msp430/lib/mmpy-16/libc.a(sprintf.o)
 .text.call_vuprintf
                0x000000000000e23e       0x3a /usr/local/Cellar/gcc-msp430/4.7.0-20120911_2/lib/gcc/msp430/4.7.0/../../../../msp430/lib/mmpy-16/libc.a(sprintf.o)
 .text.snprintf
                0x000000000000e278       0x1a /usr/local/Cellar/gcc-msp430/4.7.0-20120911_2/lib/gcc/msp430/4.7.0/../../../../msp430/lib/mmpy-16/libc.a(sprintf.o)
                0x000000000000e278                snprintf
 .text.print_field
                0x000000000000e292      0x194 /usr/local/Cellar/gcc-msp430/4.7.0-20120911_2/lib/gcc/msp430/4.7.0/../../../../msp430/lib/mmpy-16/libc.a(vuprintf.o)
 .text.vuprintf
                0x000000000000e426      0x63c /usr/local/Cellar/gcc-msp430/4.7.0-20120911_2/lib/gcc/msp430/4.7.0/../../../../msp430/lib/mmpy-16/libc.a(vuprintf.o)
                0x000000000000e426                vuprintf
 .text.puts     0x000000000000ea62       0x2c /usr/local/Cellar/gcc-msp430/4.7.0-20120911_2/lib/gcc/msp430/4.7.0/../../../../msp430/lib/mmpy-16/libc.a(puts.o)
                0x000000000000ea62                puts
 .text.rand     0x000000000000ea8e       0x26 /usr/local/Cellar/gcc-msp430/4.7.0-20120911_2/lib/gcc/msp430/4.7.0/../../../../msp430/lib/mmpy-16/libc.a(rand.o)
                0x000000000000ea8e                rand
 .text.srand    0x000000000000eab4        0xa /usr/local/Cellar/gcc-msp430/4.7.0-20120911_2/lib/gcc/msp430/4.7.0/../../../../msp430/lib/mmpy-16/libc.a(rand.o)
                0x000000000000eab4                srand
 .text.memcmp   0x000000000000eabe       0x30 /usr/local/Cellar/gcc-msp430/4.7.0-20120911_2/lib/gcc/msp430/4.7.0/../../../../msp430/lib/mmpy-16/libc.a(memcmp.o)
                0x000000000000eabe                memcmp
 .text.memcpy   0x000000000000eaee       0xfa /usr/local/Cellar/gcc-msp430/4.7.0-20120911_2/lib/gcc/msp430/4.7.0/../../../../msp430/lib/mmpy-16/libc.a(memcpy.o)
                0x000000000000eaee                memcpy
 .text.memmove  0x000000000000ebe8       0xfa /usr/local/Cellar/gcc-msp430/4.7.0-20120911_2/lib/gcc/msp430/4.7.0/../../../../msp430/lib/mmpy-16/libc.a(memmove.o)
                0x000000000000ebe8                memmove
 .text.memset   0x000000000000ece2       0x6a /usr/local/Cellar/gcc-msp430/4.7.0-20120911_2/lib/gcc/msp430/4.7.0/../../../../msp430/lib/mmpy-16/libc.a(memset.o)
                0x000000000000ece2                memset
 .text.libgcc   0x000000000000ed4c       0xf0 /usr/local/Cellar/gcc-msp430/4.7.0-20120911_2/lib/gcc/msp430/4.7.0/mmpy-16/libgcc.a(_udivmod64.o)
                0x000000000000ed4c                __xabi_udivmod64
                0x000000000000edaa                __udivdi3
                0x000000000000edd0                __umoddi3
                0x000000000000edfe                __udivmoddi4
 .text.crt0     0x000000000000ee3c        0x2 /usr/local/Cellar/gcc-msp430/4.7.0-20120911_2/lib/gcc/msp430/4.7.0/mmpy-16/libcrt0.a(_unexpected_.o)
                0x000000000000ee3c                _unexpected_
 *(.near.text .near.text.*)

.rodata         0x000000000000ee40      0x6c1
                0x000000000000ee40                . = ALIGN (0x2)
 *(.rodata .rodata.* .gnu.linkonce.r.*)
 .rodata        0x000000000000ee40       0x6e udp-client.o
                0x000000000000ee9e                autostart_processes
 .rodata        0x000000000000eeae       0x8f build/sky/obj/miti.o
 .rodata        0x000000000000ef3d       0xf4 build/sky/obj/contiki-main.o
 .rodata        0x000000000000f031       0x31 build/sky/contiki-ng-sky.a(platform.o)
 .rodata        0x000000000000f062        0xf build/sky/contiki-ng-sky.a(ctimer.o)
 .rodata        0x000000000000f071        0xc build/sky/contiki-ng-sky.a(etimer.o)
 *fill*         0x000000000000f07d        0x1 00
 .rodata        0x000000000000f07e       0xb6 build/sky/contiki-ng-sky.a(log.o)
 .rodata        0x000000000000f134       0x6a build/sky/contiki-ng-sky.a(stack-check.o)
 .rodata        0x000000000000f19e        0x8 build/sky/contiki-ng-sky.a(linkaddr.o)