Archive member included because of file (symbol)

build/sky/contiki-ng-sky.a(contiki-sky-pla)
                              build/sky/obj/sensors.o (sensors_flags)
build/sky/contiki-ng-sky.a(button-sensor.o)
                              build/sky/contiki-ng-sky.a(contiki-sky-pla) (button_sensor)
build/sky/contiki-ng-sky.a(cc2420.o)
                              build/sky/obj/miti.o (cc2420_driver)
build/sky/contiki-ng-sky.a(cc2420-arch.o)
                              build/sky/contiki-ng-sky.a(cc2420.o) (cc2420_arch_init)
build/sky/contiki-ng-sky.a(uart1-putchar.o)
                              udp-server.o (putchar)
build/sky/contiki-ng-sky.a(platform.o)
                              build/sky/obj/contiki-main.o (platform_init_stage_one)
build/sky/contiki-ng-sky.a(msp430.o)
                              build/sky/contiki-ng-sky.a(platform.o) (msp430_dco_required)
build/sky/contiki-ng-sky.a(clock.o)
                              build/sky/obj/contiki-main.o (clock_init)
build/sky/contiki-ng-sky.a(leds.o)
                              build/sky/contiki-ng-sky.a(platform.o) (leds_init)
build/sky/contiki-ng-sky.a(leds-arch.o)
                              build/sky/contiki-ng-sky.a(leds.o) (leds_arch_init)
build/sky/contiki-ng-sky.a(watchdog.o)
                              build/sky/obj/contiki-main.o (watchdog_start)
build/sky/contiki-ng-sky.a(rtimer-arch.o)
                              build/sky/contiki-ng-sky.a(cc2420.o) (rtimer_arch_now)
build/sky/contiki-ng-sky.a(autostart.o)
                              build/sky/obj/contiki-main.o (autostart_start)
build/sky/contiki-ng-sky.a(ctimer.o)
                              build/sky/obj/contiki-main.o (ctimer_init)
build/sky/contiki-ng-sky.a(energest.o)
                              build/sky/obj/contiki-main.o (energest_init)
build/sky/contiki-ng-sky.a(etimer.o)
                              build/sky/contiki-ng-sky.a(clock.o) (etimer_request_poll)
build/sky/contiki-ng-sky.a(log.o)
                              udp-server.o (log_6addr)
build/sky/contiki-ng-sky.a(node-id.o)
                              build/sky/obj/contiki-main.o (node_id_init)
build/sky/contiki-ng-sky.a(process.o)
                              build/sky/contiki-ng-sky.a(ctimer.o) (process_current)
build/sky/contiki-ng-sky.a(rtimer.o)
                              build/sky/obj/contiki-main.o (rtimer_init)
build/sky/contiki-ng-sky.a(stack-check.o)
                              build/sky/obj/contiki-main.o (stack_check_init)
build/sky/contiki-ng-sky.a(timer.o)
                              build/sky/contiki-ng-sky.a(button-sensor.o) (timer_set)
build/sky/contiki-ng-sky.a(list.o)
                              build/sky/contiki-ng-sky.a(ctimer.o) (list_init)
build/sky/contiki-ng-sky.a(random.o)
                              build/sky/contiki-ng-sky.a(platform.o) (random_init)
build/sky/contiki-ng-sky.a(linkaddr.o)
                              build/sky/contiki-ng-sky.a(platform.o) (linkaddr_copy)
build/sky/contiki-ng-sky.a(netstack.o)
                              build/sky/obj/contiki-main.o (netstack_init)
build/sky/contiki-ng-sky.a(packetbuf.o)
                              build/sky/contiki-ng-sky.a(cc2420.o) (packetbuf_set_datalen)
build/sky/contiki-ng-sky.a(queuebuf.o)
                              build/sky/obj/contiki-main.o (queuebuf_init)
build/sky/contiki-ng-sky.a(csma.o)
                              build/sky/obj/contiki-main.o (csma_driver)
build/sky/contiki-ng-sky.a(sicslowpan.o)
                              build/sky/obj/contiki-main.o (sicslowpan_driver)
build/sky/contiki-ng-sky.a(simple-udp.o)
                              udp-server.o (simple_udp_sendto)
build/sky/contiki-ng-sky.a(tcpip.o)
                              build/sky/contiki-ng-sky.a(simple-udp.o) (udp_new)
build/sky/contiki-ng-sky.a(uip-ds6-nbr.o)
                              build/sky/contiki-ng-sky.a(tcpip.o) (uip_ds6_nbr_add)
build/sky/contiki-ng-sky.a(uip-ds6-route.o)
                              build/sky/contiki-ng-sky.a(tcpip.o) (uip_ds6_route_nexthop)
build/sky/contiki-ng-sky.a(uip-ds6.o)
                              build/sky/contiki-ng-sky.a(tcpip.o) (uip_ds6_is_addr_onlink)
build/sky/contiki-ng-sky.a(uip-udp-packet.)
                              build/sky/contiki-ng-sky.a(simple-udp.o) (uip_udp_packet_sendto)
build/sky/contiki-ng-sky.a(uip6.o)
                              build/sky/contiki-ng-sky.a(sicslowpan.o) (uip_aligned_buf)
build/sky/contiki-ng-sky.a(uipbuf.o)
                              build/sky/contiki-ng-sky.a(uip6.o) (uipbuf_add_ext_hdr)
build/sky/contiki-ng-sky.a(uiplib.o)
                              build/sky/contiki-ng-sky.a(log.o) (uiplib_ipaddr_snprint)
build/sky/contiki-ng-sky.a(rpl.o)
                              udp-server.o (rpl_lite_driver)
build/sky/contiki-ng-sky.a(spi-legacy.o)
                              build/sky/contiki-ng-sky.a(cc2420-arch.o) (spi_init)
build/sky/contiki-ng-sky.a(ds2411.o)
[...]
Memory Configuration

Name             Origin             Length             Attributes
sfr              0x0000000000000000 0x0000000000000010
peripheral_8bit  0x0000000000000010 0x00000000000000f0
peripheral_16bit 0x0000000000000100 0x0000000000000100
ram_mirror       0x0000000000000200 0x0000000000000800 xw
infomem          0x0000000000001000 0x0000000000000100
infob            0x0000000000001000 0x0000000000000080
infoa            0x0000000000001080 0x0000000000000080
ram              0x0000000000001100 0x0000000000002800 xw
rom              0x0000000000004000 0x000000000000bfe0 xr
vectors          0x000000000000ffe0 0x0000000000000020
bsl              0x0000000000000000 0x0000000000000000
infoc            0x0000000000000000 0x0000000000000000
infod            0x0000000000000000 0x0000000000000000
ram2             0x0000000000000000 0x0000000000000000 xw
signature        0x0000000000000000 0x0000000000000000
usbram           0x0000000000000000 0x0000000000000000 xw
far_rom          0x0000000000000000 0x0000000000000000
*default*        0x0000000000000000 0xffffffffffffffff

Linker script and memory map

LOAD /usr/local/Cellar/gcc-msp430/4.7.0-20120911_2/lib/gcc/msp430/4.7.0/mmpy-16/crt0ivtbl16.o
                0x0000000000002db4                _stack = _end
LOAD udp-server.o
LOAD build/sky/obj/miti.o
LOAD build/sky/obj/sensors.o
LOAD build/sky/obj/pir-sensor.o
LOAD build/sky/obj/simEnvChange.o
LOAD build/sky/obj/contiki-main.o
LOAD build/sky/contiki-ng-sky.a
LOAD /usr/local/Cellar/gcc-msp430/4.7.0-20120911_2/lib/gcc/msp430/4.7.0/mmpy-16/libgcc.a
LOAD /usr/local/Cellar/gcc-msp430/4.7.0-20120911_2/lib/gcc/msp430/4.7.0/../../../../msp430/lib/mmpy-16/libc.a
LOAD /usr/local/Cellar/gcc-msp430/4.7.0-20120911_2/lib/gcc/msp430/4.7.0/mmpy-16/libgcc.a
LOAD /usr/local/Cellar/gcc-msp430/4.7.0-20120911_2/lib/gcc/msp430/4.7.0/mmpy-16/libcrt0.a
                0x0000000000000080                PROVIDE (__info_segment_size, 0x80)
                0x0000000000001000                PROVIDE (__infob, 0x1000)
                0x0000000000001080                PROVIDE (__infoa, 0x1080)
                0x0000000000000000                __IE1 = 0x0
                0x0000000000000002                __IFG1 = 0x2
                0x0000000000000004                __ME1 = 0x4
                0x0000000000000001                __IE2 = 0x1
                0x0000000000000003                __IFG2 = 0x3
                0x0000000000000005                __ME2 = 0x5
                0x0000000000000120                __WDTCTL = 0x120
                0x0000000000000130                __MPY = 0x130
                0x0000000000000132                __MPYS = 0x132
                0x0000000000000134                __MAC = 0x134
                0x0000000000000136                __MACS = 0x136
                0x0000000000000138                __OP2 = 0x138
                0x000000000000013a                __RESLO = 0x13a
                0x000000000000013c                __RESHI = 0x13c
                0x000000000000013e                __SUMEXT = 0x13e
                0x0000000000000020                __P1IN = 0x20
                0x0000000000000021                __P1OUT = 0x21
                0x0000000000000022                __P1DIR = 0x22
                0x0000000000000023                __P1IFG = 0x23
                0x0000000000000024                __P1IES = 0x24
                0x0000000000000025                __P1IE = 0x25
                0x0000000000000026                __P1SEL = 0x26
                0x0000000000000028                __P2IN = 0x28
                0x0000000000000029                __P2OUT = 0x29
                0x000000000000002a                __P2DIR = 0x2a
                0x000000000000002b                __P2IFG = 0x2b
                0x000000000000002c                __P2IES = 0x2c
                0x000000000000002d                __P2IE = 0x2d
                0x000000000000002e                __P2SEL = 0x2e
                0x0000000000000018                __P3IN = 0x18
                0x0000000000000019                __P3OUT = 0x19
                0x000000000000001a                __P3DIR = 0x1a
                0x000000000000001b                __P3SEL = 0x1b
                0x000000000000001c                __P4IN = 0x1c
                0x000000000000001d                __P4OUT = 0x1d
                0x000000000000001e                __P4DIR = 0x1e
                0x000000000000001f                __P4SEL = 0x1f
                0x0000000000000030                __P5IN = 0x30
                0x0000000000000031                __P5OUT = 0x31
                0x0000000000000032                __P5DIR = 0x32
                0x0000000000000033                __P5SEL = 0x33
                0x0000000000000034                __P6IN = 0x34
                0x0000000000000035                __P6OUT = 0x35
                0x0000000000000036                __P6DIR = 0x36
                0x0000000000000037                __P6SEL = 0x37
                0x0000000000000070                __U0CTL = 0x70
                0x0000000000000071                __U0TCTL = 0x71
                0x0000000000000072                __U0RCTL = 0x72
                0x0000000000000073                __U0MCTL = 0x73
                0x0000000000000074                __U0BR0 = 0x74
                0x0000000000000075                __U0BR1 = 0x75
                0x0000000000000076                __U0RXBUF = 0x76
                0x0000000000000077                __U0TXBUF = 0x77
                0x0000000000000078                __U1CTL = 0x78
                0x0000000000000079                __U1TCTL = 0x79
                0x000000000000007a                __U1RCTL = 0x7a
                0x000000000000007b                __U1MCTL = 0x7b
                0x000000000000007c                __U1BR0 = 0x7c
                0x000000000000007d                __U1BR1 = 0x7d
                0x000000000000007e                __U1RXBUF = 0x7e
                0x000000000000007f                __U1TXBUF = 0x7f
                0x0000000000000050                __I2CIE = 0x50
                0x0000000000000051                __I2CIFG = 0x51
                0x0000000000000052                __I2CNDAT = 0x52
                0x0000000000000071                __I2CTCTL = 0x71
                0x0000000000000072                __I2CDCTL = 0x72
                0x0000000000000073                __I2CPSC = 0x73
                0x0000000000000074                __I2CSCLH = 0x74
                0x0000000000000075                __I2CSCLL = 0x75
                0x0000000000000076                __I2CDRB = 0x76
                0x0000000000000076                __I2CDRW = 0x76
                0x0000000000000118                __I2COA = 0x118
                0x000000000000011a                __I2CSA = 0x11a
                0x000000000000011c                __I2CIV = 0x11c
                0x000000000000012e                __TAIV = 0x12e
                0x0000000000000160                __TACTL = 0x160
                0x0000000000000162                __TACCTL0 = 0x162
                0x0000000000000164                __TACCTL1 = 0x164
                0x0000000000000166                __TACCTL2 = 0x166
                0x0000000000000170                __TAR = 0x170
                0x0000000000000172                __TACCR0 = 0x172
                0x0000000000000174                __TACCR1 = 0x174
                0x0000000000000176                __TACCR2 = 0x176
                0x000000000000011e                __TBIV = 0x11e
                0x0000000000000180                __TBCTL = 0x180
                0x0000000000000182                __TBCCTL0 = 0x182
                0x0000000000000184                __TBCCTL1 = 0x184
                0x0000000000000186                __TBCCTL2 = 0x186
                0x0000000000000188                __TBCCTL3 = 0x188
                0x000000000000018a                __TBCCTL4 = 0x18a
                0x000000000000018c                __TBCCTL5 = 0x18c
                0x000000000000018e                __TBCCTL6 = 0x18e
                0x0000000000000190                __TBR = 0x190
                0x0000000000000192                __TBCCR0 = 0x192
                0x0000000000000194                __TBCCR1 = 0x194
                0x0000000000000196                __TBCCR2 = 0x196
                0x0000000000000198                __TBCCR3 = 0x198
                0x000000000000019a                __TBCCR4 = 0x19a
                0x000000000000019c                __TBCCR5 = 0x19c
                0x000000000000019e                __TBCCR6 = 0x19e
                0x0000000000000056                __DCOCTL = 0x56
                0x0000000000000057                __BCSCTL1 = 0x57
                0x0000000000000058                __BCSCTL2 = 0x58
                0x0000000000000055                __SVSCTL = 0x55
                0x0000000000000128                __FCTL1 = 0x128
                0x000000000000012a                __FCTL2 = 0x12a
                0x000000000000012c                __FCTL3 = 0x12c
                0x0000000000000059                __CACTL1 = 0x59
                0x000000000000005a                __CACTL2 = 0x5a
                0x000000000000005b                __CAPD = 0x5b
                0x00000000000001a0                __ADC12CTL0 = 0x1a0
                0x00000000000001a2                __ADC12CTL1 = 0x1a2
                0x00000000000001a4                __ADC12IFG = 0x1a4
                0x00000000000001a6                __ADC12IE = 0x1a6
                0x00000000000001a8                __ADC12IV = 0x1a8
                0x0000000000000140                __ADC12MEM0 = 0x140
                0x0000000000000142                __ADC12MEM1 = 0x142
                0x0000000000000144                __ADC12MEM2 = 0x144
                0x0000000000000146                __ADC12MEM3 = 0x146
                0x0000000000000148                __ADC12MEM4 = 0x148
                0x000000000000014a                __ADC12MEM5 = 0x14a
                0x000000000000014c                __ADC12MEM6 = 0x14c
                0x000000000000014e                __ADC12MEM7 = 0x14e
                0x0000000000000150                __ADC12MEM8 = 0x150
                0x0000000000000152                __ADC12MEM9 = 0x152
                0x0000000000000154                __ADC12MEM10 = 0x154
                0x0000000000000156                __ADC12MEM11 = 0x156
                0x0000000000000158                __ADC12MEM12 = 0x158
                0x000000000000015a                __ADC12MEM13 = 0x15a
                0x000000000000015c                __ADC12MEM14 = 0x15c
                0x000000000000015e                __ADC12MEM15 = 0x15e
                0x0000000000000080                __ADC12MCTL0 = 0x80
                0x0000000000000081                __ADC12MCTL1 = 0x81
                0x0000000000000082                __ADC12MCTL2 = 0x82
                0x0000000000000083                __ADC12MCTL3 = 0x83
                0x0000000000000084                __ADC12MCTL4 = 0x84
                0x0000000000000085                __ADC12MCTL5 = 0x85
                0x0000000000000086                __ADC12MCTL6 = 0x86
                0x0000000000000087                __ADC12MCTL7 = 0x87
                0x0000000000000088                __ADC12MCTL8 = 0x88
                0x0000000000000089                __ADC12MCTL9 = 0x89
                0x000000000000008a                __ADC12MCTL10 = 0x8a
                0x000000000000008b                __ADC12MCTL11 = 0x8b
                0x000000000000008c                __ADC12MCTL12 = 0x8c
                0x000000000000008d                __ADC12MCTL13 = 0x8d
                0x000000000000008e                __ADC12MCTL14 = 0x8e
                0x000000000000008f                __ADC12MCTL15 = 0x8f
                0x00000000000001c0                __DAC12_0CTL = 0x1c0
                0x00000000000001c2                __DAC12_1CTL = 0x1c2
                0x00000000000001c8                __DAC12_0DAT = 0x1c8
                0x00000000000001ca                __DAC12_1DAT = 0x1ca
                0x0000000000000122                __DMACTL0 = 0x122
                0x0000000000000124                __DMACTL1 = 0x124
                0x00000000000001e0                __DMA0CTL = 0x1e0
                0x00000000000001e8                __DMA1CTL = 0x1e8
                0x00000000000001f0                __DMA2CTL = 0x1f0
                0x00000000000001e2                __DMA0SA = 0x1e2
                0x00000000000001e4                __DMA0DA = 0x1e4
                0x00000000000001e6                __DMA0SZ = 0x1e6
                0x00000000000001ea                __DMA1SA = 0x1ea
                0x00000000000001ec                __DMA1DA = 0x1ec
                0x00000000000001ee                __DMA1SZ = 0x1ee
                0x00000000000001f2                __DMA2SA = 0x1f2
                0x00000000000001f4                __DMA2DA = 0x1f4
                0x00000000000001f6                __DMA2SZ = 0x1f6

.hash
 *(.hash)

.dynsym
 *(.dynsym)

.dynstr
 *(.dynstr)

.gnu.version
 *(.gnu.version)

.gnu.version_d
 *(.gnu.version_d)

.gnu.version_r
 *(.gnu.version_r)

.rel.init
 *(.rel.init)

.rela.init
 *(.rela.init)

.rel.fini
 *(.rel.fini)

.rela.fini
 *(.rela.fini)

.rel.text
 *(.rel.text .rel.text.* .rel.gnu.linkonce.t.*)

.rela.text
 *(.rela.text .rela.text.* .rela.gnu.linkonce.t.*)

.rel.rodata
 *(.rel.rodata .rel.rodata.* .rel.gnu.linkonce.r.*)

.rela.rodata
 *(.rela.rodata .rela.rodata.* .rela.gnu.linkonce.r.*)

.rel.data
 *(.rel.data .rel.data.* .rel.gnu.linkonce.d.*)

.rela.data
 *(.rela.data .rela.data.* .rela.gnu.linkonce.d.*)

.rel.bss
 *(.rel.bss .rel.bss.* .rel.gnu.linkonce.b.*)

.rela.bss
 *(.rela.bss .rela.bss.* .rela.gnu.linkonce.b.*)

.rel.ctors
 *(.rel.ctors)

.rela.ctors
 *(.rela.ctors)

.rel.dtors
 *(.rel.dtors)

.rela.dtors
 *(.rela.dtors)

.rel.got
 *(.rel.got)

.rela.got
 *(.rela.got)

.rel.plt
 *(.rel.plt)

.rela.plt
 *(.rela.plt)

.text           0x0000000000004000     0xa4ea
                0x0000000000004000                . = ALIGN (0x2)
 *(.init .init.*)
 *(.init0)
 .init0         0x0000000000004000        0x0 /usr/local/Cellar/gcc-msp430/4.7.0-20120911_2/lib/gcc/msp430/4.7.0/mmpy-16/libcrt0.a(_reset_vector__.o)
                0x0000000000004000                _reset_vector__
 *(.init1)
 .init1         0x0000000000004000        0xc /usr/local/Cellar/gcc-msp430/4.7.0-20120911_2/lib/gcc/msp430/4.7.0/mmpy-16/libcrt0.a(__watchdog_support.o)
                0x0000000000004000                __watchdog_support
 *(.init2)
 .init2         0x000000000000400c        0x4 /usr/local/Cellar/gcc-msp430/4.7.0-20120911_2/lib/gcc/msp430/4.7.0/mmpy-16/libcrt0.a(__init_stack.o)
                0x000000000000400c                __init_stack
 *(.init3)
 .init3         0x0000000000004010        0x0 /usr/local/Cellar/gcc-msp430/4.7.0-20120911_2/lib/gcc/msp430/4.7.0/mmpy-16/libcrt0.a(__low_level_init.o)
                0x0000000000004010                __low_level_init
 *(.init4)
 .init4         0x0000000000004010       0x18 /usr/local/Cellar/gcc-msp430/4.7.0-20120911_2/lib/gcc/msp430/4.7.0/mmpy-16/libcrt0.a(_copy_data.o)
                0x0000000000004010                __do_copy_data
 .init4         0x0000000000004028       0x16 /usr/local/Cellar/gcc-msp430/4.7.0-20120911_2/lib/gcc/msp430/4.7.0/mmpy-16/libcrt0.a(_clear_bss.o)
                0x0000000000004028                __do_clear_bss
 *(.init5)
 *(.init6)
 *(.init7)
 *(.init8)
 *(.init9)
 .init9         0x000000000000403e      0x232 build/sky/obj/contiki-main.o
                0x000000000000403e                main
 *(.fini9)
 .fini9         0x0000000000004270        0x0 /usr/local/Cellar/gcc-msp430/4.7.0-20120911_2/lib/gcc/msp430/4.7.0/mmpy-16/libcrt0.a(__stop_progExec__.o)
                0x0000000000004270                __stop_progExec__
 *(.fini8)
 *(.fini7)
 *(.fini6)
 *(.fini5)
 *(.fini4)
 *(.fini3)
 *(.fini2)
 *(.fini1)
 *(.fini0)
 .fini0         0x0000000000004270        0x6 /usr/local/Cellar/gcc-msp430/4.7.0-20120911_2/lib/gcc/msp430/4.7.0/mmpy-16/libcrt0.a(_endless_loop__.o)
                0x0000000000004270                _endless_loop__
 *(.fini .fini.*)
                0x0000000000004276                . = ALIGN (0x2)
                0x0000000000004276                __ctors_start = .
 *(.ctors)
                0x0000000000004276                __ctors_end = .
                0x0000000000004276                __dtors_start = .
 *(.dtors)
                0x0000000000004276                __dtors_end = .
                0x0000000000004276                . = ALIGN (0x2)
 *(.text .text.* .gnu.linkonce.t.*)
 .text          0x0000000000004276        0x4 /usr/local/Cellar/gcc-msp430/4.7.0-20120911_2/lib/gcc/msp430/4.7.0/mmpy-16/crt0ivtbl16.o
                0x0000000000004276                __isr_9
                0x0000000000004276                __isr_11
                0x0000000000004276                __isr_2
                0x0000000000004276                __isr_7
                0x0000000000004276                __isr_0
                0x0000000000004276                __isr_8
                0x0000000000004276                __isr_3
                0x0000000000004276                __isr_12
                0x0000000000004276                __isr_13
                0x0000000000004276                __isr_14
 .text.process_thread_udp_server_process
                0x000000000000427a       0x32 udp-server.o
 .text.udp_rx_callback
                0x00000000000042ac       0x6c udp-server.o
 .text.process_thread_sensors_process
                0x0000000000004318       0xc2 build/sky/obj/sensors.o
 .text.sensors_changed
                0x00000000000043da       0x2a build/sky/obj/sensors.o
                0x00000000000043da                sensors_changed
 .text.init_platform
                0x0000000000004404        0xc build/sky/contiki-ng-sky.a(contiki-sky-pla)
                0x0000000000004404                init_platform
 .text.status   0x0000000000004410       0x18 build/sky/contiki-ng-sky.a(button-sensor.o)
 .text.value    0x0000000000004428       0x20 build/sky/contiki-ng-sky.a(button-sensor.o)
 .text.configure
                0x0000000000004448       0x4c build/sky/contiki-ng-sky.a(button-sensor.o)
 .text.irq_p2   0x0000000000004494       0x46 build/sky/contiki-ng-sky.a(button-sensor.o)
                0x0000000000004494                irq_p2
                0x0000000000004494                __isr_1
 .text.get_object
                0x00000000000044da        0x4 build/sky/contiki-ng-sky.a(cc2420.o)
 .text.set_object
                0x00000000000044de        0x4 build/sky/contiki-ng-sky.a(cc2420.o)
 .text.strobe   0x00000000000044e2       0x1c build/sky/contiki-ng-sky.a(cc2420.o)
 .text.getreg   0x00000000000044fe       0x4c build/sky/contiki-ng-sky.a(cc2420.o)
 .text.setreg   0x000000000000454a       0x4c build/sky/contiki-ng-sky.a(cc2420.o)
 .text.write_ram
                0x0000000000004596       0x7c build/sky/contiki-ng-sky.a(cc2420.o)
 .text.write_fifo_buf
                0x0000000000004612       0x3c build/sky/contiki-ng-sky.a(cc2420.o)
 .text.get_status
                0x000000000000464e       0x20 build/sky/contiki-ng-sky.a(cc2420.o)
 .text.on       0x000000000000466e       0x1a build/sky/contiki-ng-sky.a(cc2420.o)
 .text.cc2420_receiving_packet
                0x0000000000004688        0xc build/sky/contiki-ng-sky.a(cc2420.o)
 .text.pending_packet
                0x0000000000004694        0x8 build/sky/contiki-ng-sky.a(cc2420.o)
 .text.wait_for_transmission
                0x000000000000469c       0x22 build/sky/contiki-ng-sky.a(cc2420.o)
 .text.wait_for_status
                0x00000000000046be       0x28 build/sky/contiki-ng-sky.a(cc2420.o)
 .text.getrxdata
                0x00000000000046e6       0x50 build/sky/contiki-ng-sky.a(cc2420.o)
 .text.flushrx  0x0000000000004736       0x1a build/sky/contiki-ng-sky.a(cc2420.o)
 .text.off      0x0000000000004750       0x28 build/sky/contiki-ng-sky.a(cc2420.o)
 .text.RELEASE_LOCK
                0x0000000000004778       0x28 build/sky/contiki-ng-sky.a(cc2420.o)
 .text.set_key  0x00000000000047a0       0x18 build/sky/contiki-ng-sky.a(cc2420.o)
 .text.set_frame_filtering
                0x00000000000047b8       0x30 build/sky/contiki-ng-sky.a(cc2420.o)
 .text.set_auto_ack
                0x00000000000047e8       0x30 build/sky/contiki-ng-sky.a(cc2420.o)
 .text.set_poll_mode
                0x0000000000004818       0x2c build/sky/contiki-ng-sky.a(cc2420.o)
 .text.cc2420_prepare
                0x0000000000004844       0x46 build/sky/contiki-ng-sky.a(cc2420.o)
 .text.cc2420_on
                0x000000000000488a       0x22 build/sky/contiki-ng-sky.a(cc2420.o)
                0x000000000000488a                cc2420_on
 .text.cc2420_transmit
                0x00000000000048ac       0x66 build/sky/contiki-ng-sky.a(cc2420.o)
 .text.cc2420_send
                0x0000000000004912       0x12 build/sky/contiki-ng-sky.a(cc2420.o)
 .text.cc2420_off
                0x0000000000004924       0x30 build/sky/contiki-ng-sky.a(cc2420.o)
                0x0000000000004924                cc2420_off
 .text.cc2420_cca
                0x0000000000004954       0x68 build/sky/contiki-ng-sky.a(cc2420.o)
 .text.cc2420_read
                0x00000000000049bc       0xbe build/sky/contiki-ng-sky.a(cc2420.o)
 .text.process_thread_cc2420_process
                0x0000000000004a7a       0x62 build/sky/contiki-ng-sky.a(cc2420.o)
 .text.encrypt  0x0000000000004adc       0x88 build/sky/contiki-ng-sky.a(cc2420.o)
 .text.cc2420_set_channel
                0x0000000000004b64       0x3c build/sky/contiki-ng-sky.a(cc2420.o)
                0x0000000000004b64                cc2420_set_channel
 .text.cc2420_set_pan_addr
                0x0000000000004ba0       0x4c build/sky/contiki-ng-sky.a(cc2420.o)
                0x0000000000004ba0                cc2420_set_pan_addr
 .text.cc2420_interrupt
                0x0000000000004bec       0x16 build/sky/contiki-ng-sky.a(cc2420.o)
                0x0000000000004bec                cc2420_interrupt
 .text.cc2420_set_txpower
                0x0000000000004c02       0x2c build/sky/contiki-ng-sky.a(cc2420.o)
                0x0000000000004c02                cc2420_set_txpower
 .text.cc2420_get_txpower
                0x0000000000004c2e       0x1e build/sky/contiki-ng-sky.a(cc2420.o)
                0x0000000000004c2e                cc2420_get_txpower
 .text.cc2420_rssi
                0x0000000000004c4c       0x4c build/sky/contiki-ng-sky.a(cc2420.o)
                0x0000000000004c4c                cc2420_rssi
 .text.get_value
                0x0000000000004c98      0x11e build/sky/contiki-ng-sky.a(cc2420.o)
 .text.cc2420_set_cca_threshold
                0x0000000000004db6       0x16 build/sky/contiki-ng-sky.a(cc2420.o)
                0x0000000000004db6                cc2420_set_cca_threshold
 .text.set_value
                0x0000000000004dcc      0x150 build/sky/contiki-ng-sky.a(cc2420.o)
 .text.cc2420_init
                0x0000000000004f1c       0xea build/sky/contiki-ng-sky.a(cc2420.o)
                0x0000000000004f1c                cc2420_init
 .text.cc2420_port1_interrupt
                0x0000000000005006       0x20 build/sky/contiki-ng-sky.a(cc2420-arch.o)
                0x0000000000005006                __isr_4
                0x0000000000005006                cc2420_port1_interrupt
 .text.cc2420_arch_init
                0x0000000000005026       0x1a build/sky/contiki-ng-sky.a(cc2420-arch.o)
                0x0000000000005026                cc2420_arch_init
 .text.putchar  0x0000000000005040       0x10 build/sky/contiki-ng-sky.a(uart1-putchar.o)
                0x0000000000005040                putchar
 .text.platform_init_stage_one
                0x0000000000005050       0x12 build/sky/contiki-ng-sky.a(platform.o)
                0x0000000000005050                platform_init_stage_one
 .text.platform_init_stage_two
                0x0000000000005062       0x64 build/sky/contiki-ng-sky.a(platform.o)
                0x0000000000005062                platform_init_stage_two
 .text.platform_init_stage_three
                0x00000000000050c6       0x7a build/sky/contiki-ng-sky.a(platform.o)
                0x00000000000050c6                platform_init_stage_three
 .text.platform_idle
                0x0000000000005140       0x54 build/sky/contiki-ng-sky.a(platform.o)
                0x0000000000005140                platform_idle
 .text.msp430_init_dco
                0x0000000000005194       0x82 build/sky/contiki-ng-sky.a(msp430.o)
                0x0000000000005194                msp430_init_dco
 .text.msp430_add_lpm_req
                0x0000000000005216        0xc build/sky/contiki-ng-sky.a(msp430.o)
                0x0000000000005216                msp430_add_lpm_req
 .text.msp430_cpu_init
                0x0000000000005222       0x2a build/sky/contiki-ng-sky.a(msp430.o)
                0x0000000000005222                msp430_cpu_init
 .text.splhigh_
                0x000000000000524c        0x8 build/sky/contiki-ng-sky.a(msp430.o)
                0x000000000000524c                splhigh_
 .text.msp430_sync_dco
                0x0000000000005254       0x6c build/sky/contiki-ng-sky.a(msp430.o)
                0x0000000000005254                msp430_sync_dco
 .text.timera1  0x00000000000052c0       0xdc build/sky/contiki-ng-sky.a(clock.o)
                0x00000000000052c0                __isr_5
                0x00000000000052c0                timera1
 .text.clock_time
                0x000000000000539c       0x1a build/sky/contiki-ng-sky.a(clock.o)
                0x000000000000539c                clock_time
 .text.clock_init
                0x00000000000053b6       0x28 build/sky/contiki-ng-sky.a(clock.o)
                0x00000000000053b6                clock_init
 .text.clock_delay
                0x00000000000053de        0xc build/sky/contiki-ng-sky.a(clock.o)
                0x00000000000053de                clock_delay
 .text.clock_seconds
                0x00000000000053ea       0x1a build/sky/contiki-ng-sky.a(clock.o)
                0x00000000000053ea                clock_seconds
 .text.leds_init
                0x0000000000005404        0x6 build/sky/contiki-ng-sky.a(leds.o)
                0x0000000000005404                leds_init
 .text.leds_on  0x000000000000540a       0x12 build/sky/contiki-ng-sky.a(leds.o)
                0x000000000000540a                leds_on
 .text.leds_off
                0x000000000000541c       0x12 build/sky/contiki-ng-sky.a(leds.o)
                0x000000000000541c                leds_off
 .text.leds_arch_init
                0x000000000000542e        0xe build/sky/contiki-ng-sky.a(leds-arch.o)
                0x000000000000542e                leds_arch_init
 .text.leds_arch_get
                0x000000000000543c       0x34 build/sky/contiki-ng-sky.a(leds-arch.o)
                0x000000000000543c                leds_arch_get
 .text.leds_arch_set
                0x0000000000005470       0x3e build/sky/contiki-ng-sky.a(leds-arch.o)
                0x0000000000005470                leds_arch_set
 .text.watchdog_interrupt
                0x00000000000054ae        0x6 build/sky/contiki-ng-sky.a(watchdog.o)
                0x00000000000054ae                __isr_10
                0x00000000000054ae                watchdog_interrupt
 .text.watchdog_start
                0x00000000000054b4       0x14 build/sky/contiki-ng-sky.a(watchdog.o)
                0x00000000000054b4                watchdog_start
 .text.watchdog_periodic
                0x00000000000054c8       0x12 build/sky/contiki-ng-sky.a(watchdog.o)
                0x00000000000054c8                watchdog_periodic
 .text.watchdog_stop
                0x00000000000054da       0x16 build/sky/contiki-ng-sky.a(watchdog.o)
                0x00000000000054da                watchdog_stop
 .text.watchdog_init
                0x00000000000054f0       0x12 build/sky/contiki-ng-sky.a(watchdog.o)
                0x00000000000054f0                watchdog_init
 .text.timera0  0x0000000000005502       0x2e build/sky/contiki-ng-sky.a(rtimer-arch.o)
                0x0000000000005502                __isr_6
                0x0000000000005502                timera0
 .text.rtimer_arch_init
                0x0000000000005530        0xe build/sky/contiki-ng-sky.a(rtimer-arch.o)
                0x0000000000005530                rtimer_arch_init
 .text.rtimer_arch_now
                0x000000000000553e        0xe build/sky/contiki-ng-sky.a(rtimer-arch.o)
                0x000000000000553e                rtimer_arch_now
 .text.rtimer_arch_schedule
                0x000000000000554c        0x6 build/sky/contiki-ng-sky.a(rtimer-arch.o)
                0x000000000000554c                rtimer_arch_schedule
 .text.autostart_start
                0x0000000000005552       0x16 build/sky/contiki-ng-sky.a(autostart.o)
                0x0000000000005552                autostart_start
 .text.process_thread_ctimer_process
                0x0000000000005568       0xa8 build/sky/contiki-ng-sky.a(ctimer.o)
 .text.ctimer_init
                0x0000000000005610       0x18 build/sky/contiki-ng-sky.a(ctimer.o)
                0x0000000000005610                ctimer_init
 .text.ctimer_set_with_process
                0x0000000000005628       0x4e build/sky/contiki-ng-sky.a(ctimer.o)
                0x0000000000005628                ctimer_set_with_process
 .text.ctimer_set
                0x0000000000005676       0x10 build/sky/contiki-ng-sky.a(ctimer.o)
                0x0000000000005676                ctimer_set
 .text.ctimer_reset
                0x0000000000005686       0x30 build/sky/contiki-ng-sky.a(ctimer.o)
                0x0000000000005686                ctimer_reset
 .text.ctimer_stop
                0x00000000000056b6       0x28 build/sky/contiki-ng-sky.a(ctimer.o)
                0x00000000000056b6                ctimer_stop
 .text.ctimer_expired
                0x00000000000056de       0x30 build/sky/contiki-ng-sky.a(ctimer.o)
                0x00000000000056de                ctimer_expired
 .text.energest_init
                0x000000000000570e        0x2 build/sky/contiki-ng-sky.a(energest.o)
                0x000000000000570e                energest_init
 .text.energest_flush
                0x0000000000005710        0x2 build/sky/contiki-ng-sky.a(energest.o)
                0x0000000000005710                energest_flush
 .text.update_time
                0x0000000000005712       0x78 build/sky/contiki-ng-sky.a(etimer.o)
 .text.etimer_request_poll
                0x000000000000578a        0xa build/sky/contiki-ng-sky.a(etimer.o)
                0x000000000000578a                etimer_request_poll
 .text.process_thread_etimer_process
                0x0000000000005794       0xcc build/sky/contiki-ng-sky.a(etimer.o)
 .text.add_timer
                0x0000000000005860       0x40 build/sky/contiki-ng-sky.a(etimer.o)
 .text.etimer_set
                0x00000000000058a0       0x12 build/sky/contiki-ng-sky.a(etimer.o)
                0x00000000000058a0                etimer_set
 .text.etimer_reset
                0x00000000000058b2       0x12 build/sky/contiki-ng-sky.a(etimer.o)
                0x00000000000058b2                etimer_reset
 .text.etimer_expired
                0x00000000000058c4        0xe build/sky/contiki-ng-sky.a(etimer.o)
                0x00000000000058c4                etimer_expired
 .text.etimer_pending
                0x00000000000058d2        0xc build/sky/contiki-ng-sky.a(etimer.o)
                0x00000000000058d2                etimer_pending
 .text.etimer_next_expiration_time
                0x00000000000058de       0x16 build/sky/contiki-ng-sky.a(etimer.o)
                0x00000000000058de                etimer_next_expiration_time
 .text.etimer_stop
                0x00000000000058f4       0x3e build/sky/contiki-ng-sky.a(etimer.o)
                0x00000000000058f4                etimer_stop
 .text.log_6addr
                0x0000000000005932       0x32 build/sky/contiki-ng-sky.a(log.o)
                0x0000000000005932                log_6addr
 .text.log_lladdr
                0x0000000000005964       0x44 build/sky/contiki-ng-sky.a(log.o)
                0x0000000000005964                log_lladdr
 .text.node_id_init
                0x00000000000059a8       0x14 build/sky/contiki-ng-sky.a(node-id.o)
                0x00000000000059a8                node_id_init
 .text.call_process
                0x00000000000059bc       0x46 build/sky/contiki-ng-sky.a(process.o)
 .text.exit_process
                0x0000000000005a02       0x96 build/sky/contiki-ng-sky.a(process.o)
 .text.do_poll  0x0000000000005a98       0x30 build/sky/contiki-ng-sky.a(process.o)
 .text.process_alloc_event
                0x0000000000005ac8        0xe build/sky/contiki-ng-sky.a(process.o)
                0x0000000000005ac8                process_alloc_event
 .text.process_init
                0x0000000000005ad6       0x18 build/sky/contiki-ng-sky.a(process.o)
                0x0000000000005ad6                process_init
 .text.process_run
                0x0000000000005aee       0x92 build/sky/contiki-ng-sky.a(process.o)
                0x0000000000005aee                process_run
 .text.process_nevents
                0x0000000000005b80        0xe build/sky/contiki-ng-sky.a(process.o)
                0x0000000000005b80                process_nevents
 .text.process_post
                0x0000000000005b8e       0x42 build/sky/contiki-ng-sky.a(process.o)
                0x0000000000005b8e                process_post
 .text.process_post_synch
                0x0000000000005bd0       0x12 build/sky/contiki-ng-sky.a(process.o)
                0x0000000000005bd0                process_post_synch
 .text.process_start
                0x0000000000005be2       0x36 build/sky/contiki-ng-sky.a(process.o)
                0x0000000000005be2                process_start
 .text.process_poll
                0x0000000000005c18       0x18 build/sky/contiki-ng-sky.a(process.o)
                0x0000000000005c18                process_poll
 .text.rtimer_init
                0x0000000000005c30        0x6 build/sky/contiki-ng-sky.a(rtimer.o)
                0x0000000000005c30                rtimer_init
 .text.rtimer_run_next
                0x0000000000005c36       0x26 build/sky/contiki-ng-sky.a(rtimer.o)
                0x0000000000005c36                rtimer_run_next
 .text.stack_check_init
                0x0000000000005c5c       0x2e build/sky/contiki-ng-sky.a(stack-check.o)
                0x0000000000005c5c                stack_check_init
 .text.stack_check_get_usage
                0x0000000000005c8a       0x54 build/sky/contiki-ng-sky.a(stack-check.o)
                0x0000000000005c8a                stack_check_get_usage
 .text.process_thread_stack_check_process
                0x0000000000005cde       0xea build/sky/contiki-ng-sky.a(stack-check.o)
 .text.timer_set
                0x0000000000005dc8       0x1c build/sky/contiki-ng-sky.a(timer.o)
                0x0000000000005dc8                timer_set
 .text.timer_expired
                0x0000000000005de4       0x2a build/sky/contiki-ng-sky.a(timer.o)
                0x0000000000005de4                timer_expired
 .text.timer_reset
                0x0000000000005e0e       0x1c build/sky/contiki-ng-sky.a(timer.o)
                0x0000000000005e0e                timer_reset
 .text.list_init
                0x0000000000005e2a        0x6 build/sky/contiki-ng-sky.a(list.o)
                0x0000000000005e2a                list_init
 .text.list_head
                0x0000000000005e30        0x4 build/sky/contiki-ng-sky.a(list.o)
                0x0000000000005e30                list_head
 .text.list_tail
                0x0000000000005e34       0x12 build/sky/contiki-ng-sky.a(list.o)
                0x0000000000005e34                list_tail
 .text.list_remove
                0x0000000000005e46       0x34 build/sky/contiki-ng-sky.a(list.o)
                0x0000000000005e46                list_remove
 .text.list_push
                0x0000000000005e7a       0x1a build/sky/contiki-ng-sky.a(list.o)
                0x0000000000005e7a                list_push
 .text.list_add
                0x0000000000005e94       0x2a build/sky/contiki-ng-sky.a(list.o)
                0x0000000000005e94                list_add
 .text.list_length
                0x0000000000005ebe       0x10 build/sky/contiki-ng-sky.a(list.o)
                0x0000000000005ebe                list_length
 .text.list_item_next
                0x0000000000005ece        0xc build/sky/contiki-ng-sky.a(list.o)
                0x0000000000005ece                list_item_next
 .text.random_init
                0x0000000000005eda        0x6 build/sky/contiki-ng-sky.a(random.o)
                0x0000000000005eda                random_init
 .text.random_rand
                0x0000000000005ee0        0x6 build/sky/contiki-ng-sky.a(random.o)
                0x0000000000005ee0                random_rand
 .text.linkaddr_copy
                0x0000000000005ee6        0x8 build/sky/contiki-ng-sky.a(linkaddr.o)
                0x0000000000005ee6                linkaddr_copy
 .text.linkaddr_cmp
                0x0000000000005eee       0x12 build/sky/contiki-ng-sky.a(linkaddr.o)
                0x0000000000005eee                linkaddr_cmp
 .text.linkaddr_set_node_addr
                0x0000000000005f00        0xc build/sky/contiki-ng-sky.a(linkaddr.o)
                0x0000000000005f00                linkaddr_set_node_addr
 .text.netstack_process_ip_callback
                0x0000000000005f0c       0x4e build/sky/contiki-ng-sky.a(netstack.o)
                0x0000000000005f0c                netstack_process_ip_callback
 .text.netstack_init
                0x0000000000005f5a        0xe build/sky/contiki-ng-sky.a(netstack.o)
                0x0000000000005f5a                netstack_init
 .text.packetbuf_hdrreduce
                0x0000000000005f68       0x1a build/sky/contiki-ng-sky.a(packetbuf.o)
                0x0000000000005f68                packetbuf_hdrreduce
 .text.packetbuf_set_datalen
                0x0000000000005f82        0x6 build/sky/contiki-ng-sky.a(packetbuf.o)
                0x0000000000005f82                packetbuf_set_datalen
 .text.packetbuf_hdrptr
                0x0000000000005f88        0x6 build/sky/contiki-ng-sky.a(packetbuf.o)
                0x0000000000005f88                packetbuf_hdrptr
 .text.packetbuf_datalen
                0x0000000000005f8e        0x6 build/sky/contiki-ng-sky.a(packetbuf.o)
                0x0000000000005f8e                packetbuf_datalen
 .text.packetbuf_hdrlen
                0x0000000000005f94        0xa build/sky/contiki-ng-sky.a(packetbuf.o)
                0x0000000000005f94                packetbuf_hdrlen
 .text.packetbuf_dataptr
                0x0000000000005f9e        0xc build/sky/contiki-ng-sky.a(packetbuf.o)
                0x0000000000005f9e                packetbuf_dataptr
 .text.packetbuf_copyto
                0x0000000000005faa       0x46 build/sky/contiki-ng-sky.a(packetbuf.o)
                0x0000000000005faa                packetbuf_copyto
 .text.packetbuf_totlen
                0x0000000000005ff0        0xc build/sky/contiki-ng-sky.a(packetbuf.o)
                0x0000000000005ff0                packetbuf_totlen
 .text.packetbuf_hdralloc
                0x0000000000005ffc       0x3c build/sky/contiki-ng-sky.a(packetbuf.o)
                0x0000000000005ffc                packetbuf_hdralloc
 .text.packetbuf_attr_clear
                0x0000000000006038       0x28 build/sky/contiki-ng-sky.a(packetbuf.o)
                0x0000000000006038                packetbuf_attr_clear
 .text.packetbuf_clear
                0x0000000000006060       0x12 build/sky/contiki-ng-sky.a(packetbuf.o)
                0x0000000000006060                packetbuf_clear
 .text.packetbuf_copyfrom
                0x0000000000006072       0x2e build/sky/contiki-ng-sky.a(packetbuf.o)
                0x0000000000006072                packetbuf_copyfrom
 .text.packetbuf_attr_copyto
                0x00000000000060a0       0x22 build/sky/contiki-ng-sky.a(packetbuf.o)
                0x00000000000060a0                packetbuf_attr_copyto
 .text.packetbuf_attr_copyfrom
                0x00000000000060c2       0x24 build/sky/contiki-ng-sky.a(packetbuf.o)
                0x00000000000060c2                packetbuf_attr_copyfrom
 .text.packetbuf_set_attr
                0x00000000000060e6        0xc build/sky/contiki-ng-sky.a(packetbuf.o)
                0x00000000000060e6                packetbuf_set_attr
 .text.packetbuf_attr
                0x00000000000060f2        0xa build/sky/contiki-ng-sky.a(packetbuf.o)
                0x00000000000060f2                packetbuf_attr
 .text.packetbuf_set_addr
                0x00000000000060fc       0x18 build/sky/contiki-ng-sky.a(packetbuf.o)
                0x00000000000060fc                packetbuf_set_addr
 .text.packetbuf_addr
                0x0000000000006114       0x12 build/sky/contiki-ng-sky.a(packetbuf.o)
                0x0000000000006114                packetbuf_addr
 .text.packetbuf_holds_broadcast
                0x0000000000006126        0xe build/sky/contiki-ng-sky.a(packetbuf.o)
                0x0000000000006126                packetbuf_holds_broadcast
 .text.queuebuf_init
                0x0000000000006134       0x12 build/sky/contiki-ng-sky.a(queuebuf.o)
                0x0000000000006134                queuebuf_init
 .text.queuebuf_numfree
                0x0000000000006146        0xa build/sky/contiki-ng-sky.a(queuebuf.o)
                0x0000000000006146                queuebuf_numfree
 .text.queuebuf_new_from_packetbuf
                0x0000000000006150       0x52 build/sky/contiki-ng-sky.a(queuebuf.o)
                0x0000000000006150                queuebuf_new_from_packetbuf
 .text.queuebuf_update_attr_from_packetbuf
                0x00000000000061a2       0x12 build/sky/contiki-ng-sky.a(queuebuf.o)
                0x00000000000061a2                queuebuf_update_attr_from_packetbuf
 .text.queuebuf_free
                0x00000000000061b4       0x2a build/sky/contiki-ng-sky.a(queuebuf.o)
                0x00000000000061b4                queuebuf_free
 .text.queuebuf_to_packetbuf
                0x00000000000061de       0x32 build/sky/contiki-ng-sky.a(queuebuf.o)
                0x00000000000061de                queuebuf_to_packetbuf
 .text.on       0x0000000000006210        0x6 build/sky/contiki-ng-sky.a(csma.o)
 .text.off      0x0000000000006216        0x6 build/sky/contiki-ng-sky.a(csma.o)
 .text.max_payload
                0x000000000000621c       0x38 build/sky/contiki-ng-sky.a(csma.o)
 .text.send_packet
                0x0000000000006254        0x6 build/sky/contiki-ng-sky.a(csma.o)
 .text.init     0x000000000000625a       0x1c build/sky/contiki-ng-sky.a(csma.o)
 .text.input_packet
                0x0000000000006276       0x58 build/sky/contiki-ng-sky.a(csma.o)
 .text.clear_fragments
                0x00000000000062ce       0x40 build/sky/contiki-ng-sky.a(sicslowpan.o)
 .text.addr_context_lookup_by_number
                0x000000000000630e       0x16 build/sky/contiki-ng-sky.a(sicslowpan.o)
 .text.sicslowpan_init
                0x0000000000006324       0x18 build/sky/contiki-ng-sky.a(sicslowpan.o)
                0x0000000000006324                sicslowpan_init
 .text.set_packet_attrs
                0x000000000000633c       0x66 build/sky/contiki-ng-sky.a(sicslowpan.o)
 .text.compress_addr_64
                0x00000000000063a2       0xae build/sky/contiki-ng-sky.a(sicslowpan.o)
 .text.addr_context_lookup_by_prefix
                0x0000000000006450       0x20 build/sky/contiki-ng-sky.a(sicslowpan.o)
 .text.send_packet
                0x0000000000006470       0x1a build/sky/contiki-ng-sky.a(sicslowpan.o)
 .text.fragment_copy_payload_and_send
                0x000000000000648a       0x60 build/sky/contiki-ng-sky.a(sicslowpan.o)
 .text.output   0x00000000000064ea      0x7c6 build/sky/contiki-ng-sky.a(sicslowpan.o)
 .text.packet_sent
                0x0000000000006cb0       0x56 build/sky/contiki-ng-sky.a(sicslowpan.o)
 .text.store_fragment
                0x0000000000006d06       0xb8 build/sky/contiki-ng-sky.a(sicslowpan.o)
 .text.add_fragment
                0x0000000000006dbe      0x1fc build/sky/contiki-ng-sky.a(sicslowpan.o)
 .text.uncompress_addr
                0x0000000000006fba       0xb4 build/sky/contiki-ng-sky.a(sicslowpan.o)
 .text.input    0x000000000000706e      0xa00 build/sky/contiki-ng-sky.a(sicslowpan.o)
 .text.process_thread_simple_udp_process
                0x0000000000007a6e       0xb8 build/sky/contiki-ng-sky.a(simple-udp.o)
 .text.simple_udp_sendto
                0x0000000000007b26       0x2c build/sky/contiki-ng-sky.a(simple-udp.o)
                0x0000000000007b26                simple_udp_sendto
 .text.simple_udp_register
                0x0000000000007b52       0x96 build/sky/contiki-ng-sky.a(simple-udp.o)
                0x0000000000007b52                simple_udp_register
 .text.tcpip_output
                0x0000000000007be8       0x22 build/sky/contiki-ng-sky.a(tcpip.o)
                0x0000000000007be8                tcpip_output
 .text.udp_new  0x0000000000007c0a       0x1a build/sky/contiki-ng-sky.a(tcpip.o)
                0x0000000000007c0a                udp_new
 .text.tcpip_input
                0x0000000000007c24       0x1e build/sky/contiki-ng-sky.a(tcpip.o)
                0x0000000000007c24                tcpip_input
 .text.tcpip_ipv6_output
                0x0000000000007c42      0x114 build/sky/contiki-ng-sky.a(tcpip.o)
                0x0000000000007c42                tcpip_ipv6_output
 .text.packet_input.part.3
                0x0000000000007d56       0x12 build/sky/contiki-ng-sky.a(tcpip.o)
 .text.process_thread_tcpip_process
                0x0000000000007d68       0xcc build/sky/contiki-ng-sky.a(tcpip.o)
 .text.tcpip_uipcall
                0x0000000000007e34       0x2a build/sky/contiki-ng-sky.a(tcpip.o)
                0x0000000000007e34                tcpip_uipcall
 .text.uip_ds6_nbr_rm
                0x0000000000007e5e       0x1e build/sky/contiki-ng-sky.a(uip-ds6-nbr.o)
                0x0000000000007e5e                uip_ds6_nbr_rm
 .text.uip_ds6_neighbors_init
                0x0000000000007e7c       0x12 build/sky/contiki-ng-sky.a(uip-ds6-nbr.o)
                0x0000000000007e7c                uip_ds6_neighbors_init
 .text.uip_ds6_nbr_add
                0x0000000000007e8e       0x3e build/sky/contiki-ng-sky.a(uip-ds6-nbr.o)
                0x0000000000007e8e                uip_ds6_nbr_add
 .text.uip_ds6_nbr_get_ll
                0x0000000000007ecc        0xc build/sky/contiki-ng-sky.a(uip-ds6-nbr.o)
                0x0000000000007ecc                uip_ds6_nbr_get_ll
 .text.uip_ds6_nbr_head
                0x0000000000007ed8        0xa build/sky/contiki-ng-sky.a(uip-ds6-nbr.o)
                0x0000000000007ed8                uip_ds6_nbr_head
 .text.uip_ds6_nbr_next
                0x0000000000007ee2        0xc build/sky/contiki-ng-sky.a(uip-ds6-nbr.o)
                0x0000000000007ee2                uip_ds6_nbr_next
 .text.uip_ds6_nbr_lookup
                0x0000000000007eee       0x3a build/sky/contiki-ng-sky.a(uip-ds6-nbr.o)
                0x0000000000007eee                uip_ds6_nbr_lookup
 .text.uip_ds6_nbr_ll_lookup
                0x0000000000007f28        0xc build/sky/contiki-ng-sky.a(uip-ds6-nbr.o)
                0x0000000000007f28                uip_ds6_nbr_ll_lookup
 .text.uip_ds6_nbr_update_ll
                0x0000000000007f34       0x76 build/sky/contiki-ng-sky.a(uip-ds6-nbr.o)
                0x0000000000007f34                uip_ds6_nbr_update_ll
 .text.uip_ds6_nbr_ipaddr_from_lladdr
                0x0000000000007faa        0x6 build/sky/contiki-ng-sky.a(uip-ds6-nbr.o)
                0x0000000000007faa                uip_ds6_nbr_ipaddr_from_lladdr
 .text.uip_ds6_nbr_lladdr_from_ipaddr
                0x0000000000007fb0       0x12 build/sky/contiki-ng-sky.a(uip-ds6-nbr.o)
                0x0000000000007fb0                uip_ds6_nbr_lladdr_from_ipaddr
 .text.uip_ds6_link_callback
                0x0000000000007fc2        0x2 build/sky/contiki-ng-sky.a(uip-ds6-nbr.o)
                0x0000000000007fc2                uip_ds6_link_callback
 .text.uip_ds6_route_init
                0x0000000000007fc4       0x12 build/sky/contiki-ng-sky.a(uip-ds6-route.o)
                0x0000000000007fc4                uip_ds6_route_init
 .text.uip_ds6_route_nexthop
                0x0000000000007fd6        0x4 build/sky/contiki-ng-sky.a(uip-ds6-route.o)
                0x0000000000007fd6                uip_ds6_route_nexthop
 .text.uip_ds6_route_lookup
                0x0000000000007fda        0x4 build/sky/contiki-ng-sky.a(uip-ds6-route.o)
                0x0000000000007fda                uip_ds6_route_lookup
 .text.uip_ds6_route_rm
                0x0000000000007fde        0x2 build/sky/contiki-ng-sky.a(uip-ds6-route.o)
                0x0000000000007fde                uip_ds6_route_rm
 .text.uip_ds6_defrt_rm
                0x0000000000007fe0       0x3c build/sky/contiki-ng-sky.a(uip-ds6-route.o)
                0x0000000000007fe0                uip_ds6_defrt_rm
 .text.uip_ds6_defrt_lookup
                0x000000000000801c       0x40 build/sky/contiki-ng-sky.a(uip-ds6-route.o)
                0x000000000000801c                uip_ds6_defrt_lookup
 .text.uip_ds6_defrt_add
                0x000000000000805c       0x72 build/sky/contiki-ng-sky.a(uip-ds6-route.o)
                0x000000000000805c                uip_ds6_defrt_add
 .text.uip_ds6_defrt_choose
                0x00000000000080ce       0x3a build/sky/contiki-ng-sky.a(uip-ds6-route.o)
                0x00000000000080ce                uip_ds6_defrt_choose
 .text.uip_ds6_defrt_periodic
                0x0000000000008108       0x38 build/sky/contiki-ng-sky.a(uip-ds6-route.o)
                0x0000000000008108                uip_ds6_defrt_periodic
 .text.uip_ds6_default_prefix
                0x0000000000008140        0x6 build/sky/contiki-ng-sky.a(uip-ds6.o)
                0x0000000000008140                uip_ds6_default_prefix
 .text.uip_ds6_list_loop
                0x0000000000008146       0x92 build/sky/contiki-ng-sky.a(uip-ds6.o)
                0x0000000000008146                uip_ds6_list_loop
 .text.uip_ds6_prefix_add
                0x00000000000081d8       0x80 build/sky/contiki-ng-sky.a(uip-ds6.o)
                0x00000000000081d8                uip_ds6_prefix_add
 .text.uip_ds6_is_addr_onlink
                0x0000000000008258       0x54 build/sky/contiki-ng-sky.a(uip-ds6.o)
                0x0000000000008258                uip_ds6_is_addr_onlink
 .text.uip_ds6_addr_lookup
                0x00000000000082ac       0x2a build/sky/contiki-ng-sky.a(uip-ds6.o)
                0x00000000000082ac                uip_ds6_addr_lookup
 .text.uip_ds6_get_link_local
                0x00000000000082d6       0x3e build/sky/contiki-ng-sky.a(uip-ds6.o)
                0x00000000000082d6                uip_ds6_get_link_local
 .text.uip_ds6_maddr_add
                0x0000000000008314       0x4c build/sky/contiki-ng-sky.a(uip-ds6.o)
                0x0000000000008314                uip_ds6_maddr_add
 .text.uip_ds6_addr_add
                0x0000000000008360       0xc4 build/sky/contiki-ng-sky.a(uip-ds6.o)
                0x0000000000008360                uip_ds6_addr_add
 .text.uip_ds6_maddr_rm
                0x0000000000008424        0xa build/sky/contiki-ng-sky.a(uip-ds6.o)
                0x0000000000008424                uip_ds6_maddr_rm
 .text.uip_ds6_maddr_lookup
                0x000000000000842e       0x2a build/sky/contiki-ng-sky.a(uip-ds6.o)
                0x000000000000842e                uip_ds6_maddr_lookup
 .text.uip_ds6_addr_rm
                0x0000000000008458       0x54 build/sky/contiki-ng-sky.a(uip-ds6.o)
                0x0000000000008458                uip_ds6_addr_rm
 .text.uip_ds6_periodic
                0x00000000000084ac       0x46 build/sky/contiki-ng-sky.a(uip-ds6.o)
                0x00000000000084ac                uip_ds6_periodic
 .text.uip_ds6_set_addr_iid
                0x00000000000084f2       0x14 build/sky/contiki-ng-sky.a(uip-ds6.o)
                0x00000000000084f2                uip_ds6_set_addr_iid
 .text.uip_ds6_set_lladdr_from_iid
                0x0000000000008506       0x14 build/sky/contiki-ng-sky.a(uip-ds6.o)
                0x0000000000008506                uip_ds6_set_lladdr_from_iid
 .text.get_match_length
                0x000000000000851a       0x44 build/sky/contiki-ng-sky.a(uip-ds6.o)
                0x000000000000851a                get_match_length
 .text.uip_ds6_select_src
                0x000000000000855e       0xaa build/sky/contiki-ng-sky.a(uip-ds6.o)
                0x000000000000855e                uip_ds6_select_src
 .text.uip_ds6_compute_reachable_time
                0x0000000000008608       0x3e build/sky/contiki-ng-sky.a(uip-ds6.o)
                0x0000000000008608                uip_ds6_compute_reachable_time
 .text.uip_ds6_init
                0x0000000000008646      0x164 build/sky/contiki-ng-sky.a(uip-ds6.o)
                0x0000000000008646                uip_ds6_init
 .text.uip_udp_packet_send
                0x00000000000087aa       0x2a build/sky/contiki-ng-sky.a(uip-udp-packet.)
                0x00000000000087aa                uip_udp_packet_send
 .text.uip_udp_packet_sendto
                0x00000000000087d4       0x66 build/sky/contiki-ng-sky.a(uip-udp-packet.)
                0x00000000000087d4                uip_udp_packet_sendto
 .text.chksum   0x000000000000883a       0x32 build/sky/contiki-ng-sky.a(uip6.o)
 .text.upper_layer_chksum
                0x000000000000886c       0x58 build/sky/contiki-ng-sky.a(uip6.o)
 .text.ext_hdr_options_process
                0x00000000000088c4       0xa4 build/sky/contiki-ng-sky.a(uip6.o)
 .text.uip_check_mtu
                0x0000000000008968       0x1e build/sky/contiki-ng-sky.a(uip6.o)
 .text.uip_update_ttl
                0x0000000000008986       0x24 build/sky/contiki-ng-sky.a(uip6.o)
 .text.uip_icmp6chksum
                0x00000000000089aa        0xa build/sky/contiki-ng-sky.a(uip6.o)
                0x00000000000089aa                uip_icmp6chksum
 .text.uip_udpchksum
                0x00000000000089b4        0xa build/sky/contiki-ng-sky.a(uip6.o)
                0x00000000000089b4                uip_udpchksum
 .text.uip_init
                0x00000000000089be       0x3c build/sky/contiki-ng-sky.a(uip6.o)
                0x00000000000089be                uip_init
 .text.uip_remove_ext_hdr
                0x00000000000089fa       0x5e build/sky/contiki-ng-sky.a(uip6.o)
                0x00000000000089fa                uip_remove_ext_hdr
 .text.uip_udp_new
                0x0000000000008a58       0xac build/sky/contiki-ng-sky.a(uip6.o)
                0x0000000000008a58                uip_udp_new
 .text.uip_process
                0x0000000000008b04      0x4be build/sky/contiki-ng-sky.a(uip6.o)
                0x0000000000008b04                uip_process
 .text.uip_htonl
                0x0000000000008fc2       0x2e build/sky/contiki-ng-sky.a(uip6.o)
                0x0000000000008fc2                uip_htonl
 .text.uipbuf_add_ext_hdr
                0x0000000000008ff0       0x1c build/sky/contiki-ng-sky.a(uipbuf.o)
                0x0000000000008ff0                uipbuf_add_ext_hdr
 .text.uipbuf_set_len
                0x000000000000900c       0x12 build/sky/contiki-ng-sky.a(uipbuf.o)
                0x000000000000900c                uipbuf_set_len
 .text.uipbuf_set_len_field
                0x000000000000901e        0xe build/sky/contiki-ng-sky.a(uipbuf.o)
                0x000000000000901e                uipbuf_set_len_field
 .text.uipbuf_get_len_field
                0x000000000000902c        0xe build/sky/contiki-ng-sky.a(uipbuf.o)
                0x000000000000902c                uipbuf_get_len_field
 .text.uipbuf_get_next_header
                0x000000000000903a       0x62 build/sky/contiki-ng-sky.a(uipbuf.o)
                0x000000000000903a                uipbuf_get_next_header
 .text.uipbuf_get_last_header
                0x000000000000909c       0x3e build/sky/contiki-ng-sky.a(uipbuf.o)
                0x000000000000909c                uipbuf_get_last_header
 .text.uipbuf_search_header
                0x00000000000090da       0x4e build/sky/contiki-ng-sky.a(uipbuf.o)
                0x00000000000090da                uipbuf_search_header
 .text.uipbuf_get_attr
                0x0000000000009128       0x12 build/sky/contiki-ng-sky.a(uipbuf.o)
                0x0000000000009128                uipbuf_get_attr
 .text.uipbuf_set_attr
                0x000000000000913a       0x14 build/sky/contiki-ng-sky.a(uipbuf.o)
                0x000000000000913a                uipbuf_set_attr
 .text.uipbuf_clear_attr
                0x000000000000914e       0x12 build/sky/contiki-ng-sky.a(uipbuf.o)
                0x000000000000914e                uipbuf_clear_attr
 .text.uipbuf_clear
                0x0000000000009160       0x12 build/sky/contiki-ng-sky.a(uipbuf.o)
                0x0000000000009160                uipbuf_clear
 .text.uipbuf_init
                0x0000000000009172       0x1a build/sky/contiki-ng-sky.a(uipbuf.o)
                0x0000000000009172                uipbuf_init
 .text.uiplib_ipaddr_snprint
                0x000000000000918c      0x12c build/sky/contiki-ng-sky.a(uiplib.o)
                0x000000000000918c                uiplib_ipaddr_snprint
 .text.rpl_has_joined
                0x00000000000092b8       0x12 build/sky/contiki-ng-sky.a(rpl.o)
                0x00000000000092b8                rpl_has_joined
 .text.rpl_is_reachable
                0x00000000000092ca       0x12 build/sky/contiki-ng-sky.a(rpl.o)
                0x00000000000092ca                rpl_is_reachable
 .text.neighbor_state_changed
                0x00000000000092dc        0x2 build/sky/contiki-ng-sky.a(rpl.o)
 .text.drop_route
                0x00000000000092de        0x2 build/sky/contiki-ng-sky.a(rpl.o)
 .text.rpl_get_leaf_only
                0x00000000000092e0        0x6 build/sky/contiki-ng-sky.a(rpl.o)
                0x00000000000092e0                rpl_get_leaf_only
 .text.get_sr_node_ipaddr
                0x00000000000092e6       0x34 build/sky/contiki-ng-sky.a(rpl.o)
 .text.init     0x000000000000931a       0x42 build/sky/contiki-ng-sky.a(rpl.o)
 .text.set_ip_from_prefix
                0x000000000000935c       0x38 build/sky/contiki-ng-sky.a(rpl.o)
 .text.rpl_link_callback
                0x0000000000009394       0x1e build/sky/contiki-ng-sky.a(rpl.o)
                0x0000000000009394                rpl_link_callback
 .text.rpl_lollipop_greater_than
                0x00000000000093b2       0x3c build/sky/contiki-ng-sky.a(rpl.o)
                0x00000000000093b2                rpl_lollipop_greater_than
 .text.rpl_get_global_address
                0x00000000000093ee       0xbe build/sky/contiki-ng-sky.a(rpl.o)
                0x00000000000093ee                rpl_get_global_address
 .text.rpl_reset_prefix
                0x00000000000094ac       0x24 build/sky/contiki-ng-sky.a(rpl.o)
                0x00000000000094ac                rpl_reset_prefix
 .text.rpl_set_prefix_from_addr
                0x00000000000094d0       0x92 build/sky/contiki-ng-sky.a(rpl.o)
                0x00000000000094d0                rpl_set_prefix_from_addr
 .text.spi_init
                0x0000000000009562       0x30 build/sky/contiki-ng-sky.a(spi-legacy.o)
                0x0000000000009562                spi_init
 .text.owreadb  0x0000000000009592       0x50 build/sky/contiki-ng-sky.a(ds2411.o)
 .text.ds2411_init
                0x00000000000095e2      0x120 build/sky/contiki-ng-sky.a(ds2411.o)
                0x00000000000095e2                ds2411_init
 .text.xmem_init
                0x0000000000009702       0x3c build/sky/contiki-ng-sky.a(xmem.o)
                0x0000000000009702                xmem_init
 .text.uart1_active
                0x000000000000973e       0x18 build/sky/contiki-ng-sky.a(uart1.o)
                0x000000000000973e                uart1_active
 .text.uart1_writeb
                0x0000000000009756       0x18 build/sky/contiki-ng-sky.a(uart1.o)
                0x0000000000009756                uart1_writeb
 .text.uart1_init
                0x000000000000976e       0xf4 build/sky/contiki-ng-sky.a(uart1.o)
                0x000000000000976e                uart1_init
 .text.stimer_set
                0x0000000000009862       0x1c build/sky/contiki-ng-sky.a(stimer.o)
                0x0000000000009862                stimer_set
 .text.stimer_expired
                0x000000000000987e       0x30 build/sky/contiki-ng-sky.a(stimer.o)
                0x000000000000987e                stimer_expired
 .text.memb_init
                0x00000000000098ae       0x36 build/sky/contiki-ng-sky.a(memb.o)
                0x00000000000098ae                memb_init
 .text.memb_alloc
                0x00000000000098e4       0x3e build/sky/contiki-ng-sky.a(memb.o)
                0x00000000000098e4                memb_alloc
 .text.memb_free
                0x0000000000009922       0x32 build/sky/contiki-ng-sky.a(memb.o)
                0x0000000000009922                memb_free
 .text.memb_inmemb
                0x0000000000009954       0x2a build/sky/contiki-ng-sky.a(memb.o)
                0x0000000000009954                memb_inmemb
 .text.memb_numfree
                0x000000000000997e       0x26 build/sky/contiki-ng-sky.a(memb.o)
                0x000000000000997e                memb_numfree
 .text.periodic
                0x00000000000099a4       0x28 build/sky/contiki-ng-sky.a(link-stats.o)
 .text.link_stats_from_lladdr
                0x00000000000099cc        0xc build/sky/contiki-ng-sky.a(link-stats.o)
                0x00000000000099cc                link_stats_from_lladdr
 .text.link_stats_is_fresh
                0x00000000000099d8       0x30 build/sky/contiki-ng-sky.a(link-stats.o)
                0x00000000000099d8                link_stats_is_fresh
 .text.guess_etx_from_rssi
                0x0000000000009a08       0x42 build/sky/contiki-ng-sky.a(link-stats.o)
                0x0000000000009a08                guess_etx_from_rssi
 .text.link_stats_packet_sent
                0x0000000000009a4a       0xea build/sky/contiki-ng-sky.a(link-stats.o)
                0x0000000000009a4a                link_stats_packet_sent
 .text.link_stats_input_callback
                0x0000000000009b34       0xb2 build/sky/contiki-ng-sky.a(link-stats.o)
                0x0000000000009b34                link_stats_input_callback
 .text.link_stats_reset
                0x0000000000009be6       0x2a build/sky/contiki-ng-sky.a(link-stats.o)
                0x0000000000009be6                link_stats_reset
 .text.link_stats_init
                0x0000000000009c10       0x22 build/sky/contiki-ng-sky.a(link-stats.o)
                0x0000000000009c10                link_stats_init
 .text.item_from_index
                0x0000000000009c32       0x2a build/sky/contiki-ng-sky.a(nbr-table.o)
 .text.index_from_key
                0x0000000000009c5c       0x26 build/sky/contiki-ng-sky.a(nbr-table.o)
 .text.index_from_item
                0x0000000000009c82       0x1e build/sky/contiki-ng-sky.a(nbr-table.o)
 .text.nbr_set_bit
                0x0000000000009ca0       0x58 build/sky/contiki-ng-sky.a(nbr-table.o)
 .text.index_from_lladdr
                0x0000000000009cf8       0x42 build/sky/contiki-ng-sky.a(nbr-table.o)
 .text.nbr_get_bit.constprop.3
                0x0000000000009d3a       0x2e build/sky/contiki-ng-sky.a(nbr-table.o)
 .text.remove_key
                0x0000000000009d68       0x84 build/sky/contiki-ng-sky.a(nbr-table.o)
 .text.nbr_table_is_registered
                0x0000000000009dec       0x22 build/sky/contiki-ng-sky.a(nbr-table.o)
                0x0000000000009dec                nbr_table_is_registered
 .text.nbr_table_register
                0x0000000000009e0e       0x40 build/sky/contiki-ng-sky.a(nbr-table.o)
                0x0000000000009e0e                nbr_table_register
 .text.nbr_table_next
                0x0000000000009e4e       0x54 build/sky/contiki-ng-sky.a(nbr-table.o)
                0x0000000000009e4e                nbr_table_next
 .text.nbr_table_head
                0x0000000000009ea2       0x3a build/sky/contiki-ng-sky.a(nbr-table.o)
                0x0000000000009ea2                nbr_table_head
 .text.nbr_table_get_from_lladdr
                0x0000000000009edc       0x2c build/sky/contiki-ng-sky.a(nbr-table.o)
                0x0000000000009edc                nbr_table_get_from_lladdr
 .text.entry_is_allowed.isra.2
                0x0000000000009f08       0x82 build/sky/contiki-ng-sky.a(nbr-table.o)
 .text.nbr_table_add_lladdr
                0x0000000000009f8a       0xbe build/sky/contiki-ng-sky.a(nbr-table.o)
                0x0000000000009f8a                nbr_table_add_lladdr
 .text.nbr_table_remove
                0x000000000000a048       0x32 build/sky/contiki-ng-sky.a(nbr-table.o)
                0x000000000000a048                nbr_table_remove
 .text.nbr_table_lock
                0x000000000000a07a       0x10 build/sky/contiki-ng-sky.a(nbr-table.o)
                0x000000000000a07a                nbr_table_lock
 .text.nbr_table_unlock
                0x000000000000a08a       0x10 build/sky/contiki-ng-sky.a(nbr-table.o)
                0x000000000000a08a                nbr_table_unlock
 .text.nbr_table_get_lladdr
                0x000000000000a09a       0x22 build/sky/contiki-ng-sky.a(nbr-table.o)
                0x000000000000a09a                nbr_table_get_lladdr
 .text.mac_sequence_is_duplicate
                0x000000000000a0bc       0x84 build/sky/contiki-ng-sky.a(mac-sequence.o)
                0x000000000000a0bc                mac_sequence_is_duplicate
 .text.mac_sequence_register_seqno
                0x000000000000a140       0x90 build/sky/contiki-ng-sky.a(mac-sequence.o)
                0x000000000000a140                mac_sequence_register_seqno
 .text.parse    0x000000000000a1d0       0xa0 build/sky/contiki-ng-sky.a(framer-802154.o)
 .text.framer_802154_setup_params
                0x000000000000a270       0xb8 build/sky/contiki-ng-sky.a(framer-802154.o)
                0x000000000000a270                framer_802154_setup_params
 .text.create_frame
                0x000000000000a328       0xde build/sky/contiki-ng-sky.a(framer-802154.o)
 .text.create   0x000000000000a406        0x8 build/sky/contiki-ng-sky.a(framer-802154.o)
 .text.hdr_length
                0x000000000000a40e        0x8 build/sky/contiki-ng-sky.a(framer-802154.o)
 .text.schedule_transmission
                0x000000000000a416       0x70 build/sky/contiki-ng-sky.a(csma-output.o)
 .text.tx_done  0x000000000000a486       0x9a build/sky/contiki-ng-sky.a(csma-output.o)
 .text.transmit_from_queue
                0x000000000000a520      0x1bc build/sky/contiki-ng-sky.a(csma-output.o)
 .text.csma_output_packet
                0x000000000000a6dc      0x186 build/sky/contiki-ng-sky.a(csma-output.o)
                0x000000000000a6dc                csma_output_packet
 .text.csma_output_init
                0x000000000000a862       0x1a build/sky/contiki-ng-sky.a(csma-output.o)
                0x000000000000a862                csma_output_init
 .text.csma_security_create_frame
                0x000000000000a87c       0x10 build/sky/contiki-ng-sky.a(csma-security.o)
                0x000000000000a87c                csma_security_create_frame
 .text.csma_security_parse_frame
                0x000000000000a88c        0x6 build/sky/contiki-ng-sky.a(csma-security.o)
                0x000000000000a88c                csma_security_parse_frame
 .text.echo_reply_input
                0x000000000000a892       0x68 build/sky/contiki-ng-sky.a(uip-icmp6.o)
 .text.echo_request_input
                0x000000000000a8fa       0x86 build/sky/contiki-ng-sky.a(uip-icmp6.o)
 .text.uip_icmp6_input
                0x000000000000a980       0x48 build/sky/contiki-ng-sky.a(uip-icmp6.o)
                0x000000000000a980                uip_icmp6_input
 .text.uip_icmp6_register_input_handler
                0x000000000000a9c8        0xc build/sky/contiki-ng-sky.a(uip-icmp6.o)
                0x000000000000a9c8                uip_icmp6_register_input_handler
 .text.uip_icmp6_error_output
                0x000000000000a9d4      0x146 build/sky/contiki-ng-sky.a(uip-icmp6.o)
                0x000000000000a9d4                uip_icmp6_error_output
 .text.uip_icmp6_send
                0x000000000000ab1a       0x8e build/sky/contiki-ng-sky.a(uip-icmp6.o)
                0x000000000000ab1a                uip_icmp6_send
 .text.uip_icmp6_init
                0x000000000000aba8       0x12 build/sky/contiki-ng-sky.a(uip-icmp6.o)
                0x000000000000aba8                uip_icmp6_init
 .text.ns_input
                0x000000000000abba      0x286 build/sky/contiki-ng-sky.a(uip-nd6.o)
 .text.uip_nd6_init
                0x000000000000ae40        0xa build/sky/contiki-ng-sky.a(uip-nd6.o)
                0x000000000000ae40                uip_nd6_init
 .text.node_matches_address.part.0
                0x000000000000ae4a       0x2e build/sky/contiki-ng-sky.a(uip-sr.o)
 .text.uip_sr_get_node
                0x000000000000ae78       0x44 build/sky/contiki-ng-sky.a(uip-sr.o)
                0x000000000000ae78                uip_sr_get_node
 .text.uip_sr_is_addr_reachable
                0x000000000000aebc       0x4e build/sky/contiki-ng-sky.a(uip-sr.o)
                0x000000000000aebc                uip_sr_is_addr_reachable
 .text.uip_sr_expire_parent
                0x000000000000af0a       0x42 build/sky/contiki-ng-sky.a(uip-sr.o)
                0x000000000000af0a                uip_sr_expire_parent
 .text.uip_sr_update_node
                0x000000000000af4c       0xbc build/sky/contiki-ng-sky.a(uip-sr.o)
                0x000000000000af4c                uip_sr_update_node
 .text.uip_sr_init
                0x000000000000b008       0x16 build/sky/contiki-ng-sky.a(uip-sr.o)
                0x000000000000b008                uip_sr_init
 .text.uip_sr_periodic
                0x000000000000b01e       0x9a build/sky/contiki-ng-sky.a(uip-sr.o)
                0x000000000000b01e                uip_sr_periodic
 .text.uip_sr_free_all
                0x000000000000b0b8       0x3c build/sky/contiki-ng-sky.a(uip-sr.o)
                0x000000000000b0b8                uip_sr_free_all
 .text.rpl_dag_root_set_prefix
                0x000000000000b0f4       0x62 build/sky/contiki-ng-sky.a(rpl-dag-root.o)
                0x000000000000b0f4                rpl_dag_root_set_prefix
 .text.rpl_dag_root_start
                0x000000000000b156       0x8e build/sky/contiki-ng-sky.a(rpl-dag-root.o)
                0x000000000000b156                rpl_dag_root_start
 .text.rpl_dag_root_is_root
                0x000000000000b1e4       0x14 build/sky/contiki-ng-sky.a(rpl-dag-root.o)
                0x000000000000b1e4                rpl_dag_root_is_root
 .text.init_dag
                0x000000000000b1f8       0x84 build/sky/contiki-ng-sky.a(rpl-dag.o)
 .text.process_dio_init_dag
                0x000000000000b27c       0xb0 build/sky/contiki-ng-sky.a(rpl-dag.o)
 .text.rpl_dag_get_root_ipaddr
                0x000000000000b32c       0x1e build/sky/contiki-ng-sky.a(rpl-dag.o)
                0x000000000000b32c                rpl_dag_get_root_ipaddr
 .text.rpl_dag_leave
                0x000000000000b34a       0x4a build/sky/contiki-ng-sky.a(rpl-dag.o)
                0x000000000000b34a                rpl_dag_leave
 .text.rpl_dag_poison_and_leave
                0x000000000000b394        0xc build/sky/contiki-ng-sky.a(rpl-dag.o)
                0x000000000000b394                rpl_dag_poison_and_leave
 .text.rpl_dag_periodic
                0x000000000000b3a0       0x6a build/sky/contiki-ng-sky.a(rpl-dag.o)
                0x000000000000b3a0                rpl_dag_periodic
 .text.rpl_is_addr_in_our_dag
                0x000000000000b40a       0x34 build/sky/contiki-ng-sky.a(rpl-dag.o)
                0x000000000000b40a                rpl_is_addr_in_our_dag
 .text.rpl_local_repair
                0x000000000000b43e       0x2a build/sky/contiki-ng-sky.a(rpl-dag.o)
                0x000000000000b43e                rpl_local_repair
 .text.rpl_global_repair
                0x000000000000b468       0x2e build/sky/contiki-ng-sky.a(rpl-dag.o)
                0x000000000000b468                rpl_global_repair
 .text.rpl_dag_ready_to_advertise
                0x000000000000b496       0x22 build/sky/contiki-ng-sky.a(rpl-dag.o)
                0x000000000000b496                rpl_dag_ready_to_advertise
 .text.rpl_dag_update_state
                0x000000000000b4b8      0x140 build/sky/contiki-ng-sky.a(rpl-dag.o)
                0x000000000000b4b8                rpl_dag_update_state
 .text.rpl_process_dio
                0x000000000000b5f8      0x1b6 build/sky/contiki-ng-sky.a(rpl-dag.o)
                0x000000000000b5f8                rpl_process_dio
 .text.rpl_process_dis
                0x000000000000b7ae       0x2a build/sky/contiki-ng-sky.a(rpl-dag.o)
                0x000000000000b7ae                rpl_process_dis
 .text.rpl_process_dao
                0x000000000000b7d8       0x6c build/sky/contiki-ng-sky.a(rpl-dag.o)
                0x000000000000b7d8                rpl_process_dao
 .text.rpl_process_dao_ack
                0x000000000000b844       0x54 build/sky/contiki-ng-sky.a(rpl-dag.o)
                0x000000000000b844                rpl_process_dao_ack
 .text.rpl_process_hbh
                0x000000000000b898       0x2e build/sky/contiki-ng-sky.a(rpl-dag.o)
                0x000000000000b898                rpl_process_hbh
 .text.rpl_dag_init_root
                0x000000000000b8c6       0xbc build/sky/contiki-ng-sky.a(rpl-dag.o)
                0x000000000000b8c6                rpl_dag_init_root
 .text.rpl_dag_init
                0x000000000000b982       0x10 build/sky/contiki-ng-sky.a(rpl-dag.o)
                0x000000000000b982                rpl_dag_init
 .text.update_hbh_header
                0x000000000000b992       0x4a build/sky/contiki-ng-sky.a(rpl-ext-header.)
 .text.rpl_ext_header_srh_get_next_hop
                0x000000000000b9dc       0x84 build/sky/contiki-ng-sky.a(rpl-ext-header.)
                0x000000000000b9dc                rpl_ext_header_srh_get_next_hop
 .text.rpl_ext_header_srh_update
                0x000000000000ba60      0x118 build/sky/contiki-ng-sky.a(rpl-ext-header.)
                0x000000000000ba60                rpl_ext_header_srh_update
 .text.rpl_ext_header_hbh_update
                0x000000000000bb78       0x9e build/sky/contiki-ng-sky.a(rpl-ext-header.)
                0x000000000000bb78                rpl_ext_header_hbh_update
 .text.rpl_ext_header_remove
                0x000000000000bc16       0xcc build/sky/contiki-ng-sky.a(rpl-ext-header.)
                0x000000000000bc16                rpl_ext_header_remove
 .text.rpl_ext_header_update
                0x000000000000bce2      0x2aa build/sky/contiki-ng-sky.a(rpl-ext-header.)
                0x000000000000bce2                rpl_ext_header_update
 .text.get32    0x000000000000bf8c       0x46 build/sky/contiki-ng-sky.a(rpl-icmp6.o)
 .text.set32    0x000000000000bfd2       0x2a build/sky/contiki-ng-sky.a(rpl-icmp6.o)
 .text.get16    0x000000000000bffc        0xe build/sky/contiki-ng-sky.a(rpl-icmp6.o)
 .text.set16    0x000000000000c00a       0x10 build/sky/contiki-ng-sky.a(rpl-icmp6.o)
 .text.dao_ack_input
                0x000000000000c01a       0x2a build/sky/contiki-ng-sky.a(rpl-icmp6.o)
 .text.dao_input
                0x000000000000c044      0x13e build/sky/contiki-ng-sky.a(rpl-icmp6.o)
 .text.dio_input
                0x000000000000c182      0x29c build/sky/contiki-ng-sky.a(rpl-icmp6.o)
 .text.dis_input
                0x000000000000c41e       0x1e build/sky/contiki-ng-sky.a(rpl-icmp6.o)
 .text.rpl_icmp6_update_nbr_table
                0x000000000000c43c       0x36 build/sky/contiki-ng-sky.a(rpl-icmp6.o)
                0x000000000000c43c                rpl_icmp6_update_nbr_table
 .text.rpl_icmp6_dis_output
                0x000000000000c472       0x34 build/sky/contiki-ng-sky.a(rpl-icmp6.o)
                0x000000000000c472                rpl_icmp6_dis_output
 .text.rpl_icmp6_dio_output
                0x000000000000c4a6      0x23a build/sky/contiki-ng-sky.a(rpl-icmp6.o)
                0x000000000000c4a6                rpl_icmp6_dio_output
 .text.rpl_icmp6_dao_output
                0x000000000000c6e0       0xe6 build/sky/contiki-ng-sky.a(rpl-icmp6.o)
                0x000000000000c6e0                rpl_icmp6_dao_output
 .text.rpl_icmp6_dao_ack_output
                0x000000000000c7c6       0x44 build/sky/contiki-ng-sky.a(rpl-icmp6.o)
                0x000000000000c7c6                rpl_icmp6_dao_ack_output
 .text.rpl_icmp6_init
                0x000000000000c80a       0x22 build/sky/contiki-ng-sky.a(rpl-icmp6.o)
                0x000000000000c80a                rpl_icmp6_init
 .text.reset    0x000000000000c82c        0x2 build/sky/contiki-ng-sky.a(rpl-mrhof.o)
 .text.update_metric_container
                0x000000000000c82e        0x6 build/sky/contiki-ng-sky.a(rpl-mrhof.o)
 .text.nbr_link_metric
                0x000000000000c834       0x12 build/sky/contiki-ng-sky.a(rpl-mrhof.o)
 .text.nbr_has_usable_link
                0x000000000000c846       0x14 build/sky/contiki-ng-sky.a(rpl-mrhof.o)
 .text.nbr_path_cost
                0x000000000000c85a       0x38 build/sky/contiki-ng-sky.a(rpl-mrhof.o)
 .text.within_hysteresis
                0x000000000000c892       0x54 build/sky/contiki-ng-sky.a(rpl-mrhof.o)
 .text.nbr_is_acceptable_parent
                0x000000000000c8e6       0x2c build/sky/contiki-ng-sky.a(rpl-mrhof.o)
 .text.rank_via_nbr
                0x000000000000c912       0x48 build/sky/contiki-ng-sky.a(rpl-mrhof.o)
 .text.best_parent
                0x000000000000c95a       0x7c build/sky/contiki-ng-sky.a(rpl-mrhof.o)
 .text.get_rank
                0x000000000000c9d6       0x16 build/sky/contiki-ng-sky.a(rpl-nbr-policy.)
 .text.rpl_nbr_gc_get_worst
                0x000000000000c9ec       0x28 build/sky/contiki-ng-sky.a(rpl-nbr-policy.)
                0x000000000000c9ec                rpl_nbr_gc_get_worst
 .text.remove_neighbor
                0x000000000000ca14       0x24 build/sky/contiki-ng-sky.a(rpl-neighbor.o)
 .text.rpl_neighbor_get_from_lladdr
                0x000000000000ca38        0xc build/sky/contiki-ng-sky.a(rpl-neighbor.o)
                0x000000000000ca38                rpl_neighbor_get_from_lladdr
 .text.rpl_neighbor_rank_via_nbr
                0x000000000000ca44       0x18 build/sky/contiki-ng-sky.a(rpl-neighbor.o)
                0x000000000000ca44                rpl_neighbor_rank_via_nbr
 .text.rpl_neighbor_get_lladdr
                0x000000000000ca5c        0xc build/sky/contiki-ng-sky.a(rpl-neighbor.o)
                0x000000000000ca5c                rpl_neighbor_get_lladdr
 .text.rpl_neighbor_get_ipaddr
                0x000000000000ca68        0xa build/sky/contiki-ng-sky.a(rpl-neighbor.o)
                0x000000000000ca68                rpl_neighbor_get_ipaddr
 .text.rpl_neighbor_get_link_stats
                0x000000000000ca72        0xa build/sky/contiki-ng-sky.a(rpl-neighbor.o)
                0x000000000000ca72                rpl_neighbor_get_link_stats
 .text.rpl_neighbor_is_fresh
                0x000000000000ca7c        0xa build/sky/contiki-ng-sky.a(rpl-neighbor.o)
                0x000000000000ca7c                rpl_neighbor_is_fresh
 .text.best_parent
                0x000000000000ca86       0xb2 build/sky/contiki-ng-sky.a(rpl-neighbor.o)
 .text.rpl_neighbor_set_preferred_parent
                0x000000000000cb38       0x48 build/sky/contiki-ng-sky.a(rpl-neighbor.o)
                0x000000000000cb38                rpl_neighbor_set_preferred_parent
 .text.rpl_neighbor_remove_all
                0x000000000000cb80       0x30 build/sky/contiki-ng-sky.a(rpl-neighbor.o)
                0x000000000000cb80                rpl_neighbor_remove_all
 .text.rpl_neighbor_get_from_ipaddr
                0x000000000000cbb0       0x14 build/sky/contiki-ng-sky.a(rpl-neighbor.o)
                0x000000000000cbb0                rpl_neighbor_get_from_ipaddr
 .text.rpl_neighbor_select_best
                0x000000000000cbc4       0x54 build/sky/contiki-ng-sky.a(rpl-neighbor.o)
                0x000000000000cbc4                rpl_neighbor_select_best
 .text.rpl_neighbor_init
                0x000000000000cc18        0xe build/sky/contiki-ng-sky.a(rpl-neighbor.o)
                0x000000000000cc18                rpl_neighbor_init
 .text.handle_state_update
                0x000000000000cc26        0x6 build/sky/contiki-ng-sky.a(rpl-timers.o)
 .text.handle_leaving_timer
                0x000000000000cc2c        0xc build/sky/contiki-ng-sky.a(rpl-timers.o)
 .text.schedule_dao_retransmission
                0x000000000000cc38       0x34 build/sky/contiki-ng-sky.a(rpl-timers.o)
 .text.new_dio_interval
                0x000000000000cc6c       0x8a build/sky/contiki-ng-sky.a(rpl-timers.o)
 .text.handle_unicast_dio_timer
                0x000000000000ccf6       0x12 build/sky/contiki-ng-sky.a(rpl-timers.o)
 .text.send_new_dao
                0x000000000000cd08       0x28 build/sky/contiki-ng-sky.a(rpl-timers.o)
 .text.resend_dao
                0x000000000000cd30       0x24 build/sky/contiki-ng-sky.a(rpl-timers.o)
 .text.handle_dao_ack_timer
                0x000000000000cd54       0x12 build/sky/contiki-ng-sky.a(rpl-timers.o)
 .text.handle_dio_timer
                0x000000000000cd66       0x6e build/sky/contiki-ng-sky.a(rpl-timers.o)
 .text.rpl_timers_schedule_periodic_dis
                0x000000000000cdd4       0x40 build/sky/contiki-ng-sky.a(rpl-timers.o)
                0x000000000000cdd4                rpl_timers_schedule_periodic_dis
 .text.handle_periodic_timer
                0x000000000000ce14       0x3a build/sky/contiki-ng-sky.a(rpl-timers.o)
 .text.handle_dis_timer
                0x000000000000ce4e       0x26 build/sky/contiki-ng-sky.a(rpl-timers.o)
 .text.rpl_timers_dio_reset
                0x000000000000ce74       0x2e build/sky/contiki-ng-sky.a(rpl-timers.o)
                0x000000000000ce74                rpl_timers_dio_reset
 .text.rpl_timers_schedule_unicast_dio
                0x000000000000cea2       0x20 build/sky/contiki-ng-sky.a(rpl-timers.o)
                0x000000000000cea2                rpl_timers_schedule_unicast_dio
 .text.rpl_timers_schedule_dao
                0x000000000000cec2       0x3c build/sky/contiki-ng-sky.a(rpl-timers.o)
                0x000000000000cec2                rpl_timers_schedule_dao
 .text.rpl_timers_schedule_dao_ack
                0x000000000000cefe       0x34 build/sky/contiki-ng-sky.a(rpl-timers.o)
                0x000000000000cefe                rpl_timers_schedule_dao_ack
 .text.rpl_timers_notify_dao_ack
                0x000000000000cf32       0x82 build/sky/contiki-ng-sky.a(rpl-timers.o)
                0x000000000000cf32                rpl_timers_notify_dao_ack
 .text.get_probing_delay
                0x000000000000cfb4       0x1c build/sky/contiki-ng-sky.a(rpl-timers.o)
                0x000000000000cfb4                get_probing_delay
 .text.get_probing_target
                0x000000000000cfd0       0xee build/sky/contiki-ng-sky.a(rpl-timers.o)
                0x000000000000cfd0                get_probing_target
 .text.rpl_schedule_probing
                0x000000000000d0be       0x20 build/sky/contiki-ng-sky.a(rpl-timers.o)
                0x000000000000d0be                rpl_schedule_probing
 .text.handle_probing_timer
                0x000000000000d0de       0x2a build/sky/contiki-ng-sky.a(rpl-timers.o)
 .text.rpl_schedule_probing_now
                0x000000000000d108       0x24 build/sky/contiki-ng-sky.a(rpl-timers.o)
                0x000000000000d108                rpl_schedule_probing_now
 .text.rpl_timers_unschedule_leaving
                0x000000000000d12c       0x1c build/sky/contiki-ng-sky.a(rpl-timers.o)
                0x000000000000d12c                rpl_timers_unschedule_leaving
 .text.rpl_timers_schedule_leaving
                0x000000000000d148       0x2a build/sky/contiki-ng-sky.a(rpl-timers.o)
                0x000000000000d148                rpl_timers_schedule_leaving
 .text.rpl_timers_init
                0x000000000000d172       0x1c build/sky/contiki-ng-sky.a(rpl-timers.o)
                0x000000000000d172                rpl_timers_init
 .text.rpl_timers_stop_dag_timers
                0x000000000000d18e       0x4c build/sky/contiki-ng-sky.a(rpl-timers.o)
                0x000000000000d18e                rpl_timers_stop_dag_timers
 .text.rpl_timers_unschedule_state_update
                0x000000000000d1da       0x10 build/sky/contiki-ng-sky.a(rpl-timers.o)
                0x000000000000d1da                rpl_timers_unschedule_state_update
 .text.rpl_timers_schedule_state_update
                0x000000000000d1ea       0x1c build/sky/contiki-ng-sky.a(rpl-timers.o)
                0x000000000000d1ea                rpl_timers_schedule_state_update
 .text.mac_call_sent_callback
                0x000000000000d206       0x14 build/sky/contiki-ng-sky.a(mac.o)
                0x000000000000d206                mac_call_sent_callback
 .text.frame802154_get_pan_id
                0x000000000000d21a        0x6 build/sky/contiki-ng-sky.a(frame802154.o)
                0x000000000000d21a                frame802154_get_pan_id
 .text.frame802154_has_panid
                0x000000000000d220       0xe0 build/sky/contiki-ng-sky.a(frame802154.o)
                0x000000000000d220                frame802154_has_panid
 .text.field_len
                0x000000000000d300       0xac build/sky/contiki-ng-sky.a(frame802154.o)
 .text.frame802154_is_broadcast_addr
                0x000000000000d3ac       0x28 build/sky/contiki-ng-sky.a(frame802154.o)
                0x000000000000d3ac                frame802154_is_broadcast_addr
 .text.frame802154_hdrlen
                0x000000000000d3d4       0x32 build/sky/contiki-ng-sky.a(frame802154.o)
                0x000000000000d3d4                frame802154_hdrlen
 .text.frame802154_create_fcf
                0x000000000000d406       0x96 build/sky/contiki-ng-sky.a(frame802154.o)
                0x000000000000d406                frame802154_create_fcf
 .text.frame802154_create
                0x000000000000d49c       0xe4 build/sky/contiki-ng-sky.a(frame802154.o)
                0x000000000000d49c                frame802154_create
 .text.frame802154_parse_fcf
                0x000000000000d580       0xbc build/sky/contiki-ng-sky.a(frame802154.o)
                0x000000000000d580                frame802154_parse_fcf
 .text.frame802154_parse
                0x000000000000d63c      0x168 build/sky/contiki-ng-sky.a(frame802154.o)
                0x000000000000d63c                frame802154_parse
 .text.libgcc   0x000000000000d7a4       0x2c /usr/local/Cellar/gcc-msp430/4.7.0-20120911_2/lib/gcc/msp430/4.7.0/mmpy-16/libgcc.a(_mulsi3.o)
                0x000000000000d7a4                __mulsi3
 .text.libgcc   0x000000000000d7d0       0x22 /usr/local/Cellar/gcc-msp430/4.7.0-20120911_2/lib/gcc/msp430/4.7.0/mmpy-16/libgcc.a(_udivmod16.o)
                0x000000000000d7d0                __udivhi3
                0x000000000000d7d0                __ext_udivmod16
                0x000000000000d7ea                __umodhi3
 .text.libgcc   0x000000000000d7f2       0x3a /usr/local/Cellar/gcc-msp430/4.7.0-20120911_2/lib/gcc/msp430/4.7.0/mmpy-16/libgcc.a(_divmod16.o)
                0x000000000000d7f2                __ext_divmod16
                0x000000000000d7f2                __divhi3
                0x000000000000d824                __modhi3
 .text.libgcc   0x000000000000d82c       0x40 /usr/local/Cellar/gcc-msp430/4.7.0-20120911_2/lib/gcc/msp430/4.7.0/mmpy-16/libgcc.a(_udivmod32.o)
                0x000000000000d82c                __udivsi3
                0x000000000000d82c                __ext_udivmod32
                0x000000000000d862                __umodsi3
 .text.libgcc   0x000000000000d86c       0x4c /usr/local/Cellar/gcc-msp430/4.7.0-20120911_2/lib/gcc/msp430/4.7.0/mmpy-16/libgcc.a(_divmod32.o)
                0x000000000000d86c                __ext_divmod32
                0x000000000000d86c                __divsi3
                0x000000000000d8ae                __modsi3
 .text.printf   0x000000000000d8b8       0x10 /usr/local/Cellar/gcc-msp430/4.7.0-20120911_2/lib/gcc/msp430/4.7.0/../../../../msp430/lib/mmpy-16/libc.a(printf.o)
                0x000000000000d8b8                printf
 .text.append   0x000000000000d8c8       0x22 /usr/local/Cellar/gcc-msp430/4.7.0-20120911_2/lib/gcc/msp430/4.7.0/../../../../msp430/lib/mmpy-16/libc.a(sprintf.o)
 .text.call_vuprintf
                0x000000000000d8ea       0x3a /usr/local/Cellar/gcc-msp430/4.7.0-20120911_2/lib/gcc/msp430/4.7.0/../../../../msp430/lib/mmpy-16/libc.a(sprintf.o)
 .text.snprintf
                0x000000000000d924       0x1a /usr/local/Cellar/gcc-msp430/4.7.0-20120911_2/lib/gcc/msp430/4.7.0/../../../../msp430/lib/mmpy-16/libc.a(sprintf.o)
                0x000000000000d924                snprintf
 .text.print_field
                0x000000000000d93e      0x194 /usr/local/Cellar/gcc-msp430/4.7.0-20120911_2/lib/gcc/msp430/4.7.0/../../../../msp430/lib/mmpy-16/libc.a(vuprintf.o)
 .text.vuprintf
                0x000000000000dad2      0x63c /usr/local/Cellar/gcc-msp430/4.7.0-20120911_2/lib/gcc/msp430/4.7.0/../../../../msp430/lib/mmpy-16/libc.a(vuprintf.o)
                0x000000000000dad2                vuprintf
 .text.puts     0x000000000000e10e       0x2c /usr/local/Cellar/gcc-msp430/4.7.0-20120911_2/lib/gcc/msp430/4.7.0/../../../../msp430/lib/mmpy-16/libc.a(puts.o)
                0x000000000000e10e                puts
 .text.rand     0x000000000000e13a       0x26 /usr/local/Cellar/gcc-msp430/4.7.0-20120911_2/lib/gcc/msp430/4.7.0/../../../../msp430/lib/mmpy-16/libc.a(rand.o)
                0x000000000000e13a                rand
 .text.srand    0x000000000000e160        0xa /usr/local/Cellar/gcc-msp430/4.7.0-20120911_2/lib/gcc/msp430/4.7.0/../../../../msp430/lib/mmpy-16/libc.a(rand.o)
                0x000000000000e160                srand
 .text.memcmp   0x000000000000e16a       0x30 /usr/local/Cellar/gcc-msp430/4.7.0-20120911_2/lib/gcc/msp430/4.7.0/../../../../msp430/lib/mmpy-16/libc.a(memcmp.o)
                0x000000000000e16a                memcmp
 .text.memcpy   0x000000000000e19a       0xfa /usr/local/Cellar/gcc-msp430/4.7.0-20120911_2/lib/gcc/msp430/4.7.0/../../../../msp430/lib/mmpy-16/libc.a(memcpy.o)
                0x000000000000e19a                memcpy
 .text.memmove  0x000000000000e294       0xfa /usr/local/Cellar/gcc-msp430/4.7.0-20120911_2/lib/gcc/msp430/4.7.0/../../../../msp430/lib/mmpy-16/libc.a(memmove.o)
                0x000000000000e294                memmove
 .text.memset   0x000000000000e38e       0x6a /usr/local/Cellar/gcc-msp430/4.7.0-20120911_2/lib/gcc/msp430/4.7.0/../../../../msp430/lib/mmpy-16/libc.a(memset.o)
                0x000000000000e38e                memset
 .text.libgcc   0x000000000000e3f8       0xf0 /usr/local/Cellar/gcc-msp430/4.7.0-20120911_2/lib/gcc/msp430/4.7.0/mmpy-16/libgcc.a(_udivmod64.o)
                0x000000000000e3f8                __xabi_udivmod64
                0x000000000000e456                __udivdi3
                0x000000000000e47c                __umoddi3
                0x000000000000e4aa                __udivmoddi4
 .text.crt0     0x000000000000e4e8        0x2 /usr/local/Cellar/gcc-msp430/4.7.0-20120911_2/lib/gcc/msp430/4.7.0/mmpy-16/libcrt0.a(_unexpected_.o)
                0x000000000000e4e8                _unexpected_
 *(.near.text .near.text.*)

.rodata         0x000000000000e4ec      0x511
                0x000000000000e4ec                . = ALIGN (0x2)
 *(.rodata .rodata.* .gnu.linkonce.r.*)
 .rodata        0x000000000000e4ec       0x58 udp-server.o
                0x000000000000e534                autostart_processes
 .rodata        0x000000000000e544        0x8 build/sky/obj/sensors.o
 .rodata        0x000000000000e54c       0xf4 build/sky/obj/contiki-main.o
 .rodata        0x000000000000e640       0x10 build/sky/contiki-ng-sky.a(button-sensor.o)
                0x000000000000e648                button_sensor
 .rodata.get_value
                0x000000000000e650       0x34 build/sky/contiki-ng-sky.a(cc2420.o)
 .rodata.set_value
                0x000000000000e684       0x10 build/sky/contiki-ng-sky.a(cc2420.o)
 .rodata        0x000000000000e694       0x3e build/sky/contiki-ng-sky.a(cc2420.o)
                0x000000000000e694                cc2420_aes_128_driver
                0x000000000000e698                cc2420_driver
 .rodata        0x000000000000e6d2       0x31 build/sky/contiki-ng-sky.a(platform.o)
 .rodata        0x000000000000e703        0xf build/sky/contiki-ng-sky.a(ctimer.o)
 .rodata        0x000000000000e712        0xc build/sky/contiki-ng-sky.a(etimer.o)
 .rodata        0x000000000000e71e       0xb6 build/sky/contiki-ng-sky.a(log.o)
 .rodata        0x000000000000e7d4       0x6a build/sky/contiki-ng-sky.a(stack-check.o)
 .rodata        0x000000000000e83e        0x8 build/sky/contiki-ng-sky.a(linkaddr.o)
                0x000000000000e83e                linkaddr_null
 .rodata        0x000000000000e846       0x14 build/sky/contiki-ng-sky.a(csma.o)
                0x000000000000e84c                csma_driver
 .rodata        0x000000000000e85a       0x26 build/sky/contiki-ng-sky.a(sicslowpan.o)
                0x000000000000e866                sicslowpan_driver
                0x000000000000e86e                llprefix
                0x000000000000e870                unc_mxconf
                0x000000000000e874                unc_ctxconf
                0x000000000000e878                unc_llconf
 .rodata        0x000000000000e880       0x13 build/sky/contiki-ng-sky.a(simple-udp.o)
 .rodata        0x000000000000e893        0xd build/sky/contiki-ng-sky.a(tcpip.o)
 .rodata        0x000000000000e8a0       0x2d build/sky/contiki-ng-sky.a(uiplib.o)
 *fill*         0x000000000000e8cd        0x1 00
 .rodata        0x000000000000e8ce       0x34 build/sky/contiki-ng-sky.a(rpl.o)
                0x000000000000e8d8                rpl_lite_driver