Archive member included because of file (symbol)

build/sky/contiki-ng-sky.a(contiki-sky-pla)
                              build/sky/obj/sensors.o (sensors_flags)
build/sky/contiki-ng-sky.a(button-sensor.o)
                              build/sky/contiki-ng-sky.a(contiki-sky-pla) (button_sensor)
build/sky/contiki-ng-sky.a(uart1-putchar.o)
                              udp-server.o (putchar)
build/sky/contiki-ng-sky.a(platform.o)
                              build/sky/obj/contiki-main.o (platform_init_stage_one)
build/sky/contiki-ng-sky.a(msp430.o)
                              build/sky/contiki-ng-sky.a(platform.o) (msp430_dco_required)
build/sky/contiki-ng-sky.a(clock.o)
                              build/sky/obj/contiki-main.o (clock_init)
build/sky/contiki-ng-sky.a(leds.o)
                              build/sky/contiki-ng-sky.a(platform.o) (leds_init)
build/sky/contiki-ng-sky.a(leds-arch.o)
                              build/sky/contiki-ng-sky.a(leds.o) (leds_arch_init)
build/sky/contiki-ng-sky.a(watchdog.o)
                              build/sky/obj/contiki-main.o (watchdog_start)
build/sky/contiki-ng-sky.a(rtimer-arch.o)
                              build/sky/obj/energest.o (rtimer_arch_now)
build/sky/contiki-ng-sky.a(autostart.o)
                              build/sky/obj/contiki-main.o (autostart_start)
build/sky/contiki-ng-sky.a(ctimer.o)
                              build/sky/obj/contiki-main.o (ctimer_init)
build/sky/contiki-ng-sky.a(etimer.o)
                              build/sky/contiki-ng-sky.a(clock.o) (etimer_request_poll)
build/sky/contiki-ng-sky.a(log.o)
                              udp-server.o (log_6addr)
build/sky/contiki-ng-sky.a(node-id.o)
                              build/sky/obj/contiki-main.o (node_id_init)
build/sky/contiki-ng-sky.a(process.o)
                              build/sky/contiki-ng-sky.a(ctimer.o) (process_current)
build/sky/contiki-ng-sky.a(rtimer.o)
                              build/sky/obj/contiki-main.o (rtimer_init)
build/sky/contiki-ng-sky.a(stack-check.o)
                              build/sky/obj/contiki-main.o (stack_check_init)
build/sky/contiki-ng-sky.a(timer.o)
                              build/sky/contiki-ng-sky.a(button-sensor.o) (timer_set)
build/sky/contiki-ng-sky.a(list.o)
                              build/sky/contiki-ng-sky.a(ctimer.o) (list_init)
build/sky/contiki-ng-sky.a(random.o)
                              build/sky/contiki-ng-sky.a(platform.o) (random_init)
build/sky/contiki-ng-sky.a(linkaddr.o)
                              build/sky/contiki-ng-sky.a(platform.o) (linkaddr_copy)
build/sky/contiki-ng-sky.a(netstack.o)
                              build/sky/obj/contiki-main.o (netstack_init)
build/sky/contiki-ng-sky.a(queuebuf.o)
                              build/sky/obj/contiki-main.o (queuebuf_init)
build/sky/contiki-ng-sky.a(csma.o)
                              build/sky/obj/contiki-main.o (csma_driver)
build/sky/contiki-ng-sky.a(sicslowpan.o)
                              build/sky/obj/contiki-main.o (sicslowpan_driver)
build/sky/contiki-ng-sky.a(simple-udp.o)
                              udp-server.o (simple_udp_sendto)
build/sky/contiki-ng-sky.a(tcpip.o)
                              build/sky/contiki-ng-sky.a(simple-udp.o) (udp_new)
build/sky/contiki-ng-sky.a(uip-ds6-nbr.o)
                              build/sky/contiki-ng-sky.a(tcpip.o) (uip_ds6_nbr_add)
build/sky/contiki-ng-sky.a(uip-ds6-route.o)
                              build/sky/contiki-ng-sky.a(tcpip.o) (uip_ds6_route_nexthop)
build/sky/contiki-ng-sky.a(uip-ds6.o)
                              build/sky/contiki-ng-sky.a(tcpip.o) (uip_ds6_is_addr_onlink)
build/sky/contiki-ng-sky.a(uip-udp-packet.)
                              build/sky/contiki-ng-sky.a(simple-udp.o) (uip_udp_packet_sendto)
build/sky/contiki-ng-sky.a(uip6.o)
                              build/sky/contiki-ng-sky.a(sicslowpan.o) (uip_aligned_buf)
build/sky/contiki-ng-sky.a(uipbuf.o)
                              build/sky/contiki-ng-sky.a(uip6.o) (uipbuf_add_ext_hdr)
build/sky/contiki-ng-sky.a(uiplib.o)
                              build/sky/contiki-ng-sky.a(log.o) (uiplib_ipaddr_snprint)
build/sky/contiki-ng-sky.a(rpl.o)
                              udp-server.o (rpl_lite_driver)
build/sky/contiki-ng-sky.a(ds2411.o)
                              build/sky/contiki-ng-sky.a(platform.o) (ds2411_init)
build/sky/contiki-ng-sky.a(xmem.o)
                              build/sky/contiki-ng-sky.a(platform.o) (xmem_init)
build/sky/contiki-ng-sky.a(cc2420.o)
                              build/sky/contiki-ng-sky.a(platform.o) (cc2420_set_pan_addr)
build/sky/contiki-ng-sky.a(cc2420-arch.o)
                              build/sky/contiki-ng-sky.a(cc2420.o) (cc2420_arch_init)
build/sky/contiki-ng-sky.a(uart1.o)
                              build/sky/contiki-ng-sky.a(platform.o) (uart1_active)
build/sky/contiki-ng-sky.a(stimer.o)
[...]
Memory Configuration

Name             Origin             Length             Attributes
sfr              0x0000000000000000 0x0000000000000010
peripheral_8bit  0x0000000000000010 0x00000000000000f0
peripheral_16bit 0x0000000000000100 0x0000000000000100
ram_mirror       0x0000000000000200 0x0000000000000800 xw
infomem          0x0000000000001000 0x0000000000000100
infob            0x0000000000001000 0x0000000000000080
infoa            0x0000000000001080 0x0000000000000080
ram              0x0000000000001100 0x0000000000002800 xw
rom              0x0000000000004000 0x000000000000bfe0 xr
vectors          0x000000000000ffe0 0x0000000000000020
bsl              0x0000000000000000 0x0000000000000000
infoc            0x0000000000000000 0x0000000000000000
infod            0x0000000000000000 0x0000000000000000
ram2             0x0000000000000000 0x0000000000000000 xw
signature        0x0000000000000000 0x0000000000000000
usbram           0x0000000000000000 0x0000000000000000 xw
far_rom          0x0000000000000000 0x0000000000000000
*default*        0x0000000000000000 0xffffffffffffffff

Linker script and memory map

LOAD /usr/local/Cellar/gcc-msp430/4.7.0-20120911_2/lib/gcc/msp430/4.7.0/mmpy-16/crt0ivtbl16.o
                0x0000000000002dec                _stack = _end
LOAD udp-server.o
LOAD build/sky/obj/miti.o
LOAD build/sky/obj/sensors.o
LOAD build/sky/obj/pir-sensor.o
LOAD build/sky/obj/simEnvChange.o
LOAD build/sky/obj/energest.o
LOAD build/sky/obj/contiki-main.o
LOAD build/sky/contiki-ng-sky.a
LOAD /usr/local/Cellar/gcc-msp430/4.7.0-20120911_2/lib/gcc/msp430/4.7.0/mmpy-16/libgcc.a
LOAD /usr/local/Cellar/gcc-msp430/4.7.0-20120911_2/lib/gcc/msp430/4.7.0/../../../../msp430/lib/mmpy-16/libc.a
LOAD /usr/local/Cellar/gcc-msp430/4.7.0-20120911_2/lib/gcc/msp430/4.7.0/mmpy-16/libgcc.a
LOAD /usr/local/Cellar/gcc-msp430/4.7.0-20120911_2/lib/gcc/msp430/4.7.0/mmpy-16/libcrt0.a
                0x0000000000000080                PROVIDE (__info_segment_size, 0x80)
                0x0000000000001000                PROVIDE (__infob, 0x1000)
                0x0000000000001080                PROVIDE (__infoa, 0x1080)
                0x0000000000000000                __IE1 = 0x0
                0x0000000000000002                __IFG1 = 0x2
                0x0000000000000004                __ME1 = 0x4
                0x0000000000000001                __IE2 = 0x1
                0x0000000000000003                __IFG2 = 0x3
                0x0000000000000005                __ME2 = 0x5
                0x0000000000000120                __WDTCTL = 0x120
                0x0000000000000130                __MPY = 0x130
                0x0000000000000132                __MPYS = 0x132
                0x0000000000000134                __MAC = 0x134
                0x0000000000000136                __MACS = 0x136
                0x0000000000000138                __OP2 = 0x138
                0x000000000000013a                __RESLO = 0x13a
                0x000000000000013c                __RESHI = 0x13c
                0x000000000000013e                __SUMEXT = 0x13e
                0x0000000000000020                __P1IN = 0x20
                0x0000000000000021                __P1OUT = 0x21
                0x0000000000000022                __P1DIR = 0x22
                0x0000000000000023                __P1IFG = 0x23
                0x0000000000000024                __P1IES = 0x24
                0x0000000000000025                __P1IE = 0x25
                0x0000000000000026                __P1SEL = 0x26
                0x0000000000000028                __P2IN = 0x28
                0x0000000000000029                __P2OUT = 0x29
                0x000000000000002a                __P2DIR = 0x2a
                0x000000000000002b                __P2IFG = 0x2b
                0x000000000000002c                __P2IES = 0x2c
                0x000000000000002d                __P2IE = 0x2d
                0x000000000000002e                __P2SEL = 0x2e
                0x0000000000000018                __P3IN = 0x18
                0x0000000000000019                __P3OUT = 0x19
                0x000000000000001a                __P3DIR = 0x1a
                0x000000000000001b                __P3SEL = 0x1b
                0x000000000000001c                __P4IN = 0x1c
                0x000000000000001d                __P4OUT = 0x1d
                0x000000000000001e                __P4DIR = 0x1e
                0x000000000000001f                __P4SEL = 0x1f
                0x0000000000000030                __P5IN = 0x30
                0x0000000000000031                __P5OUT = 0x31
                0x0000000000000032                __P5DIR = 0x32
                0x0000000000000033                __P5SEL = 0x33
                0x0000000000000034                __P6IN = 0x34
                0x0000000000000035                __P6OUT = 0x35
                0x0000000000000036                __P6DIR = 0x36
                0x0000000000000037                __P6SEL = 0x37
                0x0000000000000070                __U0CTL = 0x70
                0x0000000000000071                __U0TCTL = 0x71
                0x0000000000000072                __U0RCTL = 0x72
                0x0000000000000073                __U0MCTL = 0x73
                0x0000000000000074                __U0BR0 = 0x74
                0x0000000000000075                __U0BR1 = 0x75
                0x0000000000000076                __U0RXBUF = 0x76
                0x0000000000000077                __U0TXBUF = 0x77
                0x0000000000000078                __U1CTL = 0x78
                0x0000000000000079                __U1TCTL = 0x79
                0x000000000000007a                __U1RCTL = 0x7a
                0x000000000000007b                __U1MCTL = 0x7b
                0x000000000000007c                __U1BR0 = 0x7c
                0x000000000000007d                __U1BR1 = 0x7d
                0x000000000000007e                __U1RXBUF = 0x7e
                0x000000000000007f                __U1TXBUF = 0x7f
                0x0000000000000050                __I2CIE = 0x50
                0x0000000000000051                __I2CIFG = 0x51
                0x0000000000000052                __I2CNDAT = 0x52
                0x0000000000000071                __I2CTCTL = 0x71
                0x0000000000000072                __I2CDCTL = 0x72
                0x0000000000000073                __I2CPSC = 0x73
                0x0000000000000074                __I2CSCLH = 0x74
                0x0000000000000075                __I2CSCLL = 0x75
                0x0000000000000076                __I2CDRB = 0x76
                0x0000000000000076                __I2CDRW = 0x76
                0x0000000000000118                __I2COA = 0x118
                0x000000000000011a                __I2CSA = 0x11a
                0x000000000000011c                __I2CIV = 0x11c
                0x000000000000012e                __TAIV = 0x12e
                0x0000000000000160                __TACTL = 0x160
                0x0000000000000162                __TACCTL0 = 0x162
                0x0000000000000164                __TACCTL1 = 0x164
                0x0000000000000166                __TACCTL2 = 0x166
                0x0000000000000170                __TAR = 0x170
                0x0000000000000172                __TACCR0 = 0x172
                0x0000000000000174                __TACCR1 = 0x174
                0x0000000000000176                __TACCR2 = 0x176
                0x000000000000011e                __TBIV = 0x11e
                0x0000000000000180                __TBCTL = 0x180
                0x0000000000000182                __TBCCTL0 = 0x182
                0x0000000000000184                __TBCCTL1 = 0x184
                0x0000000000000186                __TBCCTL2 = 0x186
                0x0000000000000188                __TBCCTL3 = 0x188
                0x000000000000018a                __TBCCTL4 = 0x18a
                0x000000000000018c                __TBCCTL5 = 0x18c
                0x000000000000018e                __TBCCTL6 = 0x18e
                0x0000000000000190                __TBR = 0x190
                0x0000000000000192                __TBCCR0 = 0x192
                0x0000000000000194                __TBCCR1 = 0x194
                0x0000000000000196                __TBCCR2 = 0x196
                0x0000000000000198                __TBCCR3 = 0x198
                0x000000000000019a                __TBCCR4 = 0x19a
                0x000000000000019c                __TBCCR5 = 0x19c
                0x000000000000019e                __TBCCR6 = 0x19e
                0x0000000000000056                __DCOCTL = 0x56
                0x0000000000000057                __BCSCTL1 = 0x57
                0x0000000000000058                __BCSCTL2 = 0x58
                0x0000000000000055                __SVSCTL = 0x55
                0x0000000000000128                __FCTL1 = 0x128
                0x000000000000012a                __FCTL2 = 0x12a
                0x000000000000012c                __FCTL3 = 0x12c
                0x0000000000000059                __CACTL1 = 0x59
                0x000000000000005a                __CACTL2 = 0x5a
                0x000000000000005b                __CAPD = 0x5b
                0x00000000000001a0                __ADC12CTL0 = 0x1a0
                0x00000000000001a2                __ADC12CTL1 = 0x1a2
                0x00000000000001a4                __ADC12IFG = 0x1a4
                0x00000000000001a6                __ADC12IE = 0x1a6
                0x00000000000001a8                __ADC12IV = 0x1a8
                0x0000000000000140                __ADC12MEM0 = 0x140
                0x0000000000000142                __ADC12MEM1 = 0x142
                0x0000000000000144                __ADC12MEM2 = 0x144
                0x0000000000000146                __ADC12MEM3 = 0x146
                0x0000000000000148                __ADC12MEM4 = 0x148
                0x000000000000014a                __ADC12MEM5 = 0x14a
                0x000000000000014c                __ADC12MEM6 = 0x14c
                0x000000000000014e                __ADC12MEM7 = 0x14e
                0x0000000000000150                __ADC12MEM8 = 0x150
                0x0000000000000152                __ADC12MEM9 = 0x152
                0x0000000000000154                __ADC12MEM10 = 0x154
                0x0000000000000156                __ADC12MEM11 = 0x156
                0x0000000000000158                __ADC12MEM12 = 0x158
                0x000000000000015a                __ADC12MEM13 = 0x15a
                0x000000000000015c                __ADC12MEM14 = 0x15c
                0x000000000000015e                __ADC12MEM15 = 0x15e
                0x0000000000000080                __ADC12MCTL0 = 0x80
                0x0000000000000081                __ADC12MCTL1 = 0x81
                0x0000000000000082                __ADC12MCTL2 = 0x82
                0x0000000000000083                __ADC12MCTL3 = 0x83
                0x0000000000000084                __ADC12MCTL4 = 0x84
                0x0000000000000085                __ADC12MCTL5 = 0x85
                0x0000000000000086                __ADC12MCTL6 = 0x86
                0x0000000000000087                __ADC12MCTL7 = 0x87
                0x0000000000000088                __ADC12MCTL8 = 0x88
                0x0000000000000089                __ADC12MCTL9 = 0x89
                0x000000000000008a                __ADC12MCTL10 = 0x8a
                0x000000000000008b                __ADC12MCTL11 = 0x8b
                0x000000000000008c                __ADC12MCTL12 = 0x8c
                0x000000000000008d                __ADC12MCTL13 = 0x8d
                0x000000000000008e                __ADC12MCTL14 = 0x8e
                0x000000000000008f                __ADC12MCTL15 = 0x8f
                0x00000000000001c0                __DAC12_0CTL = 0x1c0
                0x00000000000001c2                __DAC12_1CTL = 0x1c2
                0x00000000000001c8                __DAC12_0DAT = 0x1c8
                0x00000000000001ca                __DAC12_1DAT = 0x1ca
                0x0000000000000122                __DMACTL0 = 0x122
                0x0000000000000124                __DMACTL1 = 0x124
                0x00000000000001e0                __DMA0CTL = 0x1e0
                0x00000000000001e8                __DMA1CTL = 0x1e8
                0x00000000000001f0                __DMA2CTL = 0x1f0
                0x00000000000001e2                __DMA0SA = 0x1e2
                0x00000000000001e4                __DMA0DA = 0x1e4
                0x00000000000001e6                __DMA0SZ = 0x1e6
                0x00000000000001ea                __DMA1SA = 0x1ea
                0x00000000000001ec                __DMA1DA = 0x1ec
                0x00000000000001ee                __DMA1SZ = 0x1ee
                0x00000000000001f2                __DMA2SA = 0x1f2
                0x00000000000001f4                __DMA2DA = 0x1f4
                0x00000000000001f6                __DMA2SZ = 0x1f6

.hash
 *(.hash)

.dynsym
 *(.dynsym)

.dynstr
 *(.dynstr)

.gnu.version
 *(.gnu.version)

.gnu.version_d
 *(.gnu.version_d)

.gnu.version_r
 *(.gnu.version_r)

.rel.init
 *(.rel.init)

.rela.init
 *(.rela.init)

.rel.fini
 *(.rel.fini)

.rela.fini
 *(.rela.fini)

.rel.text
 *(.rel.text .rel.text.* .rel.gnu.linkonce.t.*)

.rela.text
 *(.rela.text .rela.text.* .rela.gnu.linkonce.t.*)

.rel.rodata
 *(.rel.rodata .rel.rodata.* .rel.gnu.linkonce.r.*)

.rela.rodata
 *(.rela.rodata .rela.rodata.* .rela.gnu.linkonce.r.*)

.rel.data
 *(.rel.data .rel.data.* .rel.gnu.linkonce.d.*)

.rela.data
 *(.rela.data .rela.data.* .rela.gnu.linkonce.d.*)

.rel.bss
 *(.rel.bss .rel.bss.* .rel.gnu.linkonce.b.*)

.rela.bss
 *(.rela.bss .rela.bss.* .rela.gnu.linkonce.b.*)

.rel.ctors
 *(.rel.ctors)

.rela.ctors
 *(.rela.ctors)

.rel.dtors
 *(.rel.dtors)

.rela.dtors
 *(.rela.dtors)

.rel.got
 *(.rel.got)

.rela.got
 *(.rela.got)

.rel.plt
 *(.rel.plt)

.rela.plt
 *(.rela.plt)

.text           0x0000000000004000     0xa582
                0x0000000000004000                . = ALIGN (0x2)
 *(.init .init.*)
 *(.init0)
 .init0         0x0000000000004000        0x0 /usr/local/Cellar/gcc-msp430/4.7.0-20120911_2/lib/gcc/msp430/4.7.0/mmpy-16/libcrt0.a(_reset_vector__.o)
                0x0000000000004000                _reset_vector__
 *(.init1)
 .init1         0x0000000000004000        0xc /usr/local/Cellar/gcc-msp430/4.7.0-20120911_2/lib/gcc/msp430/4.7.0/mmpy-16/libcrt0.a(__watchdog_support.o)
                0x0000000000004000                __watchdog_support
 *(.init2)
 .init2         0x000000000000400c        0x4 /usr/local/Cellar/gcc-msp430/4.7.0-20120911_2/lib/gcc/msp430/4.7.0/mmpy-16/libcrt0.a(__init_stack.o)
                0x000000000000400c                __init_stack
 *(.init3)
 .init3         0x0000000000004010        0x0 /usr/local/Cellar/gcc-msp430/4.7.0-20120911_2/lib/gcc/msp430/4.7.0/mmpy-16/libcrt0.a(__low_level_init.o)
                0x0000000000004010                __low_level_init
 *(.init4)
 .init4         0x0000000000004010       0x18 /usr/local/Cellar/gcc-msp430/4.7.0-20120911_2/lib/gcc/msp430/4.7.0/mmpy-16/libcrt0.a(_copy_data.o)
                0x0000000000004010                __do_copy_data
 .init4         0x0000000000004028       0x16 /usr/local/Cellar/gcc-msp430/4.7.0-20120911_2/lib/gcc/msp430/4.7.0/mmpy-16/libcrt0.a(_clear_bss.o)
                0x0000000000004028                __do_clear_bss
 *(.init5)
 *(.init6)
 *(.init7)
 *(.init8)
 *(.init9)
 .init9         0x000000000000403e      0x232 build/sky/obj/contiki-main.o
                0x000000000000403e                main
 *(.fini9)
 .fini9         0x0000000000004270        0x0 /usr/local/Cellar/gcc-msp430/4.7.0-20120911_2/lib/gcc/msp430/4.7.0/mmpy-16/libcrt0.a(__stop_progExec__.o)
                0x0000000000004270                __stop_progExec__
 *(.fini8)
 *(.fini7)
 *(.fini6)
 *(.fini5)
 *(.fini4)
 *(.fini3)
 *(.fini2)
 *(.fini1)
 *(.fini0)
 .fini0         0x0000000000004270        0x6 /usr/local/Cellar/gcc-msp430/4.7.0-20120911_2/lib/gcc/msp430/4.7.0/mmpy-16/libcrt0.a(_endless_loop__.o)
                0x0000000000004270                _endless_loop__
 *(.fini .fini.*)
                0x0000000000004276                . = ALIGN (0x2)
                0x0000000000004276                __ctors_start = .
 *(.ctors)
                0x0000000000004276                __ctors_end = .
                0x0000000000004276                __dtors_start = .
 *(.dtors)
                0x0000000000004276                __dtors_end = .
                0x0000000000004276                . = ALIGN (0x2)
 *(.text .text.* .gnu.linkonce.t.*)
 .text          0x0000000000004276        0x4 /usr/local/Cellar/gcc-msp430/4.7.0-20120911_2/lib/gcc/msp430/4.7.0/mmpy-16/crt0ivtbl16.o
                0x0000000000004276                __isr_9
                0x0000000000004276                __isr_11
                0x0000000000004276                __isr_2
                0x0000000000004276                __isr_7
                0x0000000000004276                __isr_0
                0x0000000000004276                __isr_8
                0x0000000000004276                __isr_3
                0x0000000000004276                __isr_12
                0x0000000000004276                __isr_13
                0x0000000000004276                __isr_14
 .text.process_thread_udp_server_process
                0x000000000000427a       0x32 udp-server.o
 .text.udp_rx_callback
                0x00000000000042ac       0x6c udp-server.o
 .text.process_thread_sensors_process
                0x0000000000004318       0xc2 build/sky/obj/sensors.o
 .text.sensors_changed
                0x00000000000043da       0x2a build/sky/obj/sensors.o
                0x00000000000043da                sensors_changed
 .text.energest_init
                0x0000000000004404       0x40 build/sky/obj/energest.o
                0x0000000000004404                energest_init
 .text.energest_flush
                0x0000000000004444       0x5c build/sky/obj/energest.o
                0x0000000000004444                energest_flush
 .text.init_platform
                0x00000000000044a0        0xc build/sky/contiki-ng-sky.a(contiki-sky-pla)
                0x00000000000044a0                init_platform
 .text.status   0x00000000000044ac       0x18 build/sky/contiki-ng-sky.a(button-sensor.o)
 .text.value    0x00000000000044c4       0x20 build/sky/contiki-ng-sky.a(button-sensor.o)
 .text.configure
                0x00000000000044e4       0x4c build/sky/contiki-ng-sky.a(button-sensor.o)
 .text.irq_p2   0x0000000000004530       0x46 build/sky/contiki-ng-sky.a(button-sensor.o)
                0x0000000000004530                irq_p2
                0x0000000000004530                __isr_1
 .text.putchar  0x0000000000004576       0x10 build/sky/contiki-ng-sky.a(uart1-putchar.o)
                0x0000000000004576                putchar
 .text.platform_init_stage_one
                0x0000000000004586       0x12 build/sky/contiki-ng-sky.a(platform.o)
                0x0000000000004586                platform_init_stage_one
 .text.platform_init_stage_two
                0x0000000000004598       0x64 build/sky/contiki-ng-sky.a(platform.o)
                0x0000000000004598                platform_init_stage_two
 .text.platform_init_stage_three
                0x00000000000045fc       0x7a build/sky/contiki-ng-sky.a(platform.o)
                0x00000000000045fc                platform_init_stage_three
 .text.platform_idle
                0x0000000000004676       0x54 build/sky/contiki-ng-sky.a(platform.o)
                0x0000000000004676                platform_idle
 .text.msp430_init_dco
                0x00000000000046ca       0x82 build/sky/contiki-ng-sky.a(msp430.o)
                0x00000000000046ca                msp430_init_dco
 .text.msp430_add_lpm_req
                0x000000000000474c        0xc build/sky/contiki-ng-sky.a(msp430.o)
                0x000000000000474c                msp430_add_lpm_req
 .text.msp430_cpu_init
                0x0000000000004758       0x2a build/sky/contiki-ng-sky.a(msp430.o)
                0x0000000000004758                msp430_cpu_init
 .text.splhigh_
                0x0000000000004782        0x8 build/sky/contiki-ng-sky.a(msp430.o)
                0x0000000000004782                splhigh_
 .text.msp430_sync_dco
                0x000000000000478a       0x6c build/sky/contiki-ng-sky.a(msp430.o)
                0x000000000000478a                msp430_sync_dco
 .text.timera1  0x00000000000047f6       0xdc build/sky/contiki-ng-sky.a(clock.o)
                0x00000000000047f6                __isr_5
                0x00000000000047f6                timera1
 .text.clock_time
                0x00000000000048d2       0x1a build/sky/contiki-ng-sky.a(clock.o)
                0x00000000000048d2                clock_time
 .text.clock_init
                0x00000000000048ec       0x28 build/sky/contiki-ng-sky.a(clock.o)
                0x00000000000048ec                clock_init
 .text.clock_delay
                0x0000000000004914        0xc build/sky/contiki-ng-sky.a(clock.o)
                0x0000000000004914                clock_delay
 .text.clock_seconds
                0x0000000000004920       0x1a build/sky/contiki-ng-sky.a(clock.o)
                0x0000000000004920                clock_seconds
 .text.leds_init
                0x000000000000493a        0x6 build/sky/contiki-ng-sky.a(leds.o)
                0x000000000000493a                leds_init
 .text.leds_on  0x0000000000004940       0x12 build/sky/contiki-ng-sky.a(leds.o)
                0x0000000000004940                leds_on
 .text.leds_off
                0x0000000000004952       0x12 build/sky/contiki-ng-sky.a(leds.o)
                0x0000000000004952                leds_off
 .text.leds_arch_init
                0x0000000000004964        0xe build/sky/contiki-ng-sky.a(leds-arch.o)
                0x0000000000004964                leds_arch_init
 .text.leds_arch_get
                0x0000000000004972       0x34 build/sky/contiki-ng-sky.a(leds-arch.o)
                0x0000000000004972                leds_arch_get
 .text.leds_arch_set
                0x00000000000049a6       0x3e build/sky/contiki-ng-sky.a(leds-arch.o)
                0x00000000000049a6                leds_arch_set
 .text.watchdog_interrupt
                0x00000000000049e4        0x6 build/sky/contiki-ng-sky.a(watchdog.o)
                0x00000000000049e4                __isr_10
                0x00000000000049e4                watchdog_interrupt
 .text.watchdog_start
                0x00000000000049ea       0x14 build/sky/contiki-ng-sky.a(watchdog.o)
                0x00000000000049ea                watchdog_start
 .text.watchdog_periodic
                0x00000000000049fe       0x12 build/sky/contiki-ng-sky.a(watchdog.o)
                0x00000000000049fe                watchdog_periodic
 .text.watchdog_stop
                0x0000000000004a10       0x16 build/sky/contiki-ng-sky.a(watchdog.o)
                0x0000000000004a10                watchdog_stop
 .text.watchdog_init
                0x0000000000004a26       0x12 build/sky/contiki-ng-sky.a(watchdog.o)
                0x0000000000004a26                watchdog_init
 .text.timera0  0x0000000000004a38       0x2e build/sky/contiki-ng-sky.a(rtimer-arch.o)
                0x0000000000004a38                __isr_6
                0x0000000000004a38                timera0
 .text.rtimer_arch_init
                0x0000000000004a66        0xe build/sky/contiki-ng-sky.a(rtimer-arch.o)
                0x0000000000004a66                rtimer_arch_init
 .text.rtimer_arch_now
                0x0000000000004a74        0xe build/sky/contiki-ng-sky.a(rtimer-arch.o)
                0x0000000000004a74                rtimer_arch_now
 .text.rtimer_arch_schedule
                0x0000000000004a82        0x6 build/sky/contiki-ng-sky.a(rtimer-arch.o)
                0x0000000000004a82                rtimer_arch_schedule
 .text.autostart_start
                0x0000000000004a88       0x16 build/sky/contiki-ng-sky.a(autostart.o)
                0x0000000000004a88                autostart_start
 .text.process_thread_ctimer_process
                0x0000000000004a9e       0xa8 build/sky/contiki-ng-sky.a(ctimer.o)
 .text.ctimer_init
                0x0000000000004b46       0x18 build/sky/contiki-ng-sky.a(ctimer.o)
                0x0000000000004b46                ctimer_init
 .text.ctimer_set_with_process
                0x0000000000004b5e       0x4e build/sky/contiki-ng-sky.a(ctimer.o)
                0x0000000000004b5e                ctimer_set_with_process
 .text.ctimer_set
                0x0000000000004bac       0x10 build/sky/contiki-ng-sky.a(ctimer.o)
                0x0000000000004bac                ctimer_set
 .text.ctimer_reset
                0x0000000000004bbc       0x30 build/sky/contiki-ng-sky.a(ctimer.o)
                0x0000000000004bbc                ctimer_reset
 .text.ctimer_stop
                0x0000000000004bec       0x28 build/sky/contiki-ng-sky.a(ctimer.o)
                0x0000000000004bec                ctimer_stop
 .text.ctimer_expired
                0x0000000000004c14       0x30 build/sky/contiki-ng-sky.a(ctimer.o)
                0x0000000000004c14                ctimer_expired
 .text.update_time
                0x0000000000004c44       0x78 build/sky/contiki-ng-sky.a(etimer.o)
 .text.etimer_request_poll
                0x0000000000004cbc        0xa build/sky/contiki-ng-sky.a(etimer.o)
                0x0000000000004cbc                etimer_request_poll
 .text.process_thread_etimer_process
                0x0000000000004cc6       0xcc build/sky/contiki-ng-sky.a(etimer.o)
 .text.add_timer
                0x0000000000004d92       0x40 build/sky/contiki-ng-sky.a(etimer.o)
 .text.etimer_set
                0x0000000000004dd2       0x12 build/sky/contiki-ng-sky.a(etimer.o)
                0x0000000000004dd2                etimer_set
 .text.etimer_reset
                0x0000000000004de4       0x12 build/sky/contiki-ng-sky.a(etimer.o)
                0x0000000000004de4                etimer_reset
 .text.etimer_expired
                0x0000000000004df6        0xe build/sky/contiki-ng-sky.a(etimer.o)
                0x0000000000004df6                etimer_expired
 .text.etimer_pending
                0x0000000000004e04        0xc build/sky/contiki-ng-sky.a(etimer.o)
                0x0000000000004e04                etimer_pending
 .text.etimer_next_expiration_time
                0x0000000000004e10       0x16 build/sky/contiki-ng-sky.a(etimer.o)
                0x0000000000004e10                etimer_next_expiration_time
 .text.etimer_stop
                0x0000000000004e26       0x3e build/sky/contiki-ng-sky.a(etimer.o)
                0x0000000000004e26                etimer_stop
 .text.log_6addr
                0x0000000000004e64       0x32 build/sky/contiki-ng-sky.a(log.o)
                0x0000000000004e64                log_6addr
 .text.log_lladdr
                0x0000000000004e96       0x44 build/sky/contiki-ng-sky.a(log.o)
                0x0000000000004e96                log_lladdr
 .text.node_id_init
                0x0000000000004eda       0x14 build/sky/contiki-ng-sky.a(node-id.o)
                0x0000000000004eda                node_id_init
 .text.call_process
                0x0000000000004eee       0x46 build/sky/contiki-ng-sky.a(process.o)
 .text.exit_process
                0x0000000000004f34       0x96 build/sky/contiki-ng-sky.a(process.o)
 .text.do_poll  0x0000000000004fca       0x30 build/sky/contiki-ng-sky.a(process.o)
 .text.process_alloc_event
                0x0000000000004ffa        0xe build/sky/contiki-ng-sky.a(process.o)
                0x0000000000004ffa                process_alloc_event
 .text.process_init
                0x0000000000005008       0x18 build/sky/contiki-ng-sky.a(process.o)
                0x0000000000005008                process_init
 .text.process_run
                0x0000000000005020       0x92 build/sky/contiki-ng-sky.a(process.o)
                0x0000000000005020                process_run
 .text.process_nevents
                0x00000000000050b2        0xe build/sky/contiki-ng-sky.a(process.o)
                0x00000000000050b2                process_nevents
 .text.process_post
                0x00000000000050c0       0x42 build/sky/contiki-ng-sky.a(process.o)
                0x00000000000050c0                process_post
 .text.process_post_synch
                0x0000000000005102       0x12 build/sky/contiki-ng-sky.a(process.o)
                0x0000000000005102                process_post_synch
 .text.process_start
                0x0000000000005114       0x36 build/sky/contiki-ng-sky.a(process.o)
                0x0000000000005114                process_start
 .text.process_poll
                0x000000000000514a       0x18 build/sky/contiki-ng-sky.a(process.o)
                0x000000000000514a                process_poll
 .text.rtimer_init
                0x0000000000005162        0x6 build/sky/contiki-ng-sky.a(rtimer.o)
                0x0000000000005162                rtimer_init
 .text.rtimer_run_next
                0x0000000000005168       0x26 build/sky/contiki-ng-sky.a(rtimer.o)
                0x0000000000005168                rtimer_run_next
 .text.stack_check_init
                0x000000000000518e       0x2e build/sky/contiki-ng-sky.a(stack-check.o)
                0x000000000000518e                stack_check_init
 .text.stack_check_get_usage
                0x00000000000051bc       0x54 build/sky/contiki-ng-sky.a(stack-check.o)
                0x00000000000051bc                stack_check_get_usage
 .text.process_thread_stack_check_process
                0x0000000000005210       0xea build/sky/contiki-ng-sky.a(stack-check.o)
 .text.timer_set
                0x00000000000052fa       0x1c build/sky/contiki-ng-sky.a(timer.o)
                0x00000000000052fa                timer_set
 .text.timer_expired
                0x0000000000005316       0x2a build/sky/contiki-ng-sky.a(timer.o)
                0x0000000000005316                timer_expired
 .text.timer_reset
                0x0000000000005340       0x1c build/sky/contiki-ng-sky.a(timer.o)
                0x0000000000005340                timer_reset
 .text.list_init
                0x000000000000535c        0x6 build/sky/contiki-ng-sky.a(list.o)
                0x000000000000535c                list_init
 .text.list_head
                0x0000000000005362        0x4 build/sky/contiki-ng-sky.a(list.o)
                0x0000000000005362                list_head
 .text.list_tail
                0x0000000000005366       0x12 build/sky/contiki-ng-sky.a(list.o)
                0x0000000000005366                list_tail
 .text.list_remove
                0x0000000000005378       0x34 build/sky/contiki-ng-sky.a(list.o)
                0x0000000000005378                list_remove
 .text.list_push
                0x00000000000053ac       0x1a build/sky/contiki-ng-sky.a(list.o)
                0x00000000000053ac                list_push
 .text.list_add
                0x00000000000053c6       0x2a build/sky/contiki-ng-sky.a(list.o)
                0x00000000000053c6                list_add
 .text.list_length
                0x00000000000053f0       0x10 build/sky/contiki-ng-sky.a(list.o)
                0x00000000000053f0                list_length
 .text.list_item_next
                0x0000000000005400        0xc build/sky/contiki-ng-sky.a(list.o)
                0x0000000000005400                list_item_next
 .text.random_init
                0x000000000000540c        0x6 build/sky/contiki-ng-sky.a(random.o)
                0x000000000000540c                random_init
 .text.random_rand
                0x0000000000005412        0x6 build/sky/contiki-ng-sky.a(random.o)
                0x0000000000005412                random_rand
 .text.linkaddr_copy
                0x0000000000005418        0x8 build/sky/contiki-ng-sky.a(linkaddr.o)
                0x0000000000005418                linkaddr_copy
 .text.linkaddr_cmp
                0x0000000000005420       0x12 build/sky/contiki-ng-sky.a(linkaddr.o)
                0x0000000000005420                linkaddr_cmp
 .text.linkaddr_set_node_addr
                0x0000000000005432        0xc build/sky/contiki-ng-sky.a(linkaddr.o)
                0x0000000000005432                linkaddr_set_node_addr
 .text.netstack_process_ip_callback
                0x000000000000543e       0x4e build/sky/contiki-ng-sky.a(netstack.o)
                0x000000000000543e                netstack_process_ip_callback
 .text.netstack_init
                0x000000000000548c        0xe build/sky/contiki-ng-sky.a(netstack.o)
                0x000000000000548c                netstack_init
 .text.queuebuf_init
                0x000000000000549a       0x12 build/sky/contiki-ng-sky.a(queuebuf.o)
                0x000000000000549a                queuebuf_init
 .text.queuebuf_numfree
                0x00000000000054ac        0xa build/sky/contiki-ng-sky.a(queuebuf.o)
                0x00000000000054ac                queuebuf_numfree
 .text.queuebuf_new_from_packetbuf
                0x00000000000054b6       0x52 build/sky/contiki-ng-sky.a(queuebuf.o)
                0x00000000000054b6                queuebuf_new_from_packetbuf
 .text.queuebuf_update_attr_from_packetbuf
                0x0000000000005508       0x12 build/sky/contiki-ng-sky.a(queuebuf.o)
                0x0000000000005508                queuebuf_update_attr_from_packetbuf
 .text.queuebuf_free
                0x000000000000551a       0x2a build/sky/contiki-ng-sky.a(queuebuf.o)
                0x000000000000551a                queuebuf_free
 .text.queuebuf_to_packetbuf
                0x0000000000005544       0x32 build/sky/contiki-ng-sky.a(queuebuf.o)
                0x0000000000005544                queuebuf_to_packetbuf
 .text.on       0x0000000000005576        0x6 build/sky/contiki-ng-sky.a(csma.o)
 .text.off      0x000000000000557c        0x6 build/sky/contiki-ng-sky.a(csma.o)
 .text.max_payload
                0x0000000000005582       0x38 build/sky/contiki-ng-sky.a(csma.o)
 .text.send_packet
                0x00000000000055ba        0x6 build/sky/contiki-ng-sky.a(csma.o)
 .text.init     0x00000000000055c0       0x1c build/sky/contiki-ng-sky.a(csma.o)
 .text.input_packet
                0x00000000000055dc       0x58 build/sky/contiki-ng-sky.a(csma.o)
 .text.clear_fragments
                0x0000000000005634       0x40 build/sky/contiki-ng-sky.a(sicslowpan.o)
 .text.addr_context_lookup_by_number
                0x0000000000005674       0x16 build/sky/contiki-ng-sky.a(sicslowpan.o)
 .text.sicslowpan_init
                0x000000000000568a       0x18 build/sky/contiki-ng-sky.a(sicslowpan.o)
                0x000000000000568a                sicslowpan_init
 .text.set_packet_attrs
                0x00000000000056a2       0x66 build/sky/contiki-ng-sky.a(sicslowpan.o)
 .text.compress_addr_64
                0x0000000000005708       0xae build/sky/contiki-ng-sky.a(sicslowpan.o)
 .text.addr_context_lookup_by_prefix
                0x00000000000057b6       0x20 build/sky/contiki-ng-sky.a(sicslowpan.o)
 .text.send_packet
                0x00000000000057d6       0x1a build/sky/contiki-ng-sky.a(sicslowpan.o)
 .text.fragment_copy_payload_and_send
                0x00000000000057f0       0x60 build/sky/contiki-ng-sky.a(sicslowpan.o)
 .text.output   0x0000000000005850      0x7c6 build/sky/contiki-ng-sky.a(sicslowpan.o)
 .text.packet_sent
                0x0000000000006016       0x56 build/sky/contiki-ng-sky.a(sicslowpan.o)
 .text.store_fragment
                0x000000000000606c       0xb8 build/sky/contiki-ng-sky.a(sicslowpan.o)
 .text.add_fragment
                0x0000000000006124      0x1fc build/sky/contiki-ng-sky.a(sicslowpan.o)
 .text.uncompress_addr
                0x0000000000006320       0xb4 build/sky/contiki-ng-sky.a(sicslowpan.o)
 .text.input    0x00000000000063d4      0xa00 build/sky/contiki-ng-sky.a(sicslowpan.o)
 .text.process_thread_simple_udp_process
                0x0000000000006dd4       0xb8 build/sky/contiki-ng-sky.a(simple-udp.o)
 .text.simple_udp_sendto
                0x0000000000006e8c       0x2c build/sky/contiki-ng-sky.a(simple-udp.o)
                0x0000000000006e8c                simple_udp_sendto
 .text.simple_udp_register
                0x0000000000006eb8       0x96 build/sky/contiki-ng-sky.a(simple-udp.o)
                0x0000000000006eb8                simple_udp_register
 .text.tcpip_output
                0x0000000000006f4e       0x22 build/sky/contiki-ng-sky.a(tcpip.o)
                0x0000000000006f4e                tcpip_output
 .text.udp_new  0x0000000000006f70       0x1a build/sky/contiki-ng-sky.a(tcpip.o)
                0x0000000000006f70                udp_new
 .text.tcpip_input
                0x0000000000006f8a       0x1e build/sky/contiki-ng-sky.a(tcpip.o)
                0x0000000000006f8a                tcpip_input
 .text.tcpip_ipv6_output
                0x0000000000006fa8      0x114 build/sky/contiki-ng-sky.a(tcpip.o)
                0x0000000000006fa8                tcpip_ipv6_output
 .text.packet_input.part.3
                0x00000000000070bc       0x12 build/sky/contiki-ng-sky.a(tcpip.o)
 .text.process_thread_tcpip_process
                0x00000000000070ce       0xcc build/sky/contiki-ng-sky.a(tcpip.o)
 .text.tcpip_uipcall
                0x000000000000719a       0x2a build/sky/contiki-ng-sky.a(tcpip.o)
                0x000000000000719a                tcpip_uipcall
 .text.uip_ds6_nbr_rm
                0x00000000000071c4       0x1e build/sky/contiki-ng-sky.a(uip-ds6-nbr.o)
                0x00000000000071c4                uip_ds6_nbr_rm
 .text.uip_ds6_neighbors_init
                0x00000000000071e2       0x12 build/sky/contiki-ng-sky.a(uip-ds6-nbr.o)
                0x00000000000071e2                uip_ds6_neighbors_init
 .text.uip_ds6_nbr_add
                0x00000000000071f4       0x3e build/sky/contiki-ng-sky.a(uip-ds6-nbr.o)
                0x00000000000071f4                uip_ds6_nbr_add
 .text.uip_ds6_nbr_get_ll
                0x0000000000007232        0xc build/sky/contiki-ng-sky.a(uip-ds6-nbr.o)
                0x0000000000007232                uip_ds6_nbr_get_ll
 .text.uip_ds6_nbr_head
                0x000000000000723e        0xa build/sky/contiki-ng-sky.a(uip-ds6-nbr.o)
                0x000000000000723e                uip_ds6_nbr_head
 .text.uip_ds6_nbr_next
                0x0000000000007248        0xc build/sky/contiki-ng-sky.a(uip-ds6-nbr.o)
                0x0000000000007248                uip_ds6_nbr_next
 .text.uip_ds6_nbr_lookup
                0x0000000000007254       0x3a build/sky/contiki-ng-sky.a(uip-ds6-nbr.o)
                0x0000000000007254                uip_ds6_nbr_lookup
 .text.uip_ds6_nbr_ll_lookup
                0x000000000000728e        0xc build/sky/contiki-ng-sky.a(uip-ds6-nbr.o)
                0x000000000000728e                uip_ds6_nbr_ll_lookup
 .text.uip_ds6_nbr_update_ll
                0x000000000000729a       0x76 build/sky/contiki-ng-sky.a(uip-ds6-nbr.o)
                0x000000000000729a                uip_ds6_nbr_update_ll
 .text.uip_ds6_nbr_ipaddr_from_lladdr
                0x0000000000007310        0x6 build/sky/contiki-ng-sky.a(uip-ds6-nbr.o)
                0x0000000000007310                uip_ds6_nbr_ipaddr_from_lladdr
 .text.uip_ds6_nbr_lladdr_from_ipaddr
                0x0000000000007316       0x12 build/sky/contiki-ng-sky.a(uip-ds6-nbr.o)
                0x0000000000007316                uip_ds6_nbr_lladdr_from_ipaddr
 .text.uip_ds6_link_callback
                0x0000000000007328        0x2 build/sky/contiki-ng-sky.a(uip-ds6-nbr.o)
                0x0000000000007328                uip_ds6_link_callback
 .text.uip_ds6_route_init
                0x000000000000732a       0x12 build/sky/contiki-ng-sky.a(uip-ds6-route.o)
                0x000000000000732a                uip_ds6_route_init
 .text.uip_ds6_route_nexthop
                0x000000000000733c        0x4 build/sky/contiki-ng-sky.a(uip-ds6-route.o)
                0x000000000000733c                uip_ds6_route_nexthop
 .text.uip_ds6_route_lookup
                0x0000000000007340        0x4 build/sky/contiki-ng-sky.a(uip-ds6-route.o)
                0x0000000000007340                uip_ds6_route_lookup
 .text.uip_ds6_route_rm
                0x0000000000007344        0x2 build/sky/contiki-ng-sky.a(uip-ds6-route.o)
                0x0000000000007344                uip_ds6_route_rm
 .text.uip_ds6_defrt_rm
                0x0000000000007346       0x3c build/sky/contiki-ng-sky.a(uip-ds6-route.o)
                0x0000000000007346                uip_ds6_defrt_rm
 .text.uip_ds6_defrt_lookup
                0x0000000000007382       0x40 build/sky/contiki-ng-sky.a(uip-ds6-route.o)
                0x0000000000007382                uip_ds6_defrt_lookup
 .text.uip_ds6_defrt_add
                0x00000000000073c2       0x72 build/sky/contiki-ng-sky.a(uip-ds6-route.o)
                0x00000000000073c2                uip_ds6_defrt_add
 .text.uip_ds6_defrt_choose
                0x0000000000007434       0x3a build/sky/contiki-ng-sky.a(uip-ds6-route.o)
                0x0000000000007434                uip_ds6_defrt_choose
 .text.uip_ds6_defrt_periodic
                0x000000000000746e       0x38 build/sky/contiki-ng-sky.a(uip-ds6-route.o)
                0x000000000000746e                uip_ds6_defrt_periodic
 .text.uip_ds6_default_prefix
                0x00000000000074a6        0x6 build/sky/contiki-ng-sky.a(uip-ds6.o)
                0x00000000000074a6                uip_ds6_default_prefix
 .text.uip_ds6_list_loop
                0x00000000000074ac       0x92 build/sky/contiki-ng-sky.a(uip-ds6.o)
                0x00000000000074ac                uip_ds6_list_loop
 .text.uip_ds6_prefix_add
                0x000000000000753e       0x80 build/sky/contiki-ng-sky.a(uip-ds6.o)
                0x000000000000753e                uip_ds6_prefix_add
 .text.uip_ds6_is_addr_onlink
                0x00000000000075be       0x54 build/sky/contiki-ng-sky.a(uip-ds6.o)
                0x00000000000075be                uip_ds6_is_addr_onlink
 .text.uip_ds6_addr_lookup
                0x0000000000007612       0x2a build/sky/contiki-ng-sky.a(uip-ds6.o)
                0x0000000000007612                uip_ds6_addr_lookup
 .text.uip_ds6_get_link_local
                0x000000000000763c       0x3e build/sky/contiki-ng-sky.a(uip-ds6.o)
                0x000000000000763c                uip_ds6_get_link_local
 .text.uip_ds6_maddr_add
                0x000000000000767a       0x4c build/sky/contiki-ng-sky.a(uip-ds6.o)
                0x000000000000767a                uip_ds6_maddr_add
 .text.uip_ds6_addr_add
                0x00000000000076c6       0xc4 build/sky/contiki-ng-sky.a(uip-ds6.o)
                0x00000000000076c6                uip_ds6_addr_add
 .text.uip_ds6_maddr_rm
                0x000000000000778a        0xa build/sky/contiki-ng-sky.a(uip-ds6.o)
                0x000000000000778a                uip_ds6_maddr_rm
 .text.uip_ds6_maddr_lookup
                0x0000000000007794       0x2a build/sky/contiki-ng-sky.a(uip-ds6.o)
                0x0000000000007794                uip_ds6_maddr_lookup
 .text.uip_ds6_addr_rm
                0x00000000000077be       0x54 build/sky/contiki-ng-sky.a(uip-ds6.o)
                0x00000000000077be                uip_ds6_addr_rm
 .text.uip_ds6_periodic
                0x0000000000007812       0x46 build/sky/contiki-ng-sky.a(uip-ds6.o)
                0x0000000000007812                uip_ds6_periodic
 .text.uip_ds6_set_addr_iid
                0x0000000000007858       0x14 build/sky/contiki-ng-sky.a(uip-ds6.o)
                0x0000000000007858                uip_ds6_set_addr_iid
 .text.uip_ds6_set_lladdr_from_iid
                0x000000000000786c       0x14 build/sky/contiki-ng-sky.a(uip-ds6.o)
                0x000000000000786c                uip_ds6_set_lladdr_from_iid
 .text.get_match_length
                0x0000000000007880       0x44 build/sky/contiki-ng-sky.a(uip-ds6.o)
                0x0000000000007880                get_match_length
 .text.uip_ds6_select_src
                0x00000000000078c4       0xaa build/sky/contiki-ng-sky.a(uip-ds6.o)
                0x00000000000078c4                uip_ds6_select_src
 .text.uip_ds6_compute_reachable_time
                0x000000000000796e       0x3e build/sky/contiki-ng-sky.a(uip-ds6.o)
                0x000000000000796e                uip_ds6_compute_reachable_time
 .text.uip_ds6_init
                0x00000000000079ac      0x164 build/sky/contiki-ng-sky.a(uip-ds6.o)
                0x00000000000079ac                uip_ds6_init
 .text.uip_udp_packet_send
                0x0000000000007b10       0x2a build/sky/contiki-ng-sky.a(uip-udp-packet.)
                0x0000000000007b10                uip_udp_packet_send
 .text.uip_udp_packet_sendto
                0x0000000000007b3a       0x66 build/sky/contiki-ng-sky.a(uip-udp-packet.)
                0x0000000000007b3a                uip_udp_packet_sendto
 .text.chksum   0x0000000000007ba0       0x32 build/sky/contiki-ng-sky.a(uip6.o)
 .text.upper_layer_chksum
                0x0000000000007bd2       0x58 build/sky/contiki-ng-sky.a(uip6.o)
 .text.ext_hdr_options_process
                0x0000000000007c2a       0xa4 build/sky/contiki-ng-sky.a(uip6.o)
 .text.uip_check_mtu
                0x0000000000007cce       0x1e build/sky/contiki-ng-sky.a(uip6.o)
 .text.uip_update_ttl
                0x0000000000007cec       0x24 build/sky/contiki-ng-sky.a(uip6.o)
 .text.uip_icmp6chksum
                0x0000000000007d10        0xa build/sky/contiki-ng-sky.a(uip6.o)
                0x0000000000007d10                uip_icmp6chksum
 .text.uip_udpchksum
                0x0000000000007d1a        0xa build/sky/contiki-ng-sky.a(uip6.o)
                0x0000000000007d1a                uip_udpchksum
 .text.uip_init
                0x0000000000007d24       0x3c build/sky/contiki-ng-sky.a(uip6.o)
                0x0000000000007d24                uip_init
 .text.uip_remove_ext_hdr
                0x0000000000007d60       0x5e build/sky/contiki-ng-sky.a(uip6.o)
                0x0000000000007d60                uip_remove_ext_hdr
 .text.uip_udp_new
                0x0000000000007dbe       0xac build/sky/contiki-ng-sky.a(uip6.o)
                0x0000000000007dbe                uip_udp_new
 .text.uip_process
                0x0000000000007e6a      0x4be build/sky/contiki-ng-sky.a(uip6.o)
                0x0000000000007e6a                uip_process
 .text.uip_htonl
                0x0000000000008328       0x2e build/sky/contiki-ng-sky.a(uip6.o)
                0x0000000000008328                uip_htonl
 .text.uipbuf_add_ext_hdr
                0x0000000000008356       0x1c build/sky/contiki-ng-sky.a(uipbuf.o)
                0x0000000000008356                uipbuf_add_ext_hdr
 .text.uipbuf_set_len
                0x0000000000008372       0x12 build/sky/contiki-ng-sky.a(uipbuf.o)
                0x0000000000008372                uipbuf_set_len
 .text.uipbuf_set_len_field
                0x0000000000008384        0xe build/sky/contiki-ng-sky.a(uipbuf.o)
                0x0000000000008384                uipbuf_set_len_field
 .text.uipbuf_get_len_field
                0x0000000000008392        0xe build/sky/contiki-ng-sky.a(uipbuf.o)
                0x0000000000008392                uipbuf_get_len_field
 .text.uipbuf_get_next_header
                0x00000000000083a0       0x62 build/sky/contiki-ng-sky.a(uipbuf.o)
                0x00000000000083a0                uipbuf_get_next_header
 .text.uipbuf_get_last_header
                0x0000000000008402       0x3e build/sky/contiki-ng-sky.a(uipbuf.o)
                0x0000000000008402                uipbuf_get_last_header
 .text.uipbuf_search_header
                0x0000000000008440       0x4e build/sky/contiki-ng-sky.a(uipbuf.o)
                0x0000000000008440                uipbuf_search_header
 .text.uipbuf_get_attr
                0x000000000000848e       0x12 build/sky/contiki-ng-sky.a(uipbuf.o)
                0x000000000000848e                uipbuf_get_attr
 .text.uipbuf_set_attr
                0x00000000000084a0       0x14 build/sky/contiki-ng-sky.a(uipbuf.o)
                0x00000000000084a0                uipbuf_set_attr
 .text.uipbuf_clear_attr
                0x00000000000084b4       0x12 build/sky/contiki-ng-sky.a(uipbuf.o)
                0x00000000000084b4                uipbuf_clear_attr
 .text.uipbuf_clear
                0x00000000000084c6       0x12 build/sky/contiki-ng-sky.a(uipbuf.o)
                0x00000000000084c6                uipbuf_clear
 .text.uipbuf_init
                0x00000000000084d8       0x1a build/sky/contiki-ng-sky.a(uipbuf.o)
                0x00000000000084d8                uipbuf_init
 .text.uiplib_ipaddr_snprint
                0x00000000000084f2      0x12c build/sky/contiki-ng-sky.a(uiplib.o)
                0x00000000000084f2                uiplib_ipaddr_snprint
 .text.rpl_has_joined
                0x000000000000861e       0x12 build/sky/contiki-ng-sky.a(rpl.o)
                0x000000000000861e                rpl_has_joined
 .text.rpl_is_reachable
                0x0000000000008630       0x12 build/sky/contiki-ng-sky.a(rpl.o)
                0x0000000000008630                rpl_is_reachable
 .text.neighbor_state_changed
                0x0000000000008642        0x2 build/sky/contiki-ng-sky.a(rpl.o)
 .text.drop_route
                0x0000000000008644        0x2 build/sky/contiki-ng-sky.a(rpl.o)
 .text.rpl_get_leaf_only
                0x0000000000008646        0x6 build/sky/contiki-ng-sky.a(rpl.o)
                0x0000000000008646                rpl_get_leaf_only
 .text.get_sr_node_ipaddr
                0x000000000000864c       0x34 build/sky/contiki-ng-sky.a(rpl.o)
 .text.init     0x0000000000008680       0x42 build/sky/contiki-ng-sky.a(rpl.o)
 .text.set_ip_from_prefix
                0x00000000000086c2       0x38 build/sky/contiki-ng-sky.a(rpl.o)
 .text.rpl_link_callback
                0x00000000000086fa       0x1e build/sky/contiki-ng-sky.a(rpl.o)
                0x00000000000086fa                rpl_link_callback
 .text.rpl_lollipop_greater_than
                0x0000000000008718       0x3c build/sky/contiki-ng-sky.a(rpl.o)
                0x0000000000008718                rpl_lollipop_greater_than
 .text.rpl_get_global_address
                0x0000000000008754       0xbe build/sky/contiki-ng-sky.a(rpl.o)
                0x0000000000008754                rpl_get_global_address
 .text.rpl_reset_prefix
                0x0000000000008812       0x24 build/sky/contiki-ng-sky.a(rpl.o)
                0x0000000000008812                rpl_reset_prefix
 .text.rpl_set_prefix_from_addr
                0x0000000000008836       0x92 build/sky/contiki-ng-sky.a(rpl.o)
                0x0000000000008836                rpl_set_prefix_from_addr
 .text.owreadb  0x00000000000088c8       0x50 build/sky/contiki-ng-sky.a(ds2411.o)
 .text.ds2411_init
                0x0000000000008918      0x120 build/sky/contiki-ng-sky.a(ds2411.o)
                0x0000000000008918                ds2411_init
 .text.xmem_init
                0x0000000000008a38       0x3c build/sky/contiki-ng-sky.a(xmem.o)
                0x0000000000008a38                xmem_init
 .text.get_object
                0x0000000000008a74        0x4 build/sky/contiki-ng-sky.a(cc2420.o)
 .text.set_object
                0x0000000000008a78        0x4 build/sky/contiki-ng-sky.a(cc2420.o)
 .text.strobe   0x0000000000008a7c       0x1c build/sky/contiki-ng-sky.a(cc2420.o)
 .text.getreg   0x0000000000008a98       0x4c build/sky/contiki-ng-sky.a(cc2420.o)
 .text.setreg   0x0000000000008ae4       0x4c build/sky/contiki-ng-sky.a(cc2420.o)
 .text.write_ram
                0x0000000000008b30       0x7c build/sky/contiki-ng-sky.a(cc2420.o)
 .text.write_fifo_buf
                0x0000000000008bac       0x3c build/sky/contiki-ng-sky.a(cc2420.o)
 .text.get_status
                0x0000000000008be8       0x20 build/sky/contiki-ng-sky.a(cc2420.o)
 .text.on       0x0000000000008c08       0x1a build/sky/contiki-ng-sky.a(cc2420.o)
 .text.cc2420_receiving_packet
                0x0000000000008c22        0xc build/sky/contiki-ng-sky.a(cc2420.o)
 .text.pending_packet
                0x0000000000008c2e        0x8 build/sky/contiki-ng-sky.a(cc2420.o)
 .text.wait_for_transmission
                0x0000000000008c36       0x22 build/sky/contiki-ng-sky.a(cc2420.o)
 .text.wait_for_status
                0x0000000000008c58       0x28 build/sky/contiki-ng-sky.a(cc2420.o)
 .text.getrxdata
                0x0000000000008c80       0x50 build/sky/contiki-ng-sky.a(cc2420.o)
 .text.flushrx  0x0000000000008cd0       0x1a build/sky/contiki-ng-sky.a(cc2420.o)
 .text.off      0x0000000000008cea       0x28 build/sky/contiki-ng-sky.a(cc2420.o)
 .text.RELEASE_LOCK
                0x0000000000008d12       0x28 build/sky/contiki-ng-sky.a(cc2420.o)
 .text.set_key  0x0000000000008d3a       0x18 build/sky/contiki-ng-sky.a(cc2420.o)
 .text.set_frame_filtering
                0x0000000000008d52       0x30 build/sky/contiki-ng-sky.a(cc2420.o)
 .text.set_auto_ack
                0x0000000000008d82       0x30 build/sky/contiki-ng-sky.a(cc2420.o)
 .text.set_poll_mode
                0x0000000000008db2       0x2c build/sky/contiki-ng-sky.a(cc2420.o)
 .text.cc2420_prepare
                0x0000000000008dde       0x46 build/sky/contiki-ng-sky.a(cc2420.o)
 .text.cc2420_on
                0x0000000000008e24       0x22 build/sky/contiki-ng-sky.a(cc2420.o)
                0x0000000000008e24                cc2420_on
 .text.cc2420_transmit
                0x0000000000008e46       0x66 build/sky/contiki-ng-sky.a(cc2420.o)
 .text.cc2420_send
                0x0000000000008eac       0x12 build/sky/contiki-ng-sky.a(cc2420.o)
 .text.cc2420_off
                0x0000000000008ebe       0x30 build/sky/contiki-ng-sky.a(cc2420.o)
                0x0000000000008ebe                cc2420_off
 .text.cc2420_cca
                0x0000000000008eee       0x68 build/sky/contiki-ng-sky.a(cc2420.o)
 .text.cc2420_read
                0x0000000000008f56       0xbe build/sky/contiki-ng-sky.a(cc2420.o)
 .text.process_thread_cc2420_process
                0x0000000000009014       0x62 build/sky/contiki-ng-sky.a(cc2420.o)
 .text.encrypt  0x0000000000009076       0x88 build/sky/contiki-ng-sky.a(cc2420.o)
 .text.cc2420_set_channel
                0x00000000000090fe       0x3c build/sky/contiki-ng-sky.a(cc2420.o)
                0x00000000000090fe                cc2420_set_channel
 .text.cc2420_set_pan_addr
                0x000000000000913a       0x4c build/sky/contiki-ng-sky.a(cc2420.o)
                0x000000000000913a                cc2420_set_pan_addr
 .text.cc2420_interrupt
                0x0000000000009186       0x16 build/sky/contiki-ng-sky.a(cc2420.o)
                0x0000000000009186                cc2420_interrupt
 .text.cc2420_set_txpower
                0x000000000000919c       0x2c build/sky/contiki-ng-sky.a(cc2420.o)
                0x000000000000919c                cc2420_set_txpower
 .text.cc2420_get_txpower
                0x00000000000091c8       0x1e build/sky/contiki-ng-sky.a(cc2420.o)
                0x00000000000091c8                cc2420_get_txpower
 .text.cc2420_rssi
                0x00000000000091e6       0x4c build/sky/contiki-ng-sky.a(cc2420.o)
                0x00000000000091e6                cc2420_rssi
 .text.get_value
                0x0000000000009232      0x11e build/sky/contiki-ng-sky.a(cc2420.o)
 .text.cc2420_set_cca_threshold
                0x0000000000009350       0x16 build/sky/contiki-ng-sky.a(cc2420.o)
                0x0000000000009350                cc2420_set_cca_threshold
 .text.set_value
                0x0000000000009366      0x150 build/sky/contiki-ng-sky.a(cc2420.o)
 .text.cc2420_init
                0x00000000000094b6       0xea build/sky/contiki-ng-sky.a(cc2420.o)
                0x00000000000094b6                cc2420_init
 .text.cc2420_port1_interrupt
                0x00000000000095a0       0x20 build/sky/contiki-ng-sky.a(cc2420-arch.o)
                0x00000000000095a0                __isr_4
                0x00000000000095a0                cc2420_port1_interrupt
 .text.cc2420_arch_init
                0x00000000000095c0       0x1a build/sky/contiki-ng-sky.a(cc2420-arch.o)
                0x00000000000095c0                cc2420_arch_init
 .text.uart1_active
                0x00000000000095da       0x18 build/sky/contiki-ng-sky.a(uart1.o)
                0x00000000000095da                uart1_active
 .text.uart1_writeb
                0x00000000000095f2       0x18 build/sky/contiki-ng-sky.a(uart1.o)
                0x00000000000095f2                uart1_writeb
 .text.uart1_init
                0x000000000000960a       0xf4 build/sky/contiki-ng-sky.a(uart1.o)
                0x000000000000960a                uart1_init
 .text.stimer_set
                0x00000000000096fe       0x1c build/sky/contiki-ng-sky.a(stimer.o)
                0x00000000000096fe                stimer_set
 .text.stimer_expired
                0x000000000000971a       0x30 build/sky/contiki-ng-sky.a(stimer.o)
                0x000000000000971a                stimer_expired
 .text.memb_init
                0x000000000000974a       0x36 build/sky/contiki-ng-sky.a(memb.o)
                0x000000000000974a                memb_init
 .text.memb_alloc
                0x0000000000009780       0x3e build/sky/contiki-ng-sky.a(memb.o)
                0x0000000000009780                memb_alloc
 .text.memb_free
                0x00000000000097be       0x32 build/sky/contiki-ng-sky.a(memb.o)
                0x00000000000097be                memb_free
 .text.memb_inmemb
                0x00000000000097f0       0x2a build/sky/contiki-ng-sky.a(memb.o)
                0x00000000000097f0                memb_inmemb
 .text.memb_numfree
                0x000000000000981a       0x26 build/sky/contiki-ng-sky.a(memb.o)
                0x000000000000981a                memb_numfree
 .text.periodic
                0x0000000000009840       0x28 build/sky/contiki-ng-sky.a(link-stats.o)
 .text.link_stats_from_lladdr
                0x0000000000009868        0xc build/sky/contiki-ng-sky.a(link-stats.o)
                0x0000000000009868                link_stats_from_lladdr
 .text.link_stats_is_fresh
                0x0000000000009874       0x30 build/sky/contiki-ng-sky.a(link-stats.o)
                0x0000000000009874                link_stats_is_fresh
 .text.guess_etx_from_rssi
                0x00000000000098a4       0x42 build/sky/contiki-ng-sky.a(link-stats.o)
                0x00000000000098a4                guess_etx_from_rssi
 .text.link_stats_packet_sent
                0x00000000000098e6       0xea build/sky/contiki-ng-sky.a(link-stats.o)
                0x00000000000098e6                link_stats_packet_sent
 .text.link_stats_input_callback
                0x00000000000099d0       0xb2 build/sky/contiki-ng-sky.a(link-stats.o)
                0x00000000000099d0                link_stats_input_callback
 .text.link_stats_reset
                0x0000000000009a82       0x2a build/sky/contiki-ng-sky.a(link-stats.o)
                0x0000000000009a82                link_stats_reset
 .text.link_stats_init
                0x0000000000009aac       0x22 build/sky/contiki-ng-sky.a(link-stats.o)
                0x0000000000009aac                link_stats_init
 .text.item_from_index
                0x0000000000009ace       0x2a build/sky/contiki-ng-sky.a(nbr-table.o)
 .text.index_from_key
                0x0000000000009af8       0x26 build/sky/contiki-ng-sky.a(nbr-table.o)
 .text.index_from_item
                0x0000000000009b1e       0x1e build/sky/contiki-ng-sky.a(nbr-table.o)
 .text.nbr_set_bit
                0x0000000000009b3c       0x58 build/sky/contiki-ng-sky.a(nbr-table.o)
 .text.index_from_lladdr
                0x0000000000009b94       0x42 build/sky/contiki-ng-sky.a(nbr-table.o)
 .text.nbr_get_bit.constprop.3
                0x0000000000009bd6       0x2e build/sky/contiki-ng-sky.a(nbr-table.o)
 .text.remove_key
                0x0000000000009c04       0x84 build/sky/contiki-ng-sky.a(nbr-table.o)
 .text.nbr_table_is_registered
                0x0000000000009c88       0x22 build/sky/contiki-ng-sky.a(nbr-table.o)
                0x0000000000009c88                nbr_table_is_registered
 .text.nbr_table_register
                0x0000000000009caa       0x40 build/sky/contiki-ng-sky.a(nbr-table.o)
                0x0000000000009caa                nbr_table_register
 .text.nbr_table_next
                0x0000000000009cea       0x54 build/sky/contiki-ng-sky.a(nbr-table.o)
                0x0000000000009cea                nbr_table_next
 .text.nbr_table_head
                0x0000000000009d3e       0x3a build/sky/contiki-ng-sky.a(nbr-table.o)
                0x0000000000009d3e                nbr_table_head
 .text.nbr_table_get_from_lladdr
                0x0000000000009d78       0x2c build/sky/contiki-ng-sky.a(nbr-table.o)
                0x0000000000009d78                nbr_table_get_from_lladdr
 .text.entry_is_allowed.isra.2
                0x0000000000009da4       0x82 build/sky/contiki-ng-sky.a(nbr-table.o)
 .text.nbr_table_add_lladdr
                0x0000000000009e26       0xbe build/sky/contiki-ng-sky.a(nbr-table.o)
                0x0000000000009e26                nbr_table_add_lladdr
 .text.nbr_table_remove
                0x0000000000009ee4       0x32 build/sky/contiki-ng-sky.a(nbr-table.o)
                0x0000000000009ee4                nbr_table_remove
 .text.nbr_table_lock
                0x0000000000009f16       0x10 build/sky/contiki-ng-sky.a(nbr-table.o)
                0x0000000000009f16                nbr_table_lock
 .text.nbr_table_unlock
                0x0000000000009f26       0x10 build/sky/contiki-ng-sky.a(nbr-table.o)
                0x0000000000009f26                nbr_table_unlock
 .text.nbr_table_get_lladdr
                0x0000000000009f36       0x22 build/sky/contiki-ng-sky.a(nbr-table.o)
                0x0000000000009f36                nbr_table_get_lladdr
 .text.packetbuf_hdrreduce
                0x0000000000009f58       0x1a build/sky/contiki-ng-sky.a(packetbuf.o)
                0x0000000000009f58                packetbuf_hdrreduce
 .text.packetbuf_set_datalen
                0x0000000000009f72        0x6 build/sky/contiki-ng-sky.a(packetbuf.o)
                0x0000000000009f72                packetbuf_set_datalen
 .text.packetbuf_hdrptr
                0x0000000000009f78        0x6 build/sky/contiki-ng-sky.a(packetbuf.o)
                0x0000000000009f78                packetbuf_hdrptr
 .text.packetbuf_datalen
                0x0000000000009f7e        0x6 build/sky/contiki-ng-sky.a(packetbuf.o)
                0x0000000000009f7e                packetbuf_datalen
 .text.packetbuf_hdrlen
                0x0000000000009f84        0xa build/sky/contiki-ng-sky.a(packetbuf.o)
                0x0000000000009f84                packetbuf_hdrlen
 .text.packetbuf_dataptr
                0x0000000000009f8e        0xc build/sky/contiki-ng-sky.a(packetbuf.o)
                0x0000000000009f8e                packetbuf_dataptr
 .text.packetbuf_copyto
                0x0000000000009f9a       0x46 build/sky/contiki-ng-sky.a(packetbuf.o)
                0x0000000000009f9a                packetbuf_copyto
 .text.packetbuf_totlen
                0x0000000000009fe0        0xc build/sky/contiki-ng-sky.a(packetbuf.o)
                0x0000000000009fe0                packetbuf_totlen
 .text.packetbuf_hdralloc
                0x0000000000009fec       0x3c build/sky/contiki-ng-sky.a(packetbuf.o)
                0x0000000000009fec                packetbuf_hdralloc
 .text.packetbuf_attr_clear
                0x000000000000a028       0x28 build/sky/contiki-ng-sky.a(packetbuf.o)
                0x000000000000a028                packetbuf_attr_clear
 .text.packetbuf_clear
                0x000000000000a050       0x12 build/sky/contiki-ng-sky.a(packetbuf.o)
                0x000000000000a050                packetbuf_clear
 .text.packetbuf_copyfrom
                0x000000000000a062       0x2e build/sky/contiki-ng-sky.a(packetbuf.o)
                0x000000000000a062                packetbuf_copyfrom
 .text.packetbuf_attr_copyto
                0x000000000000a090       0x22 build/sky/contiki-ng-sky.a(packetbuf.o)
                0x000000000000a090                packetbuf_attr_copyto
 .text.packetbuf_attr_copyfrom
                0x000000000000a0b2       0x24 build/sky/contiki-ng-sky.a(packetbuf.o)
                0x000000000000a0b2                packetbuf_attr_copyfrom
 .text.packetbuf_set_attr
                0x000000000000a0d6        0xc build/sky/contiki-ng-sky.a(packetbuf.o)
                0x000000000000a0d6                packetbuf_set_attr
 .text.packetbuf_attr
                0x000000000000a0e2        0xa build/sky/contiki-ng-sky.a(packetbuf.o)
                0x000000000000a0e2                packetbuf_attr
 .text.packetbuf_set_addr
                0x000000000000a0ec       0x18 build/sky/contiki-ng-sky.a(packetbuf.o)
                0x000000000000a0ec                packetbuf_set_addr
 .text.packetbuf_addr
                0x000000000000a104       0x12 build/sky/contiki-ng-sky.a(packetbuf.o)
                0x000000000000a104                packetbuf_addr
 .text.packetbuf_holds_broadcast
                0x000000000000a116        0xe build/sky/contiki-ng-sky.a(packetbuf.o)
                0x000000000000a116                packetbuf_holds_broadcast
 .text.mac_sequence_is_duplicate
                0x000000000000a124       0x84 build/sky/contiki-ng-sky.a(mac-sequence.o)
                0x000000000000a124                mac_sequence_is_duplicate
 .text.mac_sequence_register_seqno
                0x000000000000a1a8       0x90 build/sky/contiki-ng-sky.a(mac-sequence.o)
                0x000000000000a1a8                mac_sequence_register_seqno
 .text.parse    0x000000000000a238       0xa0 build/sky/contiki-ng-sky.a(framer-802154.o)
 .text.framer_802154_setup_params
                0x000000000000a2d8       0xb8 build/sky/contiki-ng-sky.a(framer-802154.o)
                0x000000000000a2d8                framer_802154_setup_params
 .text.create_frame
                0x000000000000a390       0xde build/sky/contiki-ng-sky.a(framer-802154.o)
 .text.create   0x000000000000a46e        0x8 build/sky/contiki-ng-sky.a(framer-802154.o)
 .text.hdr_length
                0x000000000000a476        0x8 build/sky/contiki-ng-sky.a(framer-802154.o)
 .text.schedule_transmission
                0x000000000000a47e       0x70 build/sky/contiki-ng-sky.a(csma-output.o)
 .text.tx_done  0x000000000000a4ee       0x9a build/sky/contiki-ng-sky.a(csma-output.o)
 .text.transmit_from_queue
                0x000000000000a588      0x1bc build/sky/contiki-ng-sky.a(csma-output.o)
 .text.csma_output_packet
                0x000000000000a744      0x186 build/sky/contiki-ng-sky.a(csma-output.o)
                0x000000000000a744                csma_output_packet
 .text.csma_output_init
                0x000000000000a8ca       0x1a build/sky/contiki-ng-sky.a(csma-output.o)
                0x000000000000a8ca                csma_output_init
 .text.csma_security_create_frame
                0x000000000000a8e4       0x10 build/sky/contiki-ng-sky.a(csma-security.o)
                0x000000000000a8e4                csma_security_create_frame
 .text.csma_security_parse_frame
                0x000000000000a8f4        0x6 build/sky/contiki-ng-sky.a(csma-security.o)
                0x000000000000a8f4                csma_security_parse_frame
 .text.echo_reply_input
                0x000000000000a8fa       0x68 build/sky/contiki-ng-sky.a(uip-icmp6.o)
 .text.echo_request_input
                0x000000000000a962       0x86 build/sky/contiki-ng-sky.a(uip-icmp6.o)
 .text.uip_icmp6_input
                0x000000000000a9e8       0x48 build/sky/contiki-ng-sky.a(uip-icmp6.o)
                0x000000000000a9e8                uip_icmp6_input
 .text.uip_icmp6_register_input_handler
                0x000000000000aa30        0xc build/sky/contiki-ng-sky.a(uip-icmp6.o)
                0x000000000000aa30                uip_icmp6_register_input_handler
 .text.uip_icmp6_error_output
                0x000000000000aa3c      0x146 build/sky/contiki-ng-sky.a(uip-icmp6.o)
                0x000000000000aa3c                uip_icmp6_error_output
 .text.uip_icmp6_send
                0x000000000000ab82       0x8e build/sky/contiki-ng-sky.a(uip-icmp6.o)
                0x000000000000ab82                uip_icmp6_send
 .text.uip_icmp6_init
                0x000000000000ac10       0x12 build/sky/contiki-ng-sky.a(uip-icmp6.o)
                0x000000000000ac10                uip_icmp6_init
 .text.ns_input
                0x000000000000ac22      0x286 build/sky/contiki-ng-sky.a(uip-nd6.o)
 .text.uip_nd6_init
                0x000000000000aea8        0xa build/sky/contiki-ng-sky.a(uip-nd6.o)
                0x000000000000aea8                uip_nd6_init
 .text.node_matches_address.part.0
                0x000000000000aeb2       0x2e build/sky/contiki-ng-sky.a(uip-sr.o)
 .text.uip_sr_get_node
                0x000000000000aee0       0x44 build/sky/contiki-ng-sky.a(uip-sr.o)
                0x000000000000aee0                uip_sr_get_node
 .text.uip_sr_is_addr_reachable
                0x000000000000af24       0x4e build/sky/contiki-ng-sky.a(uip-sr.o)
                0x000000000000af24                uip_sr_is_addr_reachable
 .text.uip_sr_expire_parent
                0x000000000000af72       0x42 build/sky/contiki-ng-sky.a(uip-sr.o)
                0x000000000000af72                uip_sr_expire_parent
 .text.uip_sr_update_node
                0x000000000000afb4       0xbc build/sky/contiki-ng-sky.a(uip-sr.o)
                0x000000000000afb4                uip_sr_update_node
 .text.uip_sr_init
                0x000000000000b070       0x16 build/sky/contiki-ng-sky.a(uip-sr.o)
                0x000000000000b070                uip_sr_init
 .text.uip_sr_periodic
                0x000000000000b086       0x9a build/sky/contiki-ng-sky.a(uip-sr.o)
                0x000000000000b086                uip_sr_periodic
 .text.uip_sr_free_all
                0x000000000000b120       0x3c build/sky/contiki-ng-sky.a(uip-sr.o)
                0x000000000000b120                uip_sr_free_all
 .text.rpl_dag_root_set_prefix
                0x000000000000b15c       0x62 build/sky/contiki-ng-sky.a(rpl-dag-root.o)
                0x000000000000b15c                rpl_dag_root_set_prefix
 .text.rpl_dag_root_start
                0x000000000000b1be       0x8e build/sky/contiki-ng-sky.a(rpl-dag-root.o)
                0x000000000000b1be                rpl_dag_root_start
 .text.rpl_dag_root_is_root
                0x000000000000b24c       0x14 build/sky/contiki-ng-sky.a(rpl-dag-root.o)
                0x000000000000b24c                rpl_dag_root_is_root
 .text.init_dag
                0x000000000000b260       0x84 build/sky/contiki-ng-sky.a(rpl-dag.o)
 .text.process_dio_init_dag
                0x000000000000b2e4       0xb0 build/sky/contiki-ng-sky.a(rpl-dag.o)
 .text.rpl_dag_get_root_ipaddr
                0x000000000000b394       0x1e build/sky/contiki-ng-sky.a(rpl-dag.o)
                0x000000000000b394                rpl_dag_get_root_ipaddr
 .text.rpl_dag_leave
                0x000000000000b3b2       0x4a build/sky/contiki-ng-sky.a(rpl-dag.o)
                0x000000000000b3b2                rpl_dag_leave
 .text.rpl_dag_poison_and_leave
                0x000000000000b3fc        0xc build/sky/contiki-ng-sky.a(rpl-dag.o)
                0x000000000000b3fc                rpl_dag_poison_and_leave
 .text.rpl_dag_periodic
                0x000000000000b408       0x6a build/sky/contiki-ng-sky.a(rpl-dag.o)
                0x000000000000b408                rpl_dag_periodic
 .text.rpl_is_addr_in_our_dag
                0x000000000000b472       0x34 build/sky/contiki-ng-sky.a(rpl-dag.o)
                0x000000000000b472                rpl_is_addr_in_our_dag
 .text.rpl_local_repair
                0x000000000000b4a6       0x2a build/sky/contiki-ng-sky.a(rpl-dag.o)
                0x000000000000b4a6                rpl_local_repair
 .text.rpl_global_repair
                0x000000000000b4d0       0x2e build/sky/contiki-ng-sky.a(rpl-dag.o)
                0x000000000000b4d0                rpl_global_repair
 .text.rpl_dag_ready_to_advertise
                0x000000000000b4fe       0x22 build/sky/contiki-ng-sky.a(rpl-dag.o)
                0x000000000000b4fe                rpl_dag_ready_to_advertise
 .text.rpl_dag_update_state
                0x000000000000b520      0x140 build/sky/contiki-ng-sky.a(rpl-dag.o)
                0x000000000000b520                rpl_dag_update_state
 .text.rpl_process_dio
                0x000000000000b660      0x1b6 build/sky/contiki-ng-sky.a(rpl-dag.o)
                0x000000000000b660                rpl_process_dio
 .text.rpl_process_dis
                0x000000000000b816       0x2a build/sky/contiki-ng-sky.a(rpl-dag.o)
                0x000000000000b816                rpl_process_dis
 .text.rpl_process_dao
                0x000000000000b840       0x6c build/sky/contiki-ng-sky.a(rpl-dag.o)
                0x000000000000b840                rpl_process_dao
 .text.rpl_process_dao_ack
                0x000000000000b8ac       0x54 build/sky/contiki-ng-sky.a(rpl-dag.o)
                0x000000000000b8ac                rpl_process_dao_ack
 .text.rpl_process_hbh
                0x000000000000b900       0x2e build/sky/contiki-ng-sky.a(rpl-dag.o)
                0x000000000000b900                rpl_process_hbh
 .text.rpl_dag_init_root
                0x000000000000b92e       0xbc build/sky/contiki-ng-sky.a(rpl-dag.o)
                0x000000000000b92e                rpl_dag_init_root
 .text.rpl_dag_init
                0x000000000000b9ea       0x10 build/sky/contiki-ng-sky.a(rpl-dag.o)
                0x000000000000b9ea                rpl_dag_init
 .text.update_hbh_header
                0x000000000000b9fa       0x4a build/sky/contiki-ng-sky.a(rpl-ext-header.)
 .text.rpl_ext_header_srh_get_next_hop
                0x000000000000ba44       0x84 build/sky/contiki-ng-sky.a(rpl-ext-header.)
                0x000000000000ba44                rpl_ext_header_srh_get_next_hop
 .text.rpl_ext_header_srh_update
                0x000000000000bac8      0x118 build/sky/contiki-ng-sky.a(rpl-ext-header.)
                0x000000000000bac8                rpl_ext_header_srh_update
 .text.rpl_ext_header_hbh_update
                0x000000000000bbe0       0x9e build/sky/contiki-ng-sky.a(rpl-ext-header.)
                0x000000000000bbe0                rpl_ext_header_hbh_update
 .text.rpl_ext_header_remove
                0x000000000000bc7e       0xcc build/sky/contiki-ng-sky.a(rpl-ext-header.)
                0x000000000000bc7e                rpl_ext_header_remove
 .text.rpl_ext_header_update
                0x000000000000bd4a      0x2aa build/sky/contiki-ng-sky.a(rpl-ext-header.)
                0x000000000000bd4a                rpl_ext_header_update
 .text.get32    0x000000000000bff4       0x46 build/sky/contiki-ng-sky.a(rpl-icmp6.o)
 .text.set32    0x000000000000c03a       0x2a build/sky/contiki-ng-sky.a(rpl-icmp6.o)
 .text.get16    0x000000000000c064        0xe build/sky/contiki-ng-sky.a(rpl-icmp6.o)
 .text.set16    0x000000000000c072       0x10 build/sky/contiki-ng-sky.a(rpl-icmp6.o)
 .text.dao_ack_input
                0x000000000000c082       0x2a build/sky/contiki-ng-sky.a(rpl-icmp6.o)
 .text.dao_input
                0x000000000000c0ac      0x13e build/sky/contiki-ng-sky.a(rpl-icmp6.o)
 .text.dio_input
                0x000000000000c1ea      0x29c build/sky/contiki-ng-sky.a(rpl-icmp6.o)
 .text.dis_input
                0x000000000000c486       0x1e build/sky/contiki-ng-sky.a(rpl-icmp6.o)
 .text.rpl_icmp6_update_nbr_table
                0x000000000000c4a4       0x36 build/sky/contiki-ng-sky.a(rpl-icmp6.o)
                0x000000000000c4a4                rpl_icmp6_update_nbr_table
 .text.rpl_icmp6_dis_output
                0x000000000000c4da       0x34 build/sky/contiki-ng-sky.a(rpl-icmp6.o)
                0x000000000000c4da                rpl_icmp6_dis_output
 .text.rpl_icmp6_dio_output
                0x000000000000c50e      0x23a build/sky/contiki-ng-sky.a(rpl-icmp6.o)
                0x000000000000c50e                rpl_icmp6_dio_output
 .text.rpl_icmp6_dao_output
                0x000000000000c748       0xe6 build/sky/contiki-ng-sky.a(rpl-icmp6.o)
                0x000000000000c748                rpl_icmp6_dao_output
 .text.rpl_icmp6_dao_ack_output
                0x000000000000c82e       0x44 build/sky/contiki-ng-sky.a(rpl-icmp6.o)
                0x000000000000c82e                rpl_icmp6_dao_ack_output
 .text.rpl_icmp6_init
                0x000000000000c872       0x22 build/sky/contiki-ng-sky.a(rpl-icmp6.o)
                0x000000000000c872                rpl_icmp6_init
 .text.reset    0x000000000000c894        0x2 build/sky/contiki-ng-sky.a(rpl-mrhof.o)
 .text.update_metric_container
                0x000000000000c896        0x6 build/sky/contiki-ng-sky.a(rpl-mrhof.o)
 .text.nbr_link_metric
                0x000000000000c89c       0x12 build/sky/contiki-ng-sky.a(rpl-mrhof.o)
 .text.nbr_has_usable_link
                0x000000000000c8ae       0x14 build/sky/contiki-ng-sky.a(rpl-mrhof.o)
 .text.nbr_path_cost
                0x000000000000c8c2       0x38 build/sky/contiki-ng-sky.a(rpl-mrhof.o)
 .text.within_hysteresis
                0x000000000000c8fa       0x54 build/sky/contiki-ng-sky.a(rpl-mrhof.o)
 .text.nbr_is_acceptable_parent
                0x000000000000c94e       0x2c build/sky/contiki-ng-sky.a(rpl-mrhof.o)
 .text.rank_via_nbr
                0x000000000000c97a       0x48 build/sky/contiki-ng-sky.a(rpl-mrhof.o)
 .text.best_parent
                0x000000000000c9c2       0x7c build/sky/contiki-ng-sky.a(rpl-mrhof.o)
 .text.get_rank
                0x000000000000ca3e       0x16 build/sky/contiki-ng-sky.a(rpl-nbr-policy.)
 .text.rpl_nbr_gc_get_worst
                0x000000000000ca54       0x28 build/sky/contiki-ng-sky.a(rpl-nbr-policy.)
                0x000000000000ca54                rpl_nbr_gc_get_worst
 .text.remove_neighbor
                0x000000000000ca7c       0x24 build/sky/contiki-ng-sky.a(rpl-neighbor.o)
 .text.rpl_neighbor_get_from_lladdr
                0x000000000000caa0        0xc build/sky/contiki-ng-sky.a(rpl-neighbor.o)
                0x000000000000caa0                rpl_neighbor_get_from_lladdr
 .text.rpl_neighbor_rank_via_nbr
                0x000000000000caac       0x18 build/sky/contiki-ng-sky.a(rpl-neighbor.o)
                0x000000000000caac                rpl_neighbor_rank_via_nbr
 .text.rpl_neighbor_get_lladdr
                0x000000000000cac4        0xc build/sky/contiki-ng-sky.a(rpl-neighbor.o)
                0x000000000000cac4                rpl_neighbor_get_lladdr
 .text.rpl_neighbor_get_ipaddr
                0x000000000000cad0        0xa build/sky/contiki-ng-sky.a(rpl-neighbor.o)
                0x000000000000cad0                rpl_neighbor_get_ipaddr
 .text.rpl_neighbor_get_link_stats
                0x000000000000cada        0xa build/sky/contiki-ng-sky.a(rpl-neighbor.o)
                0x000000000000cada                rpl_neighbor_get_link_stats
 .text.rpl_neighbor_is_fresh
                0x000000000000cae4        0xa build/sky/contiki-ng-sky.a(rpl-neighbor.o)
                0x000000000000cae4                rpl_neighbor_is_fresh
 .text.best_parent
                0x000000000000caee       0xb2 build/sky/contiki-ng-sky.a(rpl-neighbor.o)
 .text.rpl_neighbor_set_preferred_parent
                0x000000000000cba0       0x48 build/sky/contiki-ng-sky.a(rpl-neighbor.o)
                0x000000000000cba0                rpl_neighbor_set_preferred_parent
 .text.rpl_neighbor_remove_all
                0x000000000000cbe8       0x30 build/sky/contiki-ng-sky.a(rpl-neighbor.o)
                0x000000000000cbe8                rpl_neighbor_remove_all
 .text.rpl_neighbor_get_from_ipaddr
                0x000000000000cc18       0x14 build/sky/contiki-ng-sky.a(rpl-neighbor.o)
                0x000000000000cc18                rpl_neighbor_get_from_ipaddr
 .text.rpl_neighbor_select_best
                0x000000000000cc2c       0x54 build/sky/contiki-ng-sky.a(rpl-neighbor.o)
                0x000000000000cc2c                rpl_neighbor_select_best
 .text.rpl_neighbor_init
                0x000000000000cc80        0xe build/sky/contiki-ng-sky.a(rpl-neighbor.o)
                0x000000000000cc80                rpl_neighbor_init
 .text.handle_state_update
                0x000000000000cc8e        0x6 build/sky/contiki-ng-sky.a(rpl-timers.o)
 .text.handle_leaving_timer
                0x000000000000cc94        0xc build/sky/contiki-ng-sky.a(rpl-timers.o)
 .text.schedule_dao_retransmission
                0x000000000000cca0       0x34 build/sky/contiki-ng-sky.a(rpl-timers.o)
 .text.new_dio_interval
                0x000000000000ccd4       0x8a build/sky/contiki-ng-sky.a(rpl-timers.o)
 .text.handle_unicast_dio_timer
                0x000000000000cd5e       0x12 build/sky/contiki-ng-sky.a(rpl-timers.o)
 .text.send_new_dao
                0x000000000000cd70       0x28 build/sky/contiki-ng-sky.a(rpl-timers.o)
 .text.resend_dao
                0x000000000000cd98       0x24 build/sky/contiki-ng-sky.a(rpl-timers.o)
 .text.handle_dao_ack_timer
                0x000000000000cdbc       0x12 build/sky/contiki-ng-sky.a(rpl-timers.o)
 .text.handle_dio_timer
                0x000000000000cdce       0x6e build/sky/contiki-ng-sky.a(rpl-timers.o)
 .text.rpl_timers_schedule_periodic_dis
                0x000000000000ce3c       0x40 build/sky/contiki-ng-sky.a(rpl-timers.o)
                0x000000000000ce3c                rpl_timers_schedule_periodic_dis
 .text.handle_periodic_timer
                0x000000000000ce7c       0x3a build/sky/contiki-ng-sky.a(rpl-timers.o)
 .text.handle_dis_timer
                0x000000000000ceb6       0x26 build/sky/contiki-ng-sky.a(rpl-timers.o)
 .text.rpl_timers_dio_reset
                0x000000000000cedc       0x2e build/sky/contiki-ng-sky.a(rpl-timers.o)
                0x000000000000cedc                rpl_timers_dio_reset
 .text.rpl_timers_schedule_unicast_dio
                0x000000000000cf0a       0x20 build/sky/contiki-ng-sky.a(rpl-timers.o)
                0x000000000000cf0a                rpl_timers_schedule_unicast_dio
 .text.rpl_timers_schedule_dao
                0x000000000000cf2a       0x3c build/sky/contiki-ng-sky.a(rpl-timers.o)
                0x000000000000cf2a                rpl_timers_schedule_dao
 .text.rpl_timers_schedule_dao_ack
                0x000000000000cf66       0x34 build/sky/contiki-ng-sky.a(rpl-timers.o)
                0x000000000000cf66                rpl_timers_schedule_dao_ack
 .text.rpl_timers_notify_dao_ack
                0x000000000000cf9a       0x82 build/sky/contiki-ng-sky.a(rpl-timers.o)
                0x000000000000cf9a                rpl_timers_notify_dao_ack
 .text.get_probing_delay
                0x000000000000d01c       0x1c build/sky/contiki-ng-sky.a(rpl-timers.o)
                0x000000000000d01c                get_probing_delay
 .text.get_probing_target
                0x000000000000d038       0xee build/sky/contiki-ng-sky.a(rpl-timers.o)
                0x000000000000d038                get_probing_target
 .text.rpl_schedule_probing
                0x000000000000d126       0x20 build/sky/contiki-ng-sky.a(rpl-timers.o)
                0x000000000000d126                rpl_schedule_probing
 .text.handle_probing_timer
                0x000000000000d146       0x2a build/sky/contiki-ng-sky.a(rpl-timers.o)
 .text.rpl_schedule_probing_now
                0x000000000000d170       0x24 build/sky/contiki-ng-sky.a(rpl-timers.o)
                0x000000000000d170                rpl_schedule_probing_now
 .text.rpl_timers_unschedule_leaving
                0x000000000000d194       0x1c build/sky/contiki-ng-sky.a(rpl-timers.o)
                0x000000000000d194                rpl_timers_unschedule_leaving
 .text.rpl_timers_schedule_leaving
                0x000000000000d1b0       0x2a build/sky/contiki-ng-sky.a(rpl-timers.o)
                0x000000000000d1b0                rpl_timers_schedule_leaving
 .text.rpl_timers_init
                0x000000000000d1da       0x1c build/sky/contiki-ng-sky.a(rpl-timers.o)
                0x000000000000d1da                rpl_timers_init
 .text.rpl_timers_stop_dag_timers
                0x000000000000d1f6       0x4c build/sky/contiki-ng-sky.a(rpl-timers.o)
                0x000000000000d1f6                rpl_timers_stop_dag_timers
 .text.rpl_timers_unschedule_state_update
                0x000000000000d242       0x10 build/sky/contiki-ng-sky.a(rpl-timers.o)
                0x000000000000d242                rpl_timers_unschedule_state_update
 .text.rpl_timers_schedule_state_update
                0x000000000000d252       0x1c build/sky/contiki-ng-sky.a(rpl-timers.o)
                0x000000000000d252                rpl_timers_schedule_state_update
 .text.spi_init
                0x000000000000d26e       0x30 build/sky/contiki-ng-sky.a(spi-legacy.o)
                0x000000000000d26e                spi_init
 .text.mac_call_sent_callback
                0x000000000000d29e       0x14 build/sky/contiki-ng-sky.a(mac.o)
                0x000000000000d29e                mac_call_sent_callback
 .text.frame802154_get_pan_id
                0x000000000000d2b2        0x6 build/sky/contiki-ng-sky.a(frame802154.o)
                0x000000000000d2b2                frame802154_get_pan_id
 .text.frame802154_has_panid
                0x000000000000d2b8       0xe0 build/sky/contiki-ng-sky.a(frame802154.o)
                0x000000000000d2b8                frame802154_has_panid
 .text.field_len
                0x000000000000d398       0xac build/sky/contiki-ng-sky.a(frame802154.o)
 .text.frame802154_is_broadcast_addr
                0x000000000000d444       0x28 build/sky/contiki-ng-sky.a(frame802154.o)
                0x000000000000d444                frame802154_is_broadcast_addr
 .text.frame802154_hdrlen
                0x000000000000d46c       0x32 build/sky/contiki-ng-sky.a(frame802154.o)
                0x000000000000d46c                frame802154_hdrlen
 .text.frame802154_create_fcf
                0x000000000000d49e       0x96 build/sky/contiki-ng-sky.a(frame802154.o)
                0x000000000000d49e                frame802154_create_fcf
 .text.frame802154_create
                0x000000000000d534       0xe4 build/sky/contiki-ng-sky.a(frame802154.o)
                0x000000000000d534                frame802154_create
 .text.frame802154_parse_fcf
                0x000000000000d618       0xbc build/sky/contiki-ng-sky.a(frame802154.o)
                0x000000000000d618                frame802154_parse_fcf
 .text.frame802154_parse
                0x000000000000d6d4      0x168 build/sky/contiki-ng-sky.a(frame802154.o)
                0x000000000000d6d4                frame802154_parse
 .text.libgcc   0x000000000000d83c       0x2c /usr/local/Cellar/gcc-msp430/4.7.0-20120911_2/lib/gcc/msp430/4.7.0/mmpy-16/libgcc.a(_mulsi3.o)
                0x000000000000d83c                __mulsi3
 .text.libgcc   0x000000000000d868       0x22 /usr/local/Cellar/gcc-msp430/4.7.0-20120911_2/lib/gcc/msp430/4.7.0/mmpy-16/libgcc.a(_udivmod16.o)
                0x000000000000d868                __udivhi3
                0x000000000000d868                __ext_udivmod16
                0x000000000000d882                __umodhi3
 .text.libgcc   0x000000000000d88a       0x3a /usr/local/Cellar/gcc-msp430/4.7.0-20120911_2/lib/gcc/msp430/4.7.0/mmpy-16/libgcc.a(_divmod16.o)
                0x000000000000d88a                __ext_divmod16
                0x000000000000d88a                __divhi3
                0x000000000000d8bc                __modhi3
 .text.libgcc   0x000000000000d8c4       0x40 /usr/local/Cellar/gcc-msp430/4.7.0-20120911_2/lib/gcc/msp430/4.7.0/mmpy-16/libgcc.a(_udivmod32.o)
                0x000000000000d8c4                __udivsi3
                0x000000000000d8c4                __ext_udivmod32
                0x000000000000d8fa                __umodsi3
 .text.libgcc   0x000000000000d904       0x4c /usr/local/Cellar/gcc-msp430/4.7.0-20120911_2/lib/gcc/msp430/4.7.0/mmpy-16/libgcc.a(_divmod32.o)
                0x000000000000d904                __ext_divmod32
                0x000000000000d904                __divsi3
                0x000000000000d946                __modsi3
 .text.printf   0x000000000000d950       0x10 /usr/local/Cellar/gcc-msp430/4.7.0-20120911_2/lib/gcc/msp430/4.7.0/../../../../msp430/lib/mmpy-16/libc.a(printf.o)
                0x000000000000d950                printf
 .text.append   0x000000000000d960       0x22 /usr/local/Cellar/gcc-msp430/4.7.0-20120911_2/lib/gcc/msp430/4.7.0/../../../../msp430/lib/mmpy-16/libc.a(sprintf.o)
 .text.call_vuprintf
                0x000000000000d982       0x3a /usr/local/Cellar/gcc-msp430/4.7.0-20120911_2/lib/gcc/msp430/4.7.0/../../../../msp430/lib/mmpy-16/libc.a(sprintf.o)
 .text.snprintf
                0x000000000000d9bc       0x1a /usr/local/Cellar/gcc-msp430/4.7.0-20120911_2/lib/gcc/msp430/4.7.0/../../../../msp430/lib/mmpy-16/libc.a(sprintf.o)
                0x000000000000d9bc                snprintf
 .text.print_field
                0x000000000000d9d6      0x194 /usr/local/Cellar/gcc-msp430/4.7.0-20120911_2/lib/gcc/msp430/4.7.0/../../../../msp430/lib/mmpy-16/libc.a(vuprintf.o)
 .text.vuprintf
                0x000000000000db6a      0x63c /usr/local/Cellar/gcc-msp430/4.7.0-20120911_2/lib/gcc/msp430/4.7.0/../../../../msp430/lib/mmpy-16/libc.a(vuprintf.o)
                0x000000000000db6a                vuprintf
 .text.puts     0x000000000000e1a6       0x2c /usr/local/Cellar/gcc-msp430/4.7.0-20120911_2/lib/gcc/msp430/4.7.0/../../../../msp430/lib/mmpy-16/libc.a(puts.o)
                0x000000000000e1a6                puts
 .text.rand     0x000000000000e1d2       0x26 /usr/local/Cellar/gcc-msp430/4.7.0-20120911_2/lib/gcc/msp430/4.7.0/../../../../msp430/lib/mmpy-16/libc.a(rand.o)
                0x000000000000e1d2                rand
 .text.srand    0x000000000000e1f8        0xa /usr/local/Cellar/gcc-msp430/4.7.0-20120911_2/lib/gcc/msp430/4.7.0/../../../../msp430/lib/mmpy-16/libc.a(rand.o)
                0x000000000000e1f8                srand
 .text.memcmp   0x000000000000e202       0x30 /usr/local/Cellar/gcc-msp430/4.7.0-20120911_2/lib/gcc/msp430/4.7.0/../../../../msp430/lib/mmpy-16/libc.a(memcmp.o)
                0x000000000000e202                memcmp
 .text.memcpy   0x000000000000e232       0xfa /usr/local/Cellar/gcc-msp430/4.7.0-20120911_2/lib/gcc/msp430/4.7.0/../../../../msp430/lib/mmpy-16/libc.a(memcpy.o)
                0x000000000000e232                memcpy
 .text.memmove  0x000000000000e32c       0xfa /usr/local/Cellar/gcc-msp430/4.7.0-20120911_2/lib/gcc/msp430/4.7.0/../../../../msp430/lib/mmpy-16/libc.a(memmove.o)
                0x000000000000e32c                memmove
 .text.memset   0x000000000000e426       0x6a /usr/local/Cellar/gcc-msp430/4.7.0-20120911_2/lib/gcc/msp430/4.7.0/../../../../msp430/lib/mmpy-16/libc.a(memset.o)
                0x000000000000e426                memset
 .text.libgcc   0x000000000000e490       0xf0 /usr/local/Cellar/gcc-msp430/4.7.0-20120911_2/lib/gcc/msp430/4.7.0/mmpy-16/libgcc.a(_udivmod64.o)
                0x000000000000e490                __xabi_udivmod64
                0x000000000000e4ee                __udivdi3
                0x000000000000e514                __umoddi3
                0x000000000000e542                __udivmoddi4
 .text.crt0     0x000000000000e580        0x2 /usr/local/Cellar/gcc-msp430/4.7.0-20120911_2/lib/gcc/msp430/4.7.0/mmpy-16/libcrt0.a(_unexpected_.o)
                0x000000000000e580                _unexpected_
 *(.near.text .near.text.*)

.rodata         0x000000000000e584      0x511
                0x000000000000e584                . = ALIGN (0x2)
 *(.rodata .rodata.* .gnu.linkonce.r.*)
 .rodata        0x000000000000e584       0x58 udp-server.o
                0x000000000000e5cc                autostart_processes
 .rodata        0x000000000000e5dc        0x8 build/sky/obj/sensors.o
 .rodata        0x000000000000e5e4       0xf4 build/sky/obj/contiki-main.o
 .rodata        0x000000000000e6d8       0x10 build/sky/contiki-ng-sky.a(button-sensor.o)
                0x000000000000e6e0                button_sensor
 .rodata        0x000000000000e6e8       0x31 build/sky/contiki-ng-sky.a(platform.o)
 .rodata        0x000000000000e719        0xf build/sky/contiki-ng-sky.a(ctimer.o)
 .rodata        0x000000000000e728        0xc build/sky/contiki-ng-sky.a(etimer.o)
 .rodata        0x000000000000e734       0xb6 build/sky/contiki-ng-sky.a(log.o)
 .rodata        0x000000000000e7ea       0x6a build/sky/contiki-ng-sky.a(stack-check.o)
 .rodata        0x000000000000e854        0x8 build/sky/contiki-ng-sky.a(linkaddr.o)
                0x000000000000e854                linkaddr_null
 .rodata        0x000000000000e85c       0x14 build/sky/contiki-ng-sky.a(csma.o)
                0x000000000000e862                csma_driver
 .rodata        0x000000000000e870       0x26 build/sky/contiki-ng-sky.a(sicslowpan.o)
                0x000000000000e87c                sicslowpan_driver
                0x000000000000e884                llprefix
                0x000000000000e886                unc_mxconf
                0x000000000000e88a                unc_ctxconf
                0x000000000000e88e                unc_llconf
 .rodata        0x000000000000e896       0x13 build/sky/contiki-ng-sky.a(simple-udp.o)
 .rodata        0x000000000000e8a9        0xd build/sky/contiki-ng-sky.a(tcpip.o)
 .rodata        0x000000000000e8b6       0x2d build/sky/contiki-ng-sky.a(uiplib.o)
 *fill*         0x000000000000e8e3        0x1 00
 .rodata        0x000000000000e8e4       0x34 build/sky/contiki-ng-sky.a(rpl.o)
                0x000000000000e8ee                rpl_lite_driver
 .rodata.get_value
                0x000000000000e918       0x34 build/sky/contiki-ng-sky.a(cc2420.o)
 .rodata.set_value
                0x000000000000e94c       0x10 build/sky/contiki-ng-sky.a(cc2420.o)
 .rodata        0x000000000000e95c       0x3e build/sky/contiki-ng-sky.a(cc2420.o)
                0x000000000000e95c                cc2420_aes_128_driver
                0x000000000000e960                cc2420_driver