Archive member included because of file (symbol)

build/sky/contiki-ng-sky.a(contiki-sky-pla)
                              build/sky/obj/sensors.o (sensors_flags)
build/sky/contiki-ng-sky.a(button-sensor.o)
                              udp-client.o (button_sensor)
build/sky/contiki-ng-sky.a(cc2420.o)
                              build/sky/obj/miti.o (cc2420_driver)
build/sky/contiki-ng-sky.a(cc2420-arch.o)
                              build/sky/contiki-ng-sky.a(cc2420.o) (cc2420_arch_init)
build/sky/contiki-ng-sky.a(uart1-putchar.o)
                              udp-client.o (putchar)
build/sky/contiki-ng-sky.a(platform.o)
                              build/sky/obj/contiki-main.o (platform_init_stage_one)
build/sky/contiki-ng-sky.a(msp430.o)
                              build/sky/contiki-ng-sky.a(platform.o) (msp430_dco_required)
build/sky/contiki-ng-sky.a(clock.o)
                              build/sky/obj/contiki-main.o (clock_init)
build/sky/contiki-ng-sky.a(leds.o)
                              build/sky/contiki-ng-sky.a(platform.o) (leds_init)
build/sky/contiki-ng-sky.a(leds-arch.o)
                              build/sky/contiki-ng-sky.a(leds.o) (leds_arch_init)
build/sky/contiki-ng-sky.a(watchdog.o)
                              build/sky/obj/contiki-main.o (watchdog_start)
build/sky/contiki-ng-sky.a(rtimer-arch.o)
                              build/sky/contiki-ng-sky.a(cc2420.o) (rtimer_arch_now)
build/sky/contiki-ng-sky.a(autostart.o)
                              build/sky/obj/contiki-main.o (autostart_start)
build/sky/contiki-ng-sky.a(ctimer.o)
                              build/sky/obj/contiki-main.o (ctimer_init)
build/sky/contiki-ng-sky.a(energest.o)
                              build/sky/obj/contiki-main.o (energest_init)
build/sky/contiki-ng-sky.a(etimer.o)
                              build/sky/contiki-ng-sky.a(clock.o) (etimer_request_poll)
build/sky/contiki-ng-sky.a(log.o)
                              udp-client.o (log_6addr)
build/sky/contiki-ng-sky.a(node-id.o)
                              build/sky/obj/contiki-main.o (node_id_init)
build/sky/contiki-ng-sky.a(process.o)
                              build/sky/contiki-ng-sky.a(ctimer.o) (process_current)
build/sky/contiki-ng-sky.a(rtimer.o)
                              build/sky/obj/contiki-main.o (rtimer_init)
build/sky/contiki-ng-sky.a(stack-check.o)
                              build/sky/obj/contiki-main.o (stack_check_init)
build/sky/contiki-ng-sky.a(timer.o)
                              build/sky/contiki-ng-sky.a(button-sensor.o) (timer_set)
build/sky/contiki-ng-sky.a(list.o)
                              build/sky/contiki-ng-sky.a(ctimer.o) (list_init)
build/sky/contiki-ng-sky.a(random.o)
                              build/sky/contiki-ng-sky.a(platform.o) (random_init)
build/sky/contiki-ng-sky.a(linkaddr.o)
                              build/sky/contiki-ng-sky.a(platform.o) (linkaddr_copy)
build/sky/contiki-ng-sky.a(netstack.o)
                              build/sky/obj/contiki-main.o (netstack_init)
build/sky/contiki-ng-sky.a(packetbuf.o)
                              build/sky/contiki-ng-sky.a(cc2420.o) (packetbuf_set_datalen)
build/sky/contiki-ng-sky.a(queuebuf.o)
                              build/sky/obj/contiki-main.o (queuebuf_init)
build/sky/contiki-ng-sky.a(csma.o)
                              build/sky/obj/contiki-main.o (csma_driver)
build/sky/contiki-ng-sky.a(sicslowpan.o)
                              build/sky/obj/contiki-main.o (sicslowpan_driver)
build/sky/contiki-ng-sky.a(simple-udp.o)
                              udp-client.o (simple_udp_sendto)
build/sky/contiki-ng-sky.a(tcpip.o)
                              build/sky/contiki-ng-sky.a(simple-udp.o) (udp_new)
build/sky/contiki-ng-sky.a(uip-ds6-nbr.o)
                              build/sky/contiki-ng-sky.a(tcpip.o) (uip_ds6_nbr_add)
build/sky/contiki-ng-sky.a(uip-ds6-route.o)
                              build/sky/contiki-ng-sky.a(tcpip.o) (uip_ds6_route_nexthop)
build/sky/contiki-ng-sky.a(uip-ds6.o)
                              build/sky/contiki-ng-sky.a(tcpip.o) (uip_ds6_is_addr_onlink)
build/sky/contiki-ng-sky.a(uip-udp-packet.)
                              build/sky/contiki-ng-sky.a(simple-udp.o) (uip_udp_packet_sendto)
build/sky/contiki-ng-sky.a(uip6.o)
                              build/sky/contiki-ng-sky.a(sicslowpan.o) (uip_aligned_buf)
build/sky/contiki-ng-sky.a(uipbuf.o)
                              build/sky/contiki-ng-sky.a(uip6.o) (uipbuf_add_ext_hdr)
build/sky/contiki-ng-sky.a(uiplib.o)
                              build/sky/contiki-ng-sky.a(log.o) (uiplib_ipaddr_snprint)
build/sky/contiki-ng-sky.a(rpl.o)
                              build/sky/obj/contiki-main.o (rpl_lite_driver)
build/sky/contiki-ng-sky.a(spi-legacy.o)
                              build/sky/contiki-ng-sky.a(cc2420-arch.o) (spi_init)
build/sky/contiki-ng-sky.a(ds2411.o)
                              build/sky/contiki-ng-sky.a(platform.o) (ds2411_init)
[...]
Memory Configuration

Name             Origin             Length             Attributes
sfr              0x0000000000000000 0x0000000000000010
peripheral_8bit  0x0000000000000010 0x00000000000000f0
peripheral_16bit 0x0000000000000100 0x0000000000000100
ram_mirror       0x0000000000000200 0x0000000000000800 xw
infomem          0x0000000000001000 0x0000000000000100
infob            0x0000000000001000 0x0000000000000080
infoa            0x0000000000001080 0x0000000000000080
ram              0x0000000000001100 0x0000000000002800 xw
rom              0x0000000000004000 0x000000000000bfe0 xr
vectors          0x000000000000ffe0 0x0000000000000020
bsl              0x0000000000000000 0x0000000000000000
infoc            0x0000000000000000 0x0000000000000000
infod            0x0000000000000000 0x0000000000000000
ram2             0x0000000000000000 0x0000000000000000 xw
signature        0x0000000000000000 0x0000000000000000
usbram           0x0000000000000000 0x0000000000000000 xw
far_rom          0x0000000000000000 0x0000000000000000
*default*        0x0000000000000000 0xffffffffffffffff

Linker script and memory map

LOAD /usr/local/Cellar/gcc-msp430/4.7.0-20120911_2/lib/gcc/msp430/4.7.0/mmpy-16/crt0ivtbl16.o
                0x0000000000002dee                _stack = _end
LOAD udp-client.o
LOAD build/sky/obj/miti.o
LOAD build/sky/obj/sensors.o
LOAD build/sky/obj/pir-sensor.o
LOAD build/sky/obj/simEnvChange.o
LOAD build/sky/obj/contiki-main.o
LOAD build/sky/contiki-ng-sky.a
LOAD /usr/local/Cellar/gcc-msp430/4.7.0-20120911_2/lib/gcc/msp430/4.7.0/mmpy-16/libgcc.a
LOAD /usr/local/Cellar/gcc-msp430/4.7.0-20120911_2/lib/gcc/msp430/4.7.0/../../../../msp430/lib/mmpy-16/libc.a
LOAD /usr/local/Cellar/gcc-msp430/4.7.0-20120911_2/lib/gcc/msp430/4.7.0/mmpy-16/libgcc.a
LOAD /usr/local/Cellar/gcc-msp430/4.7.0-20120911_2/lib/gcc/msp430/4.7.0/mmpy-16/libcrt0.a
                0x0000000000000080                PROVIDE (__info_segment_size, 0x80)
                0x0000000000001000                PROVIDE (__infob, 0x1000)
                0x0000000000001080                PROVIDE (__infoa, 0x1080)
                0x0000000000000000                __IE1 = 0x0
                0x0000000000000002                __IFG1 = 0x2
                0x0000000000000004                __ME1 = 0x4
                0x0000000000000001                __IE2 = 0x1
                0x0000000000000003                __IFG2 = 0x3
                0x0000000000000005                __ME2 = 0x5
                0x0000000000000120                __WDTCTL = 0x120
                0x0000000000000130                __MPY = 0x130
                0x0000000000000132                __MPYS = 0x132
                0x0000000000000134                __MAC = 0x134
                0x0000000000000136                __MACS = 0x136
                0x0000000000000138                __OP2 = 0x138
                0x000000000000013a                __RESLO = 0x13a
                0x000000000000013c                __RESHI = 0x13c
                0x000000000000013e                __SUMEXT = 0x13e
                0x0000000000000020                __P1IN = 0x20
                0x0000000000000021                __P1OUT = 0x21
                0x0000000000000022                __P1DIR = 0x22
                0x0000000000000023                __P1IFG = 0x23
                0x0000000000000024                __P1IES = 0x24
                0x0000000000000025                __P1IE = 0x25
                0x0000000000000026                __P1SEL = 0x26
                0x0000000000000028                __P2IN = 0x28
                0x0000000000000029                __P2OUT = 0x29
                0x000000000000002a                __P2DIR = 0x2a
                0x000000000000002b                __P2IFG = 0x2b
                0x000000000000002c                __P2IES = 0x2c
                0x000000000000002d                __P2IE = 0x2d
                0x000000000000002e                __P2SEL = 0x2e
                0x0000000000000018                __P3IN = 0x18
                0x0000000000000019                __P3OUT = 0x19
                0x000000000000001a                __P3DIR = 0x1a
                0x000000000000001b                __P3SEL = 0x1b
                0x000000000000001c                __P4IN = 0x1c
                0x000000000000001d                __P4OUT = 0x1d
                0x000000000000001e                __P4DIR = 0x1e
                0x000000000000001f                __P4SEL = 0x1f
                0x0000000000000030                __P5IN = 0x30
                0x0000000000000031                __P5OUT = 0x31
                0x0000000000000032                __P5DIR = 0x32
                0x0000000000000033                __P5SEL = 0x33
                0x0000000000000034                __P6IN = 0x34
                0x0000000000000035                __P6OUT = 0x35
                0x0000000000000036                __P6DIR = 0x36
                0x0000000000000037                __P6SEL = 0x37
                0x0000000000000070                __U0CTL = 0x70
                0x0000000000000071                __U0TCTL = 0x71
                0x0000000000000072                __U0RCTL = 0x72
                0x0000000000000073                __U0MCTL = 0x73
                0x0000000000000074                __U0BR0 = 0x74
                0x0000000000000075                __U0BR1 = 0x75
                0x0000000000000076                __U0RXBUF = 0x76
                0x0000000000000077                __U0TXBUF = 0x77
                0x0000000000000078                __U1CTL = 0x78
                0x0000000000000079                __U1TCTL = 0x79
                0x000000000000007a                __U1RCTL = 0x7a
                0x000000000000007b                __U1MCTL = 0x7b
                0x000000000000007c                __U1BR0 = 0x7c
                0x000000000000007d                __U1BR1 = 0x7d
                0x000000000000007e                __U1RXBUF = 0x7e
                0x000000000000007f                __U1TXBUF = 0x7f
                0x0000000000000050                __I2CIE = 0x50
                0x0000000000000051                __I2CIFG = 0x51
                0x0000000000000052                __I2CNDAT = 0x52
                0x0000000000000071                __I2CTCTL = 0x71
                0x0000000000000072                __I2CDCTL = 0x72
                0x0000000000000073                __I2CPSC = 0x73
                0x0000000000000074                __I2CSCLH = 0x74
                0x0000000000000075                __I2CSCLL = 0x75
                0x0000000000000076                __I2CDRB = 0x76
                0x0000000000000076                __I2CDRW = 0x76
                0x0000000000000118                __I2COA = 0x118
                0x000000000000011a                __I2CSA = 0x11a
                0x000000000000011c                __I2CIV = 0x11c
                0x000000000000012e                __TAIV = 0x12e
                0x0000000000000160                __TACTL = 0x160
                0x0000000000000162                __TACCTL0 = 0x162
                0x0000000000000164                __TACCTL1 = 0x164
                0x0000000000000166                __TACCTL2 = 0x166
                0x0000000000000170                __TAR = 0x170
                0x0000000000000172                __TACCR0 = 0x172
                0x0000000000000174                __TACCR1 = 0x174
                0x0000000000000176                __TACCR2 = 0x176
                0x000000000000011e                __TBIV = 0x11e
                0x0000000000000180                __TBCTL = 0x180
                0x0000000000000182                __TBCCTL0 = 0x182
                0x0000000000000184                __TBCCTL1 = 0x184
                0x0000000000000186                __TBCCTL2 = 0x186
                0x0000000000000188                __TBCCTL3 = 0x188
                0x000000000000018a                __TBCCTL4 = 0x18a
                0x000000000000018c                __TBCCTL5 = 0x18c
                0x000000000000018e                __TBCCTL6 = 0x18e
                0x0000000000000190                __TBR = 0x190
                0x0000000000000192                __TBCCR0 = 0x192
                0x0000000000000194                __TBCCR1 = 0x194
                0x0000000000000196                __TBCCR2 = 0x196
                0x0000000000000198                __TBCCR3 = 0x198
                0x000000000000019a                __TBCCR4 = 0x19a
                0x000000000000019c                __TBCCR5 = 0x19c
                0x000000000000019e                __TBCCR6 = 0x19e
                0x0000000000000056                __DCOCTL = 0x56
                0x0000000000000057                __BCSCTL1 = 0x57
                0x0000000000000058                __BCSCTL2 = 0x58
                0x0000000000000055                __SVSCTL = 0x55
                0x0000000000000128                __FCTL1 = 0x128
                0x000000000000012a                __FCTL2 = 0x12a
                0x000000000000012c                __FCTL3 = 0x12c
                0x0000000000000059                __CACTL1 = 0x59
                0x000000000000005a                __CACTL2 = 0x5a
                0x000000000000005b                __CAPD = 0x5b
                0x00000000000001a0                __ADC12CTL0 = 0x1a0
                0x00000000000001a2                __ADC12CTL1 = 0x1a2
                0x00000000000001a4                __ADC12IFG = 0x1a4
                0x00000000000001a6                __ADC12IE = 0x1a6
                0x00000000000001a8                __ADC12IV = 0x1a8
                0x0000000000000140                __ADC12MEM0 = 0x140
                0x0000000000000142                __ADC12MEM1 = 0x142
                0x0000000000000144                __ADC12MEM2 = 0x144
                0x0000000000000146                __ADC12MEM3 = 0x146
                0x0000000000000148                __ADC12MEM4 = 0x148
                0x000000000000014a                __ADC12MEM5 = 0x14a
                0x000000000000014c                __ADC12MEM6 = 0x14c
                0x000000000000014e                __ADC12MEM7 = 0x14e
                0x0000000000000150                __ADC12MEM8 = 0x150
                0x0000000000000152                __ADC12MEM9 = 0x152
                0x0000000000000154                __ADC12MEM10 = 0x154
                0x0000000000000156                __ADC12MEM11 = 0x156
                0x0000000000000158                __ADC12MEM12 = 0x158
                0x000000000000015a                __ADC12MEM13 = 0x15a
                0x000000000000015c                __ADC12MEM14 = 0x15c
                0x000000000000015e                __ADC12MEM15 = 0x15e
                0x0000000000000080                __ADC12MCTL0 = 0x80
                0x0000000000000081                __ADC12MCTL1 = 0x81
                0x0000000000000082                __ADC12MCTL2 = 0x82
                0x0000000000000083                __ADC12MCTL3 = 0x83
                0x0000000000000084                __ADC12MCTL4 = 0x84
                0x0000000000000085                __ADC12MCTL5 = 0x85
                0x0000000000000086                __ADC12MCTL6 = 0x86
                0x0000000000000087                __ADC12MCTL7 = 0x87
                0x0000000000000088                __ADC12MCTL8 = 0x88
                0x0000000000000089                __ADC12MCTL9 = 0x89
                0x000000000000008a                __ADC12MCTL10 = 0x8a
                0x000000000000008b                __ADC12MCTL11 = 0x8b
                0x000000000000008c                __ADC12MCTL12 = 0x8c
                0x000000000000008d                __ADC12MCTL13 = 0x8d
                0x000000000000008e                __ADC12MCTL14 = 0x8e
                0x000000000000008f                __ADC12MCTL15 = 0x8f
                0x00000000000001c0                __DAC12_0CTL = 0x1c0
                0x00000000000001c2                __DAC12_1CTL = 0x1c2
                0x00000000000001c8                __DAC12_0DAT = 0x1c8
                0x00000000000001ca                __DAC12_1DAT = 0x1ca
                0x0000000000000122                __DMACTL0 = 0x122
                0x0000000000000124                __DMACTL1 = 0x124
                0x00000000000001e0                __DMA0CTL = 0x1e0
                0x00000000000001e8                __DMA1CTL = 0x1e8
                0x00000000000001f0                __DMA2CTL = 0x1f0
                0x00000000000001e2                __DMA0SA = 0x1e2
                0x00000000000001e4                __DMA0DA = 0x1e4
                0x00000000000001e6                __DMA0SZ = 0x1e6
                0x00000000000001ea                __DMA1SA = 0x1ea
                0x00000000000001ec                __DMA1DA = 0x1ec
                0x00000000000001ee                __DMA1SZ = 0x1ee
                0x00000000000001f2                __DMA2SA = 0x1f2
                0x00000000000001f4                __DMA2DA = 0x1f4
                0x00000000000001f6                __DMA2SZ = 0x1f6

.hash
 *(.hash)

.dynsym
 *(.dynsym)

.dynstr
 *(.dynstr)

.gnu.version
 *(.gnu.version)

.gnu.version_d
 *(.gnu.version_d)

.gnu.version_r
 *(.gnu.version_r)

.rel.init
 *(.rel.init)

.rela.init
 *(.rela.init)

.rel.fini
 *(.rel.fini)

.rela.fini
 *(.rela.fini)

.rel.text
 *(.rel.text .rel.text.* .rel.gnu.linkonce.t.*)

.rela.text
 *(.rela.text .rela.text.* .rela.gnu.linkonce.t.*)

.rel.rodata
 *(.rel.rodata .rel.rodata.* .rel.gnu.linkonce.r.*)

.rela.rodata
 *(.rela.rodata .rela.rodata.* .rela.gnu.linkonce.r.*)

.rel.data
 *(.rel.data .rel.data.* .rel.gnu.linkonce.d.*)

.rela.data
 *(.rela.data .rela.data.* .rela.gnu.linkonce.d.*)

.rel.bss
 *(.rel.bss .rel.bss.* .rel.gnu.linkonce.b.*)

.rela.bss
 *(.rela.bss .rela.bss.* .rela.gnu.linkonce.b.*)

.rel.ctors
 *(.rel.ctors)

.rela.ctors
 *(.rela.ctors)

.rel.dtors
 *(.rel.dtors)

.rela.dtors
 *(.rela.dtors)

.rel.got
 *(.rel.got)

.rela.got
 *(.rela.got)

.rel.plt
 *(.rel.plt)

.rela.plt
 *(.rela.plt)

.text           0x0000000000004000     0xb248
                0x0000000000004000                . = ALIGN (0x2)
 *(.init .init.*)
 *(.init0)
 .init0         0x0000000000004000        0x0 /usr/local/Cellar/gcc-msp430/4.7.0-20120911_2/lib/gcc/msp430/4.7.0/mmpy-16/libcrt0.a(_reset_vector__.o)
                0x0000000000004000                _reset_vector__
 *(.init1)
 .init1         0x0000000000004000        0xc /usr/local/Cellar/gcc-msp430/4.7.0-20120911_2/lib/gcc/msp430/4.7.0/mmpy-16/libcrt0.a(__watchdog_support.o)
                0x0000000000004000                __watchdog_support
 *(.init2)
 .init2         0x000000000000400c        0x4 /usr/local/Cellar/gcc-msp430/4.7.0-20120911_2/lib/gcc/msp430/4.7.0/mmpy-16/libcrt0.a(__init_stack.o)
                0x000000000000400c                __init_stack
 *(.init3)
 .init3         0x0000000000004010        0x0 /usr/local/Cellar/gcc-msp430/4.7.0-20120911_2/lib/gcc/msp430/4.7.0/mmpy-16/libcrt0.a(__low_level_init.o)
                0x0000000000004010                __low_level_init
 *(.init4)
 .init4         0x0000000000004010       0x18 /usr/local/Cellar/gcc-msp430/4.7.0-20120911_2/lib/gcc/msp430/4.7.0/mmpy-16/libcrt0.a(_copy_data.o)
                0x0000000000004010                __do_copy_data
 .init4         0x0000000000004028       0x16 /usr/local/Cellar/gcc-msp430/4.7.0-20120911_2/lib/gcc/msp430/4.7.0/mmpy-16/libcrt0.a(_clear_bss.o)
                0x0000000000004028                __do_clear_bss
 *(.init5)
 *(.init6)
 *(.init7)
 *(.init8)
 *(.init9)
 .init9         0x000000000000403e      0x232 build/sky/obj/contiki-main.o
                0x000000000000403e                main
 *(.fini9)
 .fini9         0x0000000000004270        0x0 /usr/local/Cellar/gcc-msp430/4.7.0-20120911_2/lib/gcc/msp430/4.7.0/mmpy-16/libcrt0.a(__stop_progExec__.o)
                0x0000000000004270                __stop_progExec__
 *(.fini8)
 *(.fini7)
 *(.fini6)
 *(.fini5)
 *(.fini4)
 *(.fini3)
 *(.fini2)
 *(.fini1)
 *(.fini0)
 .fini0         0x0000000000004270        0x6 /usr/local/Cellar/gcc-msp430/4.7.0-20120911_2/lib/gcc/msp430/4.7.0/mmpy-16/libcrt0.a(_endless_loop__.o)
                0x0000000000004270                _endless_loop__
 *(.fini .fini.*)
                0x0000000000004276                . = ALIGN (0x2)
                0x0000000000004276                __ctors_start = .
 *(.ctors)
                0x0000000000004276                __ctors_end = .
                0x0000000000004276                __dtors_start = .
 *(.dtors)
                0x0000000000004276                __dtors_end = .
                0x0000000000004276                . = ALIGN (0x2)
 *(.text .text.* .gnu.linkonce.t.*)
 .text          0x0000000000004276        0x4 /usr/local/Cellar/gcc-msp430/4.7.0-20120911_2/lib/gcc/msp430/4.7.0/mmpy-16/crt0ivtbl16.o
                0x0000000000004276                __isr_9
                0x0000000000004276                __isr_11
                0x0000000000004276                __isr_2
                0x0000000000004276                __isr_7
                0x0000000000004276                __isr_0
                0x0000000000004276                __isr_8
                0x0000000000004276                __isr_3
                0x0000000000004276                __isr_12
                0x0000000000004276                __isr_13
                0x0000000000004276                __isr_14
 .text.udp_rx_callback
                0x000000000000427a       0x3e udp-client.o
 .text.process_thread_udp_client_process
                0x00000000000042b8      0x134 udp-client.o
 .text.send_wrapper
                0x00000000000043ec      0x164 build/sky/obj/miti.o
                0x00000000000043ec                send_wrapper
 .text.process_thread_sensors_process
                0x0000000000004550       0xc2 build/sky/obj/sensors.o
 .text.sensors_changed
                0x0000000000004612       0x2a build/sky/obj/sensors.o
                0x0000000000004612                sensors_changed
 .text.value    0x000000000000463c        0x8 build/sky/obj/pir-sensor.o
 .text.configure
                0x0000000000004644       0x20 build/sky/obj/pir-sensor.o
 .text.status   0x0000000000004664       0x14 build/sky/obj/pir-sensor.o
 .text.doInterfaceActionsAfterTick
                0x0000000000004678        0x2 build/sky/obj/pir-sensor.o
 .text.doInterfaceActionsBeforeTick
                0x000000000000467a       0x1e build/sky/obj/pir-sensor.o
 .text.init_platform
                0x0000000000004698        0xc build/sky/contiki-ng-sky.a(contiki-sky-pla)
                0x0000000000004698                init_platform
 .text.status   0x00000000000046a4       0x18 build/sky/contiki-ng-sky.a(button-sensor.o)
 .text.value    0x00000000000046bc       0x20 build/sky/contiki-ng-sky.a(button-sensor.o)
 .text.configure
                0x00000000000046dc       0x4c build/sky/contiki-ng-sky.a(button-sensor.o)
 .text.irq_p2   0x0000000000004728       0x46 build/sky/contiki-ng-sky.a(button-sensor.o)
                0x0000000000004728                irq_p2
                0x0000000000004728                __isr_1
 .text.get_object
                0x000000000000476e        0x4 build/sky/contiki-ng-sky.a(cc2420.o)
 .text.set_object
                0x0000000000004772        0x4 build/sky/contiki-ng-sky.a(cc2420.o)
 .text.strobe   0x0000000000004776       0x1c build/sky/contiki-ng-sky.a(cc2420.o)
 .text.getreg   0x0000000000004792       0x4c build/sky/contiki-ng-sky.a(cc2420.o)
 .text.setreg   0x00000000000047de       0x4c build/sky/contiki-ng-sky.a(cc2420.o)
 .text.write_ram
                0x000000000000482a       0x7c build/sky/contiki-ng-sky.a(cc2420.o)
 .text.write_fifo_buf
                0x00000000000048a6       0x3c build/sky/contiki-ng-sky.a(cc2420.o)
 .text.get_status
                0x00000000000048e2       0x20 build/sky/contiki-ng-sky.a(cc2420.o)
 .text.on       0x0000000000004902       0x1a build/sky/contiki-ng-sky.a(cc2420.o)
 .text.cc2420_receiving_packet
                0x000000000000491c        0xc build/sky/contiki-ng-sky.a(cc2420.o)
 .text.pending_packet
                0x0000000000004928        0x8 build/sky/contiki-ng-sky.a(cc2420.o)
 .text.wait_for_transmission
                0x0000000000004930       0x22 build/sky/contiki-ng-sky.a(cc2420.o)
 .text.wait_for_status
                0x0000000000004952       0x28 build/sky/contiki-ng-sky.a(cc2420.o)
 .text.getrxdata
                0x000000000000497a       0x50 build/sky/contiki-ng-sky.a(cc2420.o)
 .text.flushrx  0x00000000000049ca       0x1a build/sky/contiki-ng-sky.a(cc2420.o)
 .text.off      0x00000000000049e4       0x28 build/sky/contiki-ng-sky.a(cc2420.o)
 .text.RELEASE_LOCK
                0x0000000000004a0c       0x28 build/sky/contiki-ng-sky.a(cc2420.o)
 .text.set_key  0x0000000000004a34       0x18 build/sky/contiki-ng-sky.a(cc2420.o)
 .text.set_frame_filtering
                0x0000000000004a4c       0x30 build/sky/contiki-ng-sky.a(cc2420.o)
 .text.set_auto_ack
                0x0000000000004a7c       0x30 build/sky/contiki-ng-sky.a(cc2420.o)
 .text.set_poll_mode
                0x0000000000004aac       0x2c build/sky/contiki-ng-sky.a(cc2420.o)
 .text.cc2420_prepare
                0x0000000000004ad8       0x46 build/sky/contiki-ng-sky.a(cc2420.o)
 .text.cc2420_on
                0x0000000000004b1e       0x22 build/sky/contiki-ng-sky.a(cc2420.o)
                0x0000000000004b1e                cc2420_on
 .text.cc2420_transmit
                0x0000000000004b40       0x66 build/sky/contiki-ng-sky.a(cc2420.o)
 .text.cc2420_send
                0x0000000000004ba6       0x12 build/sky/contiki-ng-sky.a(cc2420.o)
 .text.cc2420_off
                0x0000000000004bb8       0x30 build/sky/contiki-ng-sky.a(cc2420.o)
                0x0000000000004bb8                cc2420_off
 .text.cc2420_cca
                0x0000000000004be8       0x68 build/sky/contiki-ng-sky.a(cc2420.o)
 .text.cc2420_read
                0x0000000000004c50       0xbe build/sky/contiki-ng-sky.a(cc2420.o)
 .text.process_thread_cc2420_process
                0x0000000000004d0e       0x62 build/sky/contiki-ng-sky.a(cc2420.o)
 .text.encrypt  0x0000000000004d70       0x88 build/sky/contiki-ng-sky.a(cc2420.o)
 .text.cc2420_set_channel
                0x0000000000004df8       0x3c build/sky/contiki-ng-sky.a(cc2420.o)
                0x0000000000004df8                cc2420_set_channel
 .text.cc2420_set_pan_addr
                0x0000000000004e34       0x4c build/sky/contiki-ng-sky.a(cc2420.o)
                0x0000000000004e34                cc2420_set_pan_addr
 .text.cc2420_interrupt
                0x0000000000004e80       0x16 build/sky/contiki-ng-sky.a(cc2420.o)
                0x0000000000004e80                cc2420_interrupt
 .text.cc2420_set_txpower
                0x0000000000004e96       0x2c build/sky/contiki-ng-sky.a(cc2420.o)
                0x0000000000004e96                cc2420_set_txpower
 .text.cc2420_get_txpower
                0x0000000000004ec2       0x1e build/sky/contiki-ng-sky.a(cc2420.o)
                0x0000000000004ec2                cc2420_get_txpower
 .text.cc2420_rssi
                0x0000000000004ee0       0x4c build/sky/contiki-ng-sky.a(cc2420.o)
                0x0000000000004ee0                cc2420_rssi
 .text.get_value
                0x0000000000004f2c      0x11e build/sky/contiki-ng-sky.a(cc2420.o)
 .text.cc2420_set_cca_threshold
                0x000000000000504a       0x16 build/sky/contiki-ng-sky.a(cc2420.o)
                0x000000000000504a                cc2420_set_cca_threshold
 .text.set_value
                0x0000000000005060      0x150 build/sky/contiki-ng-sky.a(cc2420.o)
 .text.cc2420_init
                0x00000000000051b0       0xea build/sky/contiki-ng-sky.a(cc2420.o)
                0x00000000000051b0                cc2420_init
 .text.cc2420_port1_interrupt
                0x000000000000529a       0x20 build/sky/contiki-ng-sky.a(cc2420-arch.o)
                0x000000000000529a                __isr_4
                0x000000000000529a                cc2420_port1_interrupt
 .text.cc2420_arch_init
                0x00000000000052ba       0x1a build/sky/contiki-ng-sky.a(cc2420-arch.o)
                0x00000000000052ba                cc2420_arch_init
 .text.putchar  0x00000000000052d4       0x10 build/sky/contiki-ng-sky.a(uart1-putchar.o)
                0x00000000000052d4                putchar
 .text.platform_init_stage_one
                0x00000000000052e4       0x12 build/sky/contiki-ng-sky.a(platform.o)
                0x00000000000052e4                platform_init_stage_one
 .text.platform_init_stage_two
                0x00000000000052f6       0x64 build/sky/contiki-ng-sky.a(platform.o)
                0x00000000000052f6                platform_init_stage_two
 .text.platform_init_stage_three
                0x000000000000535a       0x7a build/sky/contiki-ng-sky.a(platform.o)
                0x000000000000535a                platform_init_stage_three
 .text.platform_idle
                0x00000000000053d4       0x54 build/sky/contiki-ng-sky.a(platform.o)
                0x00000000000053d4                platform_idle
 .text.msp430_init_dco
                0x0000000000005428       0x82 build/sky/contiki-ng-sky.a(msp430.o)
                0x0000000000005428                msp430_init_dco
 .text.msp430_add_lpm_req
                0x00000000000054aa        0xc build/sky/contiki-ng-sky.a(msp430.o)
                0x00000000000054aa                msp430_add_lpm_req
 .text.msp430_cpu_init
                0x00000000000054b6       0x2a build/sky/contiki-ng-sky.a(msp430.o)
                0x00000000000054b6                msp430_cpu_init
 .text.splhigh_
                0x00000000000054e0        0x8 build/sky/contiki-ng-sky.a(msp430.o)
                0x00000000000054e0                splhigh_
 .text.msp430_sync_dco
                0x00000000000054e8       0x6c build/sky/contiki-ng-sky.a(msp430.o)
                0x00000000000054e8                msp430_sync_dco
 .text.timera1  0x0000000000005554       0xdc build/sky/contiki-ng-sky.a(clock.o)
                0x0000000000005554                __isr_5
                0x0000000000005554                timera1
 .text.clock_time
                0x0000000000005630       0x1a build/sky/contiki-ng-sky.a(clock.o)
                0x0000000000005630                clock_time
 .text.clock_init
                0x000000000000564a       0x28 build/sky/contiki-ng-sky.a(clock.o)
                0x000000000000564a                clock_init
 .text.clock_delay
                0x0000000000005672        0xc build/sky/contiki-ng-sky.a(clock.o)
                0x0000000000005672                clock_delay
 .text.clock_seconds
                0x000000000000567e       0x1a build/sky/contiki-ng-sky.a(clock.o)
                0x000000000000567e                clock_seconds
 .text.leds_init
                0x0000000000005698        0x6 build/sky/contiki-ng-sky.a(leds.o)
                0x0000000000005698                leds_init
 .text.leds_on  0x000000000000569e       0x12 build/sky/contiki-ng-sky.a(leds.o)
                0x000000000000569e                leds_on
 .text.leds_off
                0x00000000000056b0       0x12 build/sky/contiki-ng-sky.a(leds.o)
                0x00000000000056b0                leds_off
 .text.leds_arch_init
                0x00000000000056c2        0xe build/sky/contiki-ng-sky.a(leds-arch.o)
                0x00000000000056c2                leds_arch_init
 .text.leds_arch_get
                0x00000000000056d0       0x34 build/sky/contiki-ng-sky.a(leds-arch.o)
                0x00000000000056d0                leds_arch_get
 .text.leds_arch_set
                0x0000000000005704       0x3e build/sky/contiki-ng-sky.a(leds-arch.o)
                0x0000000000005704                leds_arch_set
 .text.watchdog_interrupt
                0x0000000000005742        0x6 build/sky/contiki-ng-sky.a(watchdog.o)
                0x0000000000005742                __isr_10
                0x0000000000005742                watchdog_interrupt
 .text.watchdog_start
                0x0000000000005748       0x14 build/sky/contiki-ng-sky.a(watchdog.o)
                0x0000000000005748                watchdog_start
 .text.watchdog_periodic
                0x000000000000575c       0x12 build/sky/contiki-ng-sky.a(watchdog.o)
                0x000000000000575c                watchdog_periodic
 .text.watchdog_stop
                0x000000000000576e       0x16 build/sky/contiki-ng-sky.a(watchdog.o)
                0x000000000000576e                watchdog_stop
 .text.watchdog_init
                0x0000000000005784       0x12 build/sky/contiki-ng-sky.a(watchdog.o)
                0x0000000000005784                watchdog_init
 .text.timera0  0x0000000000005796       0x2e build/sky/contiki-ng-sky.a(rtimer-arch.o)
                0x0000000000005796                __isr_6
                0x0000000000005796                timera0
 .text.rtimer_arch_init
                0x00000000000057c4        0xe build/sky/contiki-ng-sky.a(rtimer-arch.o)
                0x00000000000057c4                rtimer_arch_init
 .text.rtimer_arch_now
                0x00000000000057d2        0xe build/sky/contiki-ng-sky.a(rtimer-arch.o)
                0x00000000000057d2                rtimer_arch_now
 .text.rtimer_arch_schedule
                0x00000000000057e0        0x6 build/sky/contiki-ng-sky.a(rtimer-arch.o)
                0x00000000000057e0                rtimer_arch_schedule
 .text.autostart_start
                0x00000000000057e6       0x16 build/sky/contiki-ng-sky.a(autostart.o)
                0x00000000000057e6                autostart_start
 .text.process_thread_ctimer_process
                0x00000000000057fc       0xa8 build/sky/contiki-ng-sky.a(ctimer.o)
 .text.ctimer_init
                0x00000000000058a4       0x18 build/sky/contiki-ng-sky.a(ctimer.o)
                0x00000000000058a4                ctimer_init
 .text.ctimer_set_with_process
                0x00000000000058bc       0x4e build/sky/contiki-ng-sky.a(ctimer.o)
                0x00000000000058bc                ctimer_set_with_process
 .text.ctimer_set
                0x000000000000590a       0x10 build/sky/contiki-ng-sky.a(ctimer.o)
                0x000000000000590a                ctimer_set
 .text.ctimer_reset
                0x000000000000591a       0x30 build/sky/contiki-ng-sky.a(ctimer.o)
                0x000000000000591a                ctimer_reset
 .text.ctimer_stop
                0x000000000000594a       0x28 build/sky/contiki-ng-sky.a(ctimer.o)
                0x000000000000594a                ctimer_stop
 .text.ctimer_expired
                0x0000000000005972       0x30 build/sky/contiki-ng-sky.a(ctimer.o)
                0x0000000000005972                ctimer_expired
 .text.energest_init
                0x00000000000059a2        0x2 build/sky/contiki-ng-sky.a(energest.o)
                0x00000000000059a2                energest_init
 .text.energest_flush
                0x00000000000059a4        0x2 build/sky/contiki-ng-sky.a(energest.o)
                0x00000000000059a4                energest_flush
 .text.update_time
                0x00000000000059a6       0x78 build/sky/contiki-ng-sky.a(etimer.o)
 .text.etimer_request_poll
                0x0000000000005a1e        0xa build/sky/contiki-ng-sky.a(etimer.o)
                0x0000000000005a1e                etimer_request_poll
 .text.process_thread_etimer_process
                0x0000000000005a28       0xcc build/sky/contiki-ng-sky.a(etimer.o)
 .text.add_timer
                0x0000000000005af4       0x40 build/sky/contiki-ng-sky.a(etimer.o)
 .text.etimer_set
                0x0000000000005b34       0x12 build/sky/contiki-ng-sky.a(etimer.o)
                0x0000000000005b34                etimer_set
 .text.etimer_reset
                0x0000000000005b46       0x12 build/sky/contiki-ng-sky.a(etimer.o)
                0x0000000000005b46                etimer_reset
 .text.etimer_expired
                0x0000000000005b58        0xe build/sky/contiki-ng-sky.a(etimer.o)
                0x0000000000005b58                etimer_expired
 .text.etimer_pending
                0x0000000000005b66        0xc build/sky/contiki-ng-sky.a(etimer.o)
                0x0000000000005b66                etimer_pending
 .text.etimer_next_expiration_time
                0x0000000000005b72       0x16 build/sky/contiki-ng-sky.a(etimer.o)
                0x0000000000005b72                etimer_next_expiration_time
 .text.etimer_stop
                0x0000000000005b88       0x3e build/sky/contiki-ng-sky.a(etimer.o)
                0x0000000000005b88                etimer_stop
 .text.log_6addr
                0x0000000000005bc6       0x32 build/sky/contiki-ng-sky.a(log.o)
                0x0000000000005bc6                log_6addr
 .text.log_lladdr
                0x0000000000005bf8       0x44 build/sky/contiki-ng-sky.a(log.o)
                0x0000000000005bf8                log_lladdr
 .text.node_id_init
                0x0000000000005c3c       0x14 build/sky/contiki-ng-sky.a(node-id.o)
                0x0000000000005c3c                node_id_init
 .text.call_process
                0x0000000000005c50       0x46 build/sky/contiki-ng-sky.a(process.o)
 .text.exit_process
                0x0000000000005c96       0x96 build/sky/contiki-ng-sky.a(process.o)
 .text.do_poll  0x0000000000005d2c       0x30 build/sky/contiki-ng-sky.a(process.o)
 .text.process_alloc_event
                0x0000000000005d5c        0xe build/sky/contiki-ng-sky.a(process.o)
                0x0000000000005d5c                process_alloc_event
 .text.process_init
                0x0000000000005d6a       0x18 build/sky/contiki-ng-sky.a(process.o)
                0x0000000000005d6a                process_init
 .text.process_run
                0x0000000000005d82       0x92 build/sky/contiki-ng-sky.a(process.o)
                0x0000000000005d82                process_run
 .text.process_nevents
                0x0000000000005e14        0xe build/sky/contiki-ng-sky.a(process.o)
                0x0000000000005e14                process_nevents
 .text.process_post
                0x0000000000005e22       0x42 build/sky/contiki-ng-sky.a(process.o)
                0x0000000000005e22                process_post
 .text.process_post_synch
                0x0000000000005e64       0x12 build/sky/contiki-ng-sky.a(process.o)
                0x0000000000005e64                process_post_synch
 .text.process_start
                0x0000000000005e76       0x36 build/sky/contiki-ng-sky.a(process.o)
                0x0000000000005e76                process_start
 .text.process_poll
                0x0000000000005eac       0x18 build/sky/contiki-ng-sky.a(process.o)
                0x0000000000005eac                process_poll
 .text.rtimer_init
                0x0000000000005ec4        0x6 build/sky/contiki-ng-sky.a(rtimer.o)
                0x0000000000005ec4                rtimer_init
 .text.rtimer_run_next
                0x0000000000005eca       0x26 build/sky/contiki-ng-sky.a(rtimer.o)
                0x0000000000005eca                rtimer_run_next
 .text.stack_check_init
                0x0000000000005ef0       0x2e build/sky/contiki-ng-sky.a(stack-check.o)
                0x0000000000005ef0                stack_check_init
 .text.stack_check_get_usage
                0x0000000000005f1e       0x54 build/sky/contiki-ng-sky.a(stack-check.o)
                0x0000000000005f1e                stack_check_get_usage
 .text.process_thread_stack_check_process
                0x0000000000005f72       0xea build/sky/contiki-ng-sky.a(stack-check.o)
 .text.timer_set
                0x000000000000605c       0x1c build/sky/contiki-ng-sky.a(timer.o)
                0x000000000000605c                timer_set
 .text.timer_expired
                0x0000000000006078       0x2a build/sky/contiki-ng-sky.a(timer.o)
                0x0000000000006078                timer_expired
 .text.timer_reset
                0x00000000000060a2       0x1c build/sky/contiki-ng-sky.a(timer.o)
                0x00000000000060a2                timer_reset
 .text.list_init
                0x00000000000060be        0x6 build/sky/contiki-ng-sky.a(list.o)
                0x00000000000060be                list_init
 .text.list_head
                0x00000000000060c4        0x4 build/sky/contiki-ng-sky.a(list.o)
                0x00000000000060c4                list_head
 .text.list_tail
                0x00000000000060c8       0x12 build/sky/contiki-ng-sky.a(list.o)
                0x00000000000060c8                list_tail
 .text.list_remove
                0x00000000000060da       0x34 build/sky/contiki-ng-sky.a(list.o)
                0x00000000000060da                list_remove
 .text.list_push
                0x000000000000610e       0x1a build/sky/contiki-ng-sky.a(list.o)
                0x000000000000610e                list_push
 .text.list_add
                0x0000000000006128       0x2a build/sky/contiki-ng-sky.a(list.o)
                0x0000000000006128                list_add
 .text.list_length
                0x0000000000006152       0x10 build/sky/contiki-ng-sky.a(list.o)
                0x0000000000006152                list_length
 .text.list_item_next
                0x0000000000006162        0xc build/sky/contiki-ng-sky.a(list.o)
                0x0000000000006162                list_item_next
 .text.random_init
                0x000000000000616e        0x6 build/sky/contiki-ng-sky.a(random.o)
                0x000000000000616e                random_init
 .text.random_rand
                0x0000000000006174        0x6 build/sky/contiki-ng-sky.a(random.o)
                0x0000000000006174                random_rand
 .text.linkaddr_copy
                0x000000000000617a        0x8 build/sky/contiki-ng-sky.a(linkaddr.o)
                0x000000000000617a                linkaddr_copy
 .text.linkaddr_cmp
                0x0000000000006182       0x12 build/sky/contiki-ng-sky.a(linkaddr.o)
                0x0000000000006182                linkaddr_cmp
 .text.linkaddr_set_node_addr
                0x0000000000006194        0xc build/sky/contiki-ng-sky.a(linkaddr.o)
                0x0000000000006194                linkaddr_set_node_addr
 .text.netstack_process_ip_callback
                0x00000000000061a0       0x4e build/sky/contiki-ng-sky.a(netstack.o)
                0x00000000000061a0                netstack_process_ip_callback
 .text.netstack_init
                0x00000000000061ee        0xe build/sky/contiki-ng-sky.a(netstack.o)
                0x00000000000061ee                netstack_init
 .text.packetbuf_hdrreduce
                0x00000000000061fc       0x1a build/sky/contiki-ng-sky.a(packetbuf.o)
                0x00000000000061fc                packetbuf_hdrreduce
 .text.packetbuf_set_datalen
                0x0000000000006216        0x6 build/sky/contiki-ng-sky.a(packetbuf.o)
                0x0000000000006216                packetbuf_set_datalen
 .text.packetbuf_hdrptr
                0x000000000000621c        0x6 build/sky/contiki-ng-sky.a(packetbuf.o)
                0x000000000000621c                packetbuf_hdrptr
 .text.packetbuf_datalen
                0x0000000000006222        0x6 build/sky/contiki-ng-sky.a(packetbuf.o)
                0x0000000000006222                packetbuf_datalen
 .text.packetbuf_hdrlen
                0x0000000000006228        0xa build/sky/contiki-ng-sky.a(packetbuf.o)
                0x0000000000006228                packetbuf_hdrlen
 .text.packetbuf_dataptr
                0x0000000000006232        0xc build/sky/contiki-ng-sky.a(packetbuf.o)
                0x0000000000006232                packetbuf_dataptr
 .text.packetbuf_copyto
                0x000000000000623e       0x46 build/sky/contiki-ng-sky.a(packetbuf.o)
                0x000000000000623e                packetbuf_copyto
 .text.packetbuf_totlen
                0x0000000000006284        0xc build/sky/contiki-ng-sky.a(packetbuf.o)
                0x0000000000006284                packetbuf_totlen
 .text.packetbuf_hdralloc
                0x0000000000006290       0x3c build/sky/contiki-ng-sky.a(packetbuf.o)
                0x0000000000006290                packetbuf_hdralloc
 .text.packetbuf_attr_clear
                0x00000000000062cc       0x28 build/sky/contiki-ng-sky.a(packetbuf.o)
                0x00000000000062cc                packetbuf_attr_clear
 .text.packetbuf_clear
                0x00000000000062f4       0x12 build/sky/contiki-ng-sky.a(packetbuf.o)
                0x00000000000062f4                packetbuf_clear
 .text.packetbuf_copyfrom
                0x0000000000006306       0x2e build/sky/contiki-ng-sky.a(packetbuf.o)
                0x0000000000006306                packetbuf_copyfrom
 .text.packetbuf_attr_copyto
                0x0000000000006334       0x22 build/sky/contiki-ng-sky.a(packetbuf.o)
                0x0000000000006334                packetbuf_attr_copyto
 .text.packetbuf_attr_copyfrom
                0x0000000000006356       0x24 build/sky/contiki-ng-sky.a(packetbuf.o)
                0x0000000000006356                packetbuf_attr_copyfrom
 .text.packetbuf_set_attr
                0x000000000000637a        0xc build/sky/contiki-ng-sky.a(packetbuf.o)
                0x000000000000637a                packetbuf_set_attr
 .text.packetbuf_attr
                0x0000000000006386        0xa build/sky/contiki-ng-sky.a(packetbuf.o)
                0x0000000000006386                packetbuf_attr
 .text.packetbuf_set_addr
                0x0000000000006390       0x18 build/sky/contiki-ng-sky.a(packetbuf.o)
                0x0000000000006390                packetbuf_set_addr
 .text.packetbuf_addr
                0x00000000000063a8       0x12 build/sky/contiki-ng-sky.a(packetbuf.o)
                0x00000000000063a8                packetbuf_addr
 .text.packetbuf_holds_broadcast
                0x00000000000063ba        0xe build/sky/contiki-ng-sky.a(packetbuf.o)
                0x00000000000063ba                packetbuf_holds_broadcast
 .text.queuebuf_init
                0x00000000000063c8       0x12 build/sky/contiki-ng-sky.a(queuebuf.o)
                0x00000000000063c8                queuebuf_init
 .text.queuebuf_numfree
                0x00000000000063da        0xa build/sky/contiki-ng-sky.a(queuebuf.o)
                0x00000000000063da                queuebuf_numfree
 .text.queuebuf_new_from_packetbuf
                0x00000000000063e4       0x52 build/sky/contiki-ng-sky.a(queuebuf.o)
                0x00000000000063e4                queuebuf_new_from_packetbuf
 .text.queuebuf_update_attr_from_packetbuf
                0x0000000000006436       0x12 build/sky/contiki-ng-sky.a(queuebuf.o)
                0x0000000000006436                queuebuf_update_attr_from_packetbuf
 .text.queuebuf_free
                0x0000000000006448       0x2a build/sky/contiki-ng-sky.a(queuebuf.o)
                0x0000000000006448                queuebuf_free
 .text.queuebuf_to_packetbuf
                0x0000000000006472       0x32 build/sky/contiki-ng-sky.a(queuebuf.o)
                0x0000000000006472                queuebuf_to_packetbuf
 .text.on       0x00000000000064a4        0x6 build/sky/contiki-ng-sky.a(csma.o)
 .text.off      0x00000000000064aa        0x6 build/sky/contiki-ng-sky.a(csma.o)
 .text.max_payload
                0x00000000000064b0       0x38 build/sky/contiki-ng-sky.a(csma.o)
 .text.send_packet
                0x00000000000064e8        0x6 build/sky/contiki-ng-sky.a(csma.o)
 .text.init     0x00000000000064ee       0x1c build/sky/contiki-ng-sky.a(csma.o)
 .text.input_packet
                0x000000000000650a       0x58 build/sky/contiki-ng-sky.a(csma.o)
 .text.clear_fragments
                0x0000000000006562       0x40 build/sky/contiki-ng-sky.a(sicslowpan.o)
 .text.addr_context_lookup_by_number
                0x00000000000065a2       0x16 build/sky/contiki-ng-sky.a(sicslowpan.o)
 .text.sicslowpan_init
                0x00000000000065b8       0x18 build/sky/contiki-ng-sky.a(sicslowpan.o)
                0x00000000000065b8                sicslowpan_init
 .text.set_packet_attrs
                0x00000000000065d0       0x66 build/sky/contiki-ng-sky.a(sicslowpan.o)
 .text.compress_addr_64
                0x0000000000006636       0xae build/sky/contiki-ng-sky.a(sicslowpan.o)
 .text.addr_context_lookup_by_prefix
                0x00000000000066e4       0x20 build/sky/contiki-ng-sky.a(sicslowpan.o)
 .text.send_packet
                0x0000000000006704       0x1a build/sky/contiki-ng-sky.a(sicslowpan.o)
 .text.fragment_copy_payload_and_send
                0x000000000000671e       0x60 build/sky/contiki-ng-sky.a(sicslowpan.o)
 .text.output   0x000000000000677e      0x7c6 build/sky/contiki-ng-sky.a(sicslowpan.o)
 .text.packet_sent
                0x0000000000006f44       0x56 build/sky/contiki-ng-sky.a(sicslowpan.o)
 .text.store_fragment
                0x0000000000006f9a       0xb8 build/sky/contiki-ng-sky.a(sicslowpan.o)
 .text.add_fragment
                0x0000000000007052      0x1fc build/sky/contiki-ng-sky.a(sicslowpan.o)
 .text.uncompress_addr
                0x000000000000724e       0xb4 build/sky/contiki-ng-sky.a(sicslowpan.o)
 .text.input    0x0000000000007302      0xa00 build/sky/contiki-ng-sky.a(sicslowpan.o)
 .text.process_thread_simple_udp_process
                0x0000000000007d02       0xb8 build/sky/contiki-ng-sky.a(simple-udp.o)
 .text.simple_udp_sendto
                0x0000000000007dba       0x2c build/sky/contiki-ng-sky.a(simple-udp.o)
                0x0000000000007dba                simple_udp_sendto
 .text.simple_udp_register
                0x0000000000007de6       0x96 build/sky/contiki-ng-sky.a(simple-udp.o)
                0x0000000000007de6                simple_udp_register
 .text.tcpip_output
                0x0000000000007e7c       0x22 build/sky/contiki-ng-sky.a(tcpip.o)
                0x0000000000007e7c                tcpip_output
 .text.udp_new  0x0000000000007e9e       0x1a build/sky/contiki-ng-sky.a(tcpip.o)
                0x0000000000007e9e                udp_new
 .text.tcpip_input
                0x0000000000007eb8       0x1e build/sky/contiki-ng-sky.a(tcpip.o)
                0x0000000000007eb8                tcpip_input
 .text.tcpip_ipv6_output
                0x0000000000007ed6      0x114 build/sky/contiki-ng-sky.a(tcpip.o)
                0x0000000000007ed6                tcpip_ipv6_output
 .text.packet_input.part.3
                0x0000000000007fea       0x12 build/sky/contiki-ng-sky.a(tcpip.o)
 .text.process_thread_tcpip_process
                0x0000000000007ffc       0xcc build/sky/contiki-ng-sky.a(tcpip.o)
 .text.tcpip_uipcall
                0x00000000000080c8       0x2a build/sky/contiki-ng-sky.a(tcpip.o)
                0x00000000000080c8                tcpip_uipcall
 .text.uip_ds6_nbr_rm
                0x00000000000080f2       0x1e build/sky/contiki-ng-sky.a(uip-ds6-nbr.o)
                0x00000000000080f2                uip_ds6_nbr_rm
 .text.uip_ds6_neighbors_init
                0x0000000000008110       0x12 build/sky/contiki-ng-sky.a(uip-ds6-nbr.o)
                0x0000000000008110                uip_ds6_neighbors_init
 .text.uip_ds6_nbr_add
                0x0000000000008122       0x3e build/sky/contiki-ng-sky.a(uip-ds6-nbr.o)
                0x0000000000008122                uip_ds6_nbr_add
 .text.uip_ds6_nbr_get_ll
                0x0000000000008160        0xc build/sky/contiki-ng-sky.a(uip-ds6-nbr.o)
                0x0000000000008160                uip_ds6_nbr_get_ll
 .text.uip_ds6_nbr_head
                0x000000000000816c        0xa build/sky/contiki-ng-sky.a(uip-ds6-nbr.o)
                0x000000000000816c                uip_ds6_nbr_head
 .text.uip_ds6_nbr_next
                0x0000000000008176        0xc build/sky/contiki-ng-sky.a(uip-ds6-nbr.o)
                0x0000000000008176                uip_ds6_nbr_next
 .text.uip_ds6_nbr_lookup
                0x0000000000008182       0x3a build/sky/contiki-ng-sky.a(uip-ds6-nbr.o)
                0x0000000000008182                uip_ds6_nbr_lookup
 .text.uip_ds6_nbr_ll_lookup
                0x00000000000081bc        0xc build/sky/contiki-ng-sky.a(uip-ds6-nbr.o)
                0x00000000000081bc                uip_ds6_nbr_ll_lookup
 .text.uip_ds6_nbr_update_ll
                0x00000000000081c8       0x76 build/sky/contiki-ng-sky.a(uip-ds6-nbr.o)
                0x00000000000081c8                uip_ds6_nbr_update_ll
 .text.uip_ds6_nbr_ipaddr_from_lladdr
                0x000000000000823e        0x6 build/sky/contiki-ng-sky.a(uip-ds6-nbr.o)
                0x000000000000823e                uip_ds6_nbr_ipaddr_from_lladdr
 .text.uip_ds6_nbr_lladdr_from_ipaddr
                0x0000000000008244       0x12 build/sky/contiki-ng-sky.a(uip-ds6-nbr.o)
                0x0000000000008244                uip_ds6_nbr_lladdr_from_ipaddr
 .text.uip_ds6_link_callback
                0x0000000000008256        0x2 build/sky/contiki-ng-sky.a(uip-ds6-nbr.o)
                0x0000000000008256                uip_ds6_link_callback
 .text.uip_ds6_route_init
                0x0000000000008258       0x12 build/sky/contiki-ng-sky.a(uip-ds6-route.o)
                0x0000000000008258                uip_ds6_route_init
 .text.uip_ds6_route_nexthop
                0x000000000000826a        0x4 build/sky/contiki-ng-sky.a(uip-ds6-route.o)
                0x000000000000826a                uip_ds6_route_nexthop
 .text.uip_ds6_route_lookup
                0x000000000000826e        0x4 build/sky/contiki-ng-sky.a(uip-ds6-route.o)
                0x000000000000826e                uip_ds6_route_lookup
 .text.uip_ds6_route_rm
                0x0000000000008272        0x2 build/sky/contiki-ng-sky.a(uip-ds6-route.o)
                0x0000000000008272                uip_ds6_route_rm
 .text.uip_ds6_defrt_rm
                0x0000000000008274       0x3c build/sky/contiki-ng-sky.a(uip-ds6-route.o)
                0x0000000000008274                uip_ds6_defrt_rm
 .text.uip_ds6_defrt_lookup
                0x00000000000082b0       0x40 build/sky/contiki-ng-sky.a(uip-ds6-route.o)
                0x00000000000082b0                uip_ds6_defrt_lookup
 .text.uip_ds6_defrt_add
                0x00000000000082f0       0x72 build/sky/contiki-ng-sky.a(uip-ds6-route.o)
                0x00000000000082f0                uip_ds6_defrt_add
 .text.uip_ds6_defrt_choose
                0x0000000000008362       0x3a build/sky/contiki-ng-sky.a(uip-ds6-route.o)
                0x0000000000008362                uip_ds6_defrt_choose
 .text.uip_ds6_defrt_periodic
                0x000000000000839c       0x38 build/sky/contiki-ng-sky.a(uip-ds6-route.o)
                0x000000000000839c                uip_ds6_defrt_periodic
 .text.uip_ds6_default_prefix
                0x00000000000083d4        0x6 build/sky/contiki-ng-sky.a(uip-ds6.o)
                0x00000000000083d4                uip_ds6_default_prefix
 .text.uip_ds6_list_loop
                0x00000000000083da       0x92 build/sky/contiki-ng-sky.a(uip-ds6.o)
                0x00000000000083da                uip_ds6_list_loop
 .text.uip_ds6_prefix_add
                0x000000000000846c       0x80 build/sky/contiki-ng-sky.a(uip-ds6.o)
                0x000000000000846c                uip_ds6_prefix_add
 .text.uip_ds6_is_addr_onlink
                0x00000000000084ec       0x54 build/sky/contiki-ng-sky.a(uip-ds6.o)
                0x00000000000084ec                uip_ds6_is_addr_onlink
 .text.uip_ds6_addr_lookup
                0x0000000000008540       0x2a build/sky/contiki-ng-sky.a(uip-ds6.o)
                0x0000000000008540                uip_ds6_addr_lookup
 .text.uip_ds6_get_link_local
                0x000000000000856a       0x3e build/sky/contiki-ng-sky.a(uip-ds6.o)
                0x000000000000856a                uip_ds6_get_link_local
 .text.uip_ds6_maddr_add
                0x00000000000085a8       0x4c build/sky/contiki-ng-sky.a(uip-ds6.o)
                0x00000000000085a8                uip_ds6_maddr_add
 .text.uip_ds6_addr_add
                0x00000000000085f4       0xc4 build/sky/contiki-ng-sky.a(uip-ds6.o)
                0x00000000000085f4                uip_ds6_addr_add
 .text.uip_ds6_maddr_rm
                0x00000000000086b8        0xa build/sky/contiki-ng-sky.a(uip-ds6.o)
                0x00000000000086b8                uip_ds6_maddr_rm
 .text.uip_ds6_maddr_lookup
                0x00000000000086c2       0x2a build/sky/contiki-ng-sky.a(uip-ds6.o)
                0x00000000000086c2                uip_ds6_maddr_lookup
 .text.uip_ds6_addr_rm
                0x00000000000086ec       0x54 build/sky/contiki-ng-sky.a(uip-ds6.o)
                0x00000000000086ec                uip_ds6_addr_rm
 .text.uip_ds6_periodic
                0x0000000000008740       0x46 build/sky/contiki-ng-sky.a(uip-ds6.o)
                0x0000000000008740                uip_ds6_periodic
 .text.uip_ds6_set_addr_iid
                0x0000000000008786       0x14 build/sky/contiki-ng-sky.a(uip-ds6.o)
                0x0000000000008786                uip_ds6_set_addr_iid
 .text.uip_ds6_set_lladdr_from_iid
                0x000000000000879a       0x14 build/sky/contiki-ng-sky.a(uip-ds6.o)
                0x000000000000879a                uip_ds6_set_lladdr_from_iid
 .text.get_match_length
                0x00000000000087ae       0x44 build/sky/contiki-ng-sky.a(uip-ds6.o)
                0x00000000000087ae                get_match_length
 .text.uip_ds6_select_src
                0x00000000000087f2       0xaa build/sky/contiki-ng-sky.a(uip-ds6.o)
                0x00000000000087f2                uip_ds6_select_src
 .text.uip_ds6_compute_reachable_time
                0x000000000000889c       0x3e build/sky/contiki-ng-sky.a(uip-ds6.o)
                0x000000000000889c                uip_ds6_compute_reachable_time
 .text.uip_ds6_init
                0x00000000000088da      0x164 build/sky/contiki-ng-sky.a(uip-ds6.o)
                0x00000000000088da                uip_ds6_init
 .text.uip_udp_packet_send
                0x0000000000008a3e       0x2a build/sky/contiki-ng-sky.a(uip-udp-packet.)
                0x0000000000008a3e                uip_udp_packet_send
 .text.uip_udp_packet_sendto
                0x0000000000008a68       0x66 build/sky/contiki-ng-sky.a(uip-udp-packet.)
                0x0000000000008a68                uip_udp_packet_sendto
 .text.chksum   0x0000000000008ace       0x32 build/sky/contiki-ng-sky.a(uip6.o)
 .text.upper_layer_chksum
                0x0000000000008b00       0x58 build/sky/contiki-ng-sky.a(uip6.o)
 .text.ext_hdr_options_process
                0x0000000000008b58       0xa4 build/sky/contiki-ng-sky.a(uip6.o)
 .text.uip_check_mtu
                0x0000000000008bfc       0x1e build/sky/contiki-ng-sky.a(uip6.o)
 .text.uip_update_ttl
                0x0000000000008c1a       0x24 build/sky/contiki-ng-sky.a(uip6.o)
 .text.uip_icmp6chksum
                0x0000000000008c3e        0xa build/sky/contiki-ng-sky.a(uip6.o)
                0x0000000000008c3e                uip_icmp6chksum
 .text.uip_udpchksum
                0x0000000000008c48        0xa build/sky/contiki-ng-sky.a(uip6.o)
                0x0000000000008c48                uip_udpchksum
 .text.uip_init
                0x0000000000008c52       0x3c build/sky/contiki-ng-sky.a(uip6.o)
                0x0000000000008c52                uip_init
 .text.uip_remove_ext_hdr
                0x0000000000008c8e       0x5e build/sky/contiki-ng-sky.a(uip6.o)
                0x0000000000008c8e                uip_remove_ext_hdr
 .text.uip_udp_new
                0x0000000000008cec       0xac build/sky/contiki-ng-sky.a(uip6.o)
                0x0000000000008cec                uip_udp_new
 .text.uip_process
                0x0000000000008d98      0x4be build/sky/contiki-ng-sky.a(uip6.o)
                0x0000000000008d98                uip_process
 .text.uip_htonl
                0x0000000000009256       0x2e build/sky/contiki-ng-sky.a(uip6.o)
                0x0000000000009256                uip_htonl
 .text.uipbuf_add_ext_hdr
                0x0000000000009284       0x1c build/sky/contiki-ng-sky.a(uipbuf.o)
                0x0000000000009284                uipbuf_add_ext_hdr
 .text.uipbuf_set_len
                0x00000000000092a0       0x12 build/sky/contiki-ng-sky.a(uipbuf.o)
                0x00000000000092a0                uipbuf_set_len
 .text.uipbuf_set_len_field
                0x00000000000092b2        0xe build/sky/contiki-ng-sky.a(uipbuf.o)
                0x00000000000092b2                uipbuf_set_len_field
 .text.uipbuf_get_len_field
                0x00000000000092c0        0xe build/sky/contiki-ng-sky.a(uipbuf.o)
                0x00000000000092c0                uipbuf_get_len_field
 .text.uipbuf_get_next_header
                0x00000000000092ce       0x62 build/sky/contiki-ng-sky.a(uipbuf.o)
                0x00000000000092ce                uipbuf_get_next_header
 .text.uipbuf_get_last_header
                0x0000000000009330       0x3e build/sky/contiki-ng-sky.a(uipbuf.o)
                0x0000000000009330                uipbuf_get_last_header
 .text.uipbuf_search_header
                0x000000000000936e       0x4e build/sky/contiki-ng-sky.a(uipbuf.o)
                0x000000000000936e                uipbuf_search_header
 .text.uipbuf_get_attr
                0x00000000000093bc       0x12 build/sky/contiki-ng-sky.a(uipbuf.o)
                0x00000000000093bc                uipbuf_get_attr
 .text.uipbuf_set_attr
                0x00000000000093ce       0x14 build/sky/contiki-ng-sky.a(uipbuf.o)
                0x00000000000093ce                uipbuf_set_attr
 .text.uipbuf_clear_attr
                0x00000000000093e2       0x12 build/sky/contiki-ng-sky.a(uipbuf.o)
                0x00000000000093e2                uipbuf_clear_attr
 .text.uipbuf_clear
                0x00000000000093f4       0x12 build/sky/contiki-ng-sky.a(uipbuf.o)
                0x00000000000093f4                uipbuf_clear
 .text.uipbuf_init
                0x0000000000009406       0x1a build/sky/contiki-ng-sky.a(uipbuf.o)
                0x0000000000009406                uipbuf_init
 .text.uiplib_ipaddr_snprint
                0x0000000000009420      0x12c build/sky/contiki-ng-sky.a(uiplib.o)
                0x0000000000009420                uiplib_ipaddr_snprint
 .text.rpl_has_joined
                0x000000000000954c       0x12 build/sky/contiki-ng-sky.a(rpl.o)
                0x000000000000954c                rpl_has_joined
 .text.rpl_is_reachable
                0x000000000000955e       0x12 build/sky/contiki-ng-sky.a(rpl.o)
                0x000000000000955e                rpl_is_reachable
 .text.neighbor_state_changed
                0x0000000000009570        0x2 build/sky/contiki-ng-sky.a(rpl.o)
 .text.drop_route
                0x0000000000009572        0x2 build/sky/contiki-ng-sky.a(rpl.o)
 .text.rpl_get_leaf_only
                0x0000000000009574        0x6 build/sky/contiki-ng-sky.a(rpl.o)
                0x0000000000009574                rpl_get_leaf_only
 .text.get_sr_node_ipaddr
                0x000000000000957a       0x34 build/sky/contiki-ng-sky.a(rpl.o)
 .text.init     0x00000000000095ae       0x42 build/sky/contiki-ng-sky.a(rpl.o)
 .text.set_ip_from_prefix
                0x00000000000095f0       0x38 build/sky/contiki-ng-sky.a(rpl.o)
 .text.rpl_link_callback
                0x0000000000009628       0x1e build/sky/contiki-ng-sky.a(rpl.o)
                0x0000000000009628                rpl_link_callback
 .text.rpl_lollipop_greater_than
                0x0000000000009646       0x3c build/sky/contiki-ng-sky.a(rpl.o)
                0x0000000000009646                rpl_lollipop_greater_than
 .text.rpl_get_global_address
                0x0000000000009682       0xbe build/sky/contiki-ng-sky.a(rpl.o)
                0x0000000000009682                rpl_get_global_address
 .text.rpl_reset_prefix
                0x0000000000009740       0x24 build/sky/contiki-ng-sky.a(rpl.o)
                0x0000000000009740                rpl_reset_prefix
 .text.rpl_set_prefix_from_addr
                0x0000000000009764       0x92 build/sky/contiki-ng-sky.a(rpl.o)
                0x0000000000009764                rpl_set_prefix_from_addr
 .text.spi_init
                0x00000000000097f6       0x30 build/sky/contiki-ng-sky.a(spi-legacy.o)
                0x00000000000097f6                spi_init
 .text.owreadb  0x0000000000009826       0x50 build/sky/contiki-ng-sky.a(ds2411.o)
 .text.ds2411_init
                0x0000000000009876      0x120 build/sky/contiki-ng-sky.a(ds2411.o)
                0x0000000000009876                ds2411_init
 .text.xmem_init
                0x0000000000009996       0x3c build/sky/contiki-ng-sky.a(xmem.o)
                0x0000000000009996                xmem_init
 .text.uart1_active
                0x00000000000099d2       0x18 build/sky/contiki-ng-sky.a(uart1.o)
                0x00000000000099d2                uart1_active
 .text.uart1_writeb
                0x00000000000099ea       0x18 build/sky/contiki-ng-sky.a(uart1.o)
                0x00000000000099ea                uart1_writeb
 .text.uart1_init
                0x0000000000009a02       0xf4 build/sky/contiki-ng-sky.a(uart1.o)
                0x0000000000009a02                uart1_init
 .text.stimer_set
                0x0000000000009af6       0x1c build/sky/contiki-ng-sky.a(stimer.o)
                0x0000000000009af6                stimer_set
 .text.stimer_expired
                0x0000000000009b12       0x30 build/sky/contiki-ng-sky.a(stimer.o)
                0x0000000000009b12                stimer_expired
 .text.memb_init
                0x0000000000009b42       0x36 build/sky/contiki-ng-sky.a(memb.o)
                0x0000000000009b42                memb_init
 .text.memb_alloc
                0x0000000000009b78       0x3e build/sky/contiki-ng-sky.a(memb.o)
                0x0000000000009b78                memb_alloc
 .text.memb_free
                0x0000000000009bb6       0x32 build/sky/contiki-ng-sky.a(memb.o)
                0x0000000000009bb6                memb_free
 .text.memb_inmemb
                0x0000000000009be8       0x2a build/sky/contiki-ng-sky.a(memb.o)
                0x0000000000009be8                memb_inmemb
 .text.memb_numfree
                0x0000000000009c12       0x26 build/sky/contiki-ng-sky.a(memb.o)
                0x0000000000009c12                memb_numfree
 .text.periodic
                0x0000000000009c38       0x28 build/sky/contiki-ng-sky.a(link-stats.o)
 .text.link_stats_from_lladdr
                0x0000000000009c60        0xc build/sky/contiki-ng-sky.a(link-stats.o)
                0x0000000000009c60                link_stats_from_lladdr
 .text.link_stats_is_fresh
                0x0000000000009c6c       0x30 build/sky/contiki-ng-sky.a(link-stats.o)
                0x0000000000009c6c                link_stats_is_fresh
 .text.guess_etx_from_rssi
                0x0000000000009c9c       0x42 build/sky/contiki-ng-sky.a(link-stats.o)
                0x0000000000009c9c                guess_etx_from_rssi
 .text.link_stats_packet_sent
                0x0000000000009cde       0xea build/sky/contiki-ng-sky.a(link-stats.o)
                0x0000000000009cde                link_stats_packet_sent
 .text.link_stats_input_callback
                0x0000000000009dc8       0xb2 build/sky/contiki-ng-sky.a(link-stats.o)
                0x0000000000009dc8                link_stats_input_callback
 .text.link_stats_reset
                0x0000000000009e7a       0x2a build/sky/contiki-ng-sky.a(link-stats.o)
                0x0000000000009e7a                link_stats_reset
 .text.link_stats_init
                0x0000000000009ea4       0x22 build/sky/contiki-ng-sky.a(link-stats.o)
                0x0000000000009ea4                link_stats_init
 .text.item_from_index
                0x0000000000009ec6       0x2a build/sky/contiki-ng-sky.a(nbr-table.o)
 .text.index_from_key
                0x0000000000009ef0       0x26 build/sky/contiki-ng-sky.a(nbr-table.o)
 .text.index_from_item
                0x0000000000009f16       0x1e build/sky/contiki-ng-sky.a(nbr-table.o)
 .text.nbr_set_bit
                0x0000000000009f34       0x58 build/sky/contiki-ng-sky.a(nbr-table.o)
 .text.index_from_lladdr
                0x0000000000009f8c       0x42 build/sky/contiki-ng-sky.a(nbr-table.o)
 .text.nbr_get_bit.constprop.3
                0x0000000000009fce       0x2e build/sky/contiki-ng-sky.a(nbr-table.o)
 .text.remove_key
                0x0000000000009ffc       0x84 build/sky/contiki-ng-sky.a(nbr-table.o)
 .text.nbr_table_is_registered
                0x000000000000a080       0x22 build/sky/contiki-ng-sky.a(nbr-table.o)
                0x000000000000a080                nbr_table_is_registered
 .text.nbr_table_register
                0x000000000000a0a2       0x40 build/sky/contiki-ng-sky.a(nbr-table.o)
                0x000000000000a0a2                nbr_table_register
 .text.nbr_table_next
                0x000000000000a0e2       0x54 build/sky/contiki-ng-sky.a(nbr-table.o)
                0x000000000000a0e2                nbr_table_next
 .text.nbr_table_head
                0x000000000000a136       0x3a build/sky/contiki-ng-sky.a(nbr-table.o)
                0x000000000000a136                nbr_table_head
 .text.nbr_table_get_from_lladdr
                0x000000000000a170       0x2c build/sky/contiki-ng-sky.a(nbr-table.o)
                0x000000000000a170                nbr_table_get_from_lladdr
 .text.entry_is_allowed.isra.2
                0x000000000000a19c       0x82 build/sky/contiki-ng-sky.a(nbr-table.o)
 .text.nbr_table_add_lladdr
                0x000000000000a21e       0xbe build/sky/contiki-ng-sky.a(nbr-table.o)
                0x000000000000a21e                nbr_table_add_lladdr
 .text.nbr_table_remove
                0x000000000000a2dc       0x32 build/sky/contiki-ng-sky.a(nbr-table.o)
                0x000000000000a2dc                nbr_table_remove
 .text.nbr_table_lock
                0x000000000000a30e       0x10 build/sky/contiki-ng-sky.a(nbr-table.o)
                0x000000000000a30e                nbr_table_lock
 .text.nbr_table_unlock
                0x000000000000a31e       0x10 build/sky/contiki-ng-sky.a(nbr-table.o)
                0x000000000000a31e                nbr_table_unlock
 .text.nbr_table_get_lladdr
                0x000000000000a32e       0x22 build/sky/contiki-ng-sky.a(nbr-table.o)
                0x000000000000a32e                nbr_table_get_lladdr
 .text.mac_sequence_is_duplicate
                0x000000000000a350       0x84 build/sky/contiki-ng-sky.a(mac-sequence.o)
                0x000000000000a350                mac_sequence_is_duplicate
 .text.mac_sequence_register_seqno
                0x000000000000a3d4       0x90 build/sky/contiki-ng-sky.a(mac-sequence.o)
                0x000000000000a3d4                mac_sequence_register_seqno
 .text.parse    0x000000000000a464       0xa0 build/sky/contiki-ng-sky.a(framer-802154.o)
 .text.framer_802154_setup_params
                0x000000000000a504       0xb8 build/sky/contiki-ng-sky.a(framer-802154.o)
                0x000000000000a504                framer_802154_setup_params
 .text.create_frame
                0x000000000000a5bc       0xde build/sky/contiki-ng-sky.a(framer-802154.o)
 .text.create   0x000000000000a69a        0x8 build/sky/contiki-ng-sky.a(framer-802154.o)
 .text.hdr_length
                0x000000000000a6a2        0x8 build/sky/contiki-ng-sky.a(framer-802154.o)
 .text.schedule_transmission
                0x000000000000a6aa       0x70 build/sky/contiki-ng-sky.a(csma-output.o)
 .text.tx_done  0x000000000000a71a       0x9a build/sky/contiki-ng-sky.a(csma-output.o)
 .text.transmit_from_queue
                0x000000000000a7b4      0x1bc build/sky/contiki-ng-sky.a(csma-output.o)
 .text.csma_output_packet
                0x000000000000a970      0x186 build/sky/contiki-ng-sky.a(csma-output.o)
                0x000000000000a970                csma_output_packet
 .text.csma_output_init
                0x000000000000aaf6       0x1a build/sky/contiki-ng-sky.a(csma-output.o)
                0x000000000000aaf6                csma_output_init
 .text.csma_security_create_frame
                0x000000000000ab10       0x10 build/sky/contiki-ng-sky.a(csma-security.o)
                0x000000000000ab10                csma_security_create_frame
 .text.csma_security_parse_frame
                0x000000000000ab20        0x6 build/sky/contiki-ng-sky.a(csma-security.o)
                0x000000000000ab20                csma_security_parse_frame
 .text.echo_reply_input
                0x000000000000ab26       0x68 build/sky/contiki-ng-sky.a(uip-icmp6.o)
 .text.echo_request_input
                0x000000000000ab8e       0x86 build/sky/contiki-ng-sky.a(uip-icmp6.o)
 .text.uip_icmp6_input
                0x000000000000ac14       0x48 build/sky/contiki-ng-sky.a(uip-icmp6.o)
                0x000000000000ac14                uip_icmp6_input
 .text.uip_icmp6_register_input_handler
                0x000000000000ac5c        0xc build/sky/contiki-ng-sky.a(uip-icmp6.o)
                0x000000000000ac5c                uip_icmp6_register_input_handler
 .text.uip_icmp6_error_output
                0x000000000000ac68      0x146 build/sky/contiki-ng-sky.a(uip-icmp6.o)
                0x000000000000ac68                uip_icmp6_error_output
 .text.uip_icmp6_send
                0x000000000000adae       0x8e build/sky/contiki-ng-sky.a(uip-icmp6.o)
                0x000000000000adae                uip_icmp6_send
 .text.uip_icmp6_init
                0x000000000000ae3c       0x12 build/sky/contiki-ng-sky.a(uip-icmp6.o)
                0x000000000000ae3c                uip_icmp6_init
 .text.ns_input
                0x000000000000ae4e      0x286 build/sky/contiki-ng-sky.a(uip-nd6.o)
 .text.uip_nd6_init
                0x000000000000b0d4        0xa build/sky/contiki-ng-sky.a(uip-nd6.o)
                0x000000000000b0d4                uip_nd6_init
 .text.node_matches_address.part.0
                0x000000000000b0de       0x2e build/sky/contiki-ng-sky.a(uip-sr.o)
 .text.uip_sr_get_node
                0x000000000000b10c       0x44 build/sky/contiki-ng-sky.a(uip-sr.o)
                0x000000000000b10c                uip_sr_get_node
 .text.uip_sr_is_addr_reachable
                0x000000000000b150       0x4e build/sky/contiki-ng-sky.a(uip-sr.o)
                0x000000000000b150                uip_sr_is_addr_reachable
 .text.uip_sr_expire_parent
                0x000000000000b19e       0x42 build/sky/contiki-ng-sky.a(uip-sr.o)
                0x000000000000b19e                uip_sr_expire_parent
 .text.uip_sr_update_node
                0x000000000000b1e0       0xbc build/sky/contiki-ng-sky.a(uip-sr.o)
                0x000000000000b1e0                uip_sr_update_node
 .text.uip_sr_init
                0x000000000000b29c       0x16 build/sky/contiki-ng-sky.a(uip-sr.o)
                0x000000000000b29c                uip_sr_init
 .text.uip_sr_periodic
                0x000000000000b2b2       0x9a build/sky/contiki-ng-sky.a(uip-sr.o)
                0x000000000000b2b2                uip_sr_periodic
 .text.uip_sr_free_all
                0x000000000000b34c       0x3c build/sky/contiki-ng-sky.a(uip-sr.o)
                0x000000000000b34c                uip_sr_free_all
 .text.rpl_dag_root_set_prefix
                0x000000000000b388       0x62 build/sky/contiki-ng-sky.a(rpl-dag-root.o)
                0x000000000000b388                rpl_dag_root_set_prefix
 .text.rpl_dag_root_start
                0x000000000000b3ea       0x8e build/sky/contiki-ng-sky.a(rpl-dag-root.o)
                0x000000000000b3ea                rpl_dag_root_start
 .text.rpl_dag_root_is_root
                0x000000000000b478       0x14 build/sky/contiki-ng-sky.a(rpl-dag-root.o)
                0x000000000000b478                rpl_dag_root_is_root
 .text.init_dag
                0x000000000000b48c       0x84 build/sky/contiki-ng-sky.a(rpl-dag.o)
 .text.process_dio_init_dag
                0x000000000000b510       0xb0 build/sky/contiki-ng-sky.a(rpl-dag.o)
 .text.rpl_dag_get_root_ipaddr
                0x000000000000b5c0       0x1e build/sky/contiki-ng-sky.a(rpl-dag.o)
                0x000000000000b5c0                rpl_dag_get_root_ipaddr
 .text.rpl_dag_leave
                0x000000000000b5de       0x4a build/sky/contiki-ng-sky.a(rpl-dag.o)
                0x000000000000b5de                rpl_dag_leave
 .text.rpl_dag_poison_and_leave
                0x000000000000b628        0xc build/sky/contiki-ng-sky.a(rpl-dag.o)
                0x000000000000b628                rpl_dag_poison_and_leave
 .text.rpl_dag_periodic
                0x000000000000b634       0x6a build/sky/contiki-ng-sky.a(rpl-dag.o)
                0x000000000000b634                rpl_dag_periodic
 .text.rpl_is_addr_in_our_dag
                0x000000000000b69e       0x34 build/sky/contiki-ng-sky.a(rpl-dag.o)
                0x000000000000b69e                rpl_is_addr_in_our_dag
 .text.rpl_local_repair
                0x000000000000b6d2       0x2a build/sky/contiki-ng-sky.a(rpl-dag.o)
                0x000000000000b6d2                rpl_local_repair
 .text.rpl_global_repair
                0x000000000000b6fc       0x2e build/sky/contiki-ng-sky.a(rpl-dag.o)
                0x000000000000b6fc                rpl_global_repair
 .text.rpl_dag_ready_to_advertise
                0x000000000000b72a       0x22 build/sky/contiki-ng-sky.a(rpl-dag.o)
                0x000000000000b72a                rpl_dag_ready_to_advertise
 .text.rpl_dag_update_state
                0x000000000000b74c      0x140 build/sky/contiki-ng-sky.a(rpl-dag.o)
                0x000000000000b74c                rpl_dag_update_state
 .text.rpl_process_dio
                0x000000000000b88c      0x1b6 build/sky/contiki-ng-sky.a(rpl-dag.o)
                0x000000000000b88c                rpl_process_dio
 .text.rpl_process_dis
                0x000000000000ba42       0x2a build/sky/contiki-ng-sky.a(rpl-dag.o)
                0x000000000000ba42                rpl_process_dis
 .text.rpl_process_dao
                0x000000000000ba6c       0x6c build/sky/contiki-ng-sky.a(rpl-dag.o)
                0x000000000000ba6c                rpl_process_dao
 .text.rpl_process_dao_ack
                0x000000000000bad8       0x54 build/sky/contiki-ng-sky.a(rpl-dag.o)
                0x000000000000bad8                rpl_process_dao_ack
 .text.rpl_process_hbh
                0x000000000000bb2c       0x2e build/sky/contiki-ng-sky.a(rpl-dag.o)
                0x000000000000bb2c                rpl_process_hbh
 .text.rpl_dag_init_root
                0x000000000000bb5a       0xbc build/sky/contiki-ng-sky.a(rpl-dag.o)
                0x000000000000bb5a                rpl_dag_init_root
 .text.rpl_dag_init
                0x000000000000bc16       0x10 build/sky/contiki-ng-sky.a(rpl-dag.o)
                0x000000000000bc16                rpl_dag_init
 .text.update_hbh_header
                0x000000000000bc26       0x4a build/sky/contiki-ng-sky.a(rpl-ext-header.)
 .text.rpl_ext_header_srh_get_next_hop
                0x000000000000bc70       0x84 build/sky/contiki-ng-sky.a(rpl-ext-header.)
                0x000000000000bc70                rpl_ext_header_srh_get_next_hop
 .text.rpl_ext_header_srh_update
                0x000000000000bcf4      0x118 build/sky/contiki-ng-sky.a(rpl-ext-header.)
                0x000000000000bcf4                rpl_ext_header_srh_update
 .text.rpl_ext_header_hbh_update
                0x000000000000be0c       0x9e build/sky/contiki-ng-sky.a(rpl-ext-header.)
                0x000000000000be0c                rpl_ext_header_hbh_update
 .text.rpl_ext_header_remove
                0x000000000000beaa       0xcc build/sky/contiki-ng-sky.a(rpl-ext-header.)
                0x000000000000beaa                rpl_ext_header_remove
 .text.rpl_ext_header_update
                0x000000000000bf76      0x2aa build/sky/contiki-ng-sky.a(rpl-ext-header.)
                0x000000000000bf76                rpl_ext_header_update
 .text.get32    0x000000000000c220       0x46 build/sky/contiki-ng-sky.a(rpl-icmp6.o)
 .text.set32    0x000000000000c266       0x2a build/sky/contiki-ng-sky.a(rpl-icmp6.o)
 .text.get16    0x000000000000c290        0xe build/sky/contiki-ng-sky.a(rpl-icmp6.o)
 .text.set16    0x000000000000c29e       0x10 build/sky/contiki-ng-sky.a(rpl-icmp6.o)
 .text.dao_ack_input
                0x000000000000c2ae       0x2a build/sky/contiki-ng-sky.a(rpl-icmp6.o)
 .text.dao_input
                0x000000000000c2d8      0x13e build/sky/contiki-ng-sky.a(rpl-icmp6.o)
 .text.dio_input
                0x000000000000c416      0x29c build/sky/contiki-ng-sky.a(rpl-icmp6.o)
 .text.dis_input
                0x000000000000c6b2       0x1e build/sky/contiki-ng-sky.a(rpl-icmp6.o)
 .text.rpl_icmp6_update_nbr_table
                0x000000000000c6d0       0x36 build/sky/contiki-ng-sky.a(rpl-icmp6.o)
                0x000000000000c6d0                rpl_icmp6_update_nbr_table
 .text.rpl_icmp6_dis_output
                0x000000000000c706       0x34 build/sky/contiki-ng-sky.a(rpl-icmp6.o)
                0x000000000000c706                rpl_icmp6_dis_output
 .text.rpl_icmp6_dio_output
                0x000000000000c73a      0x23a build/sky/contiki-ng-sky.a(rpl-icmp6.o)
                0x000000000000c73a                rpl_icmp6_dio_output
 .text.rpl_icmp6_dao_output
                0x000000000000c974       0xe6 build/sky/contiki-ng-sky.a(rpl-icmp6.o)
                0x000000000000c974                rpl_icmp6_dao_output
 .text.rpl_icmp6_dao_ack_output
                0x000000000000ca5a       0x44 build/sky/contiki-ng-sky.a(rpl-icmp6.o)
                0x000000000000ca5a                rpl_icmp6_dao_ack_output
 .text.rpl_icmp6_init
                0x000000000000ca9e       0x22 build/sky/contiki-ng-sky.a(rpl-icmp6.o)
                0x000000000000ca9e                rpl_icmp6_init
 .text.reset    0x000000000000cac0        0x2 build/sky/contiki-ng-sky.a(rpl-mrhof.o)
 .text.update_metric_container
                0x000000000000cac2        0x6 build/sky/contiki-ng-sky.a(rpl-mrhof.o)
 .text.nbr_link_metric
                0x000000000000cac8       0x12 build/sky/contiki-ng-sky.a(rpl-mrhof.o)
 .text.nbr_has_usable_link
                0x000000000000cada       0x14 build/sky/contiki-ng-sky.a(rpl-mrhof.o)
 .text.nbr_path_cost
                0x000000000000caee       0x38 build/sky/contiki-ng-sky.a(rpl-mrhof.o)
 .text.within_hysteresis
                0x000000000000cb26       0x54 build/sky/contiki-ng-sky.a(rpl-mrhof.o)
 .text.nbr_is_acceptable_parent
                0x000000000000cb7a       0x2c build/sky/contiki-ng-sky.a(rpl-mrhof.o)
 .text.rank_via_nbr
                0x000000000000cba6       0x48 build/sky/contiki-ng-sky.a(rpl-mrhof.o)
 .text.best_parent
                0x000000000000cbee       0x7c build/sky/contiki-ng-sky.a(rpl-mrhof.o)
 .text.get_rank
                0x000000000000cc6a       0x16 build/sky/contiki-ng-sky.a(rpl-nbr-policy.)
 .text.rpl_nbr_gc_get_worst
                0x000000000000cc80       0x28 build/sky/contiki-ng-sky.a(rpl-nbr-policy.)
                0x000000000000cc80                rpl_nbr_gc_get_worst
 .text.remove_neighbor
                0x000000000000cca8       0x24 build/sky/contiki-ng-sky.a(rpl-neighbor.o)
 .text.rpl_neighbor_get_from_lladdr
                0x000000000000cccc        0xc build/sky/contiki-ng-sky.a(rpl-neighbor.o)
                0x000000000000cccc                rpl_neighbor_get_from_lladdr
 .text.rpl_neighbor_rank_via_nbr
                0x000000000000ccd8       0x18 build/sky/contiki-ng-sky.a(rpl-neighbor.o)
                0x000000000000ccd8                rpl_neighbor_rank_via_nbr
 .text.rpl_neighbor_get_lladdr
                0x000000000000ccf0        0xc build/sky/contiki-ng-sky.a(rpl-neighbor.o)
                0x000000000000ccf0                rpl_neighbor_get_lladdr
 .text.rpl_neighbor_get_ipaddr
                0x000000000000ccfc        0xa build/sky/contiki-ng-sky.a(rpl-neighbor.o)
                0x000000000000ccfc                rpl_neighbor_get_ipaddr
 .text.rpl_neighbor_get_link_stats
                0x000000000000cd06        0xa build/sky/contiki-ng-sky.a(rpl-neighbor.o)
                0x000000000000cd06                rpl_neighbor_get_link_stats
 .text.rpl_neighbor_is_fresh
                0x000000000000cd10        0xa build/sky/contiki-ng-sky.a(rpl-neighbor.o)
                0x000000000000cd10                rpl_neighbor_is_fresh
 .text.best_parent
                0x000000000000cd1a       0xb2 build/sky/contiki-ng-sky.a(rpl-neighbor.o)
 .text.rpl_neighbor_set_preferred_parent
                0x000000000000cdcc       0x48 build/sky/contiki-ng-sky.a(rpl-neighbor.o)
                0x000000000000cdcc                rpl_neighbor_set_preferred_parent
 .text.rpl_neighbor_remove_all
                0x000000000000ce14       0x30 build/sky/contiki-ng-sky.a(rpl-neighbor.o)
                0x000000000000ce14                rpl_neighbor_remove_all
 .text.rpl_neighbor_get_from_ipaddr
                0x000000000000ce44       0x14 build/sky/contiki-ng-sky.a(rpl-neighbor.o)
                0x000000000000ce44                rpl_neighbor_get_from_ipaddr
 .text.rpl_neighbor_select_best
                0x000000000000ce58       0x54 build/sky/contiki-ng-sky.a(rpl-neighbor.o)
                0x000000000000ce58                rpl_neighbor_select_best
 .text.rpl_neighbor_init
                0x000000000000ceac        0xe build/sky/contiki-ng-sky.a(rpl-neighbor.o)
                0x000000000000ceac                rpl_neighbor_init
 .text.handle_state_update
                0x000000000000ceba        0x6 build/sky/contiki-ng-sky.a(rpl-timers.o)
 .text.handle_leaving_timer
                0x000000000000cec0        0xc build/sky/contiki-ng-sky.a(rpl-timers.o)
 .text.schedule_dao_retransmission
                0x000000000000cecc       0x34 build/sky/contiki-ng-sky.a(rpl-timers.o)
 .text.new_dio_interval
                0x000000000000cf00       0x8a build/sky/contiki-ng-sky.a(rpl-timers.o)
 .text.handle_unicast_dio_timer
                0x000000000000cf8a       0x12 build/sky/contiki-ng-sky.a(rpl-timers.o)
 .text.send_new_dao
                0x000000000000cf9c       0x28 build/sky/contiki-ng-sky.a(rpl-timers.o)
 .text.resend_dao
                0x000000000000cfc4       0x24 build/sky/contiki-ng-sky.a(rpl-timers.o)
 .text.handle_dao_ack_timer
                0x000000000000cfe8       0x12 build/sky/contiki-ng-sky.a(rpl-timers.o)
 .text.handle_dio_timer
                0x000000000000cffa       0x6e build/sky/contiki-ng-sky.a(rpl-timers.o)
 .text.rpl_timers_schedule_periodic_dis
                0x000000000000d068       0x40 build/sky/contiki-ng-sky.a(rpl-timers.o)
                0x000000000000d068                rpl_timers_schedule_periodic_dis
 .text.handle_periodic_timer
                0x000000000000d0a8       0x3a build/sky/contiki-ng-sky.a(rpl-timers.o)
 .text.handle_dis_timer
                0x000000000000d0e2       0x26 build/sky/contiki-ng-sky.a(rpl-timers.o)
 .text.rpl_timers_dio_reset
                0x000000000000d108       0x2e build/sky/contiki-ng-sky.a(rpl-timers.o)
                0x000000000000d108                rpl_timers_dio_reset
 .text.rpl_timers_schedule_unicast_dio
                0x000000000000d136       0x20 build/sky/contiki-ng-sky.a(rpl-timers.o)
                0x000000000000d136                rpl_timers_schedule_unicast_dio
 .text.rpl_timers_schedule_dao
                0x000000000000d156       0x3c build/sky/contiki-ng-sky.a(rpl-timers.o)
                0x000000000000d156                rpl_timers_schedule_dao
 .text.rpl_timers_schedule_dao_ack
                0x000000000000d192       0x34 build/sky/contiki-ng-sky.a(rpl-timers.o)
                0x000000000000d192                rpl_timers_schedule_dao_ack
 .text.rpl_timers_notify_dao_ack
                0x000000000000d1c6       0x82 build/sky/contiki-ng-sky.a(rpl-timers.o)
                0x000000000000d1c6                rpl_timers_notify_dao_ack
 .text.get_probing_delay
                0x000000000000d248       0x1c build/sky/contiki-ng-sky.a(rpl-timers.o)
                0x000000000000d248                get_probing_delay
 .text.get_probing_target
                0x000000000000d264       0xee build/sky/contiki-ng-sky.a(rpl-timers.o)
                0x000000000000d264                get_probing_target
 .text.rpl_schedule_probing
                0x000000000000d352       0x20 build/sky/contiki-ng-sky.a(rpl-timers.o)
                0x000000000000d352                rpl_schedule_probing
 .text.handle_probing_timer
                0x000000000000d372       0x2a build/sky/contiki-ng-sky.a(rpl-timers.o)
 .text.rpl_schedule_probing_now
                0x000000000000d39c       0x24 build/sky/contiki-ng-sky.a(rpl-timers.o)
                0x000000000000d39c                rpl_schedule_probing_now
 .text.rpl_timers_unschedule_leaving
                0x000000000000d3c0       0x1c build/sky/contiki-ng-sky.a(rpl-timers.o)
                0x000000000000d3c0                rpl_timers_unschedule_leaving
 .text.rpl_timers_schedule_leaving
                0x000000000000d3dc       0x2a build/sky/contiki-ng-sky.a(rpl-timers.o)
                0x000000000000d3dc                rpl_timers_schedule_leaving
 .text.rpl_timers_init
                0x000000000000d406       0x1c build/sky/contiki-ng-sky.a(rpl-timers.o)
                0x000000000000d406                rpl_timers_init
 .text.rpl_timers_stop_dag_timers
                0x000000000000d422       0x4c build/sky/contiki-ng-sky.a(rpl-timers.o)
                0x000000000000d422                rpl_timers_stop_dag_timers
 .text.rpl_timers_unschedule_state_update
                0x000000000000d46e       0x10 build/sky/contiki-ng-sky.a(rpl-timers.o)
                0x000000000000d46e                rpl_timers_unschedule_state_update
 .text.rpl_timers_schedule_state_update
                0x000000000000d47e       0x1c build/sky/contiki-ng-sky.a(rpl-timers.o)
                0x000000000000d47e                rpl_timers_schedule_state_update
 .text.mac_call_sent_callback
                0x000000000000d49a       0x14 build/sky/contiki-ng-sky.a(mac.o)
                0x000000000000d49a                mac_call_sent_callback
 .text.frame802154_get_pan_id
                0x000000000000d4ae        0x6 build/sky/contiki-ng-sky.a(frame802154.o)
                0x000000000000d4ae                frame802154_get_pan_id
 .text.frame802154_has_panid
                0x000000000000d4b4       0xe0 build/sky/contiki-ng-sky.a(frame802154.o)
                0x000000000000d4b4                frame802154_has_panid
 .text.field_len
                0x000000000000d594       0xac build/sky/contiki-ng-sky.a(frame802154.o)
 .text.frame802154_is_broadcast_addr
                0x000000000000d640       0x28 build/sky/contiki-ng-sky.a(frame802154.o)
                0x000000000000d640                frame802154_is_broadcast_addr
 .text.frame802154_hdrlen
                0x000000000000d668       0x32 build/sky/contiki-ng-sky.a(frame802154.o)
                0x000000000000d668                frame802154_hdrlen
 .text.frame802154_create_fcf
                0x000000000000d69a       0x96 build/sky/contiki-ng-sky.a(frame802154.o)
                0x000000000000d69a                frame802154_create_fcf
 .text.frame802154_create
                0x000000000000d730       0xe4 build/sky/contiki-ng-sky.a(frame802154.o)
                0x000000000000d730                frame802154_create
 .text.frame802154_parse_fcf
                0x000000000000d814       0xbc build/sky/contiki-ng-sky.a(frame802154.o)
                0x000000000000d814                frame802154_parse_fcf
 .text.frame802154_parse
                0x000000000000d8d0      0x168 build/sky/contiki-ng-sky.a(frame802154.o)
                0x000000000000d8d0                frame802154_parse
 .text.libgcc   0x000000000000da38       0x2c /usr/local/Cellar/gcc-msp430/4.7.0-20120911_2/lib/gcc/msp430/4.7.0/mmpy-16/libgcc.a(_mulsi3.o)
                0x000000000000da38                __mulsi3
 .text.libgcc   0x000000000000da64       0x22 /usr/local/Cellar/gcc-msp430/4.7.0-20120911_2/lib/gcc/msp430/4.7.0/mmpy-16/libgcc.a(_udivmod16.o)
                0x000000000000da64                __udivhi3
                0x000000000000da64                __ext_udivmod16
                0x000000000000da7e                __umodhi3
 .text.libgcc   0x000000000000da86       0x3a /usr/local/Cellar/gcc-msp430/4.7.0-20120911_2/lib/gcc/msp430/4.7.0/mmpy-16/libgcc.a(_divmod16.o)
                0x000000000000da86                __ext_divmod16
                0x000000000000da86                __divhi3
                0x000000000000dab8                __modhi3
 .text.libgcc   0x000000000000dac0       0x40 /usr/local/Cellar/gcc-msp430/4.7.0-20120911_2/lib/gcc/msp430/4.7.0/mmpy-16/libgcc.a(_udivmod32.o)
                0x000000000000dac0                __udivsi3
                0x000000000000dac0                __ext_udivmod32
                0x000000000000daf6                __umodsi3
 .text.libgcc   0x000000000000db00       0x4c /usr/local/Cellar/gcc-msp430/4.7.0-20120911_2/lib/gcc/msp430/4.7.0/mmpy-16/libgcc.a(_divmod32.o)
                0x000000000000db00                __ext_divmod32
                0x000000000000db00                __divsi3
                0x000000000000db42                __modsi3
 .text          0x000000000000db4c      0x308 /usr/local/Cellar/gcc-msp430/4.7.0-20120911_2/lib/gcc/msp430/4.7.0/mmpy-16/libgcc.a(_addsub_sf.o)
                0x000000000000ddb8                __addsf3
                0x000000000000de04                __subsf3
 .text          0x000000000000de54      0x204 /usr/local/Cellar/gcc-msp430/4.7.0-20120911_2/lib/gcc/msp430/4.7.0/mmpy-16/libgcc.a(_mul_sf.o)
                0x000000000000de54                __mulsf3
 .text          0x000000000000e058       0x4e /usr/local/Cellar/gcc-msp430/4.7.0-20120911_2/lib/gcc/msp430/4.7.0/mmpy-16/libgcc.a(_gt_sf.o)
                0x000000000000e058                __gtsf2
 .text          0x000000000000e0a6       0x4e /usr/local/Cellar/gcc-msp430/4.7.0-20120911_2/lib/gcc/msp430/4.7.0/mmpy-16/libgcc.a(_lt_sf.o)
                0x000000000000e0a6                __ltsf2
 .text          0x000000000000e0f4       0x4e /usr/local/Cellar/gcc-msp430/4.7.0-20120911_2/lib/gcc/msp430/4.7.0/mmpy-16/libgcc.a(_le_sf.o)
                0x000000000000e0f4                __lesf2
 .text          0x000000000000e142       0xa8 /usr/local/Cellar/gcc-msp430/4.7.0-20120911_2/lib/gcc/msp430/4.7.0/mmpy-16/libgcc.a(_si_to_sf.o)
                0x000000000000e142                __floatsisf
 .text          0x000000000000e1ea       0x72 /usr/local/Cellar/gcc-msp430/4.7.0-20120911_2/lib/gcc/msp430/4.7.0/mmpy-16/libgcc.a(_clzsi2.o)
                0x000000000000e1ea                __clzsi2
 .text          0x000000000000e25c      0x1da /usr/local/Cellar/gcc-msp430/4.7.0-20120911_2/lib/gcc/msp430/4.7.0/mmpy-16/libgcc.a(_pack_sf.o)
                0x000000000000e25c                __pack_f
 .text          0x000000000000e436      0x13c /usr/local/Cellar/gcc-msp430/4.7.0-20120911_2/lib/gcc/msp430/4.7.0/mmpy-16/libgcc.a(_unpack_sf.o)
                0x000000000000e436                __unpack_f
 .text          0x000000000000e572       0xa4 /usr/local/Cellar/gcc-msp430/4.7.0-20120911_2/lib/gcc/msp430/4.7.0/mmpy-16/libgcc.a(_fpcmp_parts_sf.o)
                0x000000000000e572                __fpcmp_parts_f
 .text.printf   0x000000000000e616       0x10 /usr/local/Cellar/gcc-msp430/4.7.0-20120911_2/lib/gcc/msp430/4.7.0/../../../../msp430/lib/mmpy-16/libc.a(printf.o)
                0x000000000000e616                printf
 .text.append   0x000000000000e626       0x22 /usr/local/Cellar/gcc-msp430/4.7.0-20120911_2/lib/gcc/msp430/4.7.0/../../../../msp430/lib/mmpy-16/libc.a(sprintf.o)
 .text.call_vuprintf
                0x000000000000e648       0x3a /usr/local/Cellar/gcc-msp430/4.7.0-20120911_2/lib/gcc/msp430/4.7.0/../../../../msp430/lib/mmpy-16/libc.a(sprintf.o)
 .text.snprintf
                0x000000000000e682       0x1a /usr/local/Cellar/gcc-msp430/4.7.0-20120911_2/lib/gcc/msp430/4.7.0/../../../../msp430/lib/mmpy-16/libc.a(sprintf.o)
                0x000000000000e682                snprintf
 .text.print_field
                0x000000000000e69c      0x194 /usr/local/Cellar/gcc-msp430/4.7.0-20120911_2/lib/gcc/msp430/4.7.0/../../../../msp430/lib/mmpy-16/libc.a(vuprintf.o)
 .text.vuprintf
                0x000000000000e830      0x63c /usr/local/Cellar/gcc-msp430/4.7.0-20120911_2/lib/gcc/msp430/4.7.0/../../../../msp430/lib/mmpy-16/libc.a(vuprintf.o)
                0x000000000000e830                vuprintf
 .text.puts     0x000000000000ee6c       0x2c /usr/local/Cellar/gcc-msp430/4.7.0-20120911_2/lib/gcc/msp430/4.7.0/../../../../msp430/lib/mmpy-16/libc.a(puts.o)
                0x000000000000ee6c                puts
 .text.rand     0x000000000000ee98       0x26 /usr/local/Cellar/gcc-msp430/4.7.0-20120911_2/lib/gcc/msp430/4.7.0/../../../../msp430/lib/mmpy-16/libc.a(rand.o)
                0x000000000000ee98                rand
 .text.srand    0x000000000000eebe        0xa /usr/local/Cellar/gcc-msp430/4.7.0-20120911_2/lib/gcc/msp430/4.7.0/../../../../msp430/lib/mmpy-16/libc.a(rand.o)
                0x000000000000eebe                srand
 .text.memcmp   0x000000000000eec8       0x30 /usr/local/Cellar/gcc-msp430/4.7.0-20120911_2/lib/gcc/msp430/4.7.0/../../../../msp430/lib/mmpy-16/libc.a(memcmp.o)
                0x000000000000eec8                memcmp
 .text.memcpy   0x000000000000eef8       0xfa /usr/local/Cellar/gcc-msp430/4.7.0-20120911_2/lib/gcc/msp430/4.7.0/../../../../msp430/lib/mmpy-16/libc.a(memcpy.o)
                0x000000000000eef8                memcpy
 .text.memmove  0x000000000000eff2       0xfa /usr/local/Cellar/gcc-msp430/4.7.0-20120911_2/lib/gcc/msp430/4.7.0/../../../../msp430/lib/mmpy-16/libc.a(memmove.o)
                0x000000000000eff2                memmove
 .text.memset   0x000000000000f0ec       0x6a /usr/local/Cellar/gcc-msp430/4.7.0-20120911_2/lib/gcc/msp430/4.7.0/../../../../msp430/lib/mmpy-16/libc.a(memset.o)
                0x000000000000f0ec                memset
 .text.libgcc   0x000000000000f156       0xf0 /usr/local/Cellar/gcc-msp430/4.7.0-20120911_2/lib/gcc/msp430/4.7.0/mmpy-16/libgcc.a(_udivmod64.o)
                0x000000000000f156                __xabi_udivmod64
                0x000000000000f1b4                __udivdi3
                0x000000000000f1da                __umoddi3
                0x000000000000f208                __udivmoddi4
 .text.crt0     0x000000000000f246        0x2 /usr/local/Cellar/gcc-msp430/4.7.0-20120911_2/lib/gcc/msp430/4.7.0/mmpy-16/libcrt0.a(_unexpected_.o)