Archive member included because of file (symbol)

build/sky/contiki-ng-sky.a(cc2420.o)
                              udp-client.o (cc2420_driver)
build/sky/contiki-ng-sky.a(cc2420-arch.o)
                              build/sky/contiki-ng-sky.a(cc2420.o) (cc2420_arch_init)
build/sky/contiki-ng-sky.a(uart1-putchar.o)
                              udp-client.o (putchar)
build/sky/contiki-ng-sky.a(platform.o)
                              build/sky/obj/contiki-main.o (platform_init_stage_one)
build/sky/contiki-ng-sky.a(msp430.o)
                              build/sky/contiki-ng-sky.a(platform.o) (msp430_dco_required)
build/sky/contiki-ng-sky.a(clock.o)
                              build/sky/obj/contiki-main.o (clock_init)
build/sky/contiki-ng-sky.a(leds.o)
                              build/sky/contiki-ng-sky.a(platform.o) (leds_init)
build/sky/contiki-ng-sky.a(leds-arch.o)
                              build/sky/contiki-ng-sky.a(leds.o) (leds_arch_init)
build/sky/contiki-ng-sky.a(watchdog.o)
                              build/sky/obj/contiki-main.o (watchdog_start)
build/sky/contiki-ng-sky.a(rtimer-arch.o)
                              build/sky/obj/energest.o (rtimer_arch_now)
build/sky/contiki-ng-sky.a(autostart.o)
                              build/sky/obj/contiki-main.o (autostart_start)
build/sky/contiki-ng-sky.a(ctimer.o)
                              build/sky/obj/contiki-main.o (ctimer_init)
build/sky/contiki-ng-sky.a(etimer.o)
                              build/sky/contiki-ng-sky.a(clock.o) (etimer_request_poll)
build/sky/contiki-ng-sky.a(log.o)
                              udp-client.o (log_6addr)
build/sky/contiki-ng-sky.a(node-id.o)
                              build/sky/obj/contiki-main.o (node_id_init)
build/sky/contiki-ng-sky.a(process.o)
                              build/sky/contiki-ng-sky.a(ctimer.o) (process_current)
build/sky/contiki-ng-sky.a(rtimer.o)
                              build/sky/obj/contiki-main.o (rtimer_init)
build/sky/contiki-ng-sky.a(stack-check.o)
                              build/sky/obj/contiki-main.o (stack_check_init)
build/sky/contiki-ng-sky.a(timer.o)
                              build/sky/contiki-ng-sky.a(platform.o) (timer_set)
build/sky/contiki-ng-sky.a(list.o)
                              build/sky/contiki-ng-sky.a(ctimer.o) (list_init)
build/sky/contiki-ng-sky.a(random.o)
                              build/sky/contiki-ng-sky.a(platform.o) (random_init)
build/sky/contiki-ng-sky.a(linkaddr.o)
                              build/sky/contiki-ng-sky.a(platform.o) (linkaddr_copy)
build/sky/contiki-ng-sky.a(netstack.o)
                              build/sky/obj/contiki-main.o (netstack_init)
build/sky/contiki-ng-sky.a(packetbuf.o)
                              build/sky/contiki-ng-sky.a(cc2420.o) (packetbuf_set_datalen)
build/sky/contiki-ng-sky.a(queuebuf.o)
                              build/sky/obj/contiki-main.o (queuebuf_init)
build/sky/contiki-ng-sky.a(csma.o)
                              build/sky/obj/contiki-main.o (csma_driver)
build/sky/contiki-ng-sky.a(sicslowpan.o)
                              build/sky/obj/contiki-main.o (sicslowpan_driver)
build/sky/contiki-ng-sky.a(simple-udp.o)
                              udp-client.o (simple_udp_sendto)
build/sky/contiki-ng-sky.a(tcpip.o)
                              build/sky/contiki-ng-sky.a(simple-udp.o) (udp_new)
build/sky/contiki-ng-sky.a(uip-ds6-nbr.o)
                              build/sky/contiki-ng-sky.a(tcpip.o) (uip_ds6_nbr_add)
build/sky/contiki-ng-sky.a(uip-ds6-route.o)
                              build/sky/contiki-ng-sky.a(tcpip.o) (uip_ds6_route_nexthop)
build/sky/contiki-ng-sky.a(uip-ds6.o)
                              build/sky/contiki-ng-sky.a(tcpip.o) (uip_ds6_is_addr_onlink)
build/sky/contiki-ng-sky.a(uip-udp-packet.)
                              build/sky/contiki-ng-sky.a(simple-udp.o) (uip_udp_packet_sendto)
build/sky/contiki-ng-sky.a(uip6.o)
                              build/sky/contiki-ng-sky.a(sicslowpan.o) (uip_aligned_buf)
build/sky/contiki-ng-sky.a(uipbuf.o)
                              build/sky/contiki-ng-sky.a(uip6.o) (uipbuf_add_ext_hdr)
build/sky/contiki-ng-sky.a(uiplib.o)
                              build/sky/contiki-ng-sky.a(log.o) (uiplib_ipaddr_snprint)
build/sky/contiki-ng-sky.a(rpl.o)
                              udp-client.o (rpl_lite_driver)
build/sky/contiki-ng-sky.a(contiki-sky-pla)
                              build/sky/contiki-ng-sky.a(platform.o) (init_platform)
build/sky/contiki-ng-sky.a(button-sensor.o)
                              build/sky/contiki-ng-sky.a(contiki-sky-pla) (button_sensor)
build/sky/contiki-ng-sky.a(spi-legacy.o)
                              build/sky/contiki-ng-sky.a(cc2420-arch.o) (spi_init)
build/sky/contiki-ng-sky.a(ds2411.o)
                              build/sky/contiki-ng-sky.a(platform.o) (ds2411_init)
build/sky/contiki-ng-sky.a(xmem.o)
[...]
Memory Configuration

Name             Origin             Length             Attributes
sfr              0x0000000000000000 0x0000000000000010
peripheral_8bit  0x0000000000000010 0x00000000000000f0
peripheral_16bit 0x0000000000000100 0x0000000000000100
ram_mirror       0x0000000000000200 0x0000000000000800 xw
infomem          0x0000000000001000 0x0000000000000100
infob            0x0000000000001000 0x0000000000000080
infoa            0x0000000000001080 0x0000000000000080
ram              0x0000000000001100 0x0000000000002800 xw
rom              0x0000000000004000 0x000000000000bfe0 xr
vectors          0x000000000000ffe0 0x0000000000000020
bsl              0x0000000000000000 0x0000000000000000
infoc            0x0000000000000000 0x0000000000000000
infod            0x0000000000000000 0x0000000000000000
ram2             0x0000000000000000 0x0000000000000000 xw
signature        0x0000000000000000 0x0000000000000000
usbram           0x0000000000000000 0x0000000000000000 xw
far_rom          0x0000000000000000 0x0000000000000000
*default*        0x0000000000000000 0xffffffffffffffff

Linker script and memory map

LOAD /usr/local/Cellar/gcc-msp430/4.7.0-20120911_2/lib/gcc/msp430/4.7.0/mmpy-16/crt0ivtbl16.o
                0x0000000000002e66                _stack = _end
LOAD udp-client.o
LOAD build/sky/obj/energest.o
LOAD build/sky/obj/miti.o
LOAD build/sky/obj/contiki-main.o
LOAD build/sky/contiki-ng-sky.a
LOAD /usr/local/Cellar/gcc-msp430/4.7.0-20120911_2/lib/gcc/msp430/4.7.0/mmpy-16/libgcc.a
LOAD /usr/local/Cellar/gcc-msp430/4.7.0-20120911_2/lib/gcc/msp430/4.7.0/../../../../msp430/lib/mmpy-16/libc.a
LOAD /usr/local/Cellar/gcc-msp430/4.7.0-20120911_2/lib/gcc/msp430/4.7.0/mmpy-16/libgcc.a
LOAD /usr/local/Cellar/gcc-msp430/4.7.0-20120911_2/lib/gcc/msp430/4.7.0/mmpy-16/libcrt0.a
                0x0000000000000080                PROVIDE (__info_segment_size, 0x80)
                0x0000000000001000                PROVIDE (__infob, 0x1000)
                0x0000000000001080                PROVIDE (__infoa, 0x1080)
                0x0000000000000000                __IE1 = 0x0
                0x0000000000000002                __IFG1 = 0x2
                0x0000000000000004                __ME1 = 0x4
                0x0000000000000001                __IE2 = 0x1
                0x0000000000000003                __IFG2 = 0x3
                0x0000000000000005                __ME2 = 0x5
                0x0000000000000120                __WDTCTL = 0x120
                0x0000000000000130                __MPY = 0x130
                0x0000000000000132                __MPYS = 0x132
                0x0000000000000134                __MAC = 0x134
                0x0000000000000136                __MACS = 0x136
                0x0000000000000138                __OP2 = 0x138
                0x000000000000013a                __RESLO = 0x13a
                0x000000000000013c                __RESHI = 0x13c
                0x000000000000013e                __SUMEXT = 0x13e
                0x0000000000000020                __P1IN = 0x20
                0x0000000000000021                __P1OUT = 0x21
                0x0000000000000022                __P1DIR = 0x22
                0x0000000000000023                __P1IFG = 0x23
                0x0000000000000024                __P1IES = 0x24
                0x0000000000000025                __P1IE = 0x25
                0x0000000000000026                __P1SEL = 0x26
                0x0000000000000028                __P2IN = 0x28
                0x0000000000000029                __P2OUT = 0x29
                0x000000000000002a                __P2DIR = 0x2a
                0x000000000000002b                __P2IFG = 0x2b
                0x000000000000002c                __P2IES = 0x2c
                0x000000000000002d                __P2IE = 0x2d
                0x000000000000002e                __P2SEL = 0x2e
                0x0000000000000018                __P3IN = 0x18
                0x0000000000000019                __P3OUT = 0x19
                0x000000000000001a                __P3DIR = 0x1a
                0x000000000000001b                __P3SEL = 0x1b
                0x000000000000001c                __P4IN = 0x1c
                0x000000000000001d                __P4OUT = 0x1d
                0x000000000000001e                __P4DIR = 0x1e
                0x000000000000001f                __P4SEL = 0x1f
                0x0000000000000030                __P5IN = 0x30
                0x0000000000000031                __P5OUT = 0x31
                0x0000000000000032                __P5DIR = 0x32
                0x0000000000000033                __P5SEL = 0x33
                0x0000000000000034                __P6IN = 0x34
                0x0000000000000035                __P6OUT = 0x35
                0x0000000000000036                __P6DIR = 0x36
                0x0000000000000037                __P6SEL = 0x37
                0x0000000000000070                __U0CTL = 0x70
                0x0000000000000071                __U0TCTL = 0x71
                0x0000000000000072                __U0RCTL = 0x72
                0x0000000000000073                __U0MCTL = 0x73
                0x0000000000000074                __U0BR0 = 0x74
                0x0000000000000075                __U0BR1 = 0x75
                0x0000000000000076                __U0RXBUF = 0x76
                0x0000000000000077                __U0TXBUF = 0x77
                0x0000000000000078                __U1CTL = 0x78
                0x0000000000000079                __U1TCTL = 0x79
                0x000000000000007a                __U1RCTL = 0x7a
                0x000000000000007b                __U1MCTL = 0x7b
                0x000000000000007c                __U1BR0 = 0x7c
                0x000000000000007d                __U1BR1 = 0x7d
                0x000000000000007e                __U1RXBUF = 0x7e
                0x000000000000007f                __U1TXBUF = 0x7f
                0x0000000000000050                __I2CIE = 0x50
                0x0000000000000051                __I2CIFG = 0x51
                0x0000000000000052                __I2CNDAT = 0x52
                0x0000000000000071                __I2CTCTL = 0x71
                0x0000000000000072                __I2CDCTL = 0x72
                0x0000000000000073                __I2CPSC = 0x73
                0x0000000000000074                __I2CSCLH = 0x74
                0x0000000000000075                __I2CSCLL = 0x75
                0x0000000000000076                __I2CDRB = 0x76
                0x0000000000000076                __I2CDRW = 0x76
                0x0000000000000118                __I2COA = 0x118
                0x000000000000011a                __I2CSA = 0x11a
                0x000000000000011c                __I2CIV = 0x11c
                0x000000000000012e                __TAIV = 0x12e
                0x0000000000000160                __TACTL = 0x160
                0x0000000000000162                __TACCTL0 = 0x162
                0x0000000000000164                __TACCTL1 = 0x164
                0x0000000000000166                __TACCTL2 = 0x166
                0x0000000000000170                __TAR = 0x170
                0x0000000000000172                __TACCR0 = 0x172
                0x0000000000000174                __TACCR1 = 0x174
                0x0000000000000176                __TACCR2 = 0x176
                0x000000000000011e                __TBIV = 0x11e
                0x0000000000000180                __TBCTL = 0x180
                0x0000000000000182                __TBCCTL0 = 0x182
                0x0000000000000184                __TBCCTL1 = 0x184
                0x0000000000000186                __TBCCTL2 = 0x186
                0x0000000000000188                __TBCCTL3 = 0x188
                0x000000000000018a                __TBCCTL4 = 0x18a
                0x000000000000018c                __TBCCTL5 = 0x18c
                0x000000000000018e                __TBCCTL6 = 0x18e
                0x0000000000000190                __TBR = 0x190
                0x0000000000000192                __TBCCR0 = 0x192
                0x0000000000000194                __TBCCR1 = 0x194
                0x0000000000000196                __TBCCR2 = 0x196
                0x0000000000000198                __TBCCR3 = 0x198
                0x000000000000019a                __TBCCR4 = 0x19a
                0x000000000000019c                __TBCCR5 = 0x19c
                0x000000000000019e                __TBCCR6 = 0x19e
                0x0000000000000056                __DCOCTL = 0x56
                0x0000000000000057                __BCSCTL1 = 0x57
                0x0000000000000058                __BCSCTL2 = 0x58
                0x0000000000000055                __SVSCTL = 0x55
                0x0000000000000128                __FCTL1 = 0x128
                0x000000000000012a                __FCTL2 = 0x12a
                0x000000000000012c                __FCTL3 = 0x12c
                0x0000000000000059                __CACTL1 = 0x59
                0x000000000000005a                __CACTL2 = 0x5a
                0x000000000000005b                __CAPD = 0x5b
                0x00000000000001a0                __ADC12CTL0 = 0x1a0
                0x00000000000001a2                __ADC12CTL1 = 0x1a2
                0x00000000000001a4                __ADC12IFG = 0x1a4
                0x00000000000001a6                __ADC12IE = 0x1a6
                0x00000000000001a8                __ADC12IV = 0x1a8
                0x0000000000000140                __ADC12MEM0 = 0x140
                0x0000000000000142                __ADC12MEM1 = 0x142
                0x0000000000000144                __ADC12MEM2 = 0x144
                0x0000000000000146                __ADC12MEM3 = 0x146
                0x0000000000000148                __ADC12MEM4 = 0x148
                0x000000000000014a                __ADC12MEM5 = 0x14a
                0x000000000000014c                __ADC12MEM6 = 0x14c
                0x000000000000014e                __ADC12MEM7 = 0x14e
                0x0000000000000150                __ADC12MEM8 = 0x150
                0x0000000000000152                __ADC12MEM9 = 0x152
                0x0000000000000154                __ADC12MEM10 = 0x154
                0x0000000000000156                __ADC12MEM11 = 0x156
                0x0000000000000158                __ADC12MEM12 = 0x158
                0x000000000000015a                __ADC12MEM13 = 0x15a
                0x000000000000015c                __ADC12MEM14 = 0x15c
                0x000000000000015e                __ADC12MEM15 = 0x15e
                0x0000000000000080                __ADC12MCTL0 = 0x80
                0x0000000000000081                __ADC12MCTL1 = 0x81
                0x0000000000000082                __ADC12MCTL2 = 0x82
                0x0000000000000083                __ADC12MCTL3 = 0x83
                0x0000000000000084                __ADC12MCTL4 = 0x84
                0x0000000000000085                __ADC12MCTL5 = 0x85
                0x0000000000000086                __ADC12MCTL6 = 0x86
                0x0000000000000087                __ADC12MCTL7 = 0x87
                0x0000000000000088                __ADC12MCTL8 = 0x88
                0x0000000000000089                __ADC12MCTL9 = 0x89
                0x000000000000008a                __ADC12MCTL10 = 0x8a
                0x000000000000008b                __ADC12MCTL11 = 0x8b
                0x000000000000008c                __ADC12MCTL12 = 0x8c
                0x000000000000008d                __ADC12MCTL13 = 0x8d
                0x000000000000008e                __ADC12MCTL14 = 0x8e
                0x000000000000008f                __ADC12MCTL15 = 0x8f
                0x00000000000001c0                __DAC12_0CTL = 0x1c0
                0x00000000000001c2                __DAC12_1CTL = 0x1c2
                0x00000000000001c8                __DAC12_0DAT = 0x1c8
                0x00000000000001ca                __DAC12_1DAT = 0x1ca
                0x0000000000000122                __DMACTL0 = 0x122
                0x0000000000000124                __DMACTL1 = 0x124
                0x00000000000001e0                __DMA0CTL = 0x1e0
                0x00000000000001e8                __DMA1CTL = 0x1e8
                0x00000000000001f0                __DMA2CTL = 0x1f0
                0x00000000000001e2                __DMA0SA = 0x1e2
                0x00000000000001e4                __DMA0DA = 0x1e4
                0x00000000000001e6                __DMA0SZ = 0x1e6
                0x00000000000001ea                __DMA1SA = 0x1ea
                0x00000000000001ec                __DMA1DA = 0x1ec
                0x00000000000001ee                __DMA1SZ = 0x1ee
                0x00000000000001f2                __DMA2SA = 0x1f2
                0x00000000000001f4                __DMA2DA = 0x1f4
                0x00000000000001f6                __DMA2SZ = 0x1f6

.hash
 *(.hash)

.dynsym
 *(.dynsym)

.dynstr
 *(.dynstr)

.gnu.version
 *(.gnu.version)

.gnu.version_d
 *(.gnu.version_d)

.gnu.version_r
 *(.gnu.version_r)

.rel.init
 *(.rel.init)

.rela.init
 *(.rela.init)

.rel.fini
 *(.rel.fini)

.rela.fini
 *(.rela.fini)

.rel.text
 *(.rel.text .rel.text.* .rel.gnu.linkonce.t.*)

.rela.text
 *(.rela.text .rela.text.* .rela.gnu.linkonce.t.*)

.rel.rodata
 *(.rel.rodata .rel.rodata.* .rel.gnu.linkonce.r.*)

.rela.rodata
 *(.rela.rodata .rela.rodata.* .rela.gnu.linkonce.r.*)

.rel.data
 *(.rel.data .rel.data.* .rel.gnu.linkonce.d.*)

.rela.data
 *(.rela.data .rela.data.* .rela.gnu.linkonce.d.*)

.rel.bss
 *(.rel.bss .rel.bss.* .rel.gnu.linkonce.b.*)

.rela.bss
 *(.rela.bss .rela.bss.* .rela.gnu.linkonce.b.*)

.rel.ctors
 *(.rel.ctors)

.rela.ctors
 *(.rela.ctors)

.rel.dtors
 *(.rel.dtors)

.rela.dtors
 *(.rela.dtors)

.rel.got
 *(.rel.got)

.rela.got
 *(.rela.got)

.rel.plt
 *(.rel.plt)

.rela.plt
 *(.rela.plt)

.text           0x0000000000004000     0xac30
                0x0000000000004000                . = ALIGN (0x2)
 *(.init .init.*)
 *(.init0)
 .init0         0x0000000000004000        0x0 /usr/local/Cellar/gcc-msp430/4.7.0-20120911_2/lib/gcc/msp430/4.7.0/mmpy-16/libcrt0.a(_reset_vector__.o)
                0x0000000000004000                _reset_vector__
 *(.init1)
 .init1         0x0000000000004000        0xc /usr/local/Cellar/gcc-msp430/4.7.0-20120911_2/lib/gcc/msp430/4.7.0/mmpy-16/libcrt0.a(__watchdog_support.o)
                0x0000000000004000                __watchdog_support
 *(.init2)
 .init2         0x000000000000400c        0x4 /usr/local/Cellar/gcc-msp430/4.7.0-20120911_2/lib/gcc/msp430/4.7.0/mmpy-16/libcrt0.a(__init_stack.o)
                0x000000000000400c                __init_stack
 *(.init3)
 .init3         0x0000000000004010        0x0 /usr/local/Cellar/gcc-msp430/4.7.0-20120911_2/lib/gcc/msp430/4.7.0/mmpy-16/libcrt0.a(__low_level_init.o)
                0x0000000000004010                __low_level_init
 *(.init4)
 .init4         0x0000000000004010       0x18 /usr/local/Cellar/gcc-msp430/4.7.0-20120911_2/lib/gcc/msp430/4.7.0/mmpy-16/libcrt0.a(_copy_data.o)
                0x0000000000004010                __do_copy_data
 .init4         0x0000000000004028       0x16 /usr/local/Cellar/gcc-msp430/4.7.0-20120911_2/lib/gcc/msp430/4.7.0/mmpy-16/libcrt0.a(_clear_bss.o)
                0x0000000000004028                __do_clear_bss
 *(.init5)
 *(.init6)
 *(.init7)
 *(.init8)
 *(.init9)
 .init9         0x000000000000403e      0x232 build/sky/obj/contiki-main.o
                0x000000000000403e                main
 *(.fini9)
 .fini9         0x0000000000004270        0x0 /usr/local/Cellar/gcc-msp430/4.7.0-20120911_2/lib/gcc/msp430/4.7.0/mmpy-16/libcrt0.a(__stop_progExec__.o)
                0x0000000000004270                __stop_progExec__
 *(.fini8)
 *(.fini7)
 *(.fini6)
 *(.fini5)
 *(.fini4)
 *(.fini3)
 *(.fini2)
 *(.fini1)
 *(.fini0)
 .fini0         0x0000000000004270        0x6 /usr/local/Cellar/gcc-msp430/4.7.0-20120911_2/lib/gcc/msp430/4.7.0/mmpy-16/libcrt0.a(_endless_loop__.o)
                0x0000000000004270                _endless_loop__
 *(.fini .fini.*)
                0x0000000000004276                . = ALIGN (0x2)
                0x0000000000004276                __ctors_start = .
 *(.ctors)
                0x0000000000004276                __ctors_end = .
                0x0000000000004276                __dtors_start = .
 *(.dtors)
                0x0000000000004276                __dtors_end = .
                0x0000000000004276                . = ALIGN (0x2)
 *(.text .text.* .gnu.linkonce.t.*)
 .text          0x0000000000004276        0x4 /usr/local/Cellar/gcc-msp430/4.7.0-20120911_2/lib/gcc/msp430/4.7.0/mmpy-16/crt0ivtbl16.o
                0x0000000000004276                __isr_9
                0x0000000000004276                __isr_11
                0x0000000000004276                __isr_2
                0x0000000000004276                __isr_7
                0x0000000000004276                __isr_0
                0x0000000000004276                __isr_8
                0x0000000000004276                __isr_3
                0x0000000000004276                __isr_12
                0x0000000000004276                __isr_13
                0x0000000000004276                __isr_14
 .text.doze     0x000000000000427a       0x34 udp-client.o
 .text.udp_rx_callback
                0x00000000000042ae       0x3e udp-client.o
 .text.process_thread_udp_client_process
                0x00000000000042ec      0x530 udp-client.o
 .text.energest_init
                0x000000000000481c       0x40 build/sky/obj/energest.o
                0x000000000000481c                energest_init
 .text.energest_flush
                0x000000000000485c       0x5c build/sky/obj/energest.o
                0x000000000000485c                energest_flush
 .text.energest_get_total_time
                0x00000000000048b8       0x38 build/sky/obj/energest.o
                0x00000000000048b8                energest_get_total_time
 .text.get_object
                0x00000000000048f0        0x4 build/sky/contiki-ng-sky.a(cc2420.o)
 .text.set_object
                0x00000000000048f4        0x4 build/sky/contiki-ng-sky.a(cc2420.o)
 .text.strobe   0x00000000000048f8       0x1c build/sky/contiki-ng-sky.a(cc2420.o)
 .text.getreg   0x0000000000004914       0x4c build/sky/contiki-ng-sky.a(cc2420.o)
 .text.setreg   0x0000000000004960       0x4c build/sky/contiki-ng-sky.a(cc2420.o)
 .text.write_ram
                0x00000000000049ac       0x7c build/sky/contiki-ng-sky.a(cc2420.o)
 .text.write_fifo_buf
                0x0000000000004a28       0x3c build/sky/contiki-ng-sky.a(cc2420.o)
 .text.get_status
                0x0000000000004a64       0x20 build/sky/contiki-ng-sky.a(cc2420.o)
 .text.cc2420_receiving_packet
                0x0000000000004a84        0xc build/sky/contiki-ng-sky.a(cc2420.o)
 .text.pending_packet
                0x0000000000004a90        0x8 build/sky/contiki-ng-sky.a(cc2420.o)
 .text.wait_for_transmission
                0x0000000000004a98       0x22 build/sky/contiki-ng-sky.a(cc2420.o)
 .text.wait_for_status
                0x0000000000004aba       0x28 build/sky/contiki-ng-sky.a(cc2420.o)
 .text.getrxdata
                0x0000000000004ae2       0x50 build/sky/contiki-ng-sky.a(cc2420.o)
 .text.flushrx  0x0000000000004b32       0x1a build/sky/contiki-ng-sky.a(cc2420.o)
 .text.energest_on
                0x0000000000004b4c       0x28 build/sky/contiki-ng-sky.a(cc2420.o)
 .text.on       0x0000000000004b74       0x20 build/sky/contiki-ng-sky.a(cc2420.o)
 .text.energest_off
                0x0000000000004b94       0x9c build/sky/contiki-ng-sky.a(cc2420.o)
 .text.off      0x0000000000004c30       0x2e build/sky/contiki-ng-sky.a(cc2420.o)
 .text.RELEASE_LOCK
                0x0000000000004c5e       0x28 build/sky/contiki-ng-sky.a(cc2420.o)
 .text.set_key  0x0000000000004c86       0x18 build/sky/contiki-ng-sky.a(cc2420.o)
 .text.set_frame_filtering
                0x0000000000004c9e       0x30 build/sky/contiki-ng-sky.a(cc2420.o)
 .text.set_auto_ack
                0x0000000000004cce       0x30 build/sky/contiki-ng-sky.a(cc2420.o)
 .text.set_poll_mode
                0x0000000000004cfe       0x2c build/sky/contiki-ng-sky.a(cc2420.o)
 .text.cc2420_prepare
                0x0000000000004d2a       0x46 build/sky/contiki-ng-sky.a(cc2420.o)
 .text.cc2420_on
                0x0000000000004d70       0x22 build/sky/contiki-ng-sky.a(cc2420.o)
                0x0000000000004d70                cc2420_on
 .text.cc2420_transmit
                0x0000000000004d92       0x8a build/sky/contiki-ng-sky.a(cc2420.o)
 .text.cc2420_send
                0x0000000000004e1c       0x12 build/sky/contiki-ng-sky.a(cc2420.o)
 .text.cc2420_off
                0x0000000000004e2e       0x30 build/sky/contiki-ng-sky.a(cc2420.o)
                0x0000000000004e2e                cc2420_off
 .text.cc2420_cca
                0x0000000000004e5e       0x68 build/sky/contiki-ng-sky.a(cc2420.o)
 .text.cc2420_read
                0x0000000000004ec6       0xbe build/sky/contiki-ng-sky.a(cc2420.o)
 .text.process_thread_cc2420_process
                0x0000000000004f84       0x62 build/sky/contiki-ng-sky.a(cc2420.o)
 .text.encrypt  0x0000000000004fe6       0x88 build/sky/contiki-ng-sky.a(cc2420.o)
 .text.cc2420_set_channel
                0x000000000000506e       0x3c build/sky/contiki-ng-sky.a(cc2420.o)
                0x000000000000506e                cc2420_set_channel
 .text.cc2420_set_pan_addr
                0x00000000000050aa       0x4c build/sky/contiki-ng-sky.a(cc2420.o)
                0x00000000000050aa                cc2420_set_pan_addr
 .text.cc2420_interrupt
                0x00000000000050f6       0x16 build/sky/contiki-ng-sky.a(cc2420.o)
                0x00000000000050f6                cc2420_interrupt
 .text.cc2420_set_txpower
                0x000000000000510c       0x2c build/sky/contiki-ng-sky.a(cc2420.o)
                0x000000000000510c                cc2420_set_txpower
 .text.cc2420_get_txpower
                0x0000000000005138       0x1e build/sky/contiki-ng-sky.a(cc2420.o)
                0x0000000000005138                cc2420_get_txpower
 .text.cc2420_rssi
                0x0000000000005156       0x4c build/sky/contiki-ng-sky.a(cc2420.o)
                0x0000000000005156                cc2420_rssi
 .text.get_value
                0x00000000000051a2      0x11e build/sky/contiki-ng-sky.a(cc2420.o)
 .text.cc2420_set_cca_threshold
                0x00000000000052c0       0x16 build/sky/contiki-ng-sky.a(cc2420.o)
                0x00000000000052c0                cc2420_set_cca_threshold
 .text.set_value
                0x00000000000052d6      0x150 build/sky/contiki-ng-sky.a(cc2420.o)
 .text.cc2420_init
                0x0000000000005426       0xea build/sky/contiki-ng-sky.a(cc2420.o)
                0x0000000000005426                cc2420_init
 .text.cc2420_port1_interrupt
                0x0000000000005510       0x20 build/sky/contiki-ng-sky.a(cc2420-arch.o)
                0x0000000000005510                __isr_4
                0x0000000000005510                cc2420_port1_interrupt
 .text.cc2420_arch_init
                0x0000000000005530       0x1a build/sky/contiki-ng-sky.a(cc2420-arch.o)
                0x0000000000005530                cc2420_arch_init
 .text.putchar  0x000000000000554a       0x10 build/sky/contiki-ng-sky.a(uart1-putchar.o)
                0x000000000000554a                putchar
 .text.energest_switch
                0x000000000000555a       0x6e build/sky/contiki-ng-sky.a(platform.o)
 .text.platform_init_stage_one
                0x00000000000055c8       0x12 build/sky/contiki-ng-sky.a(platform.o)
                0x00000000000055c8                platform_init_stage_one
 .text.platform_init_stage_two
                0x00000000000055da       0x64 build/sky/contiki-ng-sky.a(platform.o)
                0x00000000000055da                platform_init_stage_two
 .text.platform_init_stage_three
                0x000000000000563e       0x7a build/sky/contiki-ng-sky.a(platform.o)
                0x000000000000563e                platform_init_stage_three
 .text.platform_idle
                0x00000000000056b8       0x64 build/sky/contiki-ng-sky.a(platform.o)
                0x00000000000056b8                platform_idle
 .text.msp430_init_dco
                0x000000000000571c       0x82 build/sky/contiki-ng-sky.a(msp430.o)
                0x000000000000571c                msp430_init_dco
 .text.msp430_add_lpm_req
                0x000000000000579e        0xc build/sky/contiki-ng-sky.a(msp430.o)
                0x000000000000579e                msp430_add_lpm_req
 .text.msp430_cpu_init
                0x00000000000057aa       0x2a build/sky/contiki-ng-sky.a(msp430.o)
                0x00000000000057aa                msp430_cpu_init
 .text.splhigh_
                0x00000000000057d4        0x8 build/sky/contiki-ng-sky.a(msp430.o)
                0x00000000000057d4                splhigh_
 .text.msp430_sync_dco
                0x00000000000057dc       0x6c build/sky/contiki-ng-sky.a(msp430.o)
                0x00000000000057dc                msp430_sync_dco
 .text.timera1  0x0000000000005848       0xdc build/sky/contiki-ng-sky.a(clock.o)
                0x0000000000005848                __isr_5
                0x0000000000005848                timera1
 .text.clock_time
                0x0000000000005924       0x1a build/sky/contiki-ng-sky.a(clock.o)
                0x0000000000005924                clock_time
 .text.clock_init
                0x000000000000593e       0x28 build/sky/contiki-ng-sky.a(clock.o)
                0x000000000000593e                clock_init
 .text.clock_delay
                0x0000000000005966        0xc build/sky/contiki-ng-sky.a(clock.o)
                0x0000000000005966                clock_delay
 .text.clock_seconds
                0x0000000000005972       0x1a build/sky/contiki-ng-sky.a(clock.o)
                0x0000000000005972                clock_seconds
 .text.leds_init
                0x000000000000598c        0x6 build/sky/contiki-ng-sky.a(leds.o)
                0x000000000000598c                leds_init
 .text.leds_on  0x0000000000005992       0x12 build/sky/contiki-ng-sky.a(leds.o)
                0x0000000000005992                leds_on
 .text.leds_off
                0x00000000000059a4       0x12 build/sky/contiki-ng-sky.a(leds.o)
                0x00000000000059a4                leds_off
 .text.leds_arch_init
                0x00000000000059b6        0xe build/sky/contiki-ng-sky.a(leds-arch.o)
                0x00000000000059b6                leds_arch_init
 .text.leds_arch_get
                0x00000000000059c4       0x34 build/sky/contiki-ng-sky.a(leds-arch.o)
                0x00000000000059c4                leds_arch_get
 .text.leds_arch_set
                0x00000000000059f8       0x3e build/sky/contiki-ng-sky.a(leds-arch.o)
                0x00000000000059f8                leds_arch_set
 .text.watchdog_interrupt
                0x0000000000005a36        0x6 build/sky/contiki-ng-sky.a(watchdog.o)
                0x0000000000005a36                __isr_10
                0x0000000000005a36                watchdog_interrupt
 .text.watchdog_start
                0x0000000000005a3c       0x14 build/sky/contiki-ng-sky.a(watchdog.o)
                0x0000000000005a3c                watchdog_start
 .text.watchdog_periodic
                0x0000000000005a50       0x12 build/sky/contiki-ng-sky.a(watchdog.o)
                0x0000000000005a50                watchdog_periodic
 .text.watchdog_stop
                0x0000000000005a62       0x16 build/sky/contiki-ng-sky.a(watchdog.o)
                0x0000000000005a62                watchdog_stop
 .text.watchdog_init
                0x0000000000005a78       0x12 build/sky/contiki-ng-sky.a(watchdog.o)
                0x0000000000005a78                watchdog_init
 .text.timera0  0x0000000000005a8a       0x2e build/sky/contiki-ng-sky.a(rtimer-arch.o)
                0x0000000000005a8a                __isr_6
                0x0000000000005a8a                timera0
 .text.rtimer_arch_init
                0x0000000000005ab8        0xe build/sky/contiki-ng-sky.a(rtimer-arch.o)
                0x0000000000005ab8                rtimer_arch_init
 .text.rtimer_arch_now
                0x0000000000005ac6        0xe build/sky/contiki-ng-sky.a(rtimer-arch.o)
                0x0000000000005ac6                rtimer_arch_now
 .text.rtimer_arch_schedule
                0x0000000000005ad4        0x6 build/sky/contiki-ng-sky.a(rtimer-arch.o)
                0x0000000000005ad4                rtimer_arch_schedule
 .text.autostart_start
                0x0000000000005ada       0x16 build/sky/contiki-ng-sky.a(autostart.o)
                0x0000000000005ada                autostart_start
 .text.process_thread_ctimer_process
                0x0000000000005af0       0xa8 build/sky/contiki-ng-sky.a(ctimer.o)
 .text.ctimer_init
                0x0000000000005b98       0x18 build/sky/contiki-ng-sky.a(ctimer.o)
                0x0000000000005b98                ctimer_init
 .text.ctimer_set_with_process
                0x0000000000005bb0       0x4e build/sky/contiki-ng-sky.a(ctimer.o)
                0x0000000000005bb0                ctimer_set_with_process
 .text.ctimer_set
                0x0000000000005bfe       0x10 build/sky/contiki-ng-sky.a(ctimer.o)
                0x0000000000005bfe                ctimer_set
 .text.ctimer_reset
                0x0000000000005c0e       0x30 build/sky/contiki-ng-sky.a(ctimer.o)
                0x0000000000005c0e                ctimer_reset
 .text.ctimer_stop
                0x0000000000005c3e       0x28 build/sky/contiki-ng-sky.a(ctimer.o)
                0x0000000000005c3e                ctimer_stop
 .text.ctimer_expired
                0x0000000000005c66       0x30 build/sky/contiki-ng-sky.a(ctimer.o)
                0x0000000000005c66                ctimer_expired
 .text.update_time
                0x0000000000005c96       0x78 build/sky/contiki-ng-sky.a(etimer.o)
 .text.etimer_request_poll
                0x0000000000005d0e        0xa build/sky/contiki-ng-sky.a(etimer.o)
                0x0000000000005d0e                etimer_request_poll
 .text.process_thread_etimer_process
                0x0000000000005d18       0xcc build/sky/contiki-ng-sky.a(etimer.o)
 .text.add_timer
                0x0000000000005de4       0x40 build/sky/contiki-ng-sky.a(etimer.o)
 .text.etimer_set
                0x0000000000005e24       0x12 build/sky/contiki-ng-sky.a(etimer.o)
                0x0000000000005e24                etimer_set
 .text.etimer_reset
                0x0000000000005e36       0x12 build/sky/contiki-ng-sky.a(etimer.o)
                0x0000000000005e36                etimer_reset
 .text.etimer_expired
                0x0000000000005e48        0xe build/sky/contiki-ng-sky.a(etimer.o)
                0x0000000000005e48                etimer_expired
 .text.etimer_pending
                0x0000000000005e56        0xc build/sky/contiki-ng-sky.a(etimer.o)
                0x0000000000005e56                etimer_pending
 .text.etimer_next_expiration_time
                0x0000000000005e62       0x16 build/sky/contiki-ng-sky.a(etimer.o)
                0x0000000000005e62                etimer_next_expiration_time
 .text.etimer_stop
                0x0000000000005e78       0x3e build/sky/contiki-ng-sky.a(etimer.o)
                0x0000000000005e78                etimer_stop
 .text.log_6addr
                0x0000000000005eb6       0x32 build/sky/contiki-ng-sky.a(log.o)
                0x0000000000005eb6                log_6addr
 .text.log_lladdr
                0x0000000000005ee8       0x44 build/sky/contiki-ng-sky.a(log.o)
                0x0000000000005ee8                log_lladdr
 .text.node_id_init
                0x0000000000005f2c       0x14 build/sky/contiki-ng-sky.a(node-id.o)
                0x0000000000005f2c                node_id_init
 .text.call_process
                0x0000000000005f40       0x46 build/sky/contiki-ng-sky.a(process.o)
 .text.exit_process
                0x0000000000005f86       0x96 build/sky/contiki-ng-sky.a(process.o)
 .text.do_poll  0x000000000000601c       0x30 build/sky/contiki-ng-sky.a(process.o)
 .text.process_alloc_event
                0x000000000000604c        0xe build/sky/contiki-ng-sky.a(process.o)
                0x000000000000604c                process_alloc_event
 .text.process_init
                0x000000000000605a       0x18 build/sky/contiki-ng-sky.a(process.o)
                0x000000000000605a                process_init
 .text.process_run
                0x0000000000006072       0x92 build/sky/contiki-ng-sky.a(process.o)
                0x0000000000006072                process_run
 .text.process_nevents
                0x0000000000006104        0xe build/sky/contiki-ng-sky.a(process.o)
                0x0000000000006104                process_nevents
 .text.process_post
                0x0000000000006112       0x42 build/sky/contiki-ng-sky.a(process.o)
                0x0000000000006112                process_post
 .text.process_post_synch
                0x0000000000006154       0x12 build/sky/contiki-ng-sky.a(process.o)
                0x0000000000006154                process_post_synch
 .text.process_start
                0x0000000000006166       0x36 build/sky/contiki-ng-sky.a(process.o)
                0x0000000000006166                process_start
 .text.process_poll
                0x000000000000619c       0x18 build/sky/contiki-ng-sky.a(process.o)
                0x000000000000619c                process_poll
 .text.rtimer_init
                0x00000000000061b4        0x6 build/sky/contiki-ng-sky.a(rtimer.o)
                0x00000000000061b4                rtimer_init
 .text.rtimer_run_next
                0x00000000000061ba       0x26 build/sky/contiki-ng-sky.a(rtimer.o)
                0x00000000000061ba                rtimer_run_next
 .text.stack_check_init
                0x00000000000061e0       0x2e build/sky/contiki-ng-sky.a(stack-check.o)
                0x00000000000061e0                stack_check_init
 .text.stack_check_get_usage
                0x000000000000620e       0x54 build/sky/contiki-ng-sky.a(stack-check.o)
                0x000000000000620e                stack_check_get_usage
 .text.process_thread_stack_check_process
                0x0000000000006262       0xea build/sky/contiki-ng-sky.a(stack-check.o)
 .text.timer_set
                0x000000000000634c       0x1c build/sky/contiki-ng-sky.a(timer.o)
                0x000000000000634c                timer_set
 .text.timer_expired
                0x0000000000006368       0x2a build/sky/contiki-ng-sky.a(timer.o)
                0x0000000000006368                timer_expired
 .text.timer_reset
                0x0000000000006392       0x1c build/sky/contiki-ng-sky.a(timer.o)
                0x0000000000006392                timer_reset
 .text.list_init
                0x00000000000063ae        0x6 build/sky/contiki-ng-sky.a(list.o)
                0x00000000000063ae                list_init
 .text.list_head
                0x00000000000063b4        0x4 build/sky/contiki-ng-sky.a(list.o)
                0x00000000000063b4                list_head
 .text.list_tail
                0x00000000000063b8       0x12 build/sky/contiki-ng-sky.a(list.o)
                0x00000000000063b8                list_tail
 .text.list_remove
                0x00000000000063ca       0x34 build/sky/contiki-ng-sky.a(list.o)
                0x00000000000063ca                list_remove
 .text.list_push
                0x00000000000063fe       0x1a build/sky/contiki-ng-sky.a(list.o)
                0x00000000000063fe                list_push
 .text.list_add
                0x0000000000006418       0x2a build/sky/contiki-ng-sky.a(list.o)
                0x0000000000006418                list_add
 .text.list_length
                0x0000000000006442       0x10 build/sky/contiki-ng-sky.a(list.o)
                0x0000000000006442                list_length
 .text.list_item_next
                0x0000000000006452        0xc build/sky/contiki-ng-sky.a(list.o)
                0x0000000000006452                list_item_next
 .text.random_init
                0x000000000000645e        0x6 build/sky/contiki-ng-sky.a(random.o)
                0x000000000000645e                random_init
 .text.random_rand
                0x0000000000006464        0x6 build/sky/contiki-ng-sky.a(random.o)
                0x0000000000006464                random_rand
 .text.linkaddr_copy
                0x000000000000646a        0x8 build/sky/contiki-ng-sky.a(linkaddr.o)
                0x000000000000646a                linkaddr_copy
 .text.linkaddr_cmp
                0x0000000000006472       0x12 build/sky/contiki-ng-sky.a(linkaddr.o)
                0x0000000000006472                linkaddr_cmp
 .text.linkaddr_set_node_addr
                0x0000000000006484        0xc build/sky/contiki-ng-sky.a(linkaddr.o)
                0x0000000000006484                linkaddr_set_node_addr
 .text.netstack_process_ip_callback
                0x0000000000006490       0x4e build/sky/contiki-ng-sky.a(netstack.o)
                0x0000000000006490                netstack_process_ip_callback
 .text.netstack_init
                0x00000000000064de        0xe build/sky/contiki-ng-sky.a(netstack.o)
                0x00000000000064de                netstack_init
 .text.packetbuf_hdrreduce
                0x00000000000064ec       0x1a build/sky/contiki-ng-sky.a(packetbuf.o)
                0x00000000000064ec                packetbuf_hdrreduce
 .text.packetbuf_set_datalen
                0x0000000000006506        0x6 build/sky/contiki-ng-sky.a(packetbuf.o)
                0x0000000000006506                packetbuf_set_datalen
 .text.packetbuf_hdrptr
                0x000000000000650c        0x6 build/sky/contiki-ng-sky.a(packetbuf.o)
                0x000000000000650c                packetbuf_hdrptr
 .text.packetbuf_datalen
                0x0000000000006512        0x6 build/sky/contiki-ng-sky.a(packetbuf.o)
                0x0000000000006512                packetbuf_datalen
 .text.packetbuf_hdrlen
                0x0000000000006518        0xa build/sky/contiki-ng-sky.a(packetbuf.o)
                0x0000000000006518                packetbuf_hdrlen
 .text.packetbuf_dataptr
                0x0000000000006522        0xc build/sky/contiki-ng-sky.a(packetbuf.o)
                0x0000000000006522                packetbuf_dataptr
 .text.packetbuf_copyto
                0x000000000000652e       0x46 build/sky/contiki-ng-sky.a(packetbuf.o)
                0x000000000000652e                packetbuf_copyto
 .text.packetbuf_totlen
                0x0000000000006574        0xc build/sky/contiki-ng-sky.a(packetbuf.o)
                0x0000000000006574                packetbuf_totlen
 .text.packetbuf_hdralloc
                0x0000000000006580       0x3c build/sky/contiki-ng-sky.a(packetbuf.o)
                0x0000000000006580                packetbuf_hdralloc
 .text.packetbuf_attr_clear
                0x00000000000065bc       0x28 build/sky/contiki-ng-sky.a(packetbuf.o)
                0x00000000000065bc                packetbuf_attr_clear
 .text.packetbuf_clear
                0x00000000000065e4       0x12 build/sky/contiki-ng-sky.a(packetbuf.o)
                0x00000000000065e4                packetbuf_clear
 .text.packetbuf_copyfrom
                0x00000000000065f6       0x2e build/sky/contiki-ng-sky.a(packetbuf.o)
                0x00000000000065f6                packetbuf_copyfrom
 .text.packetbuf_attr_copyto
                0x0000000000006624       0x22 build/sky/contiki-ng-sky.a(packetbuf.o)
                0x0000000000006624                packetbuf_attr_copyto
 .text.packetbuf_attr_copyfrom
                0x0000000000006646       0x24 build/sky/contiki-ng-sky.a(packetbuf.o)
                0x0000000000006646                packetbuf_attr_copyfrom
 .text.packetbuf_set_attr
                0x000000000000666a        0xc build/sky/contiki-ng-sky.a(packetbuf.o)
                0x000000000000666a                packetbuf_set_attr
 .text.packetbuf_attr
                0x0000000000006676        0xa build/sky/contiki-ng-sky.a(packetbuf.o)
                0x0000000000006676                packetbuf_attr
 .text.packetbuf_set_addr
                0x0000000000006680       0x18 build/sky/contiki-ng-sky.a(packetbuf.o)
                0x0000000000006680                packetbuf_set_addr
 .text.packetbuf_addr
                0x0000000000006698       0x12 build/sky/contiki-ng-sky.a(packetbuf.o)
                0x0000000000006698                packetbuf_addr
 .text.packetbuf_holds_broadcast
                0x00000000000066aa        0xe build/sky/contiki-ng-sky.a(packetbuf.o)
                0x00000000000066aa                packetbuf_holds_broadcast
 .text.queuebuf_init
                0x00000000000066b8       0x12 build/sky/contiki-ng-sky.a(queuebuf.o)
                0x00000000000066b8                queuebuf_init
 .text.queuebuf_numfree
                0x00000000000066ca        0xa build/sky/contiki-ng-sky.a(queuebuf.o)
                0x00000000000066ca                queuebuf_numfree
 .text.queuebuf_new_from_packetbuf
                0x00000000000066d4       0x52 build/sky/contiki-ng-sky.a(queuebuf.o)
                0x00000000000066d4                queuebuf_new_from_packetbuf
 .text.queuebuf_update_attr_from_packetbuf
                0x0000000000006726       0x12 build/sky/contiki-ng-sky.a(queuebuf.o)
                0x0000000000006726                queuebuf_update_attr_from_packetbuf
 .text.queuebuf_free
                0x0000000000006738       0x2a build/sky/contiki-ng-sky.a(queuebuf.o)
                0x0000000000006738                queuebuf_free
 .text.queuebuf_to_packetbuf
                0x0000000000006762       0x32 build/sky/contiki-ng-sky.a(queuebuf.o)
                0x0000000000006762                queuebuf_to_packetbuf
 .text.on       0x0000000000006794        0x6 build/sky/contiki-ng-sky.a(csma.o)
 .text.off      0x000000000000679a        0x6 build/sky/contiki-ng-sky.a(csma.o)
 .text.max_payload
                0x00000000000067a0       0x38 build/sky/contiki-ng-sky.a(csma.o)
 .text.send_packet
                0x00000000000067d8        0x6 build/sky/contiki-ng-sky.a(csma.o)
 .text.init     0x00000000000067de       0x1c build/sky/contiki-ng-sky.a(csma.o)
 .text.input_packet
                0x00000000000067fa       0x58 build/sky/contiki-ng-sky.a(csma.o)
 .text.clear_fragments
                0x0000000000006852       0x40 build/sky/contiki-ng-sky.a(sicslowpan.o)
 .text.addr_context_lookup_by_number
                0x0000000000006892       0x16 build/sky/contiki-ng-sky.a(sicslowpan.o)
 .text.sicslowpan_init
                0x00000000000068a8       0x18 build/sky/contiki-ng-sky.a(sicslowpan.o)
                0x00000000000068a8                sicslowpan_init
 .text.set_packet_attrs
                0x00000000000068c0       0x66 build/sky/contiki-ng-sky.a(sicslowpan.o)
 .text.compress_addr_64
                0x0000000000006926       0xae build/sky/contiki-ng-sky.a(sicslowpan.o)
 .text.addr_context_lookup_by_prefix
                0x00000000000069d4       0x20 build/sky/contiki-ng-sky.a(sicslowpan.o)
 .text.send_packet
                0x00000000000069f4       0x1a build/sky/contiki-ng-sky.a(sicslowpan.o)
 .text.fragment_copy_payload_and_send
                0x0000000000006a0e       0x60 build/sky/contiki-ng-sky.a(sicslowpan.o)
 .text.output   0x0000000000006a6e      0x7c6 build/sky/contiki-ng-sky.a(sicslowpan.o)
 .text.packet_sent
                0x0000000000007234       0x56 build/sky/contiki-ng-sky.a(sicslowpan.o)
 .text.store_fragment
                0x000000000000728a       0xb8 build/sky/contiki-ng-sky.a(sicslowpan.o)
 .text.add_fragment
                0x0000000000007342      0x1fc build/sky/contiki-ng-sky.a(sicslowpan.o)
 .text.uncompress_addr
                0x000000000000753e       0xb4 build/sky/contiki-ng-sky.a(sicslowpan.o)
 .text.input    0x00000000000075f2      0xa00 build/sky/contiki-ng-sky.a(sicslowpan.o)
 .text.process_thread_simple_udp_process
                0x0000000000007ff2       0xb8 build/sky/contiki-ng-sky.a(simple-udp.o)
 .text.simple_udp_sendto
                0x00000000000080aa       0x2c build/sky/contiki-ng-sky.a(simple-udp.o)
                0x00000000000080aa                simple_udp_sendto
 .text.simple_udp_register
                0x00000000000080d6       0x96 build/sky/contiki-ng-sky.a(simple-udp.o)
                0x00000000000080d6                simple_udp_register
 .text.tcpip_output
                0x000000000000816c       0x22 build/sky/contiki-ng-sky.a(tcpip.o)
                0x000000000000816c                tcpip_output
 .text.udp_new  0x000000000000818e       0x1a build/sky/contiki-ng-sky.a(tcpip.o)
                0x000000000000818e                udp_new
 .text.tcpip_input
                0x00000000000081a8       0x1e build/sky/contiki-ng-sky.a(tcpip.o)
                0x00000000000081a8                tcpip_input
 .text.tcpip_ipv6_output
                0x00000000000081c6      0x114 build/sky/contiki-ng-sky.a(tcpip.o)
                0x00000000000081c6                tcpip_ipv6_output
 .text.packet_input.part.3
                0x00000000000082da       0x12 build/sky/contiki-ng-sky.a(tcpip.o)
 .text.process_thread_tcpip_process
                0x00000000000082ec       0xcc build/sky/contiki-ng-sky.a(tcpip.o)
 .text.tcpip_uipcall
                0x00000000000083b8       0x2a build/sky/contiki-ng-sky.a(tcpip.o)
                0x00000000000083b8                tcpip_uipcall
 .text.uip_ds6_nbr_rm
                0x00000000000083e2       0x1e build/sky/contiki-ng-sky.a(uip-ds6-nbr.o)
                0x00000000000083e2                uip_ds6_nbr_rm
 .text.uip_ds6_neighbors_init
                0x0000000000008400       0x12 build/sky/contiki-ng-sky.a(uip-ds6-nbr.o)
                0x0000000000008400                uip_ds6_neighbors_init
 .text.uip_ds6_nbr_add
                0x0000000000008412       0x3e build/sky/contiki-ng-sky.a(uip-ds6-nbr.o)
                0x0000000000008412                uip_ds6_nbr_add
 .text.uip_ds6_nbr_get_ll
                0x0000000000008450        0xc build/sky/contiki-ng-sky.a(uip-ds6-nbr.o)
                0x0000000000008450                uip_ds6_nbr_get_ll
 .text.uip_ds6_nbr_head
                0x000000000000845c        0xa build/sky/contiki-ng-sky.a(uip-ds6-nbr.o)
                0x000000000000845c                uip_ds6_nbr_head
 .text.uip_ds6_nbr_next
                0x0000000000008466        0xc build/sky/contiki-ng-sky.a(uip-ds6-nbr.o)
                0x0000000000008466                uip_ds6_nbr_next
 .text.uip_ds6_nbr_lookup
                0x0000000000008472       0x3a build/sky/contiki-ng-sky.a(uip-ds6-nbr.o)
                0x0000000000008472                uip_ds6_nbr_lookup
 .text.uip_ds6_nbr_ll_lookup
                0x00000000000084ac        0xc build/sky/contiki-ng-sky.a(uip-ds6-nbr.o)
                0x00000000000084ac                uip_ds6_nbr_ll_lookup
 .text.uip_ds6_nbr_update_ll
                0x00000000000084b8       0x76 build/sky/contiki-ng-sky.a(uip-ds6-nbr.o)
                0x00000000000084b8                uip_ds6_nbr_update_ll
 .text.uip_ds6_nbr_ipaddr_from_lladdr
                0x000000000000852e        0x6 build/sky/contiki-ng-sky.a(uip-ds6-nbr.o)
                0x000000000000852e                uip_ds6_nbr_ipaddr_from_lladdr
 .text.uip_ds6_nbr_lladdr_from_ipaddr
                0x0000000000008534       0x12 build/sky/contiki-ng-sky.a(uip-ds6-nbr.o)
                0x0000000000008534                uip_ds6_nbr_lladdr_from_ipaddr
 .text.uip_ds6_link_callback
                0x0000000000008546        0x2 build/sky/contiki-ng-sky.a(uip-ds6-nbr.o)
                0x0000000000008546                uip_ds6_link_callback
 .text.uip_ds6_route_init
                0x0000000000008548       0x12 build/sky/contiki-ng-sky.a(uip-ds6-route.o)
                0x0000000000008548                uip_ds6_route_init
 .text.uip_ds6_route_nexthop
                0x000000000000855a        0x4 build/sky/contiki-ng-sky.a(uip-ds6-route.o)
                0x000000000000855a                uip_ds6_route_nexthop
 .text.uip_ds6_route_lookup
                0x000000000000855e        0x4 build/sky/contiki-ng-sky.a(uip-ds6-route.o)
                0x000000000000855e                uip_ds6_route_lookup
 .text.uip_ds6_route_rm
                0x0000000000008562        0x2 build/sky/contiki-ng-sky.a(uip-ds6-route.o)
                0x0000000000008562                uip_ds6_route_rm
 .text.uip_ds6_defrt_rm
                0x0000000000008564       0x3c build/sky/contiki-ng-sky.a(uip-ds6-route.o)
                0x0000000000008564                uip_ds6_defrt_rm
 .text.uip_ds6_defrt_lookup
                0x00000000000085a0       0x40 build/sky/contiki-ng-sky.a(uip-ds6-route.o)
                0x00000000000085a0                uip_ds6_defrt_lookup
 .text.uip_ds6_defrt_add
                0x00000000000085e0       0x72 build/sky/contiki-ng-sky.a(uip-ds6-route.o)
                0x00000000000085e0                uip_ds6_defrt_add
 .text.uip_ds6_defrt_choose
                0x0000000000008652       0x3a build/sky/contiki-ng-sky.a(uip-ds6-route.o)
                0x0000000000008652                uip_ds6_defrt_choose
 .text.uip_ds6_defrt_periodic
                0x000000000000868c       0x38 build/sky/contiki-ng-sky.a(uip-ds6-route.o)
                0x000000000000868c                uip_ds6_defrt_periodic
 .text.uip_ds6_default_prefix
                0x00000000000086c4        0x6 build/sky/contiki-ng-sky.a(uip-ds6.o)
                0x00000000000086c4                uip_ds6_default_prefix
 .text.uip_ds6_list_loop
                0x00000000000086ca       0x92 build/sky/contiki-ng-sky.a(uip-ds6.o)
                0x00000000000086ca                uip_ds6_list_loop
 .text.uip_ds6_prefix_add
                0x000000000000875c       0x80 build/sky/contiki-ng-sky.a(uip-ds6.o)
                0x000000000000875c                uip_ds6_prefix_add
 .text.uip_ds6_is_addr_onlink
                0x00000000000087dc       0x54 build/sky/contiki-ng-sky.a(uip-ds6.o)
                0x00000000000087dc                uip_ds6_is_addr_onlink
 .text.uip_ds6_addr_lookup
                0x0000000000008830       0x2a build/sky/contiki-ng-sky.a(uip-ds6.o)
                0x0000000000008830                uip_ds6_addr_lookup
 .text.uip_ds6_get_link_local
                0x000000000000885a       0x3e build/sky/contiki-ng-sky.a(uip-ds6.o)
                0x000000000000885a                uip_ds6_get_link_local
 .text.uip_ds6_maddr_add
                0x0000000000008898       0x4c build/sky/contiki-ng-sky.a(uip-ds6.o)
                0x0000000000008898                uip_ds6_maddr_add
 .text.uip_ds6_addr_add
                0x00000000000088e4       0xc4 build/sky/contiki-ng-sky.a(uip-ds6.o)
                0x00000000000088e4                uip_ds6_addr_add
 .text.uip_ds6_maddr_rm
                0x00000000000089a8        0xa build/sky/contiki-ng-sky.a(uip-ds6.o)
                0x00000000000089a8                uip_ds6_maddr_rm
 .text.uip_ds6_maddr_lookup
                0x00000000000089b2       0x2a build/sky/contiki-ng-sky.a(uip-ds6.o)
                0x00000000000089b2                uip_ds6_maddr_lookup
 .text.uip_ds6_addr_rm
                0x00000000000089dc       0x54 build/sky/contiki-ng-sky.a(uip-ds6.o)
                0x00000000000089dc                uip_ds6_addr_rm
 .text.uip_ds6_periodic
                0x0000000000008a30       0x46 build/sky/contiki-ng-sky.a(uip-ds6.o)
                0x0000000000008a30                uip_ds6_periodic
 .text.uip_ds6_set_addr_iid
                0x0000000000008a76       0x14 build/sky/contiki-ng-sky.a(uip-ds6.o)
                0x0000000000008a76                uip_ds6_set_addr_iid
 .text.uip_ds6_set_lladdr_from_iid
                0x0000000000008a8a       0x14 build/sky/contiki-ng-sky.a(uip-ds6.o)
                0x0000000000008a8a                uip_ds6_set_lladdr_from_iid
 .text.get_match_length
                0x0000000000008a9e       0x44 build/sky/contiki-ng-sky.a(uip-ds6.o)
                0x0000000000008a9e                get_match_length
 .text.uip_ds6_select_src
                0x0000000000008ae2       0xaa build/sky/contiki-ng-sky.a(uip-ds6.o)
                0x0000000000008ae2                uip_ds6_select_src
 .text.uip_ds6_compute_reachable_time
                0x0000000000008b8c       0x3e build/sky/contiki-ng-sky.a(uip-ds6.o)
                0x0000000000008b8c                uip_ds6_compute_reachable_time
 .text.uip_ds6_init
                0x0000000000008bca      0x164 build/sky/contiki-ng-sky.a(uip-ds6.o)
                0x0000000000008bca                uip_ds6_init
 .text.uip_udp_packet_send
                0x0000000000008d2e       0x2a build/sky/contiki-ng-sky.a(uip-udp-packet.)
                0x0000000000008d2e                uip_udp_packet_send
 .text.uip_udp_packet_sendto
                0x0000000000008d58       0x66 build/sky/contiki-ng-sky.a(uip-udp-packet.)
                0x0000000000008d58                uip_udp_packet_sendto
 .text.chksum   0x0000000000008dbe       0x32 build/sky/contiki-ng-sky.a(uip6.o)
 .text.upper_layer_chksum
                0x0000000000008df0       0x58 build/sky/contiki-ng-sky.a(uip6.o)
 .text.ext_hdr_options_process
                0x0000000000008e48       0xa4 build/sky/contiki-ng-sky.a(uip6.o)
 .text.uip_check_mtu
                0x0000000000008eec       0x1e build/sky/contiki-ng-sky.a(uip6.o)
 .text.uip_update_ttl
                0x0000000000008f0a       0x24 build/sky/contiki-ng-sky.a(uip6.o)
 .text.uip_icmp6chksum
                0x0000000000008f2e        0xa build/sky/contiki-ng-sky.a(uip6.o)
                0x0000000000008f2e                uip_icmp6chksum
 .text.uip_udpchksum
                0x0000000000008f38        0xa build/sky/contiki-ng-sky.a(uip6.o)
                0x0000000000008f38                uip_udpchksum
 .text.uip_init
                0x0000000000008f42       0x3c build/sky/contiki-ng-sky.a(uip6.o)
                0x0000000000008f42                uip_init
 .text.uip_remove_ext_hdr
                0x0000000000008f7e       0x5e build/sky/contiki-ng-sky.a(uip6.o)
                0x0000000000008f7e                uip_remove_ext_hdr
 .text.uip_udp_new
                0x0000000000008fdc       0xac build/sky/contiki-ng-sky.a(uip6.o)
                0x0000000000008fdc                uip_udp_new
 .text.uip_process
                0x0000000000009088      0x4be build/sky/contiki-ng-sky.a(uip6.o)
                0x0000000000009088                uip_process
 .text.uip_htonl
                0x0000000000009546       0x2e build/sky/contiki-ng-sky.a(uip6.o)
                0x0000000000009546                uip_htonl
 .text.uipbuf_add_ext_hdr
                0x0000000000009574       0x1c build/sky/contiki-ng-sky.a(uipbuf.o)
                0x0000000000009574                uipbuf_add_ext_hdr
 .text.uipbuf_set_len
                0x0000000000009590       0x12 build/sky/contiki-ng-sky.a(uipbuf.o)
                0x0000000000009590                uipbuf_set_len
 .text.uipbuf_set_len_field
                0x00000000000095a2        0xe build/sky/contiki-ng-sky.a(uipbuf.o)
                0x00000000000095a2                uipbuf_set_len_field
 .text.uipbuf_get_len_field
                0x00000000000095b0        0xe build/sky/contiki-ng-sky.a(uipbuf.o)
                0x00000000000095b0                uipbuf_get_len_field
 .text.uipbuf_get_next_header
                0x00000000000095be       0x62 build/sky/contiki-ng-sky.a(uipbuf.o)
                0x00000000000095be                uipbuf_get_next_header
 .text.uipbuf_get_last_header
                0x0000000000009620       0x3e build/sky/contiki-ng-sky.a(uipbuf.o)
                0x0000000000009620                uipbuf_get_last_header
 .text.uipbuf_search_header
                0x000000000000965e       0x4e build/sky/contiki-ng-sky.a(uipbuf.o)
                0x000000000000965e                uipbuf_search_header
 .text.uipbuf_get_attr
                0x00000000000096ac       0x12 build/sky/contiki-ng-sky.a(uipbuf.o)
                0x00000000000096ac                uipbuf_get_attr
 .text.uipbuf_set_attr
                0x00000000000096be       0x14 build/sky/contiki-ng-sky.a(uipbuf.o)
                0x00000000000096be                uipbuf_set_attr
 .text.uipbuf_clear_attr
                0x00000000000096d2       0x12 build/sky/contiki-ng-sky.a(uipbuf.o)
                0x00000000000096d2                uipbuf_clear_attr
 .text.uipbuf_clear
                0x00000000000096e4       0x12 build/sky/contiki-ng-sky.a(uipbuf.o)
                0x00000000000096e4                uipbuf_clear
 .text.uipbuf_init
                0x00000000000096f6       0x1a build/sky/contiki-ng-sky.a(uipbuf.o)
                0x00000000000096f6                uipbuf_init
 .text.uiplib_ipaddr_snprint
                0x0000000000009710      0x12c build/sky/contiki-ng-sky.a(uiplib.o)
                0x0000000000009710                uiplib_ipaddr_snprint
 .text.rpl_has_joined
                0x000000000000983c       0x12 build/sky/contiki-ng-sky.a(rpl.o)
                0x000000000000983c                rpl_has_joined
 .text.rpl_is_reachable
                0x000000000000984e       0x12 build/sky/contiki-ng-sky.a(rpl.o)
                0x000000000000984e                rpl_is_reachable
 .text.neighbor_state_changed
                0x0000000000009860        0x2 build/sky/contiki-ng-sky.a(rpl.o)
 .text.drop_route
                0x0000000000009862        0x2 build/sky/contiki-ng-sky.a(rpl.o)
 .text.rpl_get_leaf_only
                0x0000000000009864        0x6 build/sky/contiki-ng-sky.a(rpl.o)
                0x0000000000009864                rpl_get_leaf_only
 .text.get_sr_node_ipaddr
                0x000000000000986a       0x34 build/sky/contiki-ng-sky.a(rpl.o)
 .text.init     0x000000000000989e       0x42 build/sky/contiki-ng-sky.a(rpl.o)
 .text.set_ip_from_prefix
                0x00000000000098e0       0x38 build/sky/contiki-ng-sky.a(rpl.o)
 .text.rpl_link_callback
                0x0000000000009918       0x1e build/sky/contiki-ng-sky.a(rpl.o)
                0x0000000000009918                rpl_link_callback
 .text.rpl_lollipop_greater_than
                0x0000000000009936       0x3c build/sky/contiki-ng-sky.a(rpl.o)
                0x0000000000009936                rpl_lollipop_greater_than
 .text.rpl_get_global_address
                0x0000000000009972       0xbe build/sky/contiki-ng-sky.a(rpl.o)
                0x0000000000009972                rpl_get_global_address
 .text.rpl_reset_prefix
                0x0000000000009a30       0x24 build/sky/contiki-ng-sky.a(rpl.o)
                0x0000000000009a30                rpl_reset_prefix
 .text.rpl_set_prefix_from_addr
                0x0000000000009a54       0x92 build/sky/contiki-ng-sky.a(rpl.o)
                0x0000000000009a54                rpl_set_prefix_from_addr
 .text.init_platform
                0x0000000000009ae6        0xc build/sky/contiki-ng-sky.a(contiki-sky-pla)
                0x0000000000009ae6                init_platform
 .text.status   0x0000000000009af2       0x18 build/sky/contiki-ng-sky.a(button-sensor.o)
 .text.value    0x0000000000009b0a       0x20 build/sky/contiki-ng-sky.a(button-sensor.o)
 .text.configure
                0x0000000000009b2a       0x4c build/sky/contiki-ng-sky.a(button-sensor.o)
 .text.irq_p2   0x0000000000009b76       0x46 build/sky/contiki-ng-sky.a(button-sensor.o)
                0x0000000000009b76                irq_p2
                0x0000000000009b76                __isr_1
 .text.spi_init
                0x0000000000009bbc       0x30 build/sky/contiki-ng-sky.a(spi-legacy.o)
                0x0000000000009bbc                spi_init
 .text.owreadb  0x0000000000009bec       0x50 build/sky/contiki-ng-sky.a(ds2411.o)
 .text.ds2411_init
                0x0000000000009c3c      0x120 build/sky/contiki-ng-sky.a(ds2411.o)
                0x0000000000009c3c                ds2411_init
 .text.xmem_init
                0x0000000000009d5c       0x3c build/sky/contiki-ng-sky.a(xmem.o)
                0x0000000000009d5c                xmem_init
 .text.process_thread_sensors_process
                0x0000000000009d98       0xc2 build/sky/contiki-ng-sky.a(sensors.o)
 .text.sensors_changed
                0x0000000000009e5a       0x2a build/sky/contiki-ng-sky.a(sensors.o)
                0x0000000000009e5a                sensors_changed
 .text.uart1_active
                0x0000000000009e84       0x18 build/sky/contiki-ng-sky.a(uart1.o)
                0x0000000000009e84                uart1_active
 .text.uart1_writeb
                0x0000000000009e9c       0x18 build/sky/contiki-ng-sky.a(uart1.o)
                0x0000000000009e9c                uart1_writeb
 .text.uart1_init
                0x0000000000009eb4       0xf4 build/sky/contiki-ng-sky.a(uart1.o)
                0x0000000000009eb4                uart1_init
 .text.stimer_set
                0x0000000000009fa8       0x1c build/sky/contiki-ng-sky.a(stimer.o)
                0x0000000000009fa8                stimer_set
 .text.stimer_expired
                0x0000000000009fc4       0x30 build/sky/contiki-ng-sky.a(stimer.o)
                0x0000000000009fc4                stimer_expired
 .text.memb_init
                0x0000000000009ff4       0x36 build/sky/contiki-ng-sky.a(memb.o)
                0x0000000000009ff4                memb_init
 .text.memb_alloc
                0x000000000000a02a       0x3e build/sky/contiki-ng-sky.a(memb.o)
                0x000000000000a02a                memb_alloc
 .text.memb_free
                0x000000000000a068       0x32 build/sky/contiki-ng-sky.a(memb.o)
                0x000000000000a068                memb_free
 .text.memb_inmemb
                0x000000000000a09a       0x2a build/sky/contiki-ng-sky.a(memb.o)
                0x000000000000a09a                memb_inmemb
 .text.memb_numfree
                0x000000000000a0c4       0x26 build/sky/contiki-ng-sky.a(memb.o)
                0x000000000000a0c4                memb_numfree
 .text.periodic
                0x000000000000a0ea       0x28 build/sky/contiki-ng-sky.a(link-stats.o)
 .text.link_stats_from_lladdr
                0x000000000000a112        0xc build/sky/contiki-ng-sky.a(link-stats.o)
                0x000000000000a112                link_stats_from_lladdr
 .text.link_stats_is_fresh
                0x000000000000a11e       0x30 build/sky/contiki-ng-sky.a(link-stats.o)
                0x000000000000a11e                link_stats_is_fresh
 .text.guess_etx_from_rssi
                0x000000000000a14e       0x42 build/sky/contiki-ng-sky.a(link-stats.o)
                0x000000000000a14e                guess_etx_from_rssi
 .text.link_stats_packet_sent
                0x000000000000a190       0xea build/sky/contiki-ng-sky.a(link-stats.o)
                0x000000000000a190                link_stats_packet_sent
 .text.link_stats_input_callback
                0x000000000000a27a       0xb2 build/sky/contiki-ng-sky.a(link-stats.o)
                0x000000000000a27a                link_stats_input_callback
 .text.link_stats_reset
                0x000000000000a32c       0x2a build/sky/contiki-ng-sky.a(link-stats.o)
                0x000000000000a32c                link_stats_reset
 .text.link_stats_init
                0x000000000000a356       0x22 build/sky/contiki-ng-sky.a(link-stats.o)
                0x000000000000a356                link_stats_init
 .text.item_from_index
                0x000000000000a378       0x2a build/sky/contiki-ng-sky.a(nbr-table.o)
 .text.index_from_key
                0x000000000000a3a2       0x26 build/sky/contiki-ng-sky.a(nbr-table.o)
 .text.index_from_item
                0x000000000000a3c8       0x1e build/sky/contiki-ng-sky.a(nbr-table.o)
 .text.nbr_set_bit
                0x000000000000a3e6       0x58 build/sky/contiki-ng-sky.a(nbr-table.o)
 .text.index_from_lladdr
                0x000000000000a43e       0x42 build/sky/contiki-ng-sky.a(nbr-table.o)
 .text.nbr_get_bit.constprop.3
                0x000000000000a480       0x2e build/sky/contiki-ng-sky.a(nbr-table.o)
 .text.remove_key
                0x000000000000a4ae       0x84 build/sky/contiki-ng-sky.a(nbr-table.o)
 .text.nbr_table_is_registered
                0x000000000000a532       0x22 build/sky/contiki-ng-sky.a(nbr-table.o)
                0x000000000000a532                nbr_table_is_registered
 .text.nbr_table_register
                0x000000000000a554       0x40 build/sky/contiki-ng-sky.a(nbr-table.o)
                0x000000000000a554                nbr_table_register
 .text.nbr_table_next
                0x000000000000a594       0x54 build/sky/contiki-ng-sky.a(nbr-table.o)
                0x000000000000a594                nbr_table_next
 .text.nbr_table_head
                0x000000000000a5e8       0x3a build/sky/contiki-ng-sky.a(nbr-table.o)
                0x000000000000a5e8                nbr_table_head
 .text.nbr_table_get_from_lladdr
                0x000000000000a622       0x2c build/sky/contiki-ng-sky.a(nbr-table.o)
                0x000000000000a622                nbr_table_get_from_lladdr
 .text.entry_is_allowed.isra.2
                0x000000000000a64e       0x82 build/sky/contiki-ng-sky.a(nbr-table.o)
 .text.nbr_table_add_lladdr
                0x000000000000a6d0       0xbe build/sky/contiki-ng-sky.a(nbr-table.o)
                0x000000000000a6d0                nbr_table_add_lladdr
 .text.nbr_table_remove
                0x000000000000a78e       0x32 build/sky/contiki-ng-sky.a(nbr-table.o)
                0x000000000000a78e                nbr_table_remove
 .text.nbr_table_lock
                0x000000000000a7c0       0x10 build/sky/contiki-ng-sky.a(nbr-table.o)
                0x000000000000a7c0                nbr_table_lock
 .text.nbr_table_unlock
                0x000000000000a7d0       0x10 build/sky/contiki-ng-sky.a(nbr-table.o)
                0x000000000000a7d0                nbr_table_unlock
 .text.nbr_table_get_lladdr
                0x000000000000a7e0       0x22 build/sky/contiki-ng-sky.a(nbr-table.o)
                0x000000000000a7e0                nbr_table_get_lladdr
 .text.mac_sequence_is_duplicate
                0x000000000000a802       0x84 build/sky/contiki-ng-sky.a(mac-sequence.o)
                0x000000000000a802                mac_sequence_is_duplicate
 .text.mac_sequence_register_seqno
                0x000000000000a886       0x90 build/sky/contiki-ng-sky.a(mac-sequence.o)
                0x000000000000a886                mac_sequence_register_seqno
 .text.parse    0x000000000000a916       0xa0 build/sky/contiki-ng-sky.a(framer-802154.o)
 .text.framer_802154_setup_params
                0x000000000000a9b6       0xb8 build/sky/contiki-ng-sky.a(framer-802154.o)
                0x000000000000a9b6                framer_802154_setup_params
 .text.create_frame
                0x000000000000aa6e       0xde build/sky/contiki-ng-sky.a(framer-802154.o)
 .text.create   0x000000000000ab4c        0x8 build/sky/contiki-ng-sky.a(framer-802154.o)
 .text.hdr_length
                0x000000000000ab54        0x8 build/sky/contiki-ng-sky.a(framer-802154.o)
 .text.schedule_transmission
                0x000000000000ab5c       0x70 build/sky/contiki-ng-sky.a(csma-output.o)
 .text.tx_done  0x000000000000abcc       0x9a build/sky/contiki-ng-sky.a(csma-output.o)
 .text.transmit_from_queue
                0x000000000000ac66      0x1bc build/sky/contiki-ng-sky.a(csma-output.o)
 .text.csma_output_packet
                0x000000000000ae22      0x186 build/sky/contiki-ng-sky.a(csma-output.o)
                0x000000000000ae22                csma_output_packet
 .text.csma_output_init
                0x000000000000afa8       0x1a build/sky/contiki-ng-sky.a(csma-output.o)
                0x000000000000afa8                csma_output_init
 .text.csma_security_create_frame
                0x000000000000afc2       0x10 build/sky/contiki-ng-sky.a(csma-security.o)
                0x000000000000afc2                csma_security_create_frame
 .text.csma_security_parse_frame
                0x000000000000afd2        0x6 build/sky/contiki-ng-sky.a(csma-security.o)
                0x000000000000afd2                csma_security_parse_frame
 .text.echo_reply_input
                0x000000000000afd8       0x68 build/sky/contiki-ng-sky.a(uip-icmp6.o)
 .text.echo_request_input
                0x000000000000b040       0x86 build/sky/contiki-ng-sky.a(uip-icmp6.o)
 .text.uip_icmp6_input
                0x000000000000b0c6       0x48 build/sky/contiki-ng-sky.a(uip-icmp6.o)
                0x000000000000b0c6                uip_icmp6_input
 .text.uip_icmp6_register_input_handler
                0x000000000000b10e        0xc build/sky/contiki-ng-sky.a(uip-icmp6.o)
                0x000000000000b10e                uip_icmp6_register_input_handler
 .text.uip_icmp6_error_output
                0x000000000000b11a      0x146 build/sky/contiki-ng-sky.a(uip-icmp6.o)
                0x000000000000b11a                uip_icmp6_error_output
 .text.uip_icmp6_send
                0x000000000000b260       0x8e build/sky/contiki-ng-sky.a(uip-icmp6.o)
                0x000000000000b260                uip_icmp6_send
 .text.uip_icmp6_init
                0x000000000000b2ee       0x12 build/sky/contiki-ng-sky.a(uip-icmp6.o)
                0x000000000000b2ee                uip_icmp6_init
 .text.ns_input
                0x000000000000b300      0x286 build/sky/contiki-ng-sky.a(uip-nd6.o)
 .text.uip_nd6_init
                0x000000000000b586        0xa build/sky/contiki-ng-sky.a(uip-nd6.o)
                0x000000000000b586                uip_nd6_init
 .text.node_matches_address.part.0
                0x000000000000b590       0x2e build/sky/contiki-ng-sky.a(uip-sr.o)
 .text.uip_sr_get_node
                0x000000000000b5be       0x44 build/sky/contiki-ng-sky.a(uip-sr.o)
                0x000000000000b5be                uip_sr_get_node
 .text.uip_sr_is_addr_reachable
                0x000000000000b602       0x4e build/sky/contiki-ng-sky.a(uip-sr.o)
                0x000000000000b602                uip_sr_is_addr_reachable
 .text.uip_sr_expire_parent
                0x000000000000b650       0x42 build/sky/contiki-ng-sky.a(uip-sr.o)
                0x000000000000b650                uip_sr_expire_parent
 .text.uip_sr_update_node
                0x000000000000b692       0xbc build/sky/contiki-ng-sky.a(uip-sr.o)
                0x000000000000b692                uip_sr_update_node
 .text.uip_sr_init
                0x000000000000b74e       0x16 build/sky/contiki-ng-sky.a(uip-sr.o)
                0x000000000000b74e                uip_sr_init
 .text.uip_sr_periodic
                0x000000000000b764       0x9a build/sky/contiki-ng-sky.a(uip-sr.o)
                0x000000000000b764                uip_sr_periodic
 .text.uip_sr_free_all
                0x000000000000b7fe       0x3c build/sky/contiki-ng-sky.a(uip-sr.o)
                0x000000000000b7fe                uip_sr_free_all
 .text.rpl_dag_root_set_prefix
                0x000000000000b83a       0x62 build/sky/contiki-ng-sky.a(rpl-dag-root.o)
                0x000000000000b83a                rpl_dag_root_set_prefix
 .text.rpl_dag_root_start
                0x000000000000b89c       0x8e build/sky/contiki-ng-sky.a(rpl-dag-root.o)
                0x000000000000b89c                rpl_dag_root_start
 .text.rpl_dag_root_is_root
                0x000000000000b92a       0x14 build/sky/contiki-ng-sky.a(rpl-dag-root.o)
                0x000000000000b92a                rpl_dag_root_is_root
 .text.init_dag
                0x000000000000b93e       0x84 build/sky/contiki-ng-sky.a(rpl-dag.o)
 .text.process_dio_init_dag
                0x000000000000b9c2       0xb0 build/sky/contiki-ng-sky.a(rpl-dag.o)
 .text.rpl_dag_get_root_ipaddr
                0x000000000000ba72       0x1e build/sky/contiki-ng-sky.a(rpl-dag.o)
                0x000000000000ba72                rpl_dag_get_root_ipaddr
 .text.rpl_dag_leave
                0x000000000000ba90       0x4a build/sky/contiki-ng-sky.a(rpl-dag.o)
                0x000000000000ba90                rpl_dag_leave
 .text.rpl_dag_poison_and_leave
                0x000000000000bada        0xc build/sky/contiki-ng-sky.a(rpl-dag.o)
                0x000000000000bada                rpl_dag_poison_and_leave
 .text.rpl_dag_periodic
                0x000000000000bae6       0x6a build/sky/contiki-ng-sky.a(rpl-dag.o)
                0x000000000000bae6                rpl_dag_periodic
 .text.rpl_is_addr_in_our_dag
                0x000000000000bb50       0x34 build/sky/contiki-ng-sky.a(rpl-dag.o)
                0x000000000000bb50                rpl_is_addr_in_our_dag
 .text.rpl_local_repair
                0x000000000000bb84       0x2a build/sky/contiki-ng-sky.a(rpl-dag.o)
                0x000000000000bb84                rpl_local_repair
 .text.rpl_global_repair
                0x000000000000bbae       0x2e build/sky/contiki-ng-sky.a(rpl-dag.o)
                0x000000000000bbae                rpl_global_repair
 .text.rpl_dag_ready_to_advertise
                0x000000000000bbdc       0x22 build/sky/contiki-ng-sky.a(rpl-dag.o)
                0x000000000000bbdc                rpl_dag_ready_to_advertise
 .text.rpl_dag_update_state
                0x000000000000bbfe      0x140 build/sky/contiki-ng-sky.a(rpl-dag.o)
                0x000000000000bbfe                rpl_dag_update_state
 .text.rpl_process_dio
                0x000000000000bd3e      0x1b6 build/sky/contiki-ng-sky.a(rpl-dag.o)
                0x000000000000bd3e                rpl_process_dio
 .text.rpl_process_dis
                0x000000000000bef4       0x2a build/sky/contiki-ng-sky.a(rpl-dag.o)
                0x000000000000bef4                rpl_process_dis
 .text.rpl_process_dao
                0x000000000000bf1e       0x6c build/sky/contiki-ng-sky.a(rpl-dag.o)
                0x000000000000bf1e                rpl_process_dao
 .text.rpl_process_dao_ack
                0x000000000000bf8a       0x54 build/sky/contiki-ng-sky.a(rpl-dag.o)
                0x000000000000bf8a                rpl_process_dao_ack
 .text.rpl_process_hbh
                0x000000000000bfde       0x2e build/sky/contiki-ng-sky.a(rpl-dag.o)
                0x000000000000bfde                rpl_process_hbh
 .text.rpl_dag_init_root
                0x000000000000c00c       0xbc build/sky/contiki-ng-sky.a(rpl-dag.o)
                0x000000000000c00c                rpl_dag_init_root
 .text.rpl_dag_init
                0x000000000000c0c8       0x10 build/sky/contiki-ng-sky.a(rpl-dag.o)
                0x000000000000c0c8                rpl_dag_init
 .text.update_hbh_header
                0x000000000000c0d8       0x4a build/sky/contiki-ng-sky.a(rpl-ext-header.)
 .text.rpl_ext_header_srh_get_next_hop
                0x000000000000c122       0x84 build/sky/contiki-ng-sky.a(rpl-ext-header.)
                0x000000000000c122                rpl_ext_header_srh_get_next_hop
 .text.rpl_ext_header_srh_update
                0x000000000000c1a6      0x118 build/sky/contiki-ng-sky.a(rpl-ext-header.)
                0x000000000000c1a6                rpl_ext_header_srh_update
 .text.rpl_ext_header_hbh_update
                0x000000000000c2be       0x9e build/sky/contiki-ng-sky.a(rpl-ext-header.)
                0x000000000000c2be                rpl_ext_header_hbh_update
 .text.rpl_ext_header_remove
                0x000000000000c35c       0xcc build/sky/contiki-ng-sky.a(rpl-ext-header.)
                0x000000000000c35c                rpl_ext_header_remove
 .text.rpl_ext_header_update
                0x000000000000c428      0x2aa build/sky/contiki-ng-sky.a(rpl-ext-header.)
                0x000000000000c428                rpl_ext_header_update
 .text.get32    0x000000000000c6d2       0x46 build/sky/contiki-ng-sky.a(rpl-icmp6.o)
 .text.set32    0x000000000000c718       0x2a build/sky/contiki-ng-sky.a(rpl-icmp6.o)
 .text.get16    0x000000000000c742        0xe build/sky/contiki-ng-sky.a(rpl-icmp6.o)
 .text.set16    0x000000000000c750       0x10 build/sky/contiki-ng-sky.a(rpl-icmp6.o)
 .text.dao_ack_input
                0x000000000000c760       0x2a build/sky/contiki-ng-sky.a(rpl-icmp6.o)
 .text.dao_input
                0x000000000000c78a      0x13e build/sky/contiki-ng-sky.a(rpl-icmp6.o)
 .text.dio_input
                0x000000000000c8c8      0x29c build/sky/contiki-ng-sky.a(rpl-icmp6.o)
 .text.dis_input
                0x000000000000cb64       0x1e build/sky/contiki-ng-sky.a(rpl-icmp6.o)
 .text.rpl_icmp6_update_nbr_table
                0x000000000000cb82       0x36 build/sky/contiki-ng-sky.a(rpl-icmp6.o)
                0x000000000000cb82                rpl_icmp6_update_nbr_table
 .text.rpl_icmp6_dis_output
                0x000000000000cbb8       0x34 build/sky/contiki-ng-sky.a(rpl-icmp6.o)
                0x000000000000cbb8                rpl_icmp6_dis_output
 .text.rpl_icmp6_dio_output
                0x000000000000cbec      0x23a build/sky/contiki-ng-sky.a(rpl-icmp6.o)
                0x000000000000cbec                rpl_icmp6_dio_output
 .text.rpl_icmp6_dao_output
                0x000000000000ce26       0xe6 build/sky/contiki-ng-sky.a(rpl-icmp6.o)
                0x000000000000ce26                rpl_icmp6_dao_output
 .text.rpl_icmp6_dao_ack_output
                0x000000000000cf0c       0x44 build/sky/contiki-ng-sky.a(rpl-icmp6.o)
                0x000000000000cf0c                rpl_icmp6_dao_ack_output
 .text.rpl_icmp6_init
                0x000000000000cf50       0x22 build/sky/contiki-ng-sky.a(rpl-icmp6.o)
                0x000000000000cf50                rpl_icmp6_init
 .text.reset    0x000000000000cf72        0x2 build/sky/contiki-ng-sky.a(rpl-mrhof.o)
 .text.update_metric_container
                0x000000000000cf74        0x6 build/sky/contiki-ng-sky.a(rpl-mrhof.o)
 .text.nbr_link_metric
                0x000000000000cf7a       0x12 build/sky/contiki-ng-sky.a(rpl-mrhof.o)
 .text.nbr_has_usable_link
                0x000000000000cf8c       0x14 build/sky/contiki-ng-sky.a(rpl-mrhof.o)
 .text.nbr_path_cost
                0x000000000000cfa0       0x38 build/sky/contiki-ng-sky.a(rpl-mrhof.o)
 .text.within_hysteresis
                0x000000000000cfd8       0x54 build/sky/contiki-ng-sky.a(rpl-mrhof.o)
 .text.nbr_is_acceptable_parent
                0x000000000000d02c       0x2c build/sky/contiki-ng-sky.a(rpl-mrhof.o)
 .text.rank_via_nbr
                0x000000000000d058       0x48 build/sky/contiki-ng-sky.a(rpl-mrhof.o)
 .text.best_parent
                0x000000000000d0a0       0x7c build/sky/contiki-ng-sky.a(rpl-mrhof.o)
 .text.get_rank
                0x000000000000d11c       0x16 build/sky/contiki-ng-sky.a(rpl-nbr-policy.)
 .text.rpl_nbr_gc_get_worst
                0x000000000000d132       0x28 build/sky/contiki-ng-sky.a(rpl-nbr-policy.)
                0x000000000000d132                rpl_nbr_gc_get_worst
 .text.remove_neighbor
                0x000000000000d15a       0x24 build/sky/contiki-ng-sky.a(rpl-neighbor.o)
 .text.rpl_neighbor_get_from_lladdr
                0x000000000000d17e        0xc build/sky/contiki-ng-sky.a(rpl-neighbor.o)
                0x000000000000d17e                rpl_neighbor_get_from_lladdr
 .text.rpl_neighbor_rank_via_nbr
                0x000000000000d18a       0x18 build/sky/contiki-ng-sky.a(rpl-neighbor.o)
                0x000000000000d18a                rpl_neighbor_rank_via_nbr
 .text.rpl_neighbor_get_lladdr
                0x000000000000d1a2        0xc build/sky/contiki-ng-sky.a(rpl-neighbor.o)
                0x000000000000d1a2                rpl_neighbor_get_lladdr
 .text.rpl_neighbor_get_ipaddr
                0x000000000000d1ae        0xa build/sky/contiki-ng-sky.a(rpl-neighbor.o)
                0x000000000000d1ae                rpl_neighbor_get_ipaddr
 .text.rpl_neighbor_get_link_stats
                0x000000000000d1b8        0xa build/sky/contiki-ng-sky.a(rpl-neighbor.o)
                0x000000000000d1b8                rpl_neighbor_get_link_stats
 .text.rpl_neighbor_is_fresh
                0x000000000000d1c2        0xa build/sky/contiki-ng-sky.a(rpl-neighbor.o)
                0x000000000000d1c2                rpl_neighbor_is_fresh
 .text.best_parent
                0x000000000000d1cc       0xb2 build/sky/contiki-ng-sky.a(rpl-neighbor.o)
 .text.rpl_neighbor_set_preferred_parent
                0x000000000000d27e       0x48 build/sky/contiki-ng-sky.a(rpl-neighbor.o)
                0x000000000000d27e                rpl_neighbor_set_preferred_parent
 .text.rpl_neighbor_remove_all
                0x000000000000d2c6       0x30 build/sky/contiki-ng-sky.a(rpl-neighbor.o)
                0x000000000000d2c6                rpl_neighbor_remove_all
 .text.rpl_neighbor_get_from_ipaddr
                0x000000000000d2f6       0x14 build/sky/contiki-ng-sky.a(rpl-neighbor.o)
                0x000000000000d2f6                rpl_neighbor_get_from_ipaddr
 .text.rpl_neighbor_select_best
                0x000000000000d30a       0x54 build/sky/contiki-ng-sky.a(rpl-neighbor.o)
                0x000000000000d30a                rpl_neighbor_select_best
 .text.rpl_neighbor_init
                0x000000000000d35e        0xe build/sky/contiki-ng-sky.a(rpl-neighbor.o)
                0x000000000000d35e                rpl_neighbor_init
 .text.handle_state_update
                0x000000000000d36c        0x6 build/sky/contiki-ng-sky.a(rpl-timers.o)
 .text.handle_leaving_timer
                0x000000000000d372        0xc build/sky/contiki-ng-sky.a(rpl-timers.o)
 .text.schedule_dao_retransmission
                0x000000000000d37e       0x34 build/sky/contiki-ng-sky.a(rpl-timers.o)
 .text.new_dio_interval
                0x000000000000d3b2       0x8a build/sky/contiki-ng-sky.a(rpl-timers.o)
 .text.handle_unicast_dio_timer
                0x000000000000d43c       0x12 build/sky/contiki-ng-sky.a(rpl-timers.o)
 .text.send_new_dao
                0x000000000000d44e       0x28 build/sky/contiki-ng-sky.a(rpl-timers.o)
 .text.resend_dao
                0x000000000000d476       0x24 build/sky/contiki-ng-sky.a(rpl-timers.o)
 .text.handle_dao_ack_timer
                0x000000000000d49a       0x12 build/sky/contiki-ng-sky.a(rpl-timers.o)
 .text.handle_dio_timer
                0x000000000000d4ac       0x6e build/sky/contiki-ng-sky.a(rpl-timers.o)
 .text.rpl_timers_schedule_periodic_dis
                0x000000000000d51a       0x40 build/sky/contiki-ng-sky.a(rpl-timers.o)
                0x000000000000d51a                rpl_timers_schedule_periodic_dis
 .text.handle_periodic_timer
                0x000000000000d55a       0x3a build/sky/contiki-ng-sky.a(rpl-timers.o)
 .text.handle_dis_timer
                0x000000000000d594       0x26 build/sky/contiki-ng-sky.a(rpl-timers.o)
 .text.rpl_timers_dio_reset
                0x000000000000d5ba       0x2e build/sky/contiki-ng-sky.a(rpl-timers.o)
                0x000000000000d5ba                rpl_timers_dio_reset
 .text.rpl_timers_schedule_unicast_dio
                0x000000000000d5e8       0x20 build/sky/contiki-ng-sky.a(rpl-timers.o)
                0x000000000000d5e8                rpl_timers_schedule_unicast_dio
 .text.rpl_timers_schedule_dao
                0x000000000000d608       0x3c build/sky/contiki-ng-sky.a(rpl-timers.o)
                0x000000000000d608                rpl_timers_schedule_dao
 .text.rpl_timers_schedule_dao_ack
                0x000000000000d644       0x34 build/sky/contiki-ng-sky.a(rpl-timers.o)
                0x000000000000d644                rpl_timers_schedule_dao_ack
 .text.rpl_timers_notify_dao_ack
                0x000000000000d678       0x82 build/sky/contiki-ng-sky.a(rpl-timers.o)
                0x000000000000d678                rpl_timers_notify_dao_ack
 .text.get_probing_delay
                0x000000000000d6fa       0x1c build/sky/contiki-ng-sky.a(rpl-timers.o)
                0x000000000000d6fa                get_probing_delay
 .text.get_probing_target
                0x000000000000d716       0xee build/sky/contiki-ng-sky.a(rpl-timers.o)
                0x000000000000d716                get_probing_target
 .text.rpl_schedule_probing
                0x000000000000d804       0x20 build/sky/contiki-ng-sky.a(rpl-timers.o)
                0x000000000000d804                rpl_schedule_probing
 .text.handle_probing_timer
                0x000000000000d824       0x2a build/sky/contiki-ng-sky.a(rpl-timers.o)
 .text.rpl_schedule_probing_now
                0x000000000000d84e       0x24 build/sky/contiki-ng-sky.a(rpl-timers.o)
                0x000000000000d84e                rpl_schedule_probing_now
 .text.rpl_timers_unschedule_leaving
                0x000000000000d872       0x1c build/sky/contiki-ng-sky.a(rpl-timers.o)
                0x000000000000d872                rpl_timers_unschedule_leaving
 .text.rpl_timers_schedule_leaving
                0x000000000000d88e       0x2a build/sky/contiki-ng-sky.a(rpl-timers.o)
                0x000000000000d88e                rpl_timers_schedule_leaving
 .text.rpl_timers_init
                0x000000000000d8b8       0x1c build/sky/contiki-ng-sky.a(rpl-timers.o)
                0x000000000000d8b8                rpl_timers_init
 .text.rpl_timers_stop_dag_timers
                0x000000000000d8d4       0x4c build/sky/contiki-ng-sky.a(rpl-timers.o)
                0x000000000000d8d4                rpl_timers_stop_dag_timers
 .text.rpl_timers_unschedule_state_update
                0x000000000000d920       0x10 build/sky/contiki-ng-sky.a(rpl-timers.o)
                0x000000000000d920                rpl_timers_unschedule_state_update
 .text.rpl_timers_schedule_state_update
                0x000000000000d930       0x1c build/sky/contiki-ng-sky.a(rpl-timers.o)
                0x000000000000d930                rpl_timers_schedule_state_update
 .text.mac_call_sent_callback
                0x000000000000d94c       0x14 build/sky/contiki-ng-sky.a(mac.o)
                0x000000000000d94c                mac_call_sent_callback
 .text.frame802154_get_pan_id
                0x000000000000d960        0x6 build/sky/contiki-ng-sky.a(frame802154.o)
                0x000000000000d960                frame802154_get_pan_id
 .text.frame802154_has_panid
                0x000000000000d966       0xe0 build/sky/contiki-ng-sky.a(frame802154.o)
                0x000000000000d966                frame802154_has_panid
 .text.field_len
                0x000000000000da46       0xac build/sky/contiki-ng-sky.a(frame802154.o)
 .text.frame802154_is_broadcast_addr
                0x000000000000daf2       0x28 build/sky/contiki-ng-sky.a(frame802154.o)
                0x000000000000daf2                frame802154_is_broadcast_addr
 .text.frame802154_hdrlen
                0x000000000000db1a       0x32 build/sky/contiki-ng-sky.a(frame802154.o)
                0x000000000000db1a                frame802154_hdrlen
 .text.frame802154_create_fcf
                0x000000000000db4c       0x96 build/sky/contiki-ng-sky.a(frame802154.o)
                0x000000000000db4c                frame802154_create_fcf
 .text.frame802154_create
                0x000000000000dbe2       0xe4 build/sky/contiki-ng-sky.a(frame802154.o)
                0x000000000000dbe2                frame802154_create
 .text.frame802154_parse_fcf
                0x000000000000dcc6       0xbc build/sky/contiki-ng-sky.a(frame802154.o)
                0x000000000000dcc6                frame802154_parse_fcf
 .text.frame802154_parse
                0x000000000000dd82      0x168 build/sky/contiki-ng-sky.a(frame802154.o)
                0x000000000000dd82                frame802154_parse
 .text.libgcc   0x000000000000deea       0x2c /usr/local/Cellar/gcc-msp430/4.7.0-20120911_2/lib/gcc/msp430/4.7.0/mmpy-16/libgcc.a(_mulsi3.o)
                0x000000000000deea                __mulsi3
 .text.libgcc   0x000000000000df16       0x22 /usr/local/Cellar/gcc-msp430/4.7.0-20120911_2/lib/gcc/msp430/4.7.0/mmpy-16/libgcc.a(_udivmod16.o)
                0x000000000000df16                __udivhi3
                0x000000000000df16                __ext_udivmod16
                0x000000000000df30                __umodhi3
 .text.libgcc   0x000000000000df38       0x3a /usr/local/Cellar/gcc-msp430/4.7.0-20120911_2/lib/gcc/msp430/4.7.0/mmpy-16/libgcc.a(_divmod16.o)
                0x000000000000df38                __ext_divmod16
                0x000000000000df38                __divhi3
                0x000000000000df6a                __modhi3
 .text.libgcc   0x000000000000df72       0x40 /usr/local/Cellar/gcc-msp430/4.7.0-20120911_2/lib/gcc/msp430/4.7.0/mmpy-16/libgcc.a(_udivmod32.o)
                0x000000000000df72                __udivsi3
                0x000000000000df72                __ext_udivmod32
                0x000000000000dfa8                __umodsi3
 .text.libgcc   0x000000000000dfb2       0x4c /usr/local/Cellar/gcc-msp430/4.7.0-20120911_2/lib/gcc/msp430/4.7.0/mmpy-16/libgcc.a(_divmod32.o)
                0x000000000000dfb2                __ext_divmod32
                0x000000000000dfb2                __divsi3
                0x000000000000dff4                __modsi3
 .text.printf   0x000000000000dffe       0x10 /usr/local/Cellar/gcc-msp430/4.7.0-20120911_2/lib/gcc/msp430/4.7.0/../../../../msp430/lib/mmpy-16/libc.a(printf.o)
                0x000000000000dffe                printf
 .text.append   0x000000000000e00e       0x22 /usr/local/Cellar/gcc-msp430/4.7.0-20120911_2/lib/gcc/msp430/4.7.0/../../../../msp430/lib/mmpy-16/libc.a(sprintf.o)
 .text.call_vuprintf
                0x000000000000e030       0x3a /usr/local/Cellar/gcc-msp430/4.7.0-20120911_2/lib/gcc/msp430/4.7.0/../../../../msp430/lib/mmpy-16/libc.a(sprintf.o)
 .text.snprintf
                0x000000000000e06a       0x1a /usr/local/Cellar/gcc-msp430/4.7.0-20120911_2/lib/gcc/msp430/4.7.0/../../../../msp430/lib/mmpy-16/libc.a(sprintf.o)
                0x000000000000e06a                snprintf
 .text.print_field
                0x000000000000e084      0x194 /usr/local/Cellar/gcc-msp430/4.7.0-20120911_2/lib/gcc/msp430/4.7.0/../../../../msp430/lib/mmpy-16/libc.a(vuprintf.o)
 .text.vuprintf
                0x000000000000e218      0x63c /usr/local/Cellar/gcc-msp430/4.7.0-20120911_2/lib/gcc/msp430/4.7.0/../../../../msp430/lib/mmpy-16/libc.a(vuprintf.o)
                0x000000000000e218                vuprintf
 .text.puts     0x000000000000e854       0x2c /usr/local/Cellar/gcc-msp430/4.7.0-20120911_2/lib/gcc/msp430/4.7.0/../../../../msp430/lib/mmpy-16/libc.a(puts.o)
                0x000000000000e854                puts
 .text.rand     0x000000000000e880       0x26 /usr/local/Cellar/gcc-msp430/4.7.0-20120911_2/lib/gcc/msp430/4.7.0/../../../../msp430/lib/mmpy-16/libc.a(rand.o)
                0x000000000000e880                rand
 .text.srand    0x000000000000e8a6        0xa /usr/local/Cellar/gcc-msp430/4.7.0-20120911_2/lib/gcc/msp430/4.7.0/../../../../msp430/lib/mmpy-16/libc.a(rand.o)
                0x000000000000e8a6                srand
 .text.memcmp   0x000000000000e8b0       0x30 /usr/local/Cellar/gcc-msp430/4.7.0-20120911_2/lib/gcc/msp430/4.7.0/../../../../msp430/lib/mmpy-16/libc.a(memcmp.o)
                0x000000000000e8b0                memcmp
 .text.memcpy   0x000000000000e8e0       0xfa /usr/local/Cellar/gcc-msp430/4.7.0-20120911_2/lib/gcc/msp430/4.7.0/../../../../msp430/lib/mmpy-16/libc.a(memcpy.o)
                0x000000000000e8e0                memcpy
 .text.memmove  0x000000000000e9da       0xfa /usr/local/Cellar/gcc-msp430/4.7.0-20120911_2/lib/gcc/msp430/4.7.0/../../../../msp430/lib/mmpy-16/libc.a(memmove.o)
                0x000000000000e9da                memmove
 .text.memset   0x000000000000ead4       0x6a /usr/local/Cellar/gcc-msp430/4.7.0-20120911_2/lib/gcc/msp430/4.7.0/../../../../msp430/lib/mmpy-16/libc.a(memset.o)
                0x000000000000ead4                memset
 .text.libgcc   0x000000000000eb3e       0xf0 /usr/local/Cellar/gcc-msp430/4.7.0-20120911_2/lib/gcc/msp430/4.7.0/mmpy-16/libgcc.a(_udivmod64.o)
                0x000000000000eb3e                __xabi_udivmod64
                0x000000000000eb9c                __udivdi3
                0x000000000000ebc2                __umoddi3
                0x000000000000ebf0                __udivmoddi4
 .text.crt0     0x000000000000ec2e        0x2 /usr/local/Cellar/gcc-msp430/4.7.0-20120911_2/lib/gcc/msp430/4.7.0/mmpy-16/libcrt0.a(_unexpected_.o)
                0x000000000000ec2e                _unexpected_
 *(.near.text .near.text.*)

.rodata         0x000000000000ec30      0x625
                0x000000000000ec30                . = ALIGN (0x2)
 *(.rodata .rodata.* .gnu.linkonce.r.*)
 .rodata        0x000000000000ec30      0x16c udp-client.o
                0x000000000000ed8c                autostart_processes
 .rodata        0x000000000000ed9c       0xf4 build/sky/obj/contiki-main.o
 .rodata.get_value
                0x000000000000ee90       0x34 build/sky/contiki-ng-sky.a(cc2420.o)
 .rodata.set_value
                0x000000000000eec4       0x10 build/sky/contiki-ng-sky.a(cc2420.o)
 .rodata        0x000000000000eed4       0x3e build/sky/contiki-ng-sky.a(cc2420.o)
                0x000000000000eed4                cc2420_aes_128_driver
                0x000000000000eed8                cc2420_driver
 .rodata        0x000000000000ef12       0x31 build/sky/contiki-ng-sky.a(platform.o)
 .rodata        0x000000000000ef43        0xf build/sky/contiki-ng-sky.a(ctimer.o)
 .rodata        0x000000000000ef52        0xc build/sky/contiki-ng-sky.a(etimer.o)
 .rodata        0x000000000000ef5e       0xb6 build/sky/contiki-ng-sky.a(log.o)
 .rodata        0x000000000000f014       0x6a build/sky/contiki-ng-sky.a(stack-check.o)
 .rodata        0x000000000000f07e        0x8 build/sky/contiki-ng-sky.a(linkaddr.o)
                0x000000000000f07e                linkaddr_null
 .rodata        0x000000000000f086       0x14 build/sky/contiki-ng-sky.a(csma.o)
                0x000000000000f08c                csma_driver
 .rodata        0x000000000000f09a       0x26 build/sky/contiki-ng-sky.a(sicslowpan.o)
                0x000000000000f0a6                sicslowpan_driver
                0x000000000000f0ae                llprefix
                0x000000000000f0b0                unc_mxconf
                0x000000000000f0b4                unc_ctxconf
                0x000000000000f0b8                unc_llconf
 .rodata        0x000000000000f0c0       0x13 build/sky/contiki-ng-sky.a(simple-udp.o)
 .rodata        0x000000000000f0d3        0xd build/sky/contiki-ng-sky.a(tcpip.o)
 .rodata        0x000000000000f0e0       0x2d build/sky/contiki-ng-sky.a(uiplib.o)