# Path: build/native/udp-client.native
# Arch: x86_64
# Object files:
[  0] linker synthesized
[  1] udp-client.o
[  2] build/native/contiki-ng-native.a(platform.o)
[  3] build/native/contiki-ng-native.a(clock.o)
[  4] build/native/contiki-ng-native.a(buttons.o)
[  5] build/native/contiki-ng-native.a(tun6-net.o)
[  6] build/native/contiki-ng-native.a(rtimer-arch.o)
[  7] build/native/contiki-ng-native.a(watchdog.o)
[  8] build/native/contiki-ng-native.a(int-master.o)
[  9] build/native/contiki-ng-native.a(gpio-hal-arch.o)
[ 10] build/native/contiki-ng-native.a(contiki-main.o)
[ 11] build/native/contiki-ng-native.a(autostart.o)
[ 12] build/native/contiki-ng-native.a(ctimer.o)
[ 13] build/native/contiki-ng-native.a(energest.o)
[ 14] build/native/contiki-ng-native.a(etimer.o)
[ 15] build/native/contiki-ng-native.a(log.o)
[ 16] build/native/contiki-ng-native.a(node-id.o)
[ 17] build/native/contiki-ng-native.a(process.o)
[ 18] build/native/contiki-ng-native.a(rtimer.o)
[ 19] build/native/contiki-ng-native.a(stimer.o)
[ 20] build/native/contiki-ng-native.a(timer.o)
[ 21] build/native/contiki-ng-native.a(list.o)
[ 22] build/native/contiki-ng-native.a(memb.o)
[ 23] build/native/contiki-ng-native.a(random.o)
[ 24] build/native/contiki-ng-native.a(ringbuf.o)
[ 25] build/native/contiki-ng-native.a(button-hal.o)
[ 26] build/native/contiki-ng-native.a(gpio-hal.o)
[ 27] build/native/contiki-ng-native.a(leds.o)
[ 28] build/native/contiki-ng-native.a(nullradio.o)
[ 29] build/native/contiki-ng-native.a(serial-line.o)
[ 30] build/native/contiki-ng-native.a(link-stats.o)
[ 31] build/native/contiki-ng-native.a(linkaddr.o)
[ 32] build/native/contiki-ng-native.a(nbr-table.o)
[ 33] build/native/contiki-ng-native.a(netstack.o)
[ 34] build/native/contiki-ng-native.a(packetbuf.o)
[ 35] build/native/contiki-ng-native.a(queuebuf.o)
[ 36] build/native/contiki-ng-native.a(nullmac.o)
[ 37] build/native/contiki-ng-native.a(simple-udp.o)
[ 38] build/native/contiki-ng-native.a(tcpip.o)
[ 39] build/native/contiki-ng-native.a(uip-ds6-nbr.o)
[ 40] build/native/contiki-ng-native.a(uip-ds6-route.o)
[ 41] build/native/contiki-ng-native.a(uip-ds6.o)
[ 42] build/native/contiki-ng-native.a(uip-icmp6.o)
[ 43] build/native/contiki-ng-native.a(uip-nd6.o)
[ 44] build/native/contiki-ng-native.a(uip-packetqueue.o)
[ 45] build/native/contiki-ng-native.a(uip-sr.o)
[ 46] build/native/contiki-ng-native.a(uip-udp-packet.o)
[ 47] build/native/contiki-ng-native.a(uip6.o)
[ 48] build/native/contiki-ng-native.a(uipbuf.o)
[ 49] build/native/contiki-ng-native.a(uiplib.o)
[ 50] build/native/contiki-ng-native.a(rpl-dag-root.o)
[ 51] build/native/contiki-ng-native.a(rpl-dag.o)
[ 52] build/native/contiki-ng-native.a(rpl-ext-header.o)
[ 53] build/native/contiki-ng-native.a(rpl-icmp6.o)
[ 54] build/native/contiki-ng-native.a(rpl-mrhof.o)
[ 55] build/native/contiki-ng-native.a(rpl-nbr-policy.o)
[ 56] build/native/contiki-ng-native.a(rpl-neighbor.o)
[ 57] build/native/contiki-ng-native.a(rpl-timers.o)
[ 58] build/native/contiki-ng-native.a(rpl.o)
[ 59] /Library/Developer/CommandLineTools/SDKs/MacOSX.sdk/usr/lib/libSystem.tbd
# Sections:
# Address	Size    	Segment	Section
0x100000BE0	0x0000F735	__TEXT	__text
0x100010316	0x000000CC	__TEXT	__stubs
0x1000103E4	0x00000164	__TEXT	__stub_helper
0x100010548	0x000005AF	__TEXT	__cstring
0x100010B00	0x00000118	__TEXT	__const
0x100010C18	0x000003E8	__TEXT	__unwind_info
0x100011000	0x00000190	__DATA_CONST	__got
0x100011190	0x000001E8	__DATA_CONST	__const
0x100012000	0x00000110	__DATA	__la_symbol_ptr
0x100012110	0x00000428	__DATA	__data
0x100012540	0x0000D7C1	__DATA	__bss
0x10001FD10	0x00000BA0	__DATA	__common
# Symbols:
# Address	Size    	File  Name
0x100000BE0	0x000001B0	[  1] _process_thread_udp_client_process
0x100000D90	0x0000005F	[  1] _udp_rx_callback
0x100000DF0	0x000000E0	[  2] _select_set_callback
0x100000ED0	0x00000010	[  2] _native_uart_set_input
0x100000EE0	0x00000020	[  2] _platform_process_args
0x100000F00	0x00000020	[  2] _platform_init_stage_one
0x100000F20	0x00000050	[  2] _platform_init_stage_two
0x100000F70	0x000000E0	[  2] _platform_init_stage_three
0x100001050	0x000001D0	[  2] _platform_main_loop
0x100001220	0x00000030	[  2] _log_message
0x100001250	0x00000020	[  2] _uip_log
0x100001270	0x00000040	[  2] _stdin_set_fd
0x1000012B0	0x0000004E	[  2] _stdin_handle_fd
0x100001300	0x00000050	[  3] _clock_time
0x100001350	0x00000020	[  3] _clock_seconds
0x100001370	0x00000010	[  3] _clock_delay
0x100001380	0x00000006	[  3] _clock_init
0x100001390	0x00000010	[  5] _input
0x1000013A0	0x00000050	[  5] _output
0x1000013F0	0x00000170	[  5] _tun_init
0x100001560	0x00000050	[  5] _cleanup
0x1000015B0	0x00000030	[  5] _sigcleanup
0x1000015E0	0x00000060	[  5] _set_fd
0x100001640	0x00000090	[  5] _handle_fd
0x1000016D0	0x00000110	[  5] _ssystem
0x1000017E0	0x00000020	[  6] _rtimer_arch_init
0x100001800	0x00000020	[  6] _interrupt
0x100001820	0x00000055	[  6] _rtimer_arch_schedule
0x100001880	0x00000010	[  7] _watchdog_init
0x100001890	0x00000010	[  7] _watchdog_start
0x1000018A0	0x00000010	[  7] _watchdog_periodic
0x1000018B0	0x00000010	[  7] _watchdog_stop
0x1000018C0	0x0000000E	[  7] _watchdog_reboot
0x1000018D0	0x00000010	[  8] _int_master_enable
0x1000018E0	0x00000020	[  8] _int_master_read_and_disable
0x100001900	0x00000010	[  8] _int_master_status_set
0x100001910	0x00000010	[  8] _int_master_is_enabled
0x100001920	0x00000010	[  9] _gpio_hal_arch_init
0x100001930	0x00000010	[  9] _gpio_hal_arch_no_port_interrupt_enable
0x100001940	0x00000010	[  9] _gpio_hal_arch_no_port_interrupt_disable
0x100001950	0x00000020	[  9] _gpio_hal_arch_no_port_pin_cfg_set
0x100001970	0x00000020	[  9] _gpio_hal_arch_no_port_pin_cfg_get
0x100001990	0x00000010	[  9] _gpio_hal_arch_no_port_pin_set_input
0x1000019A0	0x00000010	[  9] _gpio_hal_arch_no_port_pin_set_output
0x1000019B0	0x00000020	[  9] _gpio_hal_arch_no_port_set_pin
0x1000019D0	0x00000020	[  9] _gpio_hal_arch_no_port_clear_pin
0x1000019F0	0x00000030	[  9] _gpio_hal_arch_no_port_read_pin
0x100001A20	0x00000020	[  9] _gpio_hal_arch_no_port_write_pin
0x100001A40	0x000003D0	[  9] _gpio_hal_arch_no_port_set_pins
0x100001E10	0x000003D0	[  9] _gpio_hal_arch_no_port_clear_pins
0x1000021E0	0x00000110	[  9] _gpio_hal_arch_no_port_read_pins
0x1000022F0	0x00000298	[  9] _gpio_hal_arch_no_port_write_pins
0x100002590	0x000002ED	[ 10] _main
0x100002880	0x00000040	[ 11] _autostart_start
0x1000028C0	0x00000038	[ 11] _autostart_exit
0x100002900	0x00000110	[ 12] _process_thread_ctimer_process
0x100002A10	0x00000030	[ 12] _ctimer_init
0x100002A40	0x00000070	[ 12] _ctimer_set
0x100002AB0	0x00000070	[ 12] _ctimer_set_with_process
0x100002B20	0x00000050	[ 12] _ctimer_reset
0x100002B70	0x00000050	[ 12] _ctimer_restart
0x100002BC0	0x00000050	[ 12] _ctimer_stop
0x100002C10	0x00000058	[ 12] _ctimer_expired
0x100002C70	0x00000010	[ 13] _energest_init
0x100002C80	0x00000010	[ 13] _energest_flush
0x100002C90	0x00000008	[ 13] _energest_get_total_time
0x100002CA0	0x000001C0	[ 14] _process_thread_etimer_process
0x100002E60	0x00000020	[ 14] _etimer_request_poll
0x100002E80	0x00000130	[ 14] _etimer_set
0x100002FB0	0x00000140	[ 14] _etimer_reset_with_new_interval
0x1000030F0	0x00000130	[ 14] _etimer_reset
0x100003220	0x00000130	[ 14] _etimer_restart
0x100003350	0x00000070	[ 14] _etimer_adjust
0x1000033C0	0x00000010	[ 14] _etimer_expired
0x1000033D0	0x00000010	[ 14] _etimer_expiration_time
0x1000033E0	0x00000010	[ 14] _etimer_start_time
0x1000033F0	0x00000020	[ 14] _etimer_pending
0x100003410	0x00000020	[ 14] _etimer_next_expiration_time
0x100003430	0x00000102	[ 14] _etimer_stop
0x100003540	0x00000060	[ 15] _log_6addr
0x1000035A0	0x00000080	[ 15] _log_6addr_compact_snprint
0x100003620	0x000000C0	[ 15] _log_6addr_compact
0x1000036E0	0x000000C0	[ 15] _log_lladdr
0x1000037A0	0x00000060	[ 15] _log_lladdr_compact
0x100003800	0x00000040	[ 15] _log_bytes
0x100003840	0x00000080	[ 15] _log_set_level
0x1000038C0	0x00000060	[ 15] _log_get_level
0x100003920	0x00000021	[ 15] _log_level_to_str
0x100003950	0x0000001C	[ 16] _node_id_init
0x100003970	0x00000020	[ 17] _process_alloc_event
0x100003990	0x00000050	[ 17] _process_start
0x1000039E0	0x00000110	[ 17] _process_post_synch
0x100003AF0	0x00000120	[ 17] _process_exit
0x100003C10	0x000000E0	[ 17] _exit_process
0x100003CF0	0x00000040	[ 17] _process_init
0x100003D30	0x00000870	[ 17] _process_run
0x1000045A0	0x00000020	[ 17] _process_nevents
0x1000045C0	0x00000050	[ 17] _process_post
0x100004610	0x00000060	[ 17] _call_process
0x100004670	0x00000020	[ 17] _process_poll
0x100004690	0x0000000F	[ 17] _process_is_running
0x1000046A0	0x00000010	[ 18] _rtimer_init
0x1000046B0	0x00000030	[ 18] _rtimer_set
0x1000046E0	0x00000038	[ 18] _rtimer_run_next
0x100004720	0x00000020	[ 19] _stimer_set
0x100004740	0x00000040	[ 19] _stimer_reset
0x100004780	0x00000030	[ 19] _stimer_expired
0x1000047B0	0x00000020	[ 19] _stimer_restart
0x1000047D0	0x00000020	[ 19] _stimer_remaining
0x1000047F0	0x00000018	[ 19] _stimer_elapsed
0x100004810	0x00000020	[ 20] _timer_set
0x100004830	0x00000030	[ 20] _timer_reset
0x100004860	0x00000030	[ 20] _timer_expired
0x100004890	0x00000020	[ 20] _timer_restart
0x1000048B0	0x0000001F	[ 20] _timer_remaining
0x1000048D0	0x00000010	[ 21] _list_init
0x1000048E0	0x00000010	[ 21] _list_head
0x1000048F0	0x00000010	[ 21] _list_copy
0x100004900	0x00000030	[ 21] _list_tail
0x100004930	0x00000080	[ 21] _list_add
0x1000049B0	0x00000050	[ 21] _list_remove
0x100004A00	0x00000050	[ 21] _list_push
0x100004A50	0x00000050	[ 21] _list_chop
0x100004AA0	0x00000020	[ 21] _list_pop
0x100004AC0	0x00000020	[ 21] _list_length
0x100004AE0	0x000000A0	[ 21] _list_insert
0x100004B80	0x00000020	[ 21] _list_item_next
0x100004BA0	0x00000025	[ 21] _list_contains
0x100004BD0	0x00000040	[ 22] _memb_init
0x100004C10	0x00000050	[ 22] _memb_alloc
0x100004C60	0x00000050	[ 22] _memb_free
0x100004CB0	0x00000030	[ 22] _memb_inmemb
0x100004CE0	0x00000178	[ 22] _memb_numfree
0x100004E60	0x00000010	[ 23] _random_init
0x100004E70	0x0000000E	[ 23] _random_rand
0x100004E80	0x00000020	[ 24] _ringbuf_init
0x100004EA0	0x00000040	[ 24] _ringbuf_put
0x100004EE0	0x00000030	[ 24] _ringbuf_get
0x100004F10	0x00000010	[ 24] _ringbuf_size
0x100004F20	0x00000016	[ 24] _ringbuf_elements
0x100004F40	0x000000E0	[ 25] _process_thread_button_hal_process
0x100005020	0x00000040	[ 25] _button_hal_get_by_id
0x100005060	0x00000030	[ 25] _button_hal_get_by_index
0x100005090	0x00000050	[ 25] _button_hal_get_state
0x1000050E0	0x000000F0	[ 25] _button_hal_init
0x1000051D0	0x00000020	[ 25] _press_release_handler
0x1000051F0	0x000000B0	[ 25] _debounce_handler
0x1000052A0	0x00000041	[ 25] _duration_exceeded_callback
0x1000052F0	0x00000020	[ 26] _gpio_hal_register_handler
0x100005310	0x00000050	[ 26] _gpio_hal_event_handler
0x100005360	0x00000020	[ 26] _gpio_hal_init
0x100005380	0x00000030	[ 26] _gpio_hal_arch_port_toggle_pin
0x1000053B0	0x00000020	[ 26] _gpio_hal_arch_port_toggle_pins
0x1000053D0	0x00000030	[ 26] _gpio_hal_arch_no_port_toggle_pin
0x100005400	0x0000001E	[ 26] _gpio_hal_arch_no_port_toggle_pins
0x100005420	0x00000010	[ 27] _leds_init
0x100005430	0x00000010	[ 27] _leds_off
0x100005440	0x00000010	[ 27] _leds_single_on
0x100005450	0x00000010	[ 27] _leds_single_off
0x100005460	0x00000010	[ 27] _leds_single_toggle
0x100005470	0x00000010	[ 27] _leds_on
0x100005480	0x00000010	[ 27] _leds_toggle
0x100005490	0x00000010	[ 27] _leds_set
0x1000054A0	0x00000008	[ 27] _leds_get
0x1000054B0	0x00000010	[ 28] _init
0x1000054C0	0x00000010	[ 28] _prepare
0x1000054D0	0x00000010	[ 28] _transmit
0x1000054E0	0x00000010	[ 28] _send
0x1000054F0	0x00000010	[ 28] _radio_read
0x100005500	0x00000010	[ 28] _channel_clear
0x100005510	0x00000010	[ 28] _receiving_packet
0x100005520	0x00000010	[ 28] _pending_packet
0x100005530	0x00000010	[ 28] _on
0x100005540	0x00000010	[ 28] _off
0x100005550	0x00000030	[ 28] _get_value
0x100005580	0x00000010	[ 28] _set_value
0x100005590	0x00000010	[ 28] _get_object
0x1000055A0	0x0000000B	[ 28] _set_object
0x1000055B0	0x000000F0	[ 29] _process_thread_serial_line_process
0x1000056A0	0x00000070	[ 29] _serial_line_input_byte
0x100005710	0x0000002B	[ 29] _serial_line_init
0x100005740	0x00000020	[ 30] _link_stats_from_lladdr
0x100005760	0x00000020	[ 30] _link_stats_get_lladdr
0x100005780	0x00000040	[ 30] _link_stats_is_fresh
0x1000057C0	0x00000060	[ 30] _guess_etx_from_rssi
0x100005820	0x00000170	[ 30] _link_stats_packet_sent
0x100005990	0x000000D0	[ 30] _link_stats_input_callback
0x100005A60	0x00000060	[ 30] _link_stats_reset
0x100005AC0	0x00000030	[ 30] _link_stats_init
0x100005AF0	0x0000004A	[ 30] _periodic
0x100005B40	0x00000010	[ 31] _linkaddr_copy
0x100005B50	0x00000020	[ 31] _linkaddr_cmp
0x100005B70	0x00000013	[ 31] _linkaddr_set_node_addr
0x100005B90	0x000000C0	[ 32] _nbr_table_count_entries
0x100005C50	0x00000170	[ 32] _nbr_table_gc_get_worst
0x100005DC0	0x00000010	[ 32] _nbr_table_can_accept_new
0x100005DD0	0x00000010	[ 32] _nbr_table_entry_is_allowed
0x100005DE0	0x000001A0	[ 32] _entry_is_allowed
0x100005F80	0x00000060	[ 32] _nbr_table_register
0x100005FE0	0x00000030	[ 32] _nbr_table_is_registered
0x100006010	0x00000110	[ 32] _nbr_table_head
0x100006120	0x000000B0	[ 32] _nbr_table_next
0x1000061D0	0x000002A0	[ 32] _nbr_table_add_lladdr
0x100006470	0x000000A0	[ 32] _nbr_table_get_from_lladdr
0x100006510	0x00000070	[ 32] _nbr_table_remove
0x100006580	0x00000040	[ 32] _nbr_table_lock
0x1000065C0	0x00000040	[ 32] _nbr_table_unlock
0x100006600	0x00000040	[ 32] _nbr_table_get_lladdr
0x100006640	0x00000100	[ 32] _nbr_table_clear
0x100006740	0x00000020	[ 32] _nbr_table_key_head
0x100006760	0x0000000A	[ 32] _nbr_table_key_next
0x100006770	0x00000080	[ 33] _netstack_process_ip_callback
0x1000067F0	0x00000020	[ 33] _netstack_ip_packet_processor_add
0x100006810	0x00000020	[ 33] _uip_ds6_ip_packet_processor_rm
0x100006830	0x00000022	[ 33] _netstack_init
0x100006860	0x00000070	[ 34] _packetbuf_clear
0x1000068D0	0x00000050	[ 34] _packetbuf_attr_clear
0x100006920	0x000000B0	[ 34] _packetbuf_copyfrom
0x1000069D0	0x00000070	[ 34] _packetbuf_copyto
0x100006A40	0x00000010	[ 34] _packetbuf_hdrptr
0x100006A50	0x00000020	[ 34] _packetbuf_dataptr
0x100006A70	0x000001B0	[ 34] _packetbuf_hdralloc
0x100006C20	0x00000020	[ 34] _packetbuf_totlen
0x100006C40	0x00000030	[ 34] _packetbuf_hdrreduce
0x100006C70	0x00000010	[ 34] _packetbuf_set_datalen
0x100006C80	0x00000020	[ 34] _packetbuf_hdrlen
0x100006CA0	0x00000010	[ 34] _packetbuf_datalen
0x100006CB0	0x00000030	[ 34] _packetbuf_remaininglen
0x100006CE0	0x00000040	[ 34] _packetbuf_attr_copyto
0x100006D20	0x00000040	[ 34] _packetbuf_attr_copyfrom
0x100006D60	0x00000020	[ 34] _packetbuf_set_attr
0x100006D80	0x00000020	[ 34] _packetbuf_attr
0x100006DA0	0x00000020	[ 34] _packetbuf_set_addr
0x100006DC0	0x00000020	[ 34] _packetbuf_addr
0x100006DE0	0x0000001C	[ 34] _packetbuf_holds_broadcast
0x100006E00	0x00000020	[ 35] _queuebuf_init
0x100006E20	0x00000020	[ 35] _queuebuf_numfree
0x100006E40	0x00000080	[ 35] _queuebuf_new_from_packetbuf
0x100006EC0	0x00000020	[ 35] _queuebuf_update_attr_from_packetbuf
0x100006EE0	0x00000040	[ 35] _queuebuf_update_from_packetbuf
0x100006F20	0x00000050	[ 35] _queuebuf_free
0x100006F70	0x00000060	[ 35] _queuebuf_to_packetbuf
0x100006FD0	0x00000030	[ 35] _queuebuf_dataptr
0x100007000	0x00000010	[ 35] _queuebuf_datalen
0x100007010	0x00000010	[ 35] _queuebuf_addr
0x100007020	0x00000020	[ 35] _queuebuf_attr
0x100007040	0x00000006	[ 35] _queuebuf_debug_print
0x100007050	0x00000010	[ 36] _init
0x100007060	0x00000010	[ 36] _send_packet
0x100007070	0x00000010	[ 36] _packet_input
0x100007080	0x00000010	[ 36] _on
0x100007090	0x00000010	[ 36] _off
0x1000070A0	0x00000008	[ 36] _max_payload
0x1000070B0	0x00000120	[ 37] _process_thread_simple_udp_process
0x1000071D0	0x00000030	[ 37] _simple_udp_send
0x100007200	0x00000030	[ 37] _simple_udp_sendto
0x100007230	0x00000030	[ 37] _simple_udp_sendto_port
0x100007260	0x000000C1	[ 37] _simple_udp_register
0x100007330	0x00000040	[ 38] _tcpip_output
0x100007370	0x00000240	[ 38] _process_thread_tcpip_process
0x1000075B0	0x00000020	[ 38] _udp_attach
0x1000075D0	0x00000030	[ 38] _udp_new
0x100007600	0x00000060	[ 38] _udp_broadcast_new
0x100007660	0x00000030	[ 38] _tcpip_input
0x100007690	0x00000290	[ 38] _tcpip_ipv6_output
0x100007920	0x00000020	[ 38] _tcpip_poll_udp
0x100007940	0x00000045	[ 38] _tcpip_uipcall
0x100007990	0x00000020	[ 39] _uip_ds6_neighbors_init
0x1000079B0	0x00000040	[ 39] _uip_ds6_nbr_rm
0x1000079F0	0x00000070	[ 39] _uip_ds6_nbr_add
0x100007A60	0x00000130	[ 39] _uip_ds6_nbr_update_ll
0x100007B90	0x00000020	[ 39] _uip_ds6_nbr_ll_lookup
0x100007BB0	0x00000010	[ 39] _uip_ds6_nbr_get_ipaddr
0x100007BC0	0x00000020	[ 39] _uip_ds6_nbr_get_ll
0x100007BE0	0x00000050	[ 39] _uip_ds6_nbr_num
0x100007C30	0x00000020	[ 39] _uip_ds6_nbr_head
0x100007C50	0x00000020	[ 39] _uip_ds6_nbr_next
0x100007C70	0x00000070	[ 39] _uip_ds6_nbr_lookup
0x100007CE0	0x00000020	[ 39] _uip_ds6_nbr_ipaddr_from_lladdr
0x100007D00	0x00000080	[ 39] _uip_ds6_nbr_lladdr_from_ipaddr
0x100007D80	0x00000006	[ 39] _uip_ds6_link_callback
0x100007D90	0x00000020	[ 40] _uip_ds6_route_init
0x100007DB0	0x00000010	[ 40] _uip_ds6_route_count_nexthop_neighbors
0x100007DC0	0x00000010	[ 40] _uip_ds6_route_nexthop
0x100007DD0	0x00000010	[ 40] _uip_ds6_route_head
0x100007DE0	0x00000010	[ 40] _uip_ds6_route_next
0x100007DF0	0x00000010	[ 40] _uip_ds6_route_is_nexthop
0x100007E00	0x00000010	[ 40] _uip_ds6_route_num_routes
0x100007E10	0x00000010	[ 40] _uip_ds6_route_lookup
0x100007E20	0x00000010	[ 40] _uip_ds6_route_add
0x100007E30	0x00000010	[ 40] _uip_ds6_route_rm
0x100007E40	0x00000010	[ 40] _uip_ds6_route_rm_by_nexthop
0x100007E50	0x00000020	[ 40] _uip_ds6_defrt_head
0x100007E70	0x000000C0	[ 40] _uip_ds6_defrt_add
0x100007F30	0x00000070	[ 40] _uip_ds6_defrt_lookup
0x100007FA0	0x00000060	[ 40] _uip_ds6_defrt_rm
0x100008000	0x00000060	[ 40] _uip_ds6_defrt_choose
0x100008060	0x000000AF	[ 40] _uip_ds6_defrt_periodic
0x100008110	0x00000010	[ 41] _uip_ds6_default_prefix
0x100008120	0x00000020	[ 41] _uip_ds6_set_default_prefix
0x100008140	0x00000320	[ 41] _uip_ds6_init
0x100008460	0x00000050	[ 41] _uip_ds6_compute_reachable_time
0x1000084B0	0x00000140	[ 41] _uip_ds6_prefix_add
0x1000085F0	0x00000020	[ 41] _uip_ds6_set_addr_iid
0x100008610	0x00000220	[ 41] _uip_ds6_addr_add
0x100008830	0x000000B0	[ 41] _uip_ds6_maddr_add
0x1000088E0	0x00000170	[ 41] _uip_ds6_periodic
0x100008A50	0x000000E0	[ 41] _uip_ds6_addr_rm
0x100008B30	0x000000D0	[ 41] _uip_ds6_list_loop
0x100008C00	0x00000010	[ 41] _uip_ds6_prefix_rm
0x100008C10	0x000000E0	[ 41] _uip_ds6_prefix_lookup
0x100008CF0	0x00000080	[ 41] _uip_ds6_is_addr_onlink
0x100008D70	0x00000090	[ 41] _uip_ds6_maddr_lookup
0x100008E00	0x00000010	[ 41] _uip_ds6_maddr_rm
0x100008E10	0x000000D0	[ 41] _uip_ds6_addr_lookup
0x100008EE0	0x000000B0	[ 41] _uip_ds6_get_link_local
0x100008F90	0x000000B0	[ 41] _uip_ds6_get_global
0x100009040	0x000000F0	[ 41] _uip_ds6_aaddr_add
0x100009130	0x00000010	[ 41] _uip_ds6_aaddr_rm
0x100009140	0x000000D0	[ 41] _uip_ds6_aaddr_lookup
0x100009210	0x000001F0	[ 41] _uip_ds6_select_src
0x100009400	0x00000150	[ 41] _get_match_length
0x100009550	0x00000011	[ 41] _uip_ds6_set_lladdr_from_iid
0x100009570	0x00000070	[ 42] _uip_icmp6_input
0x1000095E0	0x00000020	[ 42] _uip_icmp6_register_input_handler
0x100009600	0x000001B0	[ 42] _uip_icmp6_error_output
0x1000097B0	0x000000D0	[ 42] _uip_icmp6_send
0x100009880	0x00000030	[ 42] _uip_icmp6_echo_reply_callback_add
0x1000098B0	0x00000020	[ 42] _uip_icmp6_echo_reply_callback_rm
0x1000098D0	0x00000040	[ 42] _uip_icmp6_init
0x100009910	0x000000A0	[ 42] _echo_request_input
0x1000099B0	0x000000B3	[ 42] _echo_reply_input
0x100009A70	0x00000020	[ 43] _uip_nd6_init
0x100009A90	0x0000033F	[ 43] _ns_input
0x100009DD0	0x00000010	[ 44] _uip_packetqueue_new
0x100009DE0	0x00000050	[ 44] _uip_packetqueue_alloc
0x100009E30	0x00000030	[ 44] _packet_timedout
0x100009E60	0x00000040	[ 44] _uip_packetqueue_free
0x100009EA0	0x00000020	[ 44] _uip_packetqueue_buf
0x100009EC0	0x00000020	[ 44] _uip_packetqueue_buflen
0x100009EE0	0x00000015	[ 44] _uip_packetqueue_set_buflen
0x100009F00	0x00000010	[ 45] _uip_sr_num_nodes
0x100009F10	0x000000A0	[ 45] _uip_sr_get_node
0x100009FB0	0x00000160	[ 45] _uip_sr_is_addr_reachable
0x10000A110	0x000000E0	[ 45] _uip_sr_expire_parent
0x10000A1F0	0x000001C0	[ 45] _uip_sr_update_node
0x10000A3B0	0x00000030	[ 45] _uip_sr_init
0x10000A3E0	0x00000020	[ 45] _uip_sr_node_head
0x10000A400	0x00000010	[ 45] _uip_sr_node_next
0x10000A410	0x000000D0	[ 45] _uip_sr_periodic
0x10000A4E0	0x00000070	[ 45] _uip_sr_free_all
0x10000A550	0x00000135	[ 45] _uip_sr_link_snprint
0x10000A690	0x00000060	[ 46] _uip_udp_packet_send
0x10000A6F0	0x000000D2	[ 46] _uip_udp_packet_sendto
0x10000A7D0	0x000000E0	[ 47] _uip_chksum
0x10000A8B0	0x00000010	[ 47] _uip_htons
0x10000A8C0	0x00000010	[ 47] _uip_icmp6chksum
0x10000A8D0	0x00000160	[ 47] _upper_layer_chksum
0x10000AA30	0x00000010	[ 47] _uip_udpchksum
0x10000AA40	0x00000070	[ 47] _uip_init
0x10000AAB0	0x000000A0	[ 47] _uip_remove_ext_hdr
0x10000AB50	0x00000180	[ 47] _uip_udp_new
0x10000ACD0	0x00000870	[ 47] _uip_process
0x10000B540	0x000000E0	[ 47] _ext_hdr_options_process
0x10000B620	0x00000020	[ 47] _uip_htonl
0x10000B640	0x00000079	[ 47] _uip_send
0x10000B6C0	0x00000040	[ 48] _uipbuf_clear
0x10000B700	0x00000020	[ 48] _uipbuf_clear_attr
0x10000B720	0x00000040	[ 48] _uipbuf_add_ext_hdr
0x10000B760	0x00000020	[ 48] _uipbuf_set_len
0x10000B780	0x00000010	[ 48] _uipbuf_set_len_field
0x10000B790	0x00000020	[ 48] _uipbuf_get_len_field
0x10000B7B0	0x00000080	[ 48] _uipbuf_get_next_header
0x10000B830	0x00000110	[ 48] _uipbuf_get_last_header
0x10000B940	0x00000120	[ 48] _uipbuf_search_header
0x10000BA60	0x00000030	[ 48] _uipbuf_get_attr
0x10000BA90	0x00000030	[ 48] _uipbuf_set_attr
0x10000BAC0	0x00000030	[ 48] _uipbuf_set_default_attr
0x10000BAF0	0x00000010	[ 48] _uipbuf_set_attr_flag
0x10000BB00	0x00000010	[ 48] _uipbuf_clr_attr_flag
0x10000BB10	0x00000020	[ 48] _uipbuf_is_attr_flag
0x10000BB30	0x00000019	[ 48] _uipbuf_init
0x10000BB50	0x00000140	[ 49] _uiplib_ip6addrconv
0x10000BC90	0x000001D0	[ 49] _uiplib_ip4addrconv
0x10000BE60	0x00000060	[ 49] _uiplib_ipaddr_print
0x10000BEC0	0x0000020D	[ 49] _uiplib_ipaddr_snprint
0x10000C0D0	0x00000090	[ 50] _rpl_dag_root_print_links
0x10000C160	0x00000030	[ 50] _rpl_dag_root_is_root
0x10000C190	0x00000090	[ 50] _rpl_dag_root_set_prefix
0x10000C220	0x0000010C	[ 50] _rpl_dag_root_start
0x10000C330	0x00000030	[ 51] _rpl_dag_state_to_str
0x10000C360	0x00000030	[ 51] _rpl_dag_get_root_ipaddr
0x10000C390	0x00000070	[ 51] _rpl_dag_leave
0x10000C400	0x00000020	[ 51] _rpl_dag_poison_and_leave
0x10000C420	0x00000060	[ 51] _rpl_dag_periodic
0x10000C480	0x00000040	[ 51] _rpl_is_addr_in_our_dag
0x10000C4C0	0x00000020	[ 51] _rpl_get_default_instance
0x10000C4E0	0x00000020	[ 51] _rpl_get_any_dag
0x10000C500	0x00000030	[ 51] _rpl_refresh_routes
0x10000C530	0x00000070	[ 51] _rpl_global_repair
0x10000C5A0	0x00000050	[ 51] _rpl_local_repair
0x10000C5F0	0x00000030	[ 51] _rpl_dag_ready_to_advertise
0x10000C620	0x000001A0	[ 51] _rpl_dag_update_state
0x10000C7C0	0x00000270	[ 51] _rpl_process_dio
0x10000CA30	0x00000170	[ 51] _process_dio_init_dag
0x10000CBA0	0x00000050	[ 51] _rpl_process_dis
0x10000CBF0	0x00000080	[ 51] _rpl_process_dao
0x10000CC70	0x00000070	[ 51] _rpl_process_dao_ack
0x10000CCE0	0x00000050	[ 51] _rpl_process_hbh
0x10000CD30	0x00000150	[ 51] _rpl_dag_init_root
0x10000CE80	0x00000017	[ 51] _rpl_dag_init
0x10000CEA0	0x000000C0	[ 52] _rpl_ext_header_srh_get_next_hop
0x10000CF60	0x00000130	[ 52] _rpl_ext_header_srh_update
0x10000D090	0x000000F0	[ 52] _rpl_ext_header_hbh_update
0x10000D180	0x00000640	[ 52] _rpl_ext_header_update
0x10000D7C0	0x00000133	[ 52] _rpl_ext_header_remove
0x10000D900	0x00000060	[ 53] _rpl_icmp6_update_nbr_table
0x10000D960	0x00000050	[ 53] _rpl_icmp6_dis_output
0x10000D9B0	0x00000270	[ 53] _rpl_icmp6_dio_output
0x10000DC20	0x00000100	[ 53] _rpl_icmp6_dao_output
0x10000DD20	0x00000070	[ 53] _rpl_icmp6_dao_ack_output
0x10000DD90	0x00000040	[ 53] _rpl_icmp6_init
0x10000DDD0	0x00000040	[ 53] _dis_input
0x10000DE10	0x00000380	[ 53] _dio_input
0x10000E190	0x000001B0	[ 53] _dao_input
0x10000E340	0x00000040	[ 53] _dao_ack_input
0x10000E380	0x00000010	[ 54] _reset
0x10000E390	0x00000020	[ 54] _nbr_link_metric
0x10000E3B0	0x00000030	[ 54] _nbr_has_usable_link
0x10000E3E0	0x000000A0	[ 54] _nbr_is_acceptable_parent
0x10000E480	0x00000070	[ 54] _nbr_path_cost
0x10000E4F0	0x000000A0	[ 54] _rank_via_nbr
0x10000E590	0x00000410	[ 54] _best_parent
0x10000E9A0	0x00000010	[ 54] _update_metric_container
0x10000E9B0	0x00000071	[ 55] _rpl_nbr_gc_get_worst
0x10000EA30	0x000003C0	[ 56] _rpl_neighbor_snprint
0x10000EDF0	0x00000120	[ 56] _best_parent
0x10000EF10	0x00000020	[ 56] _rpl_neighbor_get_link_stats
0x10000EF30	0x00000020	[ 56] _rpl_neighbor_get_ipaddr
0x10000EF50	0x00000030	[ 56] _rpl_neighbor_get_link_metric
0x10000EF80	0x00000030	[ 56] _rpl_neighbor_rank_via_nbr
0x10000EFB0	0x00000030	[ 56] _rpl_neighbor_is_acceptable_parent
0x10000EFE0	0x000000A0	[ 56] _rpl_neighbor_print_list
0x10000F080	0x00000050	[ 56] _rpl_neighbor_count
0x10000F0D0	0x00000020	[ 56] _rpl_neighbor_get_from_lladdr
0x10000F0F0	0x00000020	[ 56] _rpl_neighbor_get_lladdr
0x10000F110	0x00000030	[ 56] _rpl_neighbor_is_fresh
0x10000F140	0x00000030	[ 56] _rpl_neighbor_is_parent
0x10000F170	0x00000090	[ 56] _rpl_neighbor_set_preferred_parent
0x10000F200	0x000000B0	[ 56] _rpl_neighbor_remove_all
0x10000F2B0	0x00000060	[ 56] _remove_neighbor
0x10000F310	0x00000030	[ 56] _rpl_neighbor_get_from_ipaddr
0x10000F340	0x000000C0	[ 56] _rpl_neighbor_select_best
0x10000F400	0x00000018	[ 56] _rpl_neighbor_init
0x10000F420	0x00000060	[ 57] _rpl_timers_schedule_periodic_dis
0x10000F480	0x00000090	[ 57] _handle_dis_timer
0x10000F510	0x000000B0	[ 57] _rpl_timers_dio_reset
0x10000F5C0	0x00000040	[ 57] _rpl_timers_schedule_unicast_dio
0x10000F600	0x00000030	[ 57] _handle_unicast_dio_timer
0x10000F630	0x00000060	[ 57] _rpl_timers_schedule_dao
0x10000F690	0x00000080	[ 57] _send_new_dao
0x10000F710	0x00000050	[ 57] _rpl_timers_schedule_dao_ack
0x10000F760	0x00000030	[ 57] _handle_dao_ack_timer
0x10000F790	0x00000080	[ 57] _rpl_timers_notify_dao_ack
0x10000F810	0x00000020	[ 57] _get_probing_delay
0x10000F830	0x00000160	[ 57] _get_probing_target
0x10000F990	0x00000040	[ 57] _rpl_schedule_probing
0x10000F9D0	0x00000070	[ 57] _handle_probing_timer
0x10000FA40	0x00000050	[ 57] _rpl_schedule_probing_now
0x10000FA90	0x00000040	[ 57] _rpl_timers_unschedule_leaving
0x10000FAD0	0x00000050	[ 57] _rpl_timers_schedule_leaving
0x10000FB20	0x00000020	[ 57] _handle_leaving_timer
0x10000FB40	0x00000070	[ 57] _rpl_timers_init
0x10000FBB0	0x000000B0	[ 57] _handle_periodic_timer
0x10000FC60	0x00000070	[ 57] _rpl_timers_stop_dag_timers
0x10000FCD0	0x00000020	[ 57] _rpl_timers_unschedule_state_update
0x10000FCF0	0x00000030	[ 57] _rpl_timers_schedule_state_update
0x10000FD20	0x00000010	[ 57] _handle_state_update
0x10000FD30	0x000000E0	[ 57] _handle_dio_timer
0x10000FE10	0x00000079	[ 57] _resend_dao
0x10000FE90	0x00000040	[ 58] _rpl_lollipop_greater_than
0x10000FED0	0x00000120	[ 58] _rpl_get_global_address
0x10000FFF0	0x00000050	[ 58] _rpl_link_callback
0x100010040	0x00000020	[ 58] _rpl_has_joined
0x100010060	0x00000020	[ 58] _rpl_is_reachable
0x100010080	0x00000070	[ 58] _rpl_reset_prefix
0x1000100F0	0x000000F0	[ 58] _rpl_set_prefix_from_addr
0x1000101E0	0x00000040	[ 58] _rpl_set_prefix
0x100010220	0x00000010	[ 58] _rpl_set_leaf_only
0x100010230	0x00000010	[ 58] _rpl_get_leaf_only
0x100010240	0x00000050	[ 58] _init
0x100010290	0x00000030	[ 58] _get_sr_node_ipaddr
0x1000102C0	0x00000010	[ 58] _neighbor_state_changed
0x1000102D0	0x00000006	[ 58] _drop_route
0x1000102E0	0x00000020	[  5] _output.cold.1
0x100010300	0x00000015	[  5] _handle_fd.cold.1
0x100010316	0x00000006	[ 59] ___bzero
0x10001031C	0x00000006	[ 59] ___darwin_check_fd_set_overflow
0x100010322	0x00000006	[ 59] ___error
0x100010328	0x00000006	[ 59] ___memcpy_chk
0x10001032E	0x00000006	[ 59] ___memmove_chk
0x100010334	0x00000006	[ 59] ___snprintf_chk
0x10001033A	0x00000006	[ 59] ___stack_chk_fail
0x100010340	0x00000006	[ 59] ___strncat_chk
0x100010346	0x00000006	[ 59] ___vsnprintf_chk
0x10001034C	0x00000006	[ 59] _atexit
0x100010352	0x00000006	[ 59] _clock_gettime
0x100010358	0x00000006	[ 59] _err
0x10001035E	0x00000006	[ 59] _exit
0x100010364	0x00000006	[ 59] _fflush
0x10001036A	0x00000006	[ 59] _fprintf
0x100010370	0x00000006	[ 59] _memcmp
0x100010376	0x00000006	[ 59] _memcpy
0x10001037C	0x00000006	[ 59] _memmove
0x100010382	0x00000006	[ 59] _open
0x100010388	0x00000006	[ 59] _perror
0x10001038E	0x00000006	[ 59] _printf
0x100010394	0x00000006	[ 59] _putchar
0x10001039A	0x00000006	[ 59] _puts
0x1000103A0	0x00000006	[ 59] _rand
0x1000103A6	0x00000006	[ 59] _read
0x1000103AC	0x00000006	[ 59] _select$1050
0x1000103B2	0x00000006	[ 59] _setitimer
0x1000103B8	0x00000006	[ 59] _setvbuf
0x1000103BE	0x00000006	[ 59] _signal
0x1000103C4	0x00000006	[ 59] _srand
0x1000103CA	0x00000006	[ 59] _strcmp
0x1000103D0	0x00000006	[ 59] _strlen
0x1000103D6	0x00000006	[ 59] _system
0x1000103DC	0x00000006	[ 59] _write
0x1000103E4	0x00000010	[  0] helper helper
0x1000103F4	0x0000000A	[ 59] ___bzero
0x1000103FE	0x0000000A	[ 59] ___darwin_check_fd_set_overflow
0x100010408	0x0000000A	[ 59] ___error
0x100010412	0x0000000A	[ 59] ___memcpy_chk
0x10001041C	0x0000000A	[ 59] ___memmove_chk
0x100010426	0x0000000A	[ 59] ___snprintf_chk
0x100010430	0x0000000A	[ 59] ___stack_chk_fail
0x10001043A	0x0000000A	[ 59] ___strncat_chk
0x100010444	0x0000000A	[ 59] ___vsnprintf_chk
0x10001044E	0x0000000A	[ 59] _atexit
0x100010458	0x0000000A	[ 59] _clock_gettime
0x100010462	0x0000000A	[ 59] _err
0x10001046C	0x0000000A	[ 59] _exit
0x100010476	0x0000000A	[ 59] _fflush
0x100010480	0x0000000A	[ 59] _fprintf
0x10001048A	0x0000000A	[ 59] _memcmp
0x100010494	0x0000000A	[ 59] _memcpy
0x10001049E	0x0000000A	[ 59] _memmove
0x1000104A8	0x0000000A	[ 59] _open
0x1000104B2	0x0000000A	[ 59] _perror
0x1000104BC	0x0000000A	[ 59] _printf
0x1000104C6	0x0000000A	[ 59] _putchar
0x1000104D0	0x0000000A	[ 59] _puts
0x1000104DA	0x0000000A	[ 59] _rand
0x1000104E4	0x0000000A	[ 59] _read
0x1000104EE	0x0000000A	[ 59] _select$1050
0x1000104F8	0x0000000A	[ 59] _setitimer
0x100010502	0x0000000A	[ 59] _setvbuf
0x10001050C	0x0000000A	[ 59] _signal
0x100010516	0x0000000A	[ 59] _srand
0x100010520	0x0000000A	[ 59] _strcmp
0x10001052A	0x0000000A	[ 59] _strlen
0x100010534	0x0000000A	[ 59] _system
0x10001053E	0x0000000A	[ 59] _write
0x100010548	0x0000000B	[  1] literal string: UDP client
0x100010553	0x0000000F	[  1] literal string: [%-4s: %-10s] 
0x100010562	0x00000005	[  1] literal string: INFO
0x100010567	0x00000004	[  1] literal string: App
0x10001056B	0x00000017	[  1] literal string: Sending request %u to 
0x100010582	0x00000009	[  1] literal string: hello %d
0x10001058B	0x0000001F	[  1] literal string: Received response '%.*s' from 
0x1000105AA	0x00000012	[  1] literal string: Not reachable yet
0x1000105BC	0x00000007	[  2] literal string: select
0x1000105C3	0x00000006	[  2] literal string: %s%s\n
0x1000105C9	0x00000004	[  2] literal string: %s\n
0x1000105CD	0x00000007	[  2] literal string: Native
0x1000105D4	0x0000001B	[  2] literal string: Added global IPv6 address 
0x1000105EF	0x00000005	[  5] literal string: tun6
0x1000105F4	0x00000005	[  5] literal string: WARN
0x1000105F9	0x00000005	[  5] literal string: Tun6
0x1000105FE	0x0000001E	[  5] literal string: opened %s device ``/dev/%s''\n
0x10001061C	0x00000004	[  5] literal string: tun
0x100010620	0x00000006	[  5] literal string: /dev/
0x100010626	0x00000010	[  5] literal string: tun_input: read
0x100010636	0x00000011	[  5] literal string: ifconfig %s down
0x100010647	0x00000029	[  5] literal string: sysctl -w net.ipv6.conf.all.forwarding=1
0x100010670	0x0000004B	[  5] literal string: netstat -nr | awk '{ if ($2 == "%s") print "route delete -net "$1; }' | sh
0x1000106BB	0x0000000B	[  5] literal string: signal %d\n
0x1000106C6	0x00000018	[  5] literal string: ifconfig %s inet6 %s up
0x1000106DE	0x00000023	[  5] literal string: sysctl -w net.inet.ip.forwarding=1
0x100010701	0x0000000D	[  5] literal string: ifconfig %s\n
0x10001070E	0x0000000B	[  5] literal string: fd00::1/64
0x100010719	0x00000015	[  5] literal string: serial_to_tun: write
0x10001072E	0x00000054	[  5] literal string: Failed to open tun device (you may be lacking permission). Running without network.
0x100010782	0x00000005	[ 10] literal string: Main
0x100010787	0x0000000F	[ 10] literal string: - Routing: %s\n
0x100010796	0x0000000B	[ 10] literal string: - Net: %s\n
0x1000107A1	0x0000000B	[ 10] literal string: - MAC: %s\n
0x1000107AC	0x0000001A	[ 10] literal string: - 802.15.4 PANID: 0x%04x\n
0x1000107C6	0x00000020	[ 10] literal string: - 802.15.4 Default channel: %u\n
0x1000107E6	0x0000000D	[ 10] literal string: Node ID: %u\n
0x1000107F3	0x00000015	[ 10] literal string: Link-layer address: 
0x100010808	0x00000024	[ 10] literal string: Tentative link-local IPv6 address: 
0x10001082C	0x00000030	[ 10] literal string: Starting Contiki-NG-release/v4.6-219-g54476e56b
0x10001085C	0x0000000F	[ 12] literal string: Ctimer process
0x10001086B	0x0000000C	[ 14] literal string: Event timer
0x100010877	0x00000004	[ 15] literal string: rpl
0x10001087B	0x00000006	[ 15] literal string: tcpip
0x100010881	0x00000005	[ 15] literal string: ipv6
0x100010886	0x00000008	[ 15] literal string: 6lowpan
0x10001088E	0x00000008	[ 15] literal string: nullnet
0x100010896	0x00000004	[ 15] literal string: mac
0x10001089A	0x00000007	[ 15] literal string: framer
0x1000108A1	0x00000005	[ 15] literal string: 6top
0x1000108A6	0x00000005	[ 15] literal string: coap
0x1000108AB	0x00000005	[ 15] literal string: snmp
0x1000108B0	0x00000006	[ 15] literal string: lwm2m
0x1000108B6	0x00000005	[ 15] literal string: main
0x1000108BB	0x00000003	[ 15] literal string: %s
0x1000108BE	0x00000008	[ 15] literal string: 6A-NULL
0x1000108C6	0x00000003	[ 15] literal string: 6M
0x1000108C9	0x00000003	[ 15] literal string: 6L
0x1000108CC	0x00000003	[ 15] literal string: 6G
0x1000108CF	0x00000008	[ 15] literal string: %s-%04x
0x1000108D7	0x0000000F	[ 15] literal string: (NULL LL addr)
0x1000108E6	0x00000005	[ 15] literal string: %02x
0x1000108EB	0x00000008	[ 15] literal string: LL-NULL
0x1000108F3	0x00000008	[ 15] literal string: LL-%04x
0x1000108FB	0x00000004	[ 15] literal string: all
0x1000108FF	0x00000005	[ 15] literal string: None
0x100010904	0x00000007	[ 15] literal string: Errors
0x10001090B	0x00000009	[ 15] literal string: Warnings
0x100010914	0x00000005	[ 15] literal string: Info
0x100010919	0x00000006	[ 15] literal string: Debug
0x10001091F	0x00000004	[ 15] literal string: N/A
0x100010923	0x00000013	[ 25] literal string: Button HAL process
0x100010936	0x0000000E	[ 29] literal string: Serial driver
0x100010944	0x00000008	[ 36] literal string: nullmac
0x10001094C	0x00000013	[ 37] literal string: Simple UDP process
0x10001095F	0x0000000D	[ 38] literal string: TCP/IP stack
0x10001096C	0x0000000F	[ 45] literal string:   (DODAG root)
0x10001097B	0x00000006	[ 45] literal string:   to 
0x100010981	0x00000019	[ 45] literal string:  (lifetime: %lu seconds)
0x10001099A	0x00000016	[ 45] literal string:  (lifetime: infinite)
0x1000109B0	0x0000000F	[ 49] literal string: (NULL IP addr)
0x1000109BF	0x00000013	[ 49] literal string: ::FFFF:%u.%u.%u.%u
0x1000109D2	0x00000003	[ 49] literal string: ::
0x1000109D5	0x00000002	[ 49] literal string: :
0x1000109D7	0x00000003	[ 49] literal string: %x
0x1000109DA	0x0000000C	[ 51] literal string: initialized
0x1000109E6	0x00000007	[ 51] literal string: joined
0x1000109ED	0x0000000A	[ 51] literal string: reachable
0x1000109F7	0x0000000A	[ 51] literal string: poisoning
0x100010A01	0x00000008	[ 51] literal string: unknown
0x100010A09	0x0000000D	[ 51] literal string: Local repair
0x100010A16	0x0000000E	[ 51] literal string: Poison routes
0x100010A24	0x00000018	[ 51] literal string: Significant rank update
0x100010A3C	0x0000000B	[ 51] literal string: Got parent
0x100010A47	0x0000000E	[ 51] literal string: Multicast DIS
0x100010A55	0x0000000A	[ 51] literal string: Reachable
0x100010A5F	0x0000000A	[ 51] literal string: Init root
0x100010A69	0x00000005	[ 51] literal string: Join
0x100010A6E	0x0000001C	[ 51] literal string: Heard old version from root
0x100010A8A	0x00000022	[ 56] literal string: %5u, %5u => %5u -- %2u %c%c%c%c%c
0x100010AAC	0x00000015	[ 56] literal string:  (last tx %u min ago
0x100010AC1	0x00000008	[ 56] literal string:  (no tx
0x100010AC9	0x00000017	[ 56] literal string: , better since %u min)
0x100010AE0	0x00000002	[ 56] literal string: )
0x100010AE2	0x0000000C	[ 57] literal string: DAO max rtx
0x100010AEE	0x00000009	[ 58] literal string: RPL Lite
0x100010B00	0x00000001	[  4] _button_hal_button_count
0x100010B10	0x00000010	[  9] 16-byte-literal
0x100010B20	0x00000010	[  9] 16-byte-literal
0x100010B30	0x00000010	[  9] 16-byte-literal
0x100010B40	0x00000010	[  9] 16-byte-literal
0x100010B50	0x00000010	[  9] 16-byte-literal
0x100010B60	0x00000010	[  9] 16-byte-literal
0x100010B70	0x00000010	[  9] 16-byte-literal
0x100010B80	0x00000010	[  9] 16-byte-literal
0x100010B90	0x00000010	[  9] 16-byte-literal
0x100010BA0	0x00000010	[  9] 16-byte-literal
0x100010BB0	0x00000010	[  9] 16-byte-literal
0x100010BC0	0x00000010	[  9] 16-byte-literal
0x100010BD0	0x00000010	[  9] 16-byte-literal
0x100010BE0	0x00000010	[  9] 16-byte-literal
0x100010BF0	0x00000010	[ 22] 16-byte-literal
0x100010C00	0x00000010	[ 22] 16-byte-literal
0x100010C10	0x00000008	[ 31] _linkaddr_null
0x100010C18	0x000003E8	[  0] compact unwind info
0x100011000	0x00000008	[  0] non-lazy-pointer-to-local: ___darwin_check_fd_set_overflow
0x100011008	0x00000008	[  0] non-lazy-pointer-to-local: ___stack_chk_guard
0x100011010	0x00000008	[  0] non-lazy-pointer-to-local: ___stderrp
0x100011018	0x00000008	[  0] non-lazy-pointer-to-local: ___stdoutp
0x100011020	0x00000008	[  0] non-lazy-pointer-to-local: _autostart_processes
0x100011028	0x00000008	[  0] non-lazy-pointer-to-local: _button_hal_button_count
0x100011030	0x00000008	[  0] non-lazy-pointer-to-local: _button_hal_buttons
0x100011038	0x00000008	[  0] non-lazy-pointer-to-local: _button_hal_periodic_event
0x100011040	0x00000008	[  0] non-lazy-pointer-to-local: _button_hal_press_event
0x100011048	0x00000008	[  0] non-lazy-pointer-to-local: _button_hal_release_event
0x100011050	0x00000008	[  0] non-lazy-pointer-to-local: _contiki_argv
0x100011058	0x00000008	[  0] non-lazy-pointer-to-local: _curr_instance
0x100011060	0x00000008	[  0] non-lazy-pointer-to-local: _curr_log_level_main
0x100011068	0x00000008	[  0] non-lazy-pointer-to-local: _etimer_process
0x100011070	0x00000008	[  0] non-lazy-pointer-to-local: _linkaddr_node_addr
0x100011078	0x00000008	[  0] non-lazy-pointer-to-local: _linkaddr_null
0x100011080	0x00000008	[  0] non-lazy-pointer-to-local: _node_id
0x100011088	0x00000008	[  0] non-lazy-pointer-to-local: _nullmac_driver
0x100011090	0x00000008	[  0] non-lazy-pointer-to-local: _nullradio_driver
0x100011098	0x00000008	[  0] non-lazy-pointer-to-local: _packetbuf_addrs
0x1000110A0	0x00000008	[  0] non-lazy-pointer-to-local: _packetbuf_attrs
0x1000110A8	0x00000008	[  0] non-lazy-pointer-to-local: _periodic_timer
0x1000110B0	0x00000008	[  0] non-lazy-pointer-to-local: _process_current
0x1000110B8	0x00000008	[  0] non-lazy-pointer-to-local: _rpl_lite_driver
0x1000110C0	0x00000008	[  0] non-lazy-pointer-to-local: _rpl_mrhof
0x1000110C8	0x00000008	[  0] non-lazy-pointer-to-local: _rpl_multicast_addr
0x1000110D0	0x00000008	[  0] non-lazy-pointer-to-local: _rpl_neighbors
0x1000110D8	0x00000008	[  0] non-lazy-pointer-to-local: _serial_line_event_message
0x1000110E0	0x00000008	[  0] non-lazy-pointer-to-local: _serial_line_input_byte
0x1000110E8	0x00000008	[  0] non-lazy-pointer-to-local: _tcpip_event
0x1000110F0	0x00000008	[  0] non-lazy-pointer-to-local: _tcpip_process
0x1000110F8	0x00000008	[  0] non-lazy-pointer-to-local: _tun6_net_driver
0x100011100	0x00000008	[  0] non-lazy-pointer-to-local: _uip_aligned_buf
0x100011108	0x00000008	[  0] non-lazy-pointer-to-local: _uip_appdata
0x100011110	0x00000008	[  0] non-lazy-pointer-to-local: _uip_conn
0x100011118	0x00000008	[  0] non-lazy-pointer-to-local: _uip_ds6_addr_size
0x100011120	0x00000008	[  0] non-lazy-pointer-to-local: _uip_ds6_if
0x100011128	0x00000008	[  0] non-lazy-pointer-to-local: _uip_ds6_netif_addr_list_offset
0x100011130	0x00000008	[  0] non-lazy-pointer-to-local: _uip_ds6_prefix_list
0x100011138	0x00000008	[  0] non-lazy-pointer-to-local: _uip_ds6_timer_periodic
0x100011140	0x00000008	[  0] non-lazy-pointer-to-local: _uip_ext_len
0x100011148	0x00000008	[  0] non-lazy-pointer-to-local: _uip_flags
0x100011150	0x00000008	[  0] non-lazy-pointer-to-local: _uip_last_proto
0x100011158	0x00000008	[  0] non-lazy-pointer-to-local: _uip_len
0x100011160	0x00000008	[  0] non-lazy-pointer-to-local: _uip_lladdr
0x100011168	0x00000008	[  0] non-lazy-pointer-to-local: _uip_sappdata
0x100011170	0x00000008	[  0] non-lazy-pointer-to-local: _uip_slen
0x100011178	0x00000008	[  0] non-lazy-pointer-to-local: _uip_udp_conn
0x100011180	0x00000008	[  0] non-lazy-pointer-to-local: _uip_udp_conns
0x100011188	0x00000008	[  0] non-lazy-pointer-to-local: dyld_stub_binder
0x100011190	0x00000010	[  1] _autostart_processes
0x1000111A0	0x00000010	[  2] _stdin_fd
0x1000111B0	0x00000020	[  5] _tun6_net_driver
0x1000111D0	0x00000010	[  5] _tun_select_callback
0x1000111E0	0x00000028	[ 15] l_switch.table.log_level_to_str
0x100011208	0x00000070	[ 28] _nullradio_driver
0x100011278	0x00000038	[ 36] _nullmac_driver
0x1000112B0	0x00000020	[ 51] l_switch.table.rpl_dag_state_to_str
0x1000112D0	0x000000A8	[ 58] _rpl_lite_driver
0x100012000	0x00000008	[ 59] ___bzero
0x100012008	0x00000008	[ 59] ___darwin_check_fd_set_overflow
0x100012010	0x00000008	[ 59] ___error
0x100012018	0x00000008	[ 59] ___memcpy_chk
0x100012020	0x00000008	[ 59] ___memmove_chk
0x100012028	0x00000008	[ 59] ___snprintf_chk
0x100012030	0x00000008	[ 59] ___stack_chk_fail
0x100012038	0x00000008	[ 59] ___strncat_chk
0x100012040	0x00000008	[ 59] ___vsnprintf_chk
0x100012048	0x00000008	[ 59] _atexit
0x100012050	0x00000008	[ 59] _clock_gettime
0x100012058	0x00000008	[ 59] _err
0x100012060	0x00000008	[ 59] _exit
0x100012068	0x00000008	[ 59] _fflush
0x100012070	0x00000008	[ 59] _fprintf
0x100012078	0x00000008	[ 59] _memcmp
0x100012080	0x00000008	[ 59] _memcpy
0x100012088	0x00000008	[ 59] _memmove
0x100012090	0x00000008	[ 59] _open
0x100012098	0x00000008	[ 59] _perror
0x1000120A0	0x00000008	[ 59] _printf
0x1000120A8	0x00000008	[ 59] _putchar
0x1000120B0	0x00000008	[ 59] _puts
0x1000120B8	0x00000008	[ 59] _rand
0x1000120C0	0x00000008	[ 59] _read
0x1000120C8	0x00000008	[ 59] _select$1050
0x1000120D0	0x00000008	[ 59] _setitimer
0x1000120D8	0x00000008	[ 59] _setvbuf
0x1000120E0	0x00000008	[ 59] _signal
0x1000120E8	0x00000008	[ 59] _srand
0x1000120F0	0x00000008	[ 59] _strcmp
0x1000120F8	0x00000008	[ 59] _strlen
0x100012100	0x00000008	[ 59] _system
0x100012108	0x00000008	[ 59] _write
0x100012110	0x00000008	[  0] __dyld_private
0x100012118	0x00000020	[  1] _udp_client_process
0x100012140	0x00000014	[  5] _config_tundev
0x100012154	0x00000004	[  5] _tunfd
0x100012158	0x00000020	[ 12] _ctimer_process
0x100012178	0x00000020	[ 14] _etimer_process
0x1000121A0	0x00000010	[ 15] _curr_log_level_main
0x1000121B0	0x00000138	[ 15] _all_modules
0x1000122E8	0x00000020	[ 25] _button_hal_process
0x100012308	0x00000020	[ 29] _serial_line_process
0x100012328	0x00000018	[ 30] _link_stats_struct
0x100012340	0x00000018	[ 32] _neighbor_addr_mem
0x100012358	0x00000018	[ 35] _buframmem
0x100012370	0x00000018	[ 35] _bufmem
0x100012388	0x00000020	[ 37] _simple_udp_process
0x1000123A8	0x00000020	[ 38] _tcpip_process
0x1000123C8	0x00000018	[ 39] _ds6_neighbors_struct
0x1000123E0	0x00000018	[ 40] _defaultroutermemb
0x1000123F8	0x00000018	[ 42] _echo_request_handler
0x100012410	0x00000018	[ 42] _echo_reply_handler
0x100012428	0x00000018	[ 43] _ns_input_handler
0x100012440	0x00000018	[ 44] _packets_memb
0x100012458	0x00000018	[ 45] _nodememb
0x100012470	0x00000018	[ 53] _dis_handler
0x100012488	0x00000018	[ 53] _dio_handler
0x1000124A0	0x00000018	[ 53] _dao_handler
0x1000124B8	0x00000018	[ 53] _dao_ack_handler
0x1000124D0	0x00000048	[ 54] _rpl_mrhof
0x100012518	0x00000018	[ 56] _rpl_neighbors_struct
0x100012530	0x00000008	[ 56] _rpl_neighbors
0x100012540	0x00000020	[  1] _process_thread_udp_client_process.periodic_timer
0x100012560	0x00000010	[  1] _process_thread_udp_client_process.count
0x100012570	0x00000020	[  1] _process_thread_udp_client_process.str
0x100012590	0x00000038	[  1] _udp_conn
0x1000125D0	0x00000040	[  2] _select_callback
0x100012610	0x00000008	[  2] _select_max
0x100012618	0x00000008	[  2] _input_handler
0x100012620	0x00000004	[  8] _stat
0x100012630	0x00000080	[  9] _pin_cfg
0x1000126B0	0x00000020	[  9] _pin_state
0x1000126D0	0x00000008	[ 12] _initialized
0x1000126D8	0x00000008	[ 12] _ctimer_list_list
0x1000126E0	0x00000008	[ 14] _timerlist
0x1000126E8	0x00000008	[ 14] _next_expiration
0x1000126F0	0x00000001	[ 17] _lastevent
0x1000126F1	0x00000001	[ 17] _fevent
0x1000126F2	0x00000001	[ 17] _nevents
0x1000126F3	0x0000000D	[ 17] _poll_requested
0x100012700	0x00000300	[ 17] _events
0x100012A00	0x00000008	[ 18] _next_rtimer
0x100012A10	0x00000018	[ 25] _button_event_handlers
0x100012A28	0x00000004	[ 25] _pmask
0x100012A30	0x00000008	[ 26] _handlers_list
0x100012A40	0x00000008	[ 29] _serial_line_input_byte.overflow
0x100012A48	0x00000018	[ 29] _rxbuf
0x100012A60	0x00000080	[ 29] _rxbuf_data
0x100012AE0	0x00000080	[ 29] _process_thread_serial_line_process.buf
0x100012B60	0x00000004	[ 29] _process_thread_serial_line_process.ptr
0x100012B70	0x000012C0	[ 30] __link_stats_mem
0x100013E30	0x0000012C	[ 32] _used_map
0x100013F5C	0x00000004	[ 32] _num_tables
0x100013F60	0x00000040	[ 32] _all_tables
0x100013FA0	0x00000130	[ 32] _locked_map
0x1000140D0	0x00000130	[ 32] _neighbor_addr_mem_memb_used
0x100014200	0x000012C0	[ 32] _neighbor_addr_mem_memb_mem
0x1000154C0	0x00000008	[ 32] _nbr_table_keys_list
0x1000154C8	0x00000008	[ 33] _ip_processor_list_list
0x1000154D0	0x00000002	[ 34] _bufptr
0x1000154D2	0x00000002	[ 34] _buflen
0x1000154D4	0x0000000C	[ 34] _hdrlen
0x1000154E0	0x00000080	[ 34] _packetbuf_aligned
0x100015560	0x00000040	[ 35] _buframmem_memb_used
0x1000155A0	0x00002B00	[ 35] _buframmem_memb_mem
0x1000180A0	0x00000040	[ 35] _bufmem_memb_used
0x1000180E0	0x00000200	[ 35] _bufmem_memb_mem
0x1000182E0	0x00000010	[ 37] _started
0x1000182F0	0x00000500	[ 37] _databuffer
0x1000187F0	0x00000020	[ 38] _periodic
0x100018810	0x00002580	[ 39] __ds6_neighbors_mem
0x10001AD90	0x00000010	[ 40] _defaultroutermemb_memb_used
0x10001ADA0	0x00000060	[ 40] _defaultroutermemb_memb_mem
0x10001AE00	0x00000008	[ 40] _defaultrouterlist_list
0x10001AE10	0x00000010	[ 41] _default_prefix
0x10001AE20	0x00000010	[ 41] _loc_fipaddr
0x10001AE30	0x00000008	[ 41] _locaddr
0x10001AE38	0x00000008	[ 41] _locprefix
0x10001AE40	0x00000008	[ 41] _locmaddr
0x10001AE48	0x00000008	[ 41] _locaaddr
0x10001AE50	0x00000010	[ 42] _tmp_ipaddr
0x10001AE60	0x00000008	[ 42] _input_handler_list_list
0x10001AE68	0x00000008	[ 42] _echo_reply_callback_list_list
0x10001AE70	0x00000008	[ 43] _nd6_opt_llao
0x10001AE78	0x00000008	[ 43] _nd6_opt_offset
0x10001AE80	0x00000008	[ 43] _nbr
0x10001AE88	0x00000008	[ 43] _addr
0x10001AE90	0x00000010	[ 44] _packets_memb_memb_used
0x10001AEA0	0x00000AB0	[ 44] _packets_memb_memb_mem
0x10001B950	0x00000008	[ 45] _num_nodes
0x10001B958	0x00000008	[ 45] _nodelist_list
0x10001B960	0x00000130	[ 45] _nodememb_memb_used
0x10001BA90	0x00002EE0	[ 45] _nodememb_memb_mem
0x10001E970	0x00000002	[ 47] _lastport
0x10001E980	0x00000010	[ 48] _uipbuf_attrs
0x10001E990	0x00000010	[ 48] _uipbuf_default_attrs
0x10001E9A0	0x00000008	[ 50] _rpl_dag_root_set_prefix.initialized
0x10001E9A8	0x00000010	[ 50] _set_global_address.root_ipaddr
0x10001E9C0	0x000012C0	[ 56] __rpl_neighbors_mem
0x10001FC80	0x00000040	[ 57] _dis_timer
0x10001FCC0	0x00000040	[ 57] _periodic_timer
0x10001FD00	0x00000001	[ 58] _rpl_leaf_only
0x10001FD10	0x00000004	[  2] _contiki_argc
0x10001FD18	0x00000008	[  4] _button_hal_buttons
0x10001FD20	0x00000004	[ 15] _curr_log_level_rpl
0x10001FD24	0x00000004	[ 15] _curr_log_level_tcpip
0x10001FD28	0x00000004	[ 15] _curr_log_level_ipv6
0x10001FD2C	0x00000004	[ 15] _curr_log_level_6lowpan
0x10001FD30	0x00000004	[ 15] _curr_log_level_nullnet
0x10001FD34	0x00000004	[ 15] _curr_log_level_mac
0x10001FD38	0x00000004	[ 15] _curr_log_level_framer
0x10001FD3C	0x00000004	[ 15] _curr_log_level_6top
0x10001FD40	0x00000004	[ 15] _curr_log_level_coap
0x10001FD44	0x00000004	[ 15] _curr_log_level_snmp
0x10001FD48	0x00000004	[ 15] _curr_log_level_lwm2m
0x10001FD4C	0x00000002	[ 16] _node_id
0x10001FD50	0x00000008	[ 17] _process_list
0x10001FD58	0x00000008	[ 17] _process_current
0x10001FD60	0x00000002	[ 47] _uip_ext_bitmap
0x10001FD62	0x00000002	[ 47] _uip_ext_len
0x10001FD64	0x00000001	[ 47] _uip_last_proto
0x10001FD68	0x00000008	[  2] _contiki_argv
0x10001FD70	0x00000001	[ 25] _button_hal_periodic_event
0x10001FD71	0x00000001	[ 25] _button_hal_press_event
0x10001FD72	0x00000001	[ 25] _button_hal_release_event
0x10001FD73	0x00000001	[ 29] _serial_line_event_message
0x10001FD78	0x00000040	[ 30] _periodic_timer
0x10001FDB8	0x00000008	[ 31] _linkaddr_node_addr
0x10001FDC0	0x00000010	[ 34] _packetbuf_addrs
0x10001FDD0	0x0000001A	[ 34] _packetbuf_attrs
0x10001FDEA	0x00000001	[ 38] _tcpip_event
0x10001FDEB	0x00000001	[ 41] _uip_ds6_addr_size
0x10001FDF0	0x00000138	[ 41] _uip_ds6_if
0x10001FF28	0x00000001	[ 41] _uip_ds6_netif_addr_list_offset
0x10001FF30	0x00000060	[ 41] _uip_ds6_prefix_list
0x10001FF90	0x00000020	[ 41] _uip_ds6_timer_periodic
0x10001FFB0	0x00000010	[ 41] _uip_ds6_timer_ra
0x10001FFC0	0x00000500	[ 47] _uip_aligned_buf
0x1000204C0	0x00000008	[ 47] _uip_appdata
0x1000204C8	0x00000008	[ 47] _uip_conn
0x1000204D0	0x00000001	[ 47] _uip_flags
0x1000204D2	0x00000002	[ 47] _uip_len
0x1000204D8	0x00000008	[ 47] _uip_lladdr
0x1000204E0	0x00000008	[ 47] _uip_sappdata
0x1000204E8	0x00000002	[ 47] _uip_slen
0x1000204F0	0x00000008	[ 47] _uip_udp_conn
0x100020500	0x00000140	[ 47] _uip_udp_conns
0x100020640	0x00000260	[ 51] _curr_instance
0x1000208A0	0x00000010	[ 58] _rpl_multicast_addr
